
############################################################
# FFT BENCHMARK (Intel oneMKL DFTI, 1D, single precision)  #
############################################################
profile_id       : vtune_ports_20t
profile_desc     : vtune ports 20t
workload         : throughput
threads(cli)     : 20
mkl max threads  : 20
timed runs       : 2
warmup runs      : 0
mem cap (MB)     : 3072.0
lengths: 8192
batches: 16
thread_set: 1,2,4,8,10,20
batch_scale_set: 1,4,16,64,256
scale_length     : 16384
scale_batch      : 64
scale_threads    : 20


====================================================================
WORKLOAD: throughput (length x batch at fixed thread count)
====================================================================
threads=20
[run ] n8192_b16        | Len:   8192 | Batch:    16 | Thr:20 | Fwd:    0.6511 ms    13.08 GF/s | Bwd:    0.0273 ms   312.28 GF/s | Mem:   2.00 MB
RESULT|vtune_ports_20t|throughput|n8192_b16|8192|1|1|16|20|0.651137|13.084305|0.027282|312.284825|2.00

Benchmark workload complete.

