============================================================
GPU FFT RUN run02
Date: Mon Mar 16 14:38:23 IST 2026
Host: aorus
============================================================
CONFIG|BENCH_NRUNS|20
CONFIG|BENCH_WARMUP|5
CONFIG|BENCH_MAX_MEM_MB|8192
CONFIG|BENCH_MIN_TOTAL_MS|50
CONFIG|BENCH_MAX_ADAPT_ITERS|100000000
CONFIG|BENCH_VALIDATE|1
CONFIG|BENCH_VALIDATE_TOL|1e-4
CONFIG|BENCH_VALIDATE_STRICT|1
CONFIG|BENCH_STREAM_MODE|1
CONFIG|BENCH_STREAM_TARGET_MB|128
CONFIG|BENCH_STREAM_MIN_SLOTS|2
CONFIG|BENCH_STREAM_MAX_SLOTS|262144
CONFIG|THROUGHPUT_LENGTHS|2,4,8,16,32,64,128,256,512,1024,2048,4096,8192,16384,32768,65536,131072,262144,524288,1048576,2097152,4194304
CONFIG|THROUGHPUT_BATCHES|1
PROFILE|gpu_9501MHz|cuFFT cache-no-reuse batch=1 large-N sweep (memory clock at 9501 MHz)|CUDA_CUFFT|1|throughput|2,4,8,16,32,64,128,256,512,1024,2048,4096,8192,16384,32768,65536,131072,262144,524288,1048576,2097152,4194304|1|gpu_run_9501MHz

############################################################
# FFT BENCHMARK (cuFFT, 1D, single precision)              #
############################################################
profile_id       : gpu_9501MHz
profile_desc     : cuFFT cache-no-reuse batch=1 large-N sweep (memory clock at 9501 MHz)
workload         : throughput
device_index     : 0
timed runs       : 20
warmup runs      : 5
min total ms     : 50.0
max adapt iters  : 100000000
validate         : 1
validate tol     : 1.000e-04
validate strict  : 1
stream mode      : 1
stream target MB : 128.0
stream min slots : 2
stream max slots : 262144
mem cap (MB)     : 8192.0
threads_field    : 1
lengths: 2,4,8,16,32,64,128,256,512,1024,2048,4096,8192,16384,32768,65536,131072,262144,524288,1048576,2097152,4194304
batches: 1
gpu_name         : NVIDIA GeForce RTX 3080
compute_cap      : 8.6
sm_count         : 68
warp_size        : 32
max_threads_sm   : 1536
max_threads_blk  : 1024
global_mem_mb    : 9872.4


====================================================================
WORKLOAD: throughput (length x batch at fixed CUDA profile)
====================================================================
threads_field=1
CHECK|gpu_9501MHz|throughput|n2_b1|2|1|1|1|1|0.00000000e+00|0.00000000e+00|1.00000000e-04|PASS
[run ] n2_b1            | Len:      2 | Batch:     1 | Thr: 1 | Fwd:    0.0019 ms     0.01 GF/s (iters:26411) | Bwd:    0.0019 ms     0.01 GF/s (iters:26417) | Slots: 262144 | Mem:     8.00 MB | Work:    0.00 MB
RESULT|gpu_9501MHz|throughput|n2_b1|2|1|1|1|1|0.001898|0.005268|0.001893|0.005282|8.00|262144|0.00
CHECK|gpu_9501MHz|throughput|n4_b1|4|1|1|1|1|0.00000000e+00|0.00000000e+00|1.00000000e-04|PASS
[run ] n4_b1            | Len:      4 | Batch:     1 | Thr: 1 | Fwd:    0.0021 ms     0.02 GF/s (iters:23939) | Bwd:    0.0021 ms     0.02 GF/s (iters:24022) | Slots: 262144 | Mem:    16.00 MB | Work:    0.00 MB
RESULT|gpu_9501MHz|throughput|n4_b1|4|1|1|1|1|0.002094|0.019102|0.002082|0.019216|16.00|262144|0.00
CHECK|gpu_9501MHz|throughput|n8_b1|8|1|1|1|1|6.20513738e-08|7.02886368e-08|1.00000000e-04|PASS
[run ] n8_b1            | Len:      8 | Batch:     1 | Thr: 1 | Fwd:    0.0022 ms     0.05 GF/s (iters:22277) | Bwd:    0.0021 ms     0.06 GF/s (iters:24120) | Slots: 262144 | Mem:    32.00 MB | Work:    0.00 MB
RESULT|gpu_9501MHz|throughput|n8_b1|8|1|1|1|1|0.002245|0.053453|0.002073|0.057877|32.00|262144|0.00
CHECK|gpu_9501MHz|throughput|n16_b1|16|1|1|1|1|4.67280632e-08|6.66400187e-08|1.00000000e-04|PASS
[run ] n16_b1           | Len:     16 | Batch:     1 | Thr: 1 | Fwd:    0.0023 ms     0.14 GF/s (iters:21943) | Bwd:    0.0023 ms     0.14 GF/s (iters:21708) | Slots: 262144 | Mem:    64.00 MB | Work:    0.00 MB
RESULT|gpu_9501MHz|throughput|n16_b1|16|1|1|1|1|0.002316|0.138180|0.002339|0.136805|64.00|262144|0.00
CHECK|gpu_9501MHz|throughput|n32_b1|32|1|1|1|1|1.13990442e-07|2.45756246e-07|1.00000000e-04|PASS
[run ] n32_b1           | Len:     32 | Batch:     1 | Thr: 1 | Fwd:    0.0026 ms     0.30 GF/s (iters:18983) | Bwd:    0.0026 ms     0.31 GF/s (iters:19065) | Slots: 262144 | Mem:   128.00 MB | Work:    0.00 MB
RESULT|gpu_9501MHz|throughput|n32_b1|32|1|1|1|1|0.002635|0.303642|0.002623|0.305030|128.00|262144|0.00
CHECK|gpu_9501MHz|throughput|n64_b1|64|1|1|1|1|8.32402053e-08|1.33280037e-07|1.00000000e-04|PASS
[run ] n64_b1           | Len:     64 | Batch:     1 | Thr: 1 | Fwd:    0.0026 ms     0.73 GF/s (iters:19116) | Bwd:    0.0026 ms     0.73 GF/s (iters:19125) | Slots: 131072 | Mem:   128.00 MB | Work:    0.00 MB
RESULT|gpu_9501MHz|throughput|n64_b1|64|1|1|1|1|0.002616|0.734026|0.002615|0.734251|128.00|131072|0.00
CHECK|gpu_9501MHz|throughput|n128_b1|128|1|1|1|1|1.12463852e-07|1.99920056e-07|1.00000000e-04|PASS
[run ] n128_b1          | Len:    128 | Batch:     1 | Thr: 1 | Fwd:    0.0028 ms     1.59 GF/s (iters:17698) | Bwd:    0.0028 ms     1.60 GF/s (iters:17834) | Slots:  65536 | Mem:   128.00 MB | Work:    0.00 MB
RESULT|gpu_9501MHz|throughput|n128_b1|128|1|1|1|1|0.002825|1.585656|0.002805|1.597276|128.00|65536|0.00
CHECK|gpu_9501MHz|throughput|n256_b1|256|1|1|1|1|1.33346435e-07|3.62560900e-07|1.00000000e-04|PASS
[run ] n256_b1          | Len:    256 | Batch:     1 | Thr: 1 | Fwd:    0.0028 ms     3.70 GF/s (iters:18284) | Bwd:    0.0028 ms     3.65 GF/s (iters:17805) | Slots:  32768 | Mem:   128.00 MB | Work:    0.00 MB
RESULT|gpu_9501MHz|throughput|n256_b1|256|1|1|1|1|0.002771|3.695545|0.002808|3.646333|128.00|32768|0.00
CHECK|gpu_9501MHz|throughput|n512_b1|512|1|1|1|1|2.87155450e-07|6.75829677e-07|1.00000000e-04|PASS
[run ] n512_b1          | Len:    512 | Batch:     1 | Thr: 1 | Fwd:    0.0032 ms     7.22 GF/s (iters:15670) | Bwd:    0.0032 ms     7.26 GF/s (iters:15747) | Slots:  16384 | Mem:   128.01 MB | Work:    0.00 MB
RESULT|gpu_9501MHz|throughput|n512_b1|512|1|1|1|1|0.003191|7.220736|0.003175|7.255944|128.01|16384|0.00
CHECK|gpu_9501MHz|throughput|n1024_b1|1024|1|1|1|1|2.26410131e-07|7.27567411e-07|1.00000000e-04|PASS
[run ] n1024_b1         | Len:   1024 | Batch:     1 | Thr: 1 | Fwd:    0.0034 ms    15.03 GF/s (iters:14682) | Bwd:    0.0036 ms    14.40 GF/s (iters:14415) | Slots:   8192 | Mem:   128.02 MB | Work:    0.01 MB
RESULT|gpu_9501MHz|throughput|n1024_b1|1024|1|1|1|1|0.003407|15.027973|0.003555|14.402613|128.02|8192|0.01
CHECK|gpu_9501MHz|throughput|n2048_b1|2048|1|1|1|1|2.00081709e-07|5.62309094e-07|1.00000000e-04|PASS
[run ] n2048_b1         | Len:   2048 | Batch:     1 | Thr: 1 | Fwd:    0.0045 ms    25.18 GF/s (iters:11176) | Bwd:    0.0045 ms    25.18 GF/s (iters:11177) | Slots:   4096 | Mem:   128.03 MB | Work:    0.02 MB
RESULT|gpu_9501MHz|throughput|n2048_b1|2048|1|1|1|1|0.004474|25.176907|0.004474|25.177112|128.03|4096|0.02
CHECK|gpu_9501MHz|throughput|n4096_b1|4096|1|1|1|1|2.05589312e-07|6.50892546e-07|1.00000000e-04|PASS
[run ] n4096_b1         | Len:   4096 | Batch:     1 | Thr: 1 | Fwd:    0.0050 ms    48.87 GF/s (iters:9945) | Bwd:    0.0050 ms    48.87 GF/s (iters:9946) | Slots:   2048 | Mem:   128.06 MB | Work:    0.03 MB
RESULT|gpu_9501MHz|throughput|n4096_b1|4096|1|1|1|1|0.005028|48.873781|0.005028|48.874692|128.06|2048|0.03
CHECK|gpu_9501MHz|throughput|n8192_b1|8192|1|1|1|1|3.09557456e-07|9.12262670e-07|1.00000000e-04|PASS
[run ] n8192_b1         | Len:   8192 | Batch:     1 | Thr: 1 | Fwd:    0.0085 ms    62.59 GF/s (iters:5878) | Bwd:    0.0085 ms    62.61 GF/s (iters:5880) | Slots:   1024 | Mem:   128.12 MB | Work:    0.06 MB
RESULT|gpu_9501MHz|throughput|n8192_b1|8192|1|1|1|1|0.008508|62.585691|0.008505|62.605787|128.12|1024|0.06
CHECK|gpu_9501MHz|throughput|n16384_b1|16384|1|1|1|1|2.11460041e-07|7.91867391e-07|1.00000000e-04|PASS
[run ] n16384_b1        | Len:  16384 | Batch:     1 | Thr: 1 | Fwd:    0.0107 ms   107.04 GF/s (iters:4669) | Bwd:    0.0107 ms   107.05 GF/s (iters:4668) | Slots:    512 | Mem:   128.25 MB | Work:    0.12 MB
RESULT|gpu_9501MHz|throughput|n16384_b1|16384|1|1|1|1|0.010714|107.043656|0.010714|107.046680|128.25|512|0.12
CHECK|gpu_9501MHz|throughput|n32768_b1|32768|1|1|1|1|2.19463275e-07|6.95103633e-07|1.00000000e-04|PASS
[run ] n32768_b1        | Len:  32768 | Batch:     1 | Thr: 1 | Fwd:    0.0085 ms   289.58 GF/s (iters:5898) | Bwd:    0.0085 ms   289.52 GF/s (iters:5918) | Slots:    256 | Mem:   128.50 MB | Work:    0.25 MB
RESULT|gpu_9501MHz|throughput|n32768_b1|32768|1|1|1|1|0.008487|289.584900|0.008489|289.520015|128.50|256|0.25
CHECK|gpu_9501MHz|throughput|n65536_b1|65536|1|1|1|1|2.26633256e-07|6.88040041e-07|1.00000000e-04|PASS
[run ] n65536_b1        | Len:  65536 | Batch:     1 | Thr: 1 | Fwd:    0.0084 ms   620.64 GF/s (iters:5926) | Bwd:    0.0085 ms   617.97 GF/s (iters:5894) | Slots:    128 | Mem:   129.00 MB | Work:    0.50 MB
RESULT|gpu_9501MHz|throughput|n65536_b1|65536|1|1|1|1|0.008448|620.637804|0.008484|617.968979|129.00|128|0.50
CHECK|gpu_9501MHz|throughput|n131072_b1|131072|1|1|1|1|2.15206213e-07|7.87403358e-07|1.00000000e-04|PASS
[run ] n131072_b1       | Len: 131072 | Batch:     1 | Thr: 1 | Fwd:    0.0109 ms  1017.75 GF/s (iters:4568) | Bwd:    0.0109 ms  1017.85 GF/s (iters:4569) | Slots:     64 | Mem:   130.00 MB | Work:    1.00 MB
RESULT|gpu_9501MHz|throughput|n131072_b1|131072|1|1|1|1|0.010947|1017.753721|0.010946|1017.848869|130.00|64|1.00
CHECK|gpu_9501MHz|throughput|n262144_b1|262144|1|1|1|1|2.01504460e-07|7.83976700e-07|1.00000000e-04|PASS
[run ] n262144_b1       | Len: 262144 | Batch:     1 | Thr: 1 | Fwd:    0.0159 ms  1484.99 GF/s (iters:3148) | Bwd:    0.0159 ms  1485.72 GF/s (iters:3150) | Slots:     32 | Mem:   132.00 MB | Work:    2.00 MB
RESULT|gpu_9501MHz|throughput|n262144_b1|262144|1|1|1|1|0.015888|1484.990735|0.015880|1485.721258|132.00|32|2.00
CHECK|gpu_9501MHz|throughput|n524288_b1|524288|1|1|1|1|2.82680461e-07|1.09945933e-06|1.00000000e-04|PASS
[run ] n524288_b1       | Len: 524288 | Batch:     1 | Thr: 1 | Fwd:    0.0271 ms  1836.15 GF/s (iters:1844) | Bwd:    0.0271 ms  1840.02 GF/s (iters:1848) | Slots:     16 | Mem:   136.00 MB | Work:    4.00 MB
RESULT|gpu_9501MHz|throughput|n524288_b1|524288|1|1|1|1|0.027126|1836.148073|0.027069|1840.018079|136.00|16|4.00
CHECK|gpu_9501MHz|throughput|n1048576_b1|1048576|1|1|1|1|3.60532806e-07|1.39689942e-06|1.00000000e-04|PASS
[run ] n1048576_b1      | Len:1048576 | Batch:     1 | Thr: 1 | Fwd:    0.0619 ms  1694.34 GF/s (iters:808) | Bwd:    0.0618 ms  1697.72 GF/s (iters:810) | Slots:      8 | Mem:   144.00 MB | Work:    8.00 MB
RESULT|gpu_9501MHz|throughput|n1048576_b1|1048576|1|1|1|1|0.061887|1694.339429|0.061764|1697.723877|144.00|8|8.00
CHECK|gpu_9501MHz|throughput|n2097152_b1|2097152|1|1|1|1|3.35097735e-07|1.26721213e-06|1.00000000e-04|PASS
[run ] n2097152_b1      | Len:2097152 | Batch:     1 | Thr: 1 | Fwd:    0.1233 ms  1785.29 GF/s (iters:406) | Bwd:    0.1233 ms  1786.22 GF/s (iters:406) | Slots:      4 | Mem:   160.00 MB | Work:   16.00 MB
RESULT|gpu_9501MHz|throughput|n2097152_b1|2097152|1|1|1|1|0.123342|1785.294168|0.123278|1786.217532|160.00|4|16.00
CHECK|gpu_9501MHz|throughput|n4194304_b1|4194304|1|1|1|1|3.06491559e-07|1.25311589e-06|1.00000000e-04|PASS
[run ] n4194304_b1      | Len:4194304 | Batch:     1 | Thr: 1 | Fwd:    0.2497 ms  1847.74 GF/s (iters:201) | Bwd:    0.2517 ms  1832.89 GF/s (iters:199) | Slots:      2 | Mem:   192.00 MB | Work:   32.00 MB
RESULT|gpu_9501MHz|throughput|n4194304_b1|4194304|1|1|1|1|0.249697|1847.735831|0.251719|1832.892545|192.00|2|32.00

Benchmark workload complete.

============================================================
RUN COMPLETE run02
============================================================
