0 [4132742912] INFO perfrun.launcher <> - Launcher main begin
1 [4132742912] INFO perfrun.launcher <> - MessageCatalogInit finished
1 [4132742912] INFO perfrun.launcher <> - Launcher instance created
1 [4132742912] INFO perfrun.launcher <> - argc = 6; cmdline = /home/nikhil/workspace/vtune/oneapi/vtune/2025.8/bin32/amplxe-runss -dump-vdso -r /home/nikhil/workspace/xeon-fft-bench/src/1-d-fft/fft_logs/latest_run/64k_batch/20260225_131947/vtune/results/20260225_134413/t10/hotspots_10t --tmp-dir /tmp/amplxe-tmp-nikhil 
8 [4132742912] INFO perfrun.launcher <> - create msngr2::ICliToolContext
8 [4132742912] INFO perfrun.launcher <> - create file finder object
11 [4132129600] INFO perfrun.launcher <> - plugin [remoteplug] was disabled because it doesn't support the given collection type.
11 [4132129600] INFO perfrun.launcher <> - plugin [] was disabled because it doesn't support the given collection type.
11 [4132129600] INFO perfrun.vdso <> - dumping [vdso] pseudomodule
12 [4132129600] INFO perfrun.launcher <> - plugin [] was disabled because it doesn't support the given collection type.
12 [4132129600] INFO perfrun.launcher <> - plugin [] was disabled because it doesn't support the given collection type.
12 [4132129600] INFO perfrun.launcher <> - plugin [] was disabled because it doesn't support the given collection type.
12 [4132129600] INFO perfrun.launcher <> - plugin [] was disabled because it doesn't support the given collection type.
12 [4132129600] INFO perfrun.launcher <> - plugin [] was disabled because it doesn't support the given collection type.
12 [4132129600] INFO perfrun.launcher <> - plugin [] was disabled because it doesn't support the given collection type.
12 [4132129600] INFO perfrun.launcher <> - plugin [] was disabled because it doesn't support the given collection type.
12 [4132129600] INFO perfrun.launcher <> - plugin [] was disabled because it doesn't support the given collection type.
12 [4132129600] INFO perfrun.launcher <> - plugin [] was disabled because it doesn't support the given collection type.
12 [4132129600] INFO perfrun.launcher <> - plugin [] was disabled because it doesn't support the given collection type.
12 [4132129600] INFO perfrun.launcher <> - plugin [] was disabled because it doesn't support the given collection type.
12 [4132129600] INFO perfrun.launcher <> - plugin [] was disabled because it doesn't support the given collection type.
12 [4132129600] INFO perfrun.launcher <> - plugin [] was disabled because it doesn't support the given collection type.
12 [4132129600] INFO perfrun.launcher <> - plugin [] was disabled because it doesn't support the given collection type.
12 [4132129600] INFO perfrun.launcher <> - plugin [] was disabled because it doesn't support the given collection type.
12 [4132129600] INFO perfrun.launcher <> - plugin [] was disabled because it doesn't support the given collection type.
12 [4132129600] INFO perfrun.launcher <> - plugin [] was disabled because it doesn't support the given collection type.
12 [4132129600] INFO perfrun.launcher <> - plugin [] was disabled because it doesn't support the given collection type.
12 [4132129600] INFO perfrun.launcher <> - plugin [] was disabled because it doesn't support the given collection type.
12 [4132129600] INFO perfrun.launcher <> - plugin [] was disabled because it doesn't support the given collection type.
12 [4132129600] INFO perfrun.launcher <> - plugin [] was disabled because it doesn't support the given collection type.
12 [4132129600] INFO perfrun.launcher <> - plugin [] was disabled because it doesn't support the given collection type.
12 [4132129600] INFO perfrun.launcher <> - plugin [] was disabled because it doesn't support the given collection type.
12 [4132129600] INFO perfrun.launcher <> - plugin [] was disabled because it doesn't support the given collection type.
12 [4132129600] INFO perfrun.launcher <> - plugin [] was disabled because it doesn't support the given collection type.
12 [4132742912] INFO perfrun.launcher <> - Application exit code: 0
12 [4132742912] INFO perfrun.launcher <> - Exit code: 0
