[SETUP] Sourcing Intel oneAPI environment if available...

============================================================
  FFT BENCHMARK RUN (1D)
  Date       : Wed Feb 25 11:38:10 IST 2026
  Hostname   : amdtoolsserver.morphingmachines
  Log file   : /home/nikhil/workspace/xeon-fft-bench/src/1-d-fft/fft_logs/latest_run/20260225_113625/runs/run02/fft_benchmark_20260225_113810.log
  Report file: /home/nikhil/workspace/xeon-fft-bench/src/1-d-fft/fft_logs/latest_run/20260225_113625/runs/run02/fft_benchmark_20260225_113810.report.md
============================================================

[CHECK] MKL environment
        MKLROOT     = /home/nikhil/.local
        Include dir = /home/nikhil/.local/include
        Lib dir     = /home/nikhil/.local/lib
        Runtime lib = -l:libmkl_rt.so.2

[CHECK] Compiler: gcc (GCC) 8.5.0 20210514 (Red Hat 8.5.0-22)

[COMPILE] gcc -O3 -march=native -std=c99 fft_benchmark.c
          Binary: fft_benchmark

[CONFIG] timed runs=20, warmup=5, mem_cap_mb=3072
[CONFIG] run profiles=baseline_sse42_1t,avx512_phys,avx512_logical
[CONFIG] throughput lengths=32,64,128,256,512,1024,2048,4096,8192,16384,32768,65536,131072,262144,524288,1048576,2097152,4194304, batches=1,4,16
[CONFIG] thread scaling set=1,2,4,8,10,20, scale length=16384, scale batch=64
[CONFIG] batch scaling set=1,4,16,64,256, scale length=16384
[WARN] throughput lengths include values < 1024.
       For 1D multithread runs, tiny lengths are overhead-dominated and can look falsely slow.

============================================================
RUN PROFILE: baseline_sse42_1t
Description : MKL SSE4.2 baseline, single thread (CPU path, no AVX2/AVX512 kernels)
ISA         : SSE4_2
Threads     : 1
Workload    : throughput
============================================================
PROFILE|baseline_sse42_1t|MKL SSE4.2 baseline, single thread (CPU path, no AVX2/AVX512 kernels)|SSE4_2|1|throughput|32,64,128,256,512,1024,2048,4096,8192,16384,32768,65536,131072,262144,524288,1048576,2097152,4194304|1,4,16|1,2,4,8,10,20|16384|64|10

############################################################
# FFT BENCHMARK (Intel oneMKL DFTI, 1D, single precision)  #
############################################################
profile_id       : baseline_sse42_1t
profile_desc     : MKL SSE4.2 baseline, single thread (CPU path, no AVX2/AVX512 kernels)
workload         : throughput
threads(cli)     : 1
mkl max threads  : 1
timed runs       : 20
warmup runs      : 5
mem cap (MB)     : 3072.0
lengths: 32,64,128,256,512,1024,2048,4096,8192,16384,32768,65536,131072,262144,524288,1048576,2097152,4194304
batches: 1,4,16
thread_set: 1,2,4,8,10,20
batch_scale_set: 1,4,16
scale_length     : 16384
scale_batch      : 64
scale_threads    : 10


====================================================================
WORKLOAD: throughput (length x batch at fixed thread count)
====================================================================
threads=1
[run ] n32_b1           | Len:     32 | Batch:     1 | Thr: 1 | Fwd:    0.0000 ms    17.62 GF/s | Bwd:    0.0000 ms    17.62 GF/s | Mem:   0.00 MB
RESULT|baseline_sse42_1t|throughput|n32_b1|32|1|1|1|1|0.000045|17.623126|0.000045|17.623126|0.00
[run ] n32_b4           | Len:     32 | Batch:     4 | Thr: 1 | Fwd:    0.0001 ms    29.00 GF/s | Bwd:    0.0001 ms    27.54 GF/s | Mem:   0.00 MB
RESULT|baseline_sse42_1t|throughput|n32_b4|32|1|1|4|1|0.000110|29.001238|0.000116|27.537490|0.00
[run ] n32_b16          | Len:     32 | Batch:    16 | Thr: 1 | Fwd:    0.0004 ms    32.78 GF/s | Bwd:    0.0004 ms    30.41 GF/s | Mem:   0.01 MB
RESULT|baseline_sse42_1t|throughput|n32_b16|32|1|1|16|1|0.000391|32.776002|0.000421|30.414169|0.01
[run ] n64_b1           | Len:     64 | Batch:     1 | Thr: 1 | Fwd:    0.0001 ms    21.51 GF/s | Bwd:    0.0001 ms    20.84 GF/s | Mem:   0.00 MB
RESULT|baseline_sse42_1t|throughput|n64_b1|64|1|1|1|1|0.000089|21.509251|0.000092|20.841262|0.00
[run ] n64_b4           | Len:     64 | Batch:     4 | Thr: 1 | Fwd:    0.0003 ms    25.65 GF/s | Bwd:    0.0003 ms    25.28 GF/s | Mem:   0.00 MB
RESULT|baseline_sse42_1t|throughput|n64_b4|64|1|1|4|1|0.000299|25.654870|0.000304|25.284344|0.00
[run ] n64_b16          | Len:     64 | Batch:    16 | Thr: 1 | Fwd:    0.0011 ms    26.86 GF/s | Bwd:    0.0012 ms    26.12 GF/s | Mem:   0.02 MB
RESULT|baseline_sse42_1t|throughput|n64_b16|64|1|1|16|1|0.001144|26.855855|0.001176|26.120868|0.02
[run ] n128_b1          | Len:    128 | Batch:     1 | Thr: 1 | Fwd:    0.0002 ms    28.43 GF/s | Bwd:    0.0002 ms    27.80 GF/s | Mem:   0.00 MB
RESULT|baseline_sse42_1t|throughput|n128_b1|128|1|1|1|1|0.000158|28.427355|0.000161|27.796571|0.00
[run ] n128_b4          | Len:    128 | Batch:     4 | Thr: 1 | Fwd:    0.0006 ms    30.17 GF/s | Bwd:    0.0006 ms    30.16 GF/s | Mem:   0.01 MB
RESULT|baseline_sse42_1t|throughput|n128_b4|128|1|1|4|1|0.000594|30.173395|0.000594|30.156447|0.01
[run ] n128_b16         | Len:    128 | Batch:    16 | Thr: 1 | Fwd:    0.0023 ms    31.32 GF/s | Bwd:    0.0025 ms    28.55 GF/s | Mem:   0.03 MB
RESULT|baseline_sse42_1t|throughput|n128_b16|128|1|1|16|1|0.002289|31.320080|0.002510|28.552624|0.03
[run ] n256_b1          | Len:    256 | Batch:     1 | Thr: 1 | Fwd:    0.0003 ms    31.87 GF/s | Bwd:    0.0003 ms    31.66 GF/s | Mem:   0.00 MB
RESULT|baseline_sse42_1t|throughput|n256_b1|256|1|1|1|1|0.000321|31.871233|0.000323|31.655125|0.00
[run ] n256_b4          | Len:    256 | Batch:     4 | Thr: 1 | Fwd:    0.0013 ms    32.71 GF/s | Bwd:    0.0013 ms    32.55 GF/s | Mem:   0.02 MB
RESULT|baseline_sse42_1t|throughput|n256_b4|256|1|1|4|1|0.001252|32.706117|0.001258|32.549961|0.02
[run ] n256_b16         | Len:    256 | Batch:    16 | Thr: 1 | Fwd:    0.0050 ms    32.93 GF/s | Bwd:    0.0051 ms    32.42 GF/s | Mem:   0.06 MB
RESULT|baseline_sse42_1t|throughput|n256_b16|256|1|1|16|1|0.004976|32.926766|0.005054|32.416071|0.06
[run ] n512_b1          | Len:    512 | Batch:     1 | Thr: 1 | Fwd:    0.0007 ms    33.42 GF/s | Bwd:    0.0007 ms    33.44 GF/s | Mem:   0.01 MB
RESULT|baseline_sse42_1t|throughput|n512_b1|512|1|1|1|1|0.000689|33.417513|0.000689|33.438327|0.01
[run ] n512_b4          | Len:    512 | Batch:     4 | Thr: 1 | Fwd:    0.0027 ms    33.80 GF/s | Bwd:    0.0027 ms    33.93 GF/s | Mem:   0.03 MB
RESULT|baseline_sse42_1t|throughput|n512_b4|512|1|1|4|1|0.002726|33.802079|0.002716|33.934427|0.03
[run ] n512_b16         | Len:    512 | Batch:    16 | Thr: 1 | Fwd:    0.0110 ms    33.49 GF/s | Bwd:    0.0109 ms    33.80 GF/s | Mem:   0.12 MB
RESULT|baseline_sse42_1t|throughput|n512_b16|512|1|1|16|1|0.011008|33.489314|0.010908|33.795578|0.12
[run ] n1024_b1         | Len:   1024 | Batch:     1 | Thr: 1 | Fwd:    0.0014 ms    35.36 GF/s | Bwd:    0.0015 ms    35.30 GF/s | Mem:   0.02 MB
RESULT|baseline_sse42_1t|throughput|n1024_b1|1024|1|1|1|1|0.001448|35.357673|0.001450|35.299554|0.02
[run ] n1024_b4         | Len:   1024 | Batch:     4 | Thr: 1 | Fwd:    0.0059 ms    34.66 GF/s | Bwd:    0.0059 ms    34.57 GF/s | Mem:   0.06 MB
RESULT|baseline_sse42_1t|throughput|n1024_b4|1024|1|1|4|1|0.005909|34.658355|0.005925|34.567141|0.06
[run ] n1024_b16        | Len:   1024 | Batch:    16 | Thr: 1 | Fwd:    0.0237 ms    34.61 GF/s | Bwd:    0.0237 ms    34.58 GF/s | Mem:   0.25 MB
RESULT|baseline_sse42_1t|throughput|n1024_b16|1024|1|1|16|1|0.023667|34.613804|0.023690|34.580639|0.25
[run ] n2048_b1         | Len:   2048 | Batch:     1 | Thr: 1 | Fwd:    0.0033 ms    34.14 GF/s | Bwd:    0.0033 ms    34.13 GF/s | Mem:   0.03 MB
RESULT|baseline_sse42_1t|throughput|n2048_b1|2048|1|1|1|1|0.003299|34.141728|0.003300|34.133834|0.03
[run ] n2048_b4         | Len:   2048 | Batch:     4 | Thr: 1 | Fwd:    0.0133 ms    33.94 GF/s | Bwd:    0.0132 ms    34.26 GF/s | Mem:   0.12 MB
RESULT|baseline_sse42_1t|throughput|n2048_b4|2048|1|1|4|1|0.013274|33.943407|0.013151|34.259327|0.12
[run ] n2048_b16        | Len:   2048 | Batch:    16 | Thr: 1 | Fwd:    0.0524 ms    34.37 GF/s | Bwd:    0.0560 ms    32.18 GF/s | Mem:   0.50 MB
RESULT|baseline_sse42_1t|throughput|n2048_b16|2048|1|1|16|1|0.052436|34.370424|0.056013|32.175545|0.50
[run ] n4096_b1         | Len:   4096 | Batch:     1 | Thr: 1 | Fwd:    0.0091 ms    27.12 GF/s | Bwd:    0.0090 ms    27.42 GF/s | Mem:   0.06 MB
RESULT|baseline_sse42_1t|throughput|n4096_b1|4096|1|1|1|1|0.009061|27.121970|0.008964|27.416435|0.06
[run ] n4096_b4         | Len:   4096 | Batch:     4 | Thr: 1 | Fwd:    0.0313 ms    31.37 GF/s | Bwd:    0.0301 ms    32.64 GF/s | Mem:   0.25 MB
RESULT|baseline_sse42_1t|throughput|n4096_b4|4096|1|1|4|1|0.031340|31.367155|0.030120|32.637098|0.25
[run ] n4096_b16        | Len:   4096 | Batch:    16 | Thr: 1 | Fwd:    0.1256 ms    31.29 GF/s | Bwd:    0.1235 ms    31.85 GF/s | Mem:   1.00 MB
RESULT|baseline_sse42_1t|throughput|n4096_b16|4096|1|1|16|1|0.125650|31.294578|0.123466|31.848190|1.00
[run ] n8192_b1         | Len:   8192 | Batch:     1 | Thr: 1 | Fwd:    0.0168 ms    31.62 GF/s | Bwd:    0.0164 ms    32.51 GF/s | Mem:   0.12 MB
RESULT|baseline_sse42_1t|throughput|n8192_b1|8192|1|1|1|1|0.016838|31.624018|0.016378|32.511580|0.12
[run ] n8192_b4         | Len:   8192 | Batch:     4 | Thr: 1 | Fwd:    0.0627 ms    33.99 GF/s | Bwd:    0.0630 ms    33.79 GF/s | Mem:   0.50 MB
RESULT|baseline_sse42_1t|throughput|n8192_b4|8192|1|1|4|1|0.062658|33.992903|0.063027|33.793668|0.50
[run ] n8192_b16        | Len:   8192 | Batch:    16 | Thr: 1 | Fwd:    0.3069 ms    27.76 GF/s | Bwd:    0.3348 ms    25.45 GF/s | Mem:   2.00 MB
RESULT|baseline_sse42_1t|throughput|n8192_b16|8192|1|1|16|1|0.306863|27.763827|0.334806|25.446594|2.00
[run ] n16384_b1        | Len:  16384 | Batch:     1 | Thr: 1 | Fwd:    0.0362 ms    31.72 GF/s | Bwd:    0.0368 ms    31.19 GF/s | Mem:   0.25 MB
RESULT|baseline_sse42_1t|throughput|n16384_b1|16384|1|1|1|1|0.036161|31.715985|0.036768|31.192497|0.25
[run ] n16384_b4        | Len:  16384 | Batch:     4 | Thr: 1 | Fwd:    0.1502 ms    30.55 GF/s | Bwd:    0.1712 ms    26.79 GF/s | Mem:   1.00 MB
RESULT|baseline_sse42_1t|throughput|n16384_b4|16384|1|1|4|1|0.150172|30.548468|0.171236|26.790667|1.00
[run ] n16384_b16       | Len:  16384 | Batch:    16 | Thr: 1 | Fwd:    0.6872 ms    26.70 GF/s | Bwd:    0.6798 ms    26.99 GF/s | Mem:   4.00 MB
RESULT|baseline_sse42_1t|throughput|n16384_b16|16384|1|1|16|1|0.687162|26.704172|0.679812|26.992865|4.00
[run ] n32768_b1        | Len:  32768 | Batch:     1 | Thr: 1 | Fwd:    0.0794 ms    30.94 GF/s | Bwd:    0.0771 ms    31.86 GF/s | Mem:   0.50 MB
RESULT|baseline_sse42_1t|throughput|n32768_b1|32768|1|1|1|1|0.079431|30.940188|0.077144|31.857226|0.50
[run ] n32768_b4        | Len:  32768 | Batch:     4 | Thr: 1 | Fwd:    0.3891 ms    25.26 GF/s | Bwd:    0.4264 ms    23.06 GF/s | Mem:   2.00 MB
RESULT|baseline_sse42_1t|throughput|n32768_b4|32768|1|1|4|1|0.389096|25.264743|0.426371|23.055992|2.00
[run ] n32768_b16       | Len:  32768 | Batch:    16 | Thr: 1 | Fwd:    1.4976 ms    26.26 GF/s | Bwd:    1.4791 ms    26.58 GF/s | Mem:   8.00 MB
RESULT|baseline_sse42_1t|throughput|n32768_b16|32768|1|1|16|1|1.497631|26.255871|1.479133|26.584224|8.00
[run ] n65536_b1        | Len:  65536 | Batch:     1 | Thr: 1 | Fwd:    0.2067 ms    25.37 GF/s | Bwd:    0.2062 ms    25.43 GF/s | Mem:   1.00 MB
RESULT|baseline_sse42_1t|throughput|n65536_b1|65536|1|1|1|1|0.206686|25.366358|0.206203|25.425850|1.00
[run ] n65536_b4        | Len:  65536 | Batch:     4 | Thr: 1 | Fwd:    0.8915 ms    23.52 GF/s | Bwd:    0.8307 ms    25.24 GF/s | Mem:   4.00 MB
RESULT|baseline_sse42_1t|throughput|n65536_b4|65536|1|1|4|1|0.891464|23.524819|0.830746|25.244203|4.00
[run ] n65536_b16       | Len:  65536 | Batch:    16 | Thr: 1 | Fwd:    4.3328 ms    19.36 GF/s | Bwd:    4.4350 ms    18.91 GF/s | Mem:  16.00 MB
RESULT|baseline_sse42_1t|throughput|n65536_b16|65536|1|1|16|1|4.332804|19.360692|4.434979|18.914650|16.00
[run ] n131072_b1       | Len: 131072 | Batch:     1 | Thr: 1 | Fwd:    0.4776 ms    23.33 GF/s | Bwd:    0.4697 ms    23.72 GF/s | Mem:   2.00 MB
RESULT|baseline_sse42_1t|throughput|n131072_b1|131072|1|1|1|1|0.477625|23.326092|0.469670|23.721141|2.00
[run ] n131072_b4       | Len: 131072 | Batch:     4 | Thr: 1 | Fwd:    1.9606 ms    22.73 GF/s | Bwd:    1.9815 ms    22.49 GF/s | Mem:   8.00 MB
RESULT|baseline_sse42_1t|throughput|n131072_b4|131072|1|1|4|1|1.960560|22.730490|1.981532|22.489908|8.00
[run ] n131072_b16      | Len: 131072 | Batch:    16 | Thr: 1 | Fwd:   18.3540 ms     9.71 GF/s | Bwd:   18.5836 ms     9.59 GF/s | Mem:  32.00 MB
RESULT|baseline_sse42_1t|throughput|n131072_b16|131072|1|1|16|1|18.354004|9.712209|18.583635|9.592199|32.00
[run ] n262144_b1       | Len: 262144 | Batch:     1 | Thr: 1 | Fwd:    1.1123 ms    21.21 GF/s | Bwd:    1.1442 ms    20.62 GF/s | Mem:   4.00 MB
RESULT|baseline_sse42_1t|throughput|n262144_b1|262144|1|1|1|1|1.112252|21.211885|1.144167|20.620214|4.00
[run ] n262144_b4       | Len: 262144 | Batch:     4 | Thr: 1 | Fwd:    6.1057 ms    15.46 GF/s | Bwd:    6.1037 ms    15.46 GF/s | Mem:  16.00 MB
RESULT|baseline_sse42_1t|throughput|n262144_b4|262144|1|1|4|1|6.105682|15.456397|6.103748|15.461293|16.00
[run ] n262144_b16      | Len: 262144 | Batch:    16 | Thr: 1 | Fwd:   34.6390 ms    10.90 GF/s | Bwd:   34.8886 ms    10.82 GF/s | Mem:  64.00 MB
RESULT|baseline_sse42_1t|throughput|n262144_b16|262144|1|1|16|1|34.639037|10.897744|34.888644|10.819777|64.00
[run ] n524288_b1       | Len: 524288 | Batch:     1 | Thr: 1 | Fwd:    2.6179 ms    19.03 GF/s | Bwd:    2.5919 ms    19.22 GF/s | Mem:   8.00 MB
RESULT|baseline_sse42_1t|throughput|n524288_b1|524288|1|1|1|1|2.617858|19.025996|2.591933|19.216299|8.00
[run ] n524288_b4       | Len: 524288 | Batch:     4 | Thr: 1 | Fwd:   13.2246 ms    15.07 GF/s | Bwd:   13.3187 ms    14.96 GF/s | Mem:  32.00 MB
RESULT|baseline_sse42_1t|throughput|n524288_b4|524288|1|1|4|1|13.224609|15.065053|13.318666|14.958664|32.00
[run ] n524288_b16      | Len: 524288 | Batch:    16 | Thr: 1 | Fwd:   54.8897 ms    14.52 GF/s | Bwd:   55.3462 ms    14.40 GF/s | Mem: 128.00 MB
RESULT|baseline_sse42_1t|throughput|n524288_b16|524288|1|1|16|1|54.889716|14.518526|55.346231|14.398772|128.00
[run ] n1048576_b1      | Len:1048576 | Batch:     1 | Thr: 1 | Fwd:    6.4427 ms    16.28 GF/s | Bwd:    6.5052 ms    16.12 GF/s | Mem:  16.00 MB
RESULT|baseline_sse42_1t|throughput|n1048576_b1|1048576|1|1|1|1|6.442671|16.275486|6.505177|16.119101|16.00
[run ] n1048576_b4      | Len:1048576 | Batch:     4 | Thr: 1 | Fwd:   33.3073 ms    12.59 GF/s | Bwd:   33.3432 ms    12.58 GF/s | Mem:  64.00 MB
RESULT|baseline_sse42_1t|throughput|n1048576_b4|1048576|1|1|4|1|33.307260|12.592762|33.343154|12.579206|64.00
[run ] n1048576_b16     | Len:1048576 | Batch:    16 | Thr: 1 | Fwd:  132.9056 ms    12.62 GF/s | Bwd:  132.7368 ms    12.64 GF/s | Mem: 256.00 MB
RESULT|baseline_sse42_1t|throughput|n1048576_b16|1048576|1|1|16|1|132.905563|12.623411|132.736757|12.639465|256.00
[run ] n2097152_b1      | Len:2097152 | Batch:     1 | Thr: 1 | Fwd:   14.5802 ms    15.10 GF/s | Bwd:   14.6437 ms    15.04 GF/s | Mem:  32.00 MB
RESULT|baseline_sse42_1t|throughput|n2097152_b1|2097152|1|1|1|1|14.580158|15.102783|14.643683|15.037266|32.00
[run ] n2097152_b4      | Len:2097152 | Batch:     4 | Thr: 1 | Fwd:   68.0721 ms    12.94 GF/s | Bwd:   68.4752 ms    12.86 GF/s | Mem: 128.00 MB
RESULT|baseline_sse42_1t|throughput|n2097152_b4|2097152|1|1|4|1|68.072103|12.939278|68.475247|12.863098|128.00
[run ] n2097152_b16     | Len:2097152 | Batch:    16 | Thr: 1 | Fwd:  270.9993 ms    13.00 GF/s | Bwd:  277.6249 ms    12.69 GF/s | Mem: 512.00 MB
RESULT|baseline_sse42_1t|throughput|n2097152_b16|2097152|1|1|16|1|270.999328|13.000827|277.624874|12.690561|512.00
[run ] n4194304_b1      | Len:4194304 | Batch:     1 | Thr: 1 | Fwd:   33.8654 ms    13.62 GF/s | Bwd:   33.5126 ms    13.77 GF/s | Mem:  64.00 MB
RESULT|baseline_sse42_1t|throughput|n4194304_b1|4194304|1|1|1|1|33.865364|13.623756|33.512574|13.767174|64.00
[run ] n4194304_b4      | Len:4194304 | Batch:     4 | Thr: 1 | Fwd:  143.6374 ms    12.85 GF/s | Bwd:  143.1023 ms    12.90 GF/s | Mem: 256.00 MB
RESULT|baseline_sse42_1t|throughput|n4194304_b4|4194304|1|1|4|1|143.637425|12.848279|143.102271|12.896328|256.00
[run ] n4194304_b16     | Len:4194304 | Batch:    16 | Thr: 1 | Fwd:  548.4716 ms    13.46 GF/s | Bwd:  588.7092 ms    12.54 GF/s | Mem:1024.00 MB
RESULT|baseline_sse42_1t|throughput|n4194304_b16|4194304|1|1|16|1|548.471591|13.459175|588.709247|12.539254|1024.00

Benchmark workload complete.


real	1m14.074s
user	1m13.521s
sys	0m0.419s
[DONE] baseline_sse42_1t

============================================================
RUN PROFILE: avx512_phys
Description : MKL AVX-512, physical-core thread count
ISA         : AVX512
Threads     : 10
Workload    : throughput
============================================================
PROFILE|avx512_phys|MKL AVX-512, physical-core thread count|AVX512|10|throughput|32,64,128,256,512,1024,2048,4096,8192,16384,32768,65536,131072,262144,524288,1048576,2097152,4194304|1,4,16|1,2,4,8,10,20|16384|64|10

############################################################
# FFT BENCHMARK (Intel oneMKL DFTI, 1D, single precision)  #
############################################################
profile_id       : avx512_phys
profile_desc     : MKL AVX-512, physical-core thread count
workload         : throughput
threads(cli)     : 10
mkl max threads  : 10
timed runs       : 20
warmup runs      : 5
mem cap (MB)     : 3072.0
lengths: 32,64,128,256,512,1024,2048,4096,8192,16384,32768,65536,131072,262144,524288,1048576,2097152,4194304
batches: 1,4,16
thread_set: 1,2,4,8,10,20
batch_scale_set: 1,4,16
scale_length     : 16384
scale_batch      : 64
scale_threads    : 10


====================================================================
WORKLOAD: throughput (length x batch at fixed thread count)
====================================================================
threads=10
[run ] n32_b1           | Len:     32 | Batch:     1 | Thr:10 | Fwd:    0.0005 ms     1.46 GF/s | Bwd:    0.0000 ms    21.51 GF/s | Mem:   0.00 MB
RESULT|avx512_phys|throughput|n32_b1|32|1|1|1|10|0.000550|1.455092|0.000037|21.509251|0.00
[run ] n32_b4           | Len:     32 | Batch:     4 | Thr:10 | Fwd:    0.0001 ms    38.90 GF/s | Bwd:    0.0001 ms    39.97 GF/s | Mem:   0.00 MB
RESULT|avx512_phys|throughput|n32_b4|32|1|1|4|10|0.000082|38.903689|0.000080|39.969544|0.00
[run ] n32_b16          | Len:     32 | Batch:    16 | Thr:10 | Fwd:    0.0014 ms     9.12 GF/s | Bwd:    0.0008 ms    16.85 GF/s | Mem:   0.01 MB
RESULT|avx512_phys|throughput|n32_b16|32|1|1|16|10|0.001404|9.116813|0.000760|16.851997|0.01
[run ] n64_b1           | Len:     64 | Batch:     1 | Thr:10 | Fwd:    0.0000 ms    46.02 GF/s | Bwd:    0.0000 ms    43.91 GF/s | Mem:   0.00 MB
RESULT|avx512_phys|throughput|n64_b1|64|1|1|1|10|0.000042|46.017507|0.000044|43.909835|0.00
[run ] n64_b4           | Len:     64 | Batch:     4 | Thr:10 | Fwd:    0.0001 ms    74.43 GF/s | Bwd:    0.0001 ms    68.89 GF/s | Mem:   0.00 MB
RESULT|avx512_phys|throughput|n64_b4|64|1|1|4|10|0.000103|74.427576|0.000111|68.888483|0.00
[run ] n64_b16          | Len:     64 | Batch:    16 | Thr:10 | Fwd:    0.0024 ms    12.96 GF/s | Bwd:    0.0009 ms    35.42 GF/s | Mem:   0.02 MB
RESULT|avx512_phys|throughput|n64_b16|64|1|1|16|10|0.002371|12.956682|0.000867|35.419489|0.02
[run ] n128_b1          | Len:    128 | Batch:     1 | Thr:10 | Fwd:    0.0001 ms    65.34 GF/s | Bwd:    0.0001 ms    68.38 GF/s | Mem:   0.00 MB
RESULT|avx512_phys|throughput|n128_b1|128|1|1|1|10|0.000069|65.335473|0.000066|68.378755|0.00
[run ] n128_b4          | Len:    128 | Batch:     4 | Thr:10 | Fwd:    0.0007 ms    24.07 GF/s | Bwd:    0.0008 ms    23.84 GF/s | Mem:   0.01 MB
RESULT|avx512_phys|throughput|n128_b4|128|1|1|4|10|0.000744|24.074929|0.000752|23.844276|0.01
[run ] n128_b16         | Len:    128 | Batch:    16 | Thr:10 | Fwd:    0.0018 ms    39.17 GF/s | Bwd:    0.0012 ms    58.23 GF/s | Mem:   0.03 MB
RESULT|avx512_phys|throughput|n128_b16|128|1|1|16|10|0.001830|39.170299|0.001231|58.233461|0.03
[run ] n256_b1          | Len:    256 | Batch:     1 | Thr:10 | Fwd:    0.0002 ms    63.24 GF/s | Bwd:    0.0002 ms    64.62 GF/s | Mem:   0.00 MB
RESULT|avx512_phys|throughput|n256_b1|256|1|1|1|10|0.000162|63.235679|0.000158|64.624846|0.00
[run ] n256_b4          | Len:    256 | Batch:     4 | Thr:10 | Fwd:    0.0009 ms    43.54 GF/s | Bwd:    0.0009 ms    43.86 GF/s | Mem:   0.02 MB
RESULT|avx512_phys|throughput|n256_b4|256|1|1|4|10|0.000941|43.535222|0.000934|43.857524|0.02
[run ] n256_b16         | Len:    256 | Batch:    16 | Thr:10 | Fwd:    0.0032 ms    51.47 GF/s | Bwd:    0.0016 ms   105.19 GF/s | Mem:   0.06 MB
RESULT|avx512_phys|throughput|n256_b16|256|1|1|16|10|0.003183|51.470637|0.001558|105.185019|0.06
[run ] n512_b1          | Len:    512 | Batch:     1 | Thr:10 | Fwd:    0.0003 ms    81.36 GF/s | Bwd:    0.0003 ms    79.24 GF/s | Mem:   0.01 MB
RESULT|avx512_phys|throughput|n512_b1|512|1|1|1|10|0.000283|81.357774|0.000291|79.236442|0.01
[run ] n512_b4          | Len:    512 | Batch:     4 | Thr:10 | Fwd:    0.0014 ms    63.60 GF/s | Bwd:    0.0016 ms    58.86 GF/s | Mem:   0.03 MB
RESULT|avx512_phys|throughput|n512_b4|512|1|1|4|10|0.001449|63.599832|0.001566|58.862046|0.03
[run ] n512_b16         | Len:    512 | Batch:    16 | Thr:10 | Fwd:    0.0018 ms   205.49 GF/s | Bwd:    0.0019 ms   197.83 GF/s | Mem:   0.12 MB
RESULT|avx512_phys|throughput|n512_b16|512|1|1|16|10|0.001794|205.489903|0.001863|197.828530|0.12
[run ] n1024_b1         | Len:   1024 | Batch:     1 | Thr:10 | Fwd:    0.0006 ms    82.24 GF/s | Bwd:    0.0006 ms    85.15 GF/s | Mem:   0.02 MB
RESULT|avx512_phys|throughput|n1024_b1|1024|1|1|1|10|0.000623|82.241255|0.000601|85.150026|0.02
[run ] n1024_b4         | Len:   1024 | Batch:     4 | Thr:10 | Fwd:    0.0019 ms   105.67 GF/s | Bwd:    0.0020 ms   102.79 GF/s | Mem:   0.06 MB
RESULT|avx512_phys|throughput|n1024_b4|1024|1|1|4|10|0.001938|105.670250|0.001992|102.789759|0.06
[run ] n1024_b16        | Len:   1024 | Batch:    16 | Thr:10 | Fwd:    0.0041 ms   198.16 GF/s | Bwd:    0.0029 ms   285.96 GF/s | Mem:   0.25 MB
RESULT|avx512_phys|throughput|n1024_b16|1024|1|1|16|10|0.004134|198.162190|0.002865|285.964166|0.25
[run ] n2048_b1         | Len:   2048 | Batch:     1 | Thr:10 | Fwd:    0.0016 ms    71.71 GF/s | Bwd:    0.0015 ms    74.35 GF/s | Mem:   0.03 MB
RESULT|avx512_phys|throughput|n2048_b1|2048|1|1|1|10|0.001571|71.706645|0.001515|74.354171|0.03
[run ] n2048_b4         | Len:   2048 | Batch:     4 | Thr:10 | Fwd:    0.0032 ms   141.57 GF/s | Bwd:    0.0028 ms   162.10 GF/s | Mem:   0.12 MB
RESULT|avx512_phys|throughput|n2048_b4|2048|1|1|4|10|0.003183|141.565458|0.002779|162.102042|0.12
[run ] n2048_b16        | Len:   2048 | Batch:    16 | Thr:10 | Fwd:    0.0051 ms   354.69 GF/s | Bwd:    0.0046 ms   394.63 GF/s | Mem:   0.50 MB
RESULT|avx512_phys|throughput|n2048_b16|2048|1|1|16|10|0.005081|354.689491|0.004567|394.634371|0.50
[run ] n4096_b1         | Len:   4096 | Batch:     1 | Thr:10 | Fwd:    0.0037 ms    66.42 GF/s | Bwd:    0.0038 ms    64.27 GF/s | Mem:   0.06 MB
RESULT|avx512_phys|throughput|n4096_b1|4096|1|1|1|10|0.003700|66.424724|0.003824|64.274268|0.06
[run ] n4096_b4         | Len:   4096 | Batch:     4 | Thr:10 | Fwd:    0.0048 ms   205.96 GF/s | Bwd:    0.0047 ms   208.81 GF/s | Mem:   0.25 MB
RESULT|avx512_phys|throughput|n4096_b4|4096|1|1|4|10|0.004773|205.958650|0.004708|208.806091|0.25
[run ] n4096_b16        | Len:   4096 | Batch:    16 | Thr:10 | Fwd:    0.0087 ms   453.27 GF/s | Bwd:    0.0086 ms   459.25 GF/s | Mem:   1.00 MB
RESULT|avx512_phys|throughput|n4096_b16|4096|1|1|16|10|0.008675|453.267294|0.008562|459.252462|1.00
[run ] n8192_b1         | Len:   8192 | Batch:     1 | Thr:10 | Fwd:    0.0089 ms    60.15 GF/s | Bwd:    0.0089 ms    60.02 GF/s | Mem:   0.12 MB
RESULT|avx512_phys|throughput|n8192_b1|8192|1|1|1|10|0.008853|60.145828|0.008872|60.020075|0.12
[run ] n8192_b4         | Len:   8192 | Batch:     4 | Thr:10 | Fwd:    0.0360 ms    59.12 GF/s | Bwd:    0.0340 ms    62.60 GF/s | Mem:   0.50 MB
RESULT|avx512_phys|throughput|n8192_b4|8192|1|1|4|10|0.036028|59.118770|0.034024|62.600517|0.50
[run ] n8192_b16        | Len:   8192 | Batch:    16 | Thr:10 | Fwd:    0.0197 ms   433.50 GF/s | Bwd:    0.0196 ms   435.27 GF/s | Mem:   2.00 MB
RESULT|avx512_phys|throughput|n8192_b16|8192|1|1|16|10|0.019653|433.497200|0.019573|435.269279|2.00
[run ] n16384_b1        | Len:  16384 | Batch:     1 | Thr:10 | Fwd:    0.0129 ms    89.17 GF/s | Bwd:    0.0127 ms    90.44 GF/s | Mem:   0.25 MB
RESULT|avx512_phys|throughput|n16384_b1|16384|1|1|1|10|0.012862|89.169312|0.012681|90.438044|0.25
[run ] n16384_b4        | Len:  16384 | Batch:     4 | Thr:10 | Fwd:    0.1274 ms    36.00 GF/s | Bwd:    0.1263 ms    36.32 GF/s | Mem:   1.00 MB
RESULT|avx512_phys|throughput|n16384_b4|16384|1|1|4|10|0.127413|36.004986|0.126295|36.323901|1.00
[run ] n16384_b16       | Len:  16384 | Batch:    16 | Thr:10 | Fwd:    0.0541 ms   339.41 GF/s | Bwd:    0.0605 ms   303.18 GF/s | Mem:   4.00 MB
RESULT|avx512_phys|throughput|n16384_b16|16384|1|1|16|10|0.054065|339.410812|0.060525|303.181646|4.00
[run ] n32768_b1        | Len:  32768 | Batch:     1 | Thr:10 | Fwd:    0.0224 ms   109.75 GF/s | Bwd:    0.0197 ms   124.47 GF/s | Mem:   0.50 MB
RESULT|avx512_phys|throughput|n32768_b1|32768|1|1|1|10|0.022392|109.751211|0.019744|124.472864|0.50
[run ] n32768_b4        | Len:  32768 | Batch:     4 | Thr:10 | Fwd:    0.2537 ms    38.74 GF/s | Bwd:    0.2445 ms    40.21 GF/s | Mem:   2.00 MB
RESULT|avx512_phys|throughput|n32768_b4|32768|1|1|4|10|0.253750|38.740516|0.244504|40.205497|2.00
[run ] n32768_b16       | Len:  32768 | Batch:    16 | Thr:10 | Fwd:    0.1220 ms   322.19 GF/s | Bwd:    0.1228 ms   320.31 GF/s | Mem:   8.00 MB
RESULT|avx512_phys|throughput|n32768_b16|32768|1|1|16|10|0.122046|322.186733|0.122760|320.312904|8.00
[run ] n65536_b1        | Len:  65536 | Batch:     1 | Thr:10 | Fwd:    0.0387 ms   135.49 GF/s | Bwd:    0.0389 ms   134.63 GF/s | Mem:   1.00 MB
RESULT|avx512_phys|throughput|n65536_b1|65536|1|1|1|10|0.038695|135.493771|0.038943|134.629736|1.00
[run ] n65536_b4        | Len:  65536 | Batch:     4 | Thr:10 | Fwd:    0.5727 ms    36.62 GF/s | Bwd:    0.5595 ms    37.48 GF/s | Mem:   4.00 MB
RESULT|avx512_phys|throughput|n65536_b4|65536|1|1|4|10|0.572652|36.621752|0.559500|37.482604|4.00
[run ] n65536_b16       | Len:  65536 | Batch:    16 | Thr:10 | Fwd:    0.4198 ms   199.84 GF/s | Bwd:    0.4221 ms   198.71 GF/s | Mem:  16.00 MB
RESULT|avx512_phys|throughput|n65536_b16|65536|1|1|16|10|0.419774|199.836244|0.422143|198.714806|16.00
[run ] n131072_b1       | Len: 131072 | Batch:     1 | Thr:10 | Fwd:    0.0704 ms   158.27 GF/s | Bwd:    0.0694 ms   160.64 GF/s | Mem:   2.00 MB
RESULT|avx512_phys|throughput|n131072_b1|131072|1|1|1|10|0.070395|158.265695|0.069353|160.643424|2.00
[run ] n131072_b4       | Len: 131072 | Batch:     4 | Thr:10 | Fwd:    0.3147 ms   141.61 GF/s | Bwd:    0.2775 ms   160.57 GF/s | Mem:   8.00 MB
RESULT|avx512_phys|throughput|n131072_b4|131072|1|1|4|10|0.314709|141.605379|0.277547|160.565428|8.00
[run ] n131072_b16      | Len: 131072 | Batch:    16 | Thr:10 | Fwd:    1.7303 ms   103.02 GF/s | Bwd:    1.7258 ms   103.29 GF/s | Mem:  32.00 MB
RESULT|avx512_phys|throughput|n131072_b16|131072|1|1|16|10|1.730309|103.020839|1.725825|103.288527|32.00
[run ] n262144_b1       | Len: 262144 | Batch:     1 | Thr:10 | Fwd:    0.1415 ms   166.69 GF/s | Bwd:    0.1371 ms   172.12 GF/s | Mem:   4.00 MB
RESULT|avx512_phys|throughput|n262144_b1|262144|1|1|1|10|0.141540|166.687239|0.137073|172.120222|4.00
[run ] n262144_b4       | Len: 262144 | Batch:     4 | Thr:10 | Fwd:    0.6457 ms   146.16 GF/s | Bwd:    0.7800 ms   120.98 GF/s | Mem:  16.00 MB
RESULT|avx512_phys|throughput|n262144_b4|262144|1|1|4|10|0.645693|146.155980|0.780047|120.982273|16.00
[run ] n262144_b16      | Len: 262144 | Batch:    16 | Thr:10 | Fwd:    3.8022 ms    99.28 GF/s | Bwd:    3.8491 ms    98.07 GF/s | Mem:  64.00 MB
RESULT|avx512_phys|throughput|n262144_b16|262144|1|1|16|10|3.802231|99.280480|3.849065|98.072481|64.00
[run ] n524288_b1       | Len: 524288 | Batch:     1 | Thr:10 | Fwd:    0.3509 ms   141.96 GF/s | Bwd:    0.3337 ms   149.28 GF/s | Mem:   8.00 MB
RESULT|avx512_phys|throughput|n524288_b1|524288|1|1|1|10|0.350852|141.961125|0.333657|149.277141|8.00
[run ] n524288_b4       | Len: 524288 | Batch:     4 | Thr:10 | Fwd:    1.6670 ms   119.51 GF/s | Bwd:    1.6810 ms   118.52 GF/s | Mem:  32.00 MB
RESULT|avx512_phys|throughput|n524288_b4|524288|1|1|4|10|1.667035|119.511228|1.680972|118.520373|32.00
[run ] n524288_b16      | Len: 524288 | Batch:    16 | Thr:10 | Fwd:    7.1072 ms   112.13 GF/s | Bwd:    7.0870 ms   112.45 GF/s | Mem: 128.00 MB
RESULT|avx512_phys|throughput|n524288_b16|524288|1|1|16|10|7.107193|112.128346|7.087044|112.447126|128.00
[run ] n1048576_b1      | Len:1048576 | Batch:     1 | Thr:10 | Fwd:    0.5689 ms   184.31 GF/s | Bwd:    0.5838 ms   179.62 GF/s | Mem:  16.00 MB
RESULT|avx512_phys|throughput|n1048576_b1|1048576|1|1|1|10|0.568934|184.305381|0.583788|179.615928|16.00
[run ] n1048576_b4      | Len:1048576 | Batch:     4 | Thr:10 | Fwd:    3.7670 ms   111.34 GF/s | Bwd:    3.7598 ms   111.56 GF/s | Mem:  64.00 MB
RESULT|avx512_phys|throughput|n1048576_b4|1048576|1|1|4|10|3.767031|111.342448|3.759762|111.557695|64.00
[run ] n1048576_b16     | Len:1048576 | Batch:    16 | Thr:10 | Fwd:   14.9518 ms   112.21 GF/s | Bwd:   15.0247 ms   111.66 GF/s | Mem: 256.00 MB
RESULT|avx512_phys|throughput|n1048576_b16|1048576|1|1|16|10|14.951816|112.208552|15.024668|111.664474|256.00
[run ] n2097152_b1      | Len:2097152 | Batch:     1 | Thr:10 | Fwd:    1.4012 ms   157.15 GF/s | Bwd:    1.3879 ms   158.66 GF/s | Mem:  32.00 MB
RESULT|avx512_phys|throughput|n2097152_b1|2097152|1|1|1|10|1.401191|157.152655|1.387891|158.658711|32.00
[run ] n2097152_b4      | Len:2097152 | Batch:     4 | Thr:10 | Fwd:    7.9869 ms   110.28 GF/s | Bwd:    8.0093 ms   109.97 GF/s | Mem: 128.00 MB
RESULT|avx512_phys|throughput|n2097152_b4|2097152|1|1|4|10|7.986910|110.280927|8.009278|109.972937|128.00
[run ] n2097152_b16     | Len:2097152 | Batch:    16 | Thr:10 | Fwd:   32.3546 ms   108.89 GF/s | Bwd:   41.0042 ms    85.92 GF/s | Mem: 512.00 MB
RESULT|avx512_phys|throughput|n2097152_b16|2097152|1|1|16|10|32.354628|108.893705|41.004210|85.923258|512.00
[run ] n4194304_b1      | Len:4194304 | Batch:     1 | Thr:10 | Fwd:    6.1082 ms    75.53 GF/s | Bwd:    6.1019 ms    75.61 GF/s | Mem:  64.00 MB
RESULT|avx512_phys|throughput|n4194304_b1|4194304|1|1|1|10|6.108185|75.533639|6.101928|75.611090|64.00
[run ] n4194304_b4      | Len:4194304 | Batch:     4 | Thr:10 | Fwd:   18.9116 ms    97.59 GF/s | Bwd:   18.6662 ms    98.87 GF/s | Mem: 256.00 MB
RESULT|avx512_phys|throughput|n4194304_b4|4194304|1|1|4|10|18.911566|97.585457|18.666180|98.868316|256.00
[run ] n4194304_b16     | Len:4194304 | Batch:    16 | Thr:10 | Fwd:   94.0796 ms    78.47 GF/s | Bwd:  102.0712 ms    72.32 GF/s | Mem:1024.00 MB
RESULT|avx512_phys|throughput|n4194304_b16|4194304|1|1|16|10|94.079597|78.465207|102.071244|72.321790|1024.00

Benchmark workload complete.


real	0m16.044s
user	2m6.271s
sys	0m0.996s
[DONE] avx512_phys

============================================================
RUN PROFILE: avx512_logical
Description : MKL AVX-512, logical-core thread count (hyperthreading on)
ISA         : AVX512
Threads     : 20
Workload    : throughput
============================================================
PROFILE|avx512_logical|MKL AVX-512, logical-core thread count (hyperthreading on)|AVX512|20|throughput|32,64,128,256,512,1024,2048,4096,8192,16384,32768,65536,131072,262144,524288,1048576,2097152,4194304|1,4,16|1,2,4,8,10,20|16384|64|10

############################################################
# FFT BENCHMARK (Intel oneMKL DFTI, 1D, single precision)  #
############################################################
profile_id       : avx512_logical
profile_desc     : MKL AVX-512, logical-core thread count (hyperthreading on)
workload         : throughput
threads(cli)     : 20
mkl max threads  : 20
timed runs       : 20
warmup runs      : 5
mem cap (MB)     : 3072.0
lengths: 32,64,128,256,512,1024,2048,4096,8192,16384,32768,65536,131072,262144,524288,1048576,2097152,4194304
batches: 1,4,16
thread_set: 1,2,4,8,10,20
batch_scale_set: 1,4,16
scale_length     : 16384
scale_batch      : 64
scale_threads    : 10


====================================================================
WORKLOAD: throughput (length x batch at fixed thread count)
====================================================================
threads=20
[run ] n32_b1           | Len:     32 | Batch:     1 | Thr:20 | Fwd:    0.0001 ms    11.80 GF/s | Bwd:    0.0001 ms    11.41 GF/s | Mem:   0.00 MB
RESULT|avx512_logical|throughput|n32_b1|32|1|1|1|20|0.000068|11.798323|0.000070|11.413072|0.00
[run ] n32_b4           | Len:     32 | Batch:     4 | Thr:20 | Fwd:    0.0001 ms    37.66 GF/s | Bwd:    0.0001 ms    38.72 GF/s | Mem:   0.00 MB
RESULT|avx512_logical|throughput|n32_b4|32|1|1|4|20|0.000085|37.659295|0.000083|38.724099|0.00
[run ] n32_b16          | Len:     32 | Batch:    16 | Thr:20 | Fwd:    0.0014 ms     9.00 GF/s | Bwd:    0.0012 ms    10.33 GF/s | Mem:   0.01 MB
RESULT|avx512_logical|throughput|n32_b16|32|1|1|16|20|0.001422|9.002765|0.001239|10.330400|0.01
[run ] n64_b1           | Len:     64 | Batch:     1 | Thr:20 | Fwd:    0.0000 ms    44.20 GF/s | Bwd:    0.0000 ms    44.30 GF/s | Mem:   0.00 MB
RESULT|avx512_logical|throughput|n64_b1|64|1|1|1|20|0.000043|44.199032|0.000043|44.296280|0.00
[run ] n64_b4           | Len:     64 | Batch:     4 | Thr:20 | Fwd:    0.0001 ms    72.22 GF/s | Bwd:    0.0001 ms    69.78 GF/s | Mem:   0.00 MB
RESULT|avx512_logical|throughput|n64_b4|64|1|1|4|20|0.000106|72.224786|0.000110|69.783914|0.00
[run ] n64_b16          | Len:     64 | Batch:    16 | Thr:20 | Fwd:    0.0019 ms    16.35 GF/s | Bwd:    0.0009 ms    35.26 GF/s | Mem:   0.02 MB
RESULT|avx512_logical|throughput|n64_b16|64|1|1|16|20|0.001879|16.346005|0.000871|35.256668|0.02
[run ] n128_b1          | Len:    128 | Batch:     1 | Thr:20 | Fwd:    0.0001 ms    65.56 GF/s | Bwd:    0.0001 ms    64.62 GF/s | Mem:   0.00 MB
RESULT|avx512_logical|throughput|n128_b1|128|1|1|1|20|0.000068|65.563440|0.000069|64.616513|0.00
[run ] n128_b4          | Len:    128 | Batch:     4 | Thr:20 | Fwd:    0.0008 ms    23.37 GF/s | Bwd:    0.0008 ms    23.44 GF/s | Mem:   0.01 MB
RESULT|avx512_logical|throughput|n128_b4|128|1|1|4|20|0.000767|23.369793|0.000764|23.441220|0.01
[run ] n128_b16         | Len:    128 | Batch:    16 | Thr:20 | Fwd:    0.0028 ms    25.48 GF/s | Bwd:    0.0016 ms    44.04 GF/s | Mem:   0.03 MB
RESULT|avx512_logical|throughput|n128_b16|128|1|1|16|20|0.002813|25.477756|0.001628|44.036752|0.03
[run ] n256_b1          | Len:    256 | Batch:     1 | Thr:20 | Fwd:    0.0002 ms    63.11 GF/s | Bwd:    0.0002 ms    64.86 GF/s | Mem:   0.00 MB
RESULT|avx512_logical|throughput|n256_b1|256|1|1|1|20|0.000162|63.105602|0.000158|64.859065|0.00
[run ] n256_b4          | Len:    256 | Batch:     4 | Thr:20 | Fwd:    0.0009 ms    44.63 GF/s | Bwd:    0.0009 ms    45.17 GF/s | Mem:   0.02 MB
RESULT|avx512_logical|throughput|n256_b4|256|1|1|4|20|0.000918|44.629992|0.000907|45.172142|0.02
[run ] n256_b16         | Len:    256 | Batch:    16 | Thr:20 | Fwd:    0.0028 ms    57.60 GF/s | Bwd:    0.0019 ms    85.82 GF/s | Mem:   0.06 MB
RESULT|avx512_logical|throughput|n256_b16|256|1|1|16|20|0.002844|57.601278|0.001909|85.815676|0.06
[run ] n512_b1          | Len:    512 | Batch:     1 | Thr:20 | Fwd:    0.0006 ms    40.99 GF/s | Bwd:    0.0004 ms    64.32 GF/s | Mem:   0.01 MB
RESULT|avx512_logical|throughput|n512_b1|512|1|1|1|20|0.000562|40.992943|0.000358|64.321595|0.01
[run ] n512_b4          | Len:    512 | Batch:     4 | Thr:20 | Fwd:    0.0015 ms    62.72 GF/s | Bwd:    0.0014 ms    66.35 GF/s | Mem:   0.03 MB
RESULT|avx512_logical|throughput|n512_b4|512|1|1|4|20|0.001469|62.718564|0.001389|66.350897|0.03
[run ] n512_b16         | Len:    512 | Batch:    16 | Thr:20 | Fwd:    0.0023 ms   163.17 GF/s | Bwd:    0.0025 ms   148.26 GF/s | Mem:   0.12 MB
RESULT|avx512_logical|throughput|n512_b16|512|1|1|16|20|0.002259|163.172315|0.002486|148.261375|0.12
[run ] n1024_b1         | Len:   1024 | Batch:     1 | Thr:20 | Fwd:    0.0007 ms    68.31 GF/s | Bwd:    0.0008 ms    68.24 GF/s | Mem:   0.02 MB
RESULT|avx512_logical|throughput|n1024_b1|1024|1|1|1|20|0.000749|68.312878|0.000750|68.243411|0.02
[run ] n1024_b4         | Len:   1024 | Batch:     4 | Thr:20 | Fwd:    0.0020 ms   100.00 GF/s | Bwd:    0.0023 ms    89.15 GF/s | Mem:   0.06 MB
RESULT|avx512_logical|throughput|n1024_b4|1024|1|1|4|20|0.002048|99.996910|0.002297|89.146045|0.06
[run ] n1024_b16        | Len:   1024 | Batch:    16 | Thr:20 | Fwd:    0.0035 ms   231.00 GF/s | Bwd:    0.0034 ms   243.29 GF/s | Mem:   0.25 MB
RESULT|avx512_logical|throughput|n1024_b16|1024|1|1|16|20|0.003546|230.999155|0.003367|243.292678|0.25
[run ] n2048_b1         | Len:   2048 | Batch:     1 | Thr:20 | Fwd:    0.0019 ms    58.97 GF/s | Bwd:    0.0019 ms    57.91 GF/s | Mem:   0.03 MB
RESULT|avx512_logical|throughput|n2048_b1|2048|1|1|1|20|0.001910|58.965877|0.001945|57.907779|0.03
[run ] n2048_b4         | Len:   2048 | Batch:     4 | Thr:20 | Fwd:    0.0038 ms   117.45 GF/s | Bwd:    0.0036 ms   126.55 GF/s | Mem:   0.12 MB
RESULT|avx512_logical|throughput|n2048_b4|2048|1|1|4|20|0.003836|117.446559|0.003560|126.554358|0.12
[run ] n2048_b16        | Len:   2048 | Batch:    16 | Thr:20 | Fwd:    0.0052 ms   347.64 GF/s | Bwd:    0.0047 ms   383.78 GF/s | Mem:   0.50 MB
RESULT|avx512_logical|throughput|n2048_b16|2048|1|1|16|20|0.005184|347.642680|0.004696|383.779050|0.50
[run ] n4096_b1         | Len:   4096 | Batch:     1 | Thr:20 | Fwd:    0.0045 ms    54.95 GF/s | Bwd:    0.0043 ms    57.30 GF/s | Mem:   0.06 MB
RESULT|avx512_logical|throughput|n4096_b1|4096|1|1|1|20|0.004472|54.952135|0.004289|57.296152|0.06
[run ] n4096_b4         | Len:   4096 | Batch:     4 | Thr:20 | Fwd:    0.0056 ms   175.31 GF/s | Bwd:    0.0058 ms   170.58 GF/s | Mem:   0.25 MB
RESULT|avx512_logical|throughput|n4096_b4|4096|1|1|4|20|0.005607|175.313732|0.005763|170.580463|0.25
[run ] n4096_b16        | Len:   4096 | Batch:    16 | Thr:20 | Fwd:    0.0083 ms   475.94 GF/s | Bwd:    0.0083 ms   476.56 GF/s | Mem:   1.00 MB
RESULT|avx512_logical|throughput|n4096_b16|4096|1|1|16|20|0.008262|475.937853|0.008251|476.562212|1.00
[run ] n8192_b1         | Len:   8192 | Batch:     1 | Thr:20 | Fwd:    0.0090 ms    58.87 GF/s | Bwd:    0.0091 ms    58.33 GF/s | Mem:   0.12 MB
RESULT|avx512_logical|throughput|n8192_b1|8192|1|1|1|20|0.009044|58.874873|0.009128|58.334805|0.12
[run ] n8192_b4         | Len:   8192 | Batch:     4 | Thr:20 | Fwd:    0.0421 ms    50.60 GF/s | Bwd:    0.0403 ms    52.84 GF/s | Mem:   0.50 MB
RESULT|avx512_logical|throughput|n8192_b4|8192|1|1|4|20|0.042096|50.596222|0.040311|52.836812|0.50
[run ] n8192_b16        | Len:   8192 | Batch:    16 | Thr:20 | Fwd:    0.0168 ms   507.49 GF/s | Bwd:    0.0169 ms   503.65 GF/s | Mem:   2.00 MB
RESULT|avx512_logical|throughput|n8192_b16|8192|1|1|16|20|0.016788|507.487565|0.016916|503.653681|2.00
[run ] n16384_b1        | Len:  16384 | Batch:     1 | Thr:20 | Fwd:    0.0121 ms    94.61 GF/s | Bwd:    0.0123 ms    93.55 GF/s | Mem:   0.25 MB
RESULT|avx512_logical|throughput|n16384_b1|16384|1|1|1|20|0.012123|94.606525|0.012259|93.551891|0.25
[run ] n16384_b4        | Len:  16384 | Batch:     4 | Thr:20 | Fwd:    0.1225 ms    37.44 GF/s | Bwd:    0.1124 ms    40.80 GF/s | Mem:   1.00 MB
RESULT|avx512_logical|throughput|n16384_b4|16384|1|1|4|20|0.122535|37.438551|0.112448|40.796821|1.00
[run ] n16384_b16       | Len:  16384 | Batch:    16 | Thr:20 | Fwd:    0.0374 ms   490.70 GF/s | Bwd:    0.0371 ms   494.01 GF/s | Mem:   4.00 MB
RESULT|avx512_logical|throughput|n16384_b16|16384|1|1|16|20|0.037396|490.701939|0.037145|494.005843|4.00
[run ] n32768_b1        | Len:  32768 | Batch:     1 | Thr:20 | Fwd:    0.0182 ms   135.36 GF/s | Bwd:    0.0178 ms   138.00 GF/s | Mem:   0.50 MB
RESULT|avx512_logical|throughput|n32768_b1|32768|1|1|1|20|0.018156|135.358760|0.017809|138.000154|0.50
[run ] n32768_b4        | Len:  32768 | Batch:     4 | Thr:20 | Fwd:    0.2757 ms    35.65 GF/s | Bwd:    0.2749 ms    35.76 GF/s | Mem:   2.00 MB
RESULT|avx512_logical|throughput|n32768_b4|32768|1|1|4|20|0.275724|35.653010|0.274871|35.763665|2.00
[run ] n32768_b16       | Len:  32768 | Batch:    16 | Thr:20 | Fwd:    0.1142 ms   344.41 GF/s | Bwd:    0.2129 ms   184.72 GF/s | Mem:   8.00 MB
RESULT|avx512_logical|throughput|n32768_b16|32768|1|1|16|20|0.114171|344.410479|0.212867|184.724066|8.00
[run ] n65536_b1        | Len:  65536 | Batch:     1 | Thr:20 | Fwd:    0.0347 ms   151.22 GF/s | Bwd:    0.0347 ms   150.91 GF/s | Mem:   1.00 MB
RESULT|avx512_logical|throughput|n65536_b1|65536|1|1|1|20|0.034671|151.217515|0.034741|150.914278|1.00
[run ] n65536_b4        | Len:  65536 | Batch:     4 | Thr:20 | Fwd:    0.1431 ms   146.59 GF/s | Bwd:    0.1447 ms   144.97 GF/s | Mem:   4.00 MB
RESULT|avx512_logical|throughput|n65536_b4|65536|1|1|4|20|0.143066|146.586061|0.144663|144.968050|4.00
[run ] n65536_b16       | Len:  65536 | Batch:    16 | Thr:20 | Fwd:    0.4763 ms   176.11 GF/s | Bwd:    0.4712 ms   178.02 GF/s | Mem:  16.00 MB
RESULT|avx512_logical|throughput|n65536_b16|65536|1|1|16|20|0.476337|176.106649|0.471212|178.021842|16.00
[run ] n131072_b1       | Len: 131072 | Batch:     1 | Thr:20 | Fwd:    0.0669 ms   166.44 GF/s | Bwd:    0.0669 ms   166.64 GF/s | Mem:   2.00 MB
RESULT|avx512_logical|throughput|n131072_b1|131072|1|1|1|20|0.066937|166.442665|0.066856|166.642812|2.00
[run ] n131072_b4       | Len: 131072 | Batch:     4 | Thr:20 | Fwd:    0.2969 ms   150.11 GF/s | Bwd:    0.2763 ms   161.31 GF/s | Mem:   8.00 MB
RESULT|avx512_logical|throughput|n131072_b4|131072|1|1|4|20|0.296875|150.112174|0.276260|161.313493|8.00
[run ] n131072_b16      | Len: 131072 | Batch:    16 | Thr:20 | Fwd:    1.7632 ms   101.10 GF/s | Bwd:    2.6480 ms    67.32 GF/s | Mem:  32.00 MB
RESULT|avx512_logical|throughput|n131072_b16|131072|1|1|16|20|1.763236|101.097031|2.647991|67.318171|32.00
[run ] n262144_b1       | Len: 262144 | Batch:     1 | Thr:20 | Fwd:    0.1474 ms   160.05 GF/s | Bwd:    0.1449 ms   162.87 GF/s | Mem:   4.00 MB
RESULT|avx512_logical|throughput|n262144_b1|262144|1|1|1|20|0.147406|160.054628|0.144862|162.865250|4.00
[run ] n262144_b4       | Len: 262144 | Batch:     4 | Thr:20 | Fwd:    0.7039 ms   134.06 GF/s | Bwd:    0.6529 ms   144.54 GF/s | Mem:  16.00 MB
RESULT|avx512_logical|throughput|n262144_b4|262144|1|1|4|20|0.703940|134.062360|0.652917|144.538768|16.00
[run ] n262144_b16      | Len: 262144 | Batch:    16 | Thr:20 | Fwd:    3.9363 ms    95.90 GF/s | Bwd:    3.9541 ms    95.47 GF/s | Mem:  64.00 MB
RESULT|avx512_logical|throughput|n262144_b16|262144|1|1|16|20|3.936253|95.900181|3.954114|95.466985|64.00
[run ] n524288_b1       | Len: 524288 | Batch:     1 | Thr:20 | Fwd:    0.2875 ms   173.27 GF/s | Bwd:    0.2635 ms   189.03 GF/s | Mem:   8.00 MB
RESULT|avx512_logical|throughput|n524288_b1|524288|1|1|1|20|0.287450|173.272879|0.263494|189.026225|8.00
[run ] n524288_b4       | Len: 524288 | Batch:     4 | Thr:20 | Fwd:    1.7780 ms   112.05 GF/s | Bwd:    1.5031 ms   132.54 GF/s | Mem:  32.00 MB
RESULT|avx512_logical|throughput|n524288_b4|524288|1|1|4|20|1.778006|112.052164|1.503135|132.542637|32.00
[run ] n524288_b16      | Len: 524288 | Batch:    16 | Thr:20 | Fwd:    8.6267 ms    92.38 GF/s | Bwd:    7.3117 ms   108.99 GF/s | Mem: 128.00 MB
RESULT|avx512_logical|throughput|n524288_b16|524288|1|1|16|20|8.626749|92.377527|7.311704|108.992077|128.00
[run ] n1048576_b1      | Len:1048576 | Batch:     1 | Thr:20 | Fwd:    0.5248 ms   199.80 GF/s | Bwd:    0.5404 ms   194.03 GF/s | Mem:  16.00 MB
RESULT|avx512_logical|throughput|n1048576_b1|1048576|1|1|1|20|0.524821|199.796849|0.540430|194.026299|16.00
[run ] n1048576_b4      | Len:1048576 | Batch:     4 | Thr:20 | Fwd:    6.9673 ms    60.20 GF/s | Bwd:    4.0742 ms   102.95 GF/s | Mem:  64.00 MB
RESULT|avx512_logical|throughput|n1048576_b4|1048576|1|1|4|20|6.967339|60.199512|4.074162|102.948877|64.00
[run ] n1048576_b16     | Len:1048576 | Batch:    16 | Thr:20 | Fwd:   17.6210 ms    95.21 GF/s | Bwd:   25.4205 ms    66.00 GF/s | Mem: 256.00 MB
RESULT|avx512_logical|throughput|n1048576_b16|1048576|1|1|16|20|17.620955|95.211730|25.420485|65.998803|256.00
[run ] n2097152_b1      | Len:2097152 | Batch:     1 | Thr:20 | Fwd:    3.5886 ms    61.36 GF/s | Bwd:    1.5912 ms   138.39 GF/s | Mem:  32.00 MB
RESULT|avx512_logical|throughput|n2097152_b1|2097152|1|1|1|20|3.588637|61.360604|1.591161|138.390122|32.00
[run ] n2097152_b4      | Len:2097152 | Batch:     4 | Thr:20 | Fwd:    7.3876 ms   119.23 GF/s | Bwd:   10.8396 ms    81.26 GF/s | Mem: 128.00 MB
RESULT|avx512_logical|throughput|n2097152_b4|2097152|1|1|4|20|7.387649|119.226545|10.839561|81.258257|128.00
[run ] n2097152_b16     | Len:2097152 | Batch:    16 | Thr:20 | Fwd:   39.0799 ms    90.15 GF/s | Bwd:   43.6769 ms    80.67 GF/s | Mem: 512.00 MB
RESULT|avx512_logical|throughput|n2097152_b16|2097152|1|1|16|20|39.079864|90.154239|43.676867|80.665478|512.00
[run ] n4194304_b1      | Len:4194304 | Batch:     1 | Thr:20 | Fwd:    6.5379 ms    70.57 GF/s | Bwd:    8.3745 ms    55.09 GF/s | Mem:  64.00 MB
RESULT|avx512_logical|throughput|n4194304_b1|4194304|1|1|1|20|6.537891|70.569152|8.374485|55.092753|64.00
[run ] n4194304_b4      | Len:4194304 | Batch:     4 | Thr:20 | Fwd:   22.7412 ms    81.15 GF/s | Bwd:   32.2964 ms    57.14 GF/s | Mem: 256.00 MB
RESULT|avx512_logical|throughput|n4194304_b4|4194304|1|1|4|20|22.741247|81.151828|32.296362|57.142465|256.00
[run ] n4194304_b16     | Len:4194304 | Batch:    16 | Thr:20 | Fwd:   88.9940 ms    82.95 GF/s | Bwd:  108.2475 ms    68.20 GF/s | Mem:1024.00 MB
RESULT|avx512_logical|throughput|n4194304_b16|4194304|1|1|16|20|88.993959|82.949170|108.247476|68.195355|1024.00

Benchmark workload complete.


real	0m17.759s
user	4m34.718s
sys	0m2.662s
[DONE] avx512_logical

============================================================
ALL RUNS COMPLETE
Log    : /home/nikhil/workspace/xeon-fft-bench/src/1-d-fft/fft_logs/latest_run/20260225_113625/runs/run02/fft_benchmark_20260225_113810.log
Report : /home/nikhil/workspace/xeon-fft-bench/src/1-d-fft/fft_logs/latest_run/20260225_113625/runs/run02/fft_benchmark_20260225_113810.report.md
Lines  : 483
Done at: Wed Feb 25 11:39:59 IST 2026
============================================================

Quick inspect:
  grep '^PROFILE|' /home/nikhil/workspace/xeon-fft-bench/src/1-d-fft/fft_logs/latest_run/20260225_113625/runs/run02/fft_benchmark_20260225_113810.log
  grep '^RESULT|' /home/nikhil/workspace/xeon-fft-bench/src/1-d-fft/fft_logs/latest_run/20260225_113625/runs/run02/fft_benchmark_20260225_113810.log | head
  cat /home/nikhil/workspace/xeon-fft-bench/src/1-d-fft/fft_logs/latest_run/20260225_113625/runs/run02/fft_benchmark_20260225_113810.report.md
