============================================================
GPU FFT RUN run01
Date: Fri Mar 13 12:19:33 IST 2026
Host: aorus
============================================================
CONFIG|BENCH_NRUNS|20
CONFIG|BENCH_WARMUP|5
CONFIG|BENCH_MAX_MEM_MB|8192
CONFIG|BENCH_MIN_TOTAL_MS|50
CONFIG|BENCH_MAX_ADAPT_ITERS|100000000
CONFIG|BENCH_VALIDATE|1
CONFIG|BENCH_VALIDATE_TOL|1e-4
CONFIG|BENCH_VALIDATE_STRICT|1
CONFIG|BENCH_STREAM_MODE|1
CONFIG|BENCH_STREAM_TARGET_MB|128
CONFIG|BENCH_STREAM_MIN_SLOTS|2
CONFIG|BENCH_STREAM_MAX_SLOTS|262144
CONFIG|THROUGHPUT_LENGTHS|2,4,8,16,32,64,128,256,512,1024,2048,4096,8192,16384,32768,65536
CONFIG|THROUGHPUT_BATCHES|1,10,16,150,256,1024
PROFILE|gpu_cache_noreuse|cuFFT cache-no-reuse (streaming slot rotation on device memory)|CUDA_CUFFT|1|throughput|2,4,8,16,32,64,128,256,512,1024,2048,4096,8192,16384,32768,65536|1,10,16,150,256,1024|run_gpu_cache_noreuse

############################################################
# FFT BENCHMARK (cuFFT, 1D, single precision)              #
############################################################
profile_id       : gpu_cache_noreuse
profile_desc     : cuFFT cache-no-reuse (streaming slot rotation on device memory)
workload         : throughput
device_index     : 0
timed runs       : 20
warmup runs      : 5
min total ms     : 50.0
max adapt iters  : 100000000
validate         : 1
validate tol     : 1.000e-04
validate strict  : 1
stream mode      : 1
stream target MB : 128.0
stream min slots : 2
stream max slots : 262144
mem cap (MB)     : 8192.0
threads_field    : 1
lengths: 2,4,8,16,32,64,128,256,512,1024,2048,4096,8192,16384,32768,65536
batches: 1,10,16,150,256,1024
gpu_name         : NVIDIA GeForce RTX 3080
compute_cap      : 8.6
sm_count         : 68
warp_size        : 32
max_threads_sm   : 1536
max_threads_blk  : 1024
global_mem_mb    : 9872.4


====================================================================
WORKLOAD: throughput (length x batch at fixed CUDA profile)
====================================================================
threads_field=1
CHECK|gpu_cache_noreuse|throughput|n2_b1|2|1|1|1|1|0.00000000e+00|0.00000000e+00|1.00000000e-04|PASS
[run ] n2_b1            | Len:      2 | Batch:     1 | Thr: 1 | Fwd:    0.0018 ms     0.01 GF/s (iters:27456) | Bwd:    0.0018 ms     0.01 GF/s (iters:27443) | Slots: 262144 | Mem:     8.00 MB | Work:    0.00 MB
RESULT|gpu_cache_noreuse|throughput|n2_b1|2|1|1|1|1|0.001822|0.005488|0.001828|0.005471|8.00|262144|0.00
CHECK|gpu_cache_noreuse|throughput|n2_b10|2|1|1|10|1|0.00000000e+00|0.00000000e+00|1.00000000e-04|PASS
[run ] n2_b10           | Len:      2 | Batch:    10 | Thr: 1 | Fwd:    0.0020 ms     0.05 GF/s (iters:25164) | Bwd:    0.0018 ms     0.06 GF/s (iters:28117) | Slots: 262144 | Mem:    80.00 MB | Work:    0.00 MB
RESULT|gpu_cache_noreuse|throughput|n2_b10|2|1|1|10|1|0.001987|0.050325|0.001782|0.056115|80.00|262144|0.00
CHECK|gpu_cache_noreuse|throughput|n2_b16|2|1|1|16|1|0.00000000e+00|0.00000000e+00|1.00000000e-04|PASS
[run ] n2_b16           | Len:      2 | Batch:    16 | Thr: 1 | Fwd:    0.0020 ms     0.08 GF/s (iters:25144) | Bwd:    0.0018 ms     0.09 GF/s (iters:27871) | Slots: 262144 | Mem:   128.00 MB | Work:    0.00 MB
RESULT|gpu_cache_noreuse|throughput|n2_b16|2|1|1|16|1|0.001989|0.080459|0.001796|0.089076|128.00|262144|0.00
CHECK|gpu_cache_noreuse|throughput|n2_b150|2|1|1|150|1|0.00000000e+00|0.00000000e+00|1.00000000e-04|PASS
[run ] n2_b150          | Len:      2 | Batch:   150 | Thr: 1 | Fwd:    0.0020 ms     0.74 GF/s (iters:24668) | Bwd:    0.0019 ms     0.78 GF/s (iters:25944) | Slots:  27963 | Mem:   128.01 MB | Work:    0.00 MB
RESULT|gpu_cache_noreuse|throughput|n2_b150|2|1|1|150|1|0.002027|0.739920|0.001927|0.778226|128.01|27963|0.00
CHECK|gpu_cache_noreuse|throughput|n2_b256|2|1|1|256|1|0.00000000e+00|0.00000000e+00|1.00000000e-04|PASS
[run ] n2_b256          | Len:      2 | Batch:   256 | Thr: 1 | Fwd:    0.0020 ms     1.26 GF/s (iters:24672) | Bwd:    0.0020 ms     1.28 GF/s (iters:24940) | Slots:  16384 | Mem:   128.01 MB | Work:    0.00 MB
RESULT|gpu_cache_noreuse|throughput|n2_b256|2|1|1|256|1|0.002027|1.262848|0.002005|1.276565|128.01|16384|0.00
CHECK|gpu_cache_noreuse|throughput|n2_b1024|2|1|1|1024|1|0.00000000e+00|0.00000000e+00|1.00000000e-04|PASS
[run ] n2_b1024         | Len:      2 | Batch:  1024 | Thr: 1 | Fwd:    0.0020 ms     5.20 GF/s (iters:25468) | Bwd:    0.0019 ms     5.39 GF/s (iters:26320) | Slots:   4096 | Mem:   128.03 MB | Work:    0.02 MB
RESULT|gpu_cache_noreuse|throughput|n2_b1024|2|1|1|1024|1|0.001970|5.198082|0.001901|5.387074|128.03|4096|0.02
CHECK|gpu_cache_noreuse|throughput|n4_b1|4|1|1|1|1|0.00000000e+00|0.00000000e+00|1.00000000e-04|PASS
[run ] n4_b1            | Len:      4 | Batch:     1 | Thr: 1 | Fwd:    0.0020 ms     0.02 GF/s (iters:24989) | Bwd:    0.0018 ms     0.02 GF/s (iters:27565) | Slots: 262144 | Mem:    16.00 MB | Work:    0.00 MB
RESULT|gpu_cache_noreuse|throughput|n4_b1|4|1|1|1|1|0.002011|0.019892|0.001814|0.022047|16.00|262144|0.00
CHECK|gpu_cache_noreuse|throughput|n4_b10|4|1|1|10|1|0.00000000e+00|0.00000000e+00|1.00000000e-04|PASS
[run ] n4_b10           | Len:      4 | Batch:    10 | Thr: 1 | Fwd:    0.0022 ms     0.18 GF/s (iters:23124) | Bwd:    0.0022 ms     0.18 GF/s (iters:23124) | Slots: 209716 | Mem:   128.00 MB | Work:    0.00 MB
RESULT|gpu_cache_noreuse|throughput|n4_b10|4|1|1|10|1|0.002162|0.184977|0.002163|0.184970|128.00|209716|0.00
CHECK|gpu_cache_noreuse|throughput|n4_b16|4|1|1|16|1|0.00000000e+00|0.00000000e+00|1.00000000e-04|PASS
[run ] n4_b16           | Len:      4 | Batch:    16 | Thr: 1 | Fwd:    0.0022 ms     0.30 GF/s (iters:23121) | Bwd:    0.0022 ms     0.30 GF/s (iters:23122) | Slots: 131072 | Mem:   128.00 MB | Work:    0.00 MB
RESULT|gpu_cache_noreuse|throughput|n4_b16|4|1|1|16|1|0.002163|0.295918|0.002163|0.295908|128.00|131072|0.00
CHECK|gpu_cache_noreuse|throughput|n4_b150|4|1|1|150|1|0.00000000e+00|0.00000000e+00|1.00000000e-04|PASS
[run ] n4_b150          | Len:      4 | Batch:   150 | Thr: 1 | Fwd:    0.0023 ms     2.58 GF/s (iters:21497) | Bwd:    0.0021 ms     2.80 GF/s (iters:23367) | Slots:  13982 | Mem:   128.02 MB | Work:    0.00 MB
RESULT|gpu_cache_noreuse|throughput|n4_b150|4|1|1|150|1|0.002326|2.579181|0.002140|2.803703|128.02|13982|0.00
CHECK|gpu_cache_noreuse|throughput|n4_b256|4|1|1|256|1|0.00000000e+00|0.00000000e+00|1.00000000e-04|PASS
[run ] n4_b256          | Len:      4 | Batch:   256 | Thr: 1 | Fwd:    0.0022 ms     4.72 GF/s (iters:23252) | Bwd:    0.0022 ms     4.69 GF/s (iters:22894) | Slots:   8192 | Mem:   128.02 MB | Work:    0.01 MB
RESULT|gpu_cache_noreuse|throughput|n4_b256|4|1|1|256|1|0.002169|4.720179|0.002184|4.687647|128.02|8192|0.01
CHECK|gpu_cache_noreuse|throughput|n4_b1024|4|1|1|1024|1|0.00000000e+00|0.00000000e+00|1.00000000e-04|PASS
[run ] n4_b1024         | Len:      4 | Batch:  1024 | Thr: 1 | Fwd:    0.0023 ms    18.10 GF/s (iters:22095) | Bwd:    0.0022 ms    18.99 GF/s (iters:23212) | Slots:   2048 | Mem:   128.06 MB | Work:    0.03 MB
RESULT|gpu_cache_noreuse|throughput|n4_b1024|4|1|1|1024|1|0.002264|18.095117|0.002157|18.991654|128.06|2048|0.03
CHECK|gpu_cache_noreuse|throughput|n8_b1|8|1|1|1|1|6.20513738e-08|7.02886368e-08|1.00000000e-04|PASS
[run ] n8_b1            | Len:      8 | Batch:     1 | Thr: 1 | Fwd:    0.0020 ms     0.06 GF/s (iters:24767) | Bwd:    0.0020 ms     0.06 GF/s (iters:24885) | Slots: 262144 | Mem:    32.00 MB | Work:    0.00 MB
RESULT|gpu_cache_noreuse|throughput|n8_b1|8|1|1|1|1|0.002021|0.059384|0.002010|0.059710|32.00|262144|0.00
CHECK|gpu_cache_noreuse|throughput|n8_b10|8|1|1|10|1|3.60109583e-08|8.94069672e-08|1.00000000e-04|PASS
[run ] n8_b10           | Len:      8 | Batch:    10 | Thr: 1 | Fwd:    0.0023 ms     0.52 GF/s (iters:21780) | Bwd:    0.0021 ms     0.58 GF/s (iters:24342) | Slots: 104858 | Mem:   128.00 MB | Work:    0.00 MB
RESULT|gpu_cache_noreuse|throughput|n8_b10|8|1|1|10|1|0.002296|0.522667|0.002055|0.583934|128.00|104858|0.00
CHECK|gpu_cache_noreuse|throughput|n8_b16|8|1|1|16|1|4.38265568e-08|8.94069672e-08|1.00000000e-04|PASS
[run ] n8_b16           | Len:      8 | Batch:    16 | Thr: 1 | Fwd:    0.0023 ms     0.83 GF/s (iters:21527) | Bwd:    0.0023 ms     0.83 GF/s (iters:21590) | Slots:  65536 | Mem:   128.00 MB | Work:    0.00 MB
RESULT|gpu_cache_noreuse|throughput|n8_b16|8|1|1|16|1|0.002323|0.826351|0.002316|0.828942|128.00|65536|0.00
CHECK|gpu_cache_noreuse|throughput|n8_b150|8|1|1|150|1|4.24883031e-08|1.33280037e-07|1.00000000e-04|PASS
[run ] n8_b150          | Len:      8 | Batch:   150 | Thr: 1 | Fwd:    0.0022 ms     8.04 GF/s (iters:22353) | Bwd:    0.0023 ms     7.76 GF/s (iters:21988) | Slots:   6991 | Mem:   128.03 MB | Work:    0.01 MB
RESULT|gpu_cache_noreuse|throughput|n8_b150|8|1|1|150|1|0.002238|8.043147|0.002321|7.756684|128.03|6991|0.01
CHECK|gpu_cache_noreuse|throughput|n8_b256|8|1|1|256|1|4.37165867e-08|1.33280037e-07|1.00000000e-04|PASS
[run ] n8_b256          | Len:      8 | Batch:   256 | Thr: 1 | Fwd:    0.0023 ms    13.20 GF/s (iters:21487) | Bwd:    0.0023 ms    13.19 GF/s (iters:21491) | Slots:   4096 | Mem:   128.03 MB | Work:    0.02 MB
RESULT|gpu_cache_noreuse|throughput|n8_b256|8|1|1|256|1|0.002328|13.197904|0.002328|13.194376|128.03|4096|0.02
CHECK|gpu_cache_noreuse|throughput|n8_b1024|8|1|1|1024|1|4.41714908e-08|1.78813934e-07|1.00000000e-04|PASS
[run ] n8_b1024         | Len:      8 | Batch:  1024 | Thr: 1 | Fwd:    0.0024 ms    50.16 GF/s (iters:20415) | Bwd:    0.0024 ms    50.23 GF/s (iters:20441) | Slots:   1024 | Mem:   128.12 MB | Work:    0.06 MB
RESULT|gpu_cache_noreuse|throughput|n8_b1024|8|1|1|1024|1|0.002450|50.155695|0.002446|50.234901|128.12|1024|0.06
CHECK|gpu_cache_noreuse|throughput|n16_b1|16|1|1|1|1|4.67280632e-08|6.66400187e-08|1.00000000e-04|PASS
[run ] n16_b1           | Len:     16 | Batch:     1 | Thr: 1 | Fwd:    0.0022 ms     0.15 GF/s (iters:23093) | Bwd:    0.0020 ms     0.16 GF/s (iters:24827) | Slots: 262144 | Mem:    64.00 MB | Work:    0.00 MB
RESULT|gpu_cache_noreuse|throughput|n16_b1|16|1|1|1|1|0.002196|0.145716|0.002014|0.158875|64.00|262144|0.00
CHECK|gpu_cache_noreuse|throughput|n16_b10|16|1|1|10|1|5.71734228e-08|1.22878123e-07|1.00000000e-04|PASS
[run ] n16_b10          | Len:     16 | Batch:    10 | Thr: 1 | Fwd:    0.0023 ms     1.37 GF/s (iters:21486) | Bwd:    0.0023 ms     1.37 GF/s (iters:21489) | Slots:  52429 | Mem:   128.00 MB | Work:    0.00 MB
RESULT|gpu_cache_noreuse|throughput|n16_b10|16|1|1|10|1|0.002328|1.374742|0.002328|1.374736|128.00|52429|0.00
CHECK|gpu_cache_noreuse|throughput|n16_b16|16|1|1|16|1|6.05693303e-08|1.33280037e-07|1.00000000e-04|PASS
[run ] n16_b16          | Len:     16 | Batch:    16 | Thr: 1 | Fwd:    0.0023 ms     2.20 GF/s (iters:21659) | Bwd:    0.0023 ms     2.18 GF/s (iters:21396) | Slots:  32768 | Mem:   128.00 MB | Work:    0.00 MB
RESULT|gpu_cache_noreuse|throughput|n16_b16|16|1|1|16|1|0.002331|2.196035|0.002346|2.182285|128.00|32768|0.00
CHECK|gpu_cache_noreuse|throughput|n16_b150|16|1|1|150|1|5.42241366e-08|1.46759418e-07|1.00000000e-04|PASS
[run ] n16_b150         | Len:     16 | Batch:   150 | Thr: 1 | Fwd:    0.0023 ms    20.78 GF/s (iters:21657) | Bwd:    0.0023 ms    21.28 GF/s (iters:22194) | Slots:   3496 | Mem:   128.06 MB | Work:    0.02 MB
RESULT|gpu_cache_noreuse|throughput|n16_b150|16|1|1|150|1|0.002309|20.784455|0.002255|21.284063|128.06|3496|0.02
CHECK|gpu_cache_noreuse|throughput|n16_b256|16|1|1|256|1|5.35654400e-08|1.78813934e-07|1.00000000e-04|PASS
[run ] n16_b256         | Len:     16 | Batch:   256 | Thr: 1 | Fwd:    0.0023 ms    35.45 GF/s (iters:21822) | Bwd:    0.0023 ms    35.47 GF/s (iters:21702) | Slots:   2048 | Mem:   128.06 MB | Work:    0.03 MB
RESULT|gpu_cache_noreuse|throughput|n16_b256|16|1|1|256|1|0.002311|35.445644|0.002310|35.466581|128.06|2048|0.03
CHECK|gpu_cache_noreuse|throughput|n16_b1024|16|1|1|1024|1|5.41486150e-08|1.78813934e-07|1.00000000e-04|PASS
[run ] n16_b1024        | Len:     16 | Batch:  1024 | Thr: 1 | Fwd:    0.0025 ms   133.32 GF/s (iters:20439) | Bwd:    0.0025 ms   130.96 GF/s (iters:19991) | Slots:    512 | Mem:   128.25 MB | Work:    0.12 MB
RESULT|gpu_cache_noreuse|throughput|n16_b1024|16|1|1|1024|1|0.002458|133.318657|0.002502|130.962640|128.25|512|0.12
CHECK|gpu_cache_noreuse|throughput|n32_b1|32|1|1|1|1|1.13990442e-07|2.45756246e-07|1.00000000e-04|PASS
[run ] n32_b1           | Len:     32 | Batch:     1 | Thr: 1 | Fwd:    0.0025 ms     0.32 GF/s (iters:19978) | Bwd:    0.0025 ms     0.32 GF/s (iters:19982) | Slots: 262144 | Mem:   128.00 MB | Work:    0.00 MB
RESULT|gpu_cache_noreuse|throughput|n32_b1|32|1|1|1|1|0.002503|0.319571|0.002503|0.319659|128.00|262144|0.00
CHECK|gpu_cache_noreuse|throughput|n32_b10|32|1|1|10|1|1.04318731e-07|2.14907603e-07|1.00000000e-04|PASS
[run ] n32_b10          | Len:     32 | Batch:    10 | Thr: 1 | Fwd:    0.0027 ms     3.00 GF/s (iters:18772) | Bwd:    0.0026 ms     3.05 GF/s (iters:19035) | Slots:  26215 | Mem:   128.01 MB | Work:    0.00 MB
RESULT|gpu_cache_noreuse|throughput|n32_b10|32|1|1|10|1|0.002665|3.001332|0.002627|3.045238|128.01|26215|0.00
CHECK|gpu_cache_noreuse|throughput|n32_b16|32|1|1|16|1|1.03271200e-07|2.40274005e-07|1.00000000e-04|PASS
[run ] n32_b16          | Len:     32 | Batch:    16 | Thr: 1 | Fwd:    0.0027 ms     4.71 GF/s (iters:18657) | Bwd:    0.0027 ms     4.71 GF/s (iters:18420) | Slots:  16384 | Mem:   128.01 MB | Work:    0.00 MB
RESULT|gpu_cache_noreuse|throughput|n32_b16|32|1|1|16|1|0.002715|4.714322|0.002717|4.711759|128.01|16384|0.00
CHECK|gpu_cache_noreuse|throughput|n32_b150|32|1|1|150|1|1.03383346e-07|2.99509633e-07|1.00000000e-04|PASS
[run ] n32_b150         | Len:     32 | Batch:   150 | Thr: 1 | Fwd:    0.0030 ms    40.41 GF/s (iters:16844) | Bwd:    0.0028 ms    42.13 GF/s (iters:17569) | Slots:   1748 | Mem:   128.10 MB | Work:    0.04 MB
RESULT|gpu_cache_noreuse|throughput|n32_b150|32|1|1|150|1|0.002969|40.412539|0.002848|42.130333|128.10|1748|0.04
CHECK|gpu_cache_noreuse|throughput|n32_b256|32|1|1|256|1|1.05362193e-07|2.81154547e-07|1.00000000e-04|PASS
[run ] n32_b256         | Len:     32 | Batch:   256 | Thr: 1 | Fwd:    0.0029 ms    70.98 GF/s (iters:17427) | Bwd:    0.0029 ms    70.96 GF/s (iters:17756) | Slots:   1024 | Mem:   128.12 MB | Work:    0.06 MB
RESULT|gpu_cache_noreuse|throughput|n32_b256|32|1|1|256|1|0.002885|70.981542|0.002886|70.964390|128.12|1024|0.06
CHECK|gpu_cache_noreuse|throughput|n32_b1024|32|1|1|1024|1|1.04437506e-07|3.16803033e-07|1.00000000e-04|PASS
[run ] n32_b1024        | Len:     32 | Batch:  1024 | Thr: 1 | Fwd:    0.0032 ms   259.65 GF/s (iters:16109) | Bwd:    0.0032 ms   254.97 GF/s (iters:15576) | Slots:    256 | Mem:   128.50 MB | Work:    0.25 MB
RESULT|gpu_cache_noreuse|throughput|n32_b1024|32|1|1|1024|1|0.003155|259.651135|0.003213|254.973300|128.50|256|0.25
CHECK|gpu_cache_noreuse|throughput|n64_b1|64|1|1|1|1|8.32402053e-08|1.33280037e-07|1.00000000e-04|PASS
[run ] n64_b1           | Len:     64 | Batch:     1 | Thr: 1 | Fwd:    0.0025 ms     0.77 GF/s (iters:20164) | Bwd:    0.0025 ms     0.77 GF/s (iters:20346) | Slots: 131072 | Mem:   128.00 MB | Work:    0.00 MB
RESULT|gpu_cache_noreuse|throughput|n64_b1|64|1|1|1|1|0.002480|0.774141|0.002479|0.774389|128.00|131072|0.00
CHECK|gpu_cache_noreuse|throughput|n64_b10|64|1|1|10|1|9.06661232e-08|2.02677705e-07|1.00000000e-04|PASS
[run ] n64_b10          | Len:     64 | Batch:    10 | Thr: 1 | Fwd:    0.0025 ms     7.68 GF/s (iters:20008) | Bwd:    0.0025 ms     7.67 GF/s (iters:19976) | Slots:  13108 | Mem:   128.02 MB | Work:    0.00 MB
RESULT|gpu_cache_noreuse|throughput|n64_b10|64|1|1|10|1|0.002500|7.680418|0.002504|7.667369|128.02|13108|0.00
CHECK|gpu_cache_noreuse|throughput|n64_b16|64|1|1|16|1|8.86071071e-08|2.14907603e-07|1.00000000e-04|PASS
[run ] n64_b16          | Len:     64 | Batch:    16 | Thr: 1 | Fwd:    0.0025 ms    12.20 GF/s (iters:19900) | Bwd:    0.0025 ms    12.21 GF/s (iters:19874) | Slots:   8192 | Mem:   128.02 MB | Work:    0.01 MB
RESULT|gpu_cache_noreuse|throughput|n64_b16|64|1|1|16|1|0.002519|12.196866|0.002516|12.209117|128.02|8192|0.01
CHECK|gpu_cache_noreuse|throughput|n64_b150|64|1|1|150|1|8.79977224e-08|2.45756246e-07|1.00000000e-04|PASS
[run ] n64_b150         | Len:     64 | Batch:   150 | Thr: 1 | Fwd:    0.0026 ms   108.74 GF/s (iters:18897) | Bwd:    0.0025 ms   113.09 GF/s (iters:19642) | Slots:    874 | Mem:   128.17 MB | Work:    0.07 MB
RESULT|gpu_cache_noreuse|throughput|n64_b150|64|1|1|150|1|0.002648|108.744208|0.002547|113.089568|128.17|874|0.07
CHECK|gpu_cache_noreuse|throughput|n64_b256|64|1|1|256|1|8.78431456e-08|2.54631154e-07|1.00000000e-04|PASS
[run ] n64_b256         | Len:     64 | Batch:   256 | Thr: 1 | Fwd:    0.0027 ms   182.02 GF/s (iters:19149) | Bwd:    0.0028 ms   178.67 GF/s (iters:18318) | Slots:    512 | Mem:   128.25 MB | Work:    0.12 MB
RESULT|gpu_cache_noreuse|throughput|n64_b256|64|1|1|256|1|0.002700|182.018065|0.002751|178.668843|128.25|512|0.12
CHECK|gpu_cache_noreuse|throughput|n64_b1024|64|1|1|1024|1|8.76194257e-08|2.66560075e-07|1.00000000e-04|PASS
[run ] n64_b1024        | Len:     64 | Batch:  1024 | Thr: 1 | Fwd:    0.0037 ms   531.70 GF/s (iters:14134) | Bwd:    0.0037 ms   531.77 GF/s (iters:14154) | Slots:    128 | Mem:   129.00 MB | Work:    0.50 MB
RESULT|gpu_cache_noreuse|throughput|n64_b1024|64|1|1|1024|1|0.003698|531.696947|0.003697|531.772055|129.00|128|0.50
CHECK|gpu_cache_noreuse|throughput|n128_b1|128|1|1|1|1|1.12463852e-07|1.99920056e-07|1.00000000e-04|PASS
[run ] n128_b1          | Len:    128 | Batch:     1 | Thr: 1 | Fwd:    0.0027 ms     1.67 GF/s (iters:18605) | Bwd:    0.0027 ms     1.67 GF/s (iters:18616) | Slots:  65536 | Mem:   128.00 MB | Work:    0.00 MB
RESULT|gpu_cache_noreuse|throughput|n128_b1|128|1|1|1|1|0.002690|1.665444|0.002686|1.667668|128.00|65536|0.00
CHECK|gpu_cache_noreuse|throughput|n128_b10|128|1|1|10|1|1.15441074e-07|2.81154547e-07|1.00000000e-04|PASS
[run ] n128_b10         | Len:    128 | Batch:    10 | Thr: 1 | Fwd:    0.0026 ms    17.15 GF/s (iters:19146) | Bwd:    0.0026 ms    17.01 GF/s (iters:19127) | Slots:   6554 | Mem:   128.03 MB | Work:    0.01 MB
RESULT|gpu_cache_noreuse|throughput|n128_b10|128|1|1|10|1|0.002612|17.153103|0.002634|17.009294|128.03|6554|0.01
CHECK|gpu_cache_noreuse|throughput|n128_b16|128|1|1|16|1|1.15037191e-07|2.98023224e-07|1.00000000e-04|PASS
[run ] n128_b16         | Len:    128 | Batch:    16 | Thr: 1 | Fwd:    0.0027 ms    26.77 GF/s (iters:18686) | Bwd:    0.0027 ms    26.29 GF/s (iters:18426) | Slots:   4096 | Mem:   128.03 MB | Work:    0.02 MB
RESULT|gpu_cache_noreuse|throughput|n128_b16|128|1|1|16|1|0.002677|26.774610|0.002727|26.287985|128.03|4096|0.02
CHECK|gpu_cache_noreuse|throughput|n128_b150|128|1|1|150|1|1.14409260e-07|3.33200094e-07|1.00000000e-04|PASS
[run ] n128_b150        | Len:    128 | Batch:   150 | Thr: 1 | Fwd:    0.0031 ms   218.82 GF/s (iters:16552) | Bwd:    0.0031 ms   217.48 GF/s (iters:16552) | Slots:    437 | Mem:   128.32 MB | Work:    0.15 MB
RESULT|gpu_cache_noreuse|throughput|n128_b150|128|1|1|150|1|0.003071|218.816107|0.003090|217.479883|128.32|437|0.15
CHECK|gpu_cache_noreuse|throughput|n128_b256|128|1|1|256|1|1.14612622e-07|3.33200094e-07|1.00000000e-04|PASS
[run ] n128_b256        | Len:    128 | Batch:   256 | Thr: 1 | Fwd:    0.0034 ms   333.88 GF/s (iters:15032) | Bwd:    0.0034 ms   333.13 GF/s (iters:14797) | Slots:    256 | Mem:   128.50 MB | Work:    0.25 MB
RESULT|gpu_cache_noreuse|throughput|n128_b256|128|1|1|256|1|0.003435|333.878827|0.003443|333.125075|128.50|256|0.25
CHECK|gpu_cache_noreuse|throughput|n128_b1024|128|1|1|1024|1|1.14580896e-07|3.47551816e-07|1.00000000e-04|PASS
[run ] n128_b1024       | Len:    128 | Batch:  1024 | Thr: 1 | Fwd:    0.0052 ms   879.20 GF/s (iters:9586) | Bwd:    0.0052 ms   887.38 GF/s (iters:9678) | Slots:     64 | Mem:   130.00 MB | Work:    1.00 MB
RESULT|gpu_cache_noreuse|throughput|n128_b1024|128|1|1|1024|1|0.005218|879.197497|0.005170|887.381115|130.00|64|1.00
CHECK|gpu_cache_noreuse|throughput|n256_b1|256|1|1|1|1|1.33346435e-07|3.62560900e-07|1.00000000e-04|PASS
[run ] n256_b1          | Len:    256 | Batch:     1 | Thr: 1 | Fwd:    0.0027 ms     3.85 GF/s (iters:18792) | Bwd:    0.0027 ms     3.86 GF/s (iters:18833) | Slots:  32768 | Mem:   128.00 MB | Work:    0.00 MB
RESULT|gpu_cache_noreuse|throughput|n256_b1|256|1|1|1|1|0.002661|3.848296|0.002656|3.855824|128.00|32768|0.00
CHECK|gpu_cache_noreuse|throughput|n256_b10|256|1|1|10|1|1.40478785e-07|4.21468485e-07|1.00000000e-04|PASS
[run ] n256_b10         | Len:    256 | Batch:    10 | Thr: 1 | Fwd:    0.0027 ms    37.83 GF/s (iters:18476) | Bwd:    0.0026 ms    39.43 GF/s (iters:19259) | Slots:   3277 | Mem:   128.05 MB | Work:    0.02 MB
RESULT|gpu_cache_noreuse|throughput|n256_b10|256|1|1|10|1|0.002707|37.826551|0.002597|39.427190|128.05|3277|0.02
CHECK|gpu_cache_noreuse|throughput|n256_b16|256|1|1|16|1|1.40142422e-07|4.21468485e-07|1.00000000e-04|PASS
[run ] n256_b16         | Len:    256 | Batch:    16 | Thr: 1 | Fwd:    0.0027 ms    61.77 GF/s (iters:18935) | Bwd:    0.0026 ms    63.23 GF/s (iters:19299) | Slots:   2048 | Mem:   128.06 MB | Work:    0.03 MB
RESULT|gpu_cache_noreuse|throughput|n256_b16|256|1|1|16|1|0.002652|61.770979|0.002591|63.233135|128.06|2048|0.03
CHECK|gpu_cache_noreuse|throughput|n256_b150|256|1|1|150|1|1.38143570e-07|4.53935451e-07|1.00000000e-04|PASS
[run ] n256_b150        | Len:    256 | Batch:   150 | Thr: 1 | Fwd:    0.0033 ms   463.88 GF/s (iters:15417) | Bwd:    0.0034 ms   457.30 GF/s (iters:15282) | Slots:    219 | Mem:   128.91 MB | Work:    0.29 MB
RESULT|gpu_cache_noreuse|throughput|n256_b150|256|1|1|150|1|0.003311|463.876104|0.003359|457.298465|128.91|219|0.29
CHECK|gpu_cache_noreuse|throughput|n256_b256|256|1|1|256|1|1.38531497e-07|4.55887870e-07|1.00000000e-04|PASS
[run ] n256_b256        | Len:    256 | Batch:   256 | Thr: 1 | Fwd:    0.0038 ms   681.30 GF/s (iters:13804) | Bwd:    0.0038 ms   681.07 GF/s (iters:13564) | Slots:    128 | Mem:   129.00 MB | Work:    0.50 MB
RESULT|gpu_cache_noreuse|throughput|n256_b256|256|1|1|256|1|0.003848|681.299924|0.003849|681.074536|129.00|128|0.50
CHECK|gpu_cache_noreuse|throughput|n256_b1024|256|1|1|1024|1|1.39151790e-07|4.99577958e-07|1.00000000e-04|PASS
[run ] n256_b1024       | Len:    256 | Batch:  1024 | Thr: 1 | Fwd:    0.0077 ms  1354.40 GF/s (iters:6465) | Bwd:    0.0077 ms  1353.74 GF/s (iters:6458) | Slots:     32 | Mem:   132.00 MB | Work:    2.00 MB
RESULT|gpu_cache_noreuse|throughput|n256_b1024|256|1|1|1024|1|0.007742|1354.397558|0.007746|1353.741208|132.00|32|2.00
CHECK|gpu_cache_noreuse|throughput|n512_b1|512|1|1|1|1|2.87155450e-07|6.75829677e-07|1.00000000e-04|PASS
[run ] n512_b1          | Len:    512 | Batch:     1 | Thr: 1 | Fwd:    0.0031 ms     7.35 GF/s (iters:16286) | Bwd:    0.0031 ms     7.35 GF/s (iters:16010) | Slots:  16384 | Mem:   128.01 MB | Work:    0.00 MB
RESULT|gpu_cache_noreuse|throughput|n512_b1|512|1|1|1|1|0.003136|7.346948|0.003135|7.348681|128.01|16384|0.00
CHECK|gpu_cache_noreuse|throughput|n512_b10|512|1|1|10|1|2.76071776e-07|8.26443709e-07|1.00000000e-04|PASS
[run ] n512_b10         | Len:    512 | Batch:    10 | Thr: 1 | Fwd:    0.0032 ms    72.97 GF/s (iters:15837) | Bwd:    0.0030 ms    75.82 GF/s (iters:16464) | Slots:   1639 | Mem:   128.12 MB | Work:    0.04 MB
RESULT|gpu_cache_noreuse|throughput|n512_b10|512|1|1|10|1|0.003157|72.971106|0.003039|75.822824|128.12|1639|0.04
CHECK|gpu_cache_noreuse|throughput|n512_b16|512|1|1|16|1|2.75528911e-07|7.61564513e-07|1.00000000e-04|PASS
[run ] n512_b16         | Len:    512 | Batch:    16 | Thr: 1 | Fwd:    0.0031 ms   118.89 GF/s (iters:16279) | Bwd:    0.0031 ms   120.49 GF/s (iters:16352) | Slots:   1024 | Mem:   128.12 MB | Work:    0.06 MB
RESULT|gpu_cache_noreuse|throughput|n512_b16|512|1|1|16|1|0.003101|118.887495|0.003059|120.493708|128.12|1024|0.06
CHECK|gpu_cache_noreuse|throughput|n512_b150|512|1|1|150|1|2.73369506e-07|8.86086747e-07|1.00000000e-04|PASS
[run ] n512_b150        | Len:    512 | Batch:   150 | Thr: 1 | Fwd:    0.0044 ms   784.19 GF/s (iters:11365) | Bwd:    0.0042 ms   815.46 GF/s (iters:11798) | Slots:    110 | Mem:   130.08 MB | Work:    0.59 MB
RESULT|gpu_cache_noreuse|throughput|n512_b150|512|1|1|150|1|0.004407|784.188173|0.004238|815.463139|130.08|110|0.59
CHECK|gpu_cache_noreuse|throughput|n512_b256|512|1|1|256|1|2.72865748e-07|8.66320244e-07|1.00000000e-04|PASS
[run ] n512_b256        | Len:    512 | Batch:   256 | Thr: 1 | Fwd:    0.0049 ms  1207.29 GF/s (iters:10236) | Bwd:    0.0050 ms  1187.56 GF/s (iters:10173) | Slots:     64 | Mem:   130.00 MB | Work:    1.00 MB
RESULT|gpu_cache_noreuse|throughput|n512_b256|512|1|1|256|1|0.004886|1207.292974|0.004967|1187.557886|130.00|64|1.00
CHECK|gpu_cache_noreuse|throughput|n512_b1024|512|1|1|1024|1|2.73560518e-07|9.09825416e-07|1.00000000e-04|PASS
[run ] n512_b1024       | Len:    512 | Batch:  1024 | Thr: 1 | Fwd:    0.0144 ms  1642.45 GF/s (iters:3481) | Bwd:    0.0144 ms  1634.44 GF/s (iters:3480) | Slots:     16 | Mem:   136.00 MB | Work:    4.00 MB
RESULT|gpu_cache_noreuse|throughput|n512_b1024|512|1|1|1024|1|0.014365|1642.445137|0.014435|1634.442236|136.00|16|4.00
CHECK|gpu_cache_noreuse|throughput|n1024_b1|1024|1|1|1|1|2.26410131e-07|7.27567411e-07|1.00000000e-04|PASS
[run ] n1024_b1         | Len:   1024 | Batch:     1 | Thr: 1 | Fwd:    0.0033 ms    15.30 GF/s (iters:15099) | Bwd:    0.0034 ms    15.17 GF/s (iters:14821) | Slots:   8192 | Mem:   128.02 MB | Work:    0.01 MB
RESULT|gpu_cache_noreuse|throughput|n1024_b1|1024|1|1|1|1|0.003346|15.300973|0.003374|15.173946|128.02|8192|0.01
CHECK|gpu_cache_noreuse|throughput|n1024_b10|1024|1|1|10|1|2.21094462e-07|6.79597512e-07|1.00000000e-04|PASS
[run ] n1024_b10        | Len:   1024 | Batch:    10 | Thr: 1 | Fwd:    0.0040 ms   129.16 GF/s (iters:12627) | Bwd:    0.0040 ms   129.43 GF/s (iters:12683) | Slots:    820 | Mem:   128.28 MB | Work:    0.08 MB
RESULT|gpu_cache_noreuse|throughput|n1024_b10|1024|1|1|10|1|0.003964|129.155334|0.003956|129.426292|128.28|820|0.08
CHECK|gpu_cache_noreuse|throughput|n1024_b16|1024|1|1|16|1|2.17711025e-07|6.57848717e-07|1.00000000e-04|PASS
[run ] n1024_b16        | Len:   1024 | Batch:    16 | Thr: 1 | Fwd:    0.0040 ms   204.01 GF/s (iters:12464) | Bwd:    0.0040 ms   204.02 GF/s (iters:12461) | Slots:    512 | Mem:   128.25 MB | Work:    0.12 MB
RESULT|gpu_cache_noreuse|throughput|n1024_b16|1024|1|1|16|1|0.004015|204.010154|0.004015|204.023656|128.25|512|0.12
CHECK|gpu_cache_noreuse|throughput|n1024_b150|1024|1|1|150|1|2.19768866e-07|7.74860382e-07|1.00000000e-04|PASS
[run ] n1024_b150       | Len:   1024 | Batch:   150 | Thr: 1 | Fwd:    0.0066 ms  1157.45 GF/s (iters:7537) | Bwd:    0.0065 ms  1188.64 GF/s (iters:7739) | Slots:     55 | Mem:   131.25 MB | Work:    1.17 MB
RESULT|gpu_cache_noreuse|throughput|n1024_b150|1024|1|1|150|1|0.006635|1157.449100|0.006461|1188.640390|131.25|55|1.17
CHECK|gpu_cache_noreuse|throughput|n1024_b256|1024|1|1|256|1|2.19952787e-07|8.21627111e-07|1.00000000e-04|PASS
[run ] n1024_b256       | Len:   1024 | Batch:   256 | Thr: 1 | Fwd:    0.0083 ms  1573.90 GF/s (iters:6076) | Bwd:    0.0084 ms  1567.11 GF/s (iters:5991) | Slots:     32 | Mem:   132.00 MB | Work:    2.00 MB
RESULT|gpu_cache_noreuse|throughput|n1024_b256|1024|1|1|256|1|0.008328|1573.902088|0.008364|1567.106668|132.00|32|2.00
CHECK|gpu_cache_noreuse|throughput|n1024_b1024|1024|1|1|1024|1|2.21083304e-07|8.80052034e-07|1.00000000e-04|PASS
[run ] n1024_b1024      | Len:   1024 | Batch:  1024 | Thr: 1 | Fwd:    0.0258 ms  2034.75 GF/s (iters:1941) | Bwd:    0.0258 ms  2035.96 GF/s (iters:1942) | Slots:      8 | Mem:   144.00 MB | Work:    8.00 MB
RESULT|gpu_cache_noreuse|throughput|n1024_b1024|1024|1|1|1024|1|0.025767|2034.753390|0.025751|2035.964592|144.00|8|8.00
CHECK|gpu_cache_noreuse|throughput|n2048_b1|2048|1|1|1|1|2.00081709e-07|5.62309094e-07|1.00000000e-04|PASS
[run ] n2048_b1         | Len:   2048 | Batch:     1 | Thr: 1 | Fwd:    0.0043 ms    26.09 GF/s (iters:11583) | Bwd:    0.0039 ms    28.84 GF/s (iters:12806) | Slots:   4096 | Mem:   128.03 MB | Work:    0.02 MB
RESULT|gpu_cache_noreuse|throughput|n2048_b1|2048|1|1|1|1|0.004317|26.091043|0.003906|28.841160|128.03|4096|0.02
CHECK|gpu_cache_noreuse|throughput|n2048_b10|2048|1|1|10|1|1.93957890e-07|5.93853807e-07|1.00000000e-04|PASS
[run ] n2048_b10        | Len:   2048 | Batch:    10 | Thr: 1 | Fwd:    0.0049 ms   229.30 GF/s (iters:10390) | Bwd:    0.0049 ms   227.94 GF/s (iters:10120) | Slots:    410 | Mem:   128.44 MB | Work:    0.16 MB
RESULT|gpu_cache_noreuse|throughput|n2048_b10|2048|1|1|10|1|0.004912|229.296411|0.004942|227.941344|128.44|410|0.16
CHECK|gpu_cache_noreuse|throughput|n2048_b16|2048|1|1|16|1|1.94348208e-07|6.14390615e-07|1.00000000e-04|PASS
[run ] n2048_b16        | Len:   2048 | Batch:    16 | Thr: 1 | Fwd:    0.0049 ms   367.27 GF/s (iters:10280) | Bwd:    0.0049 ms   368.48 GF/s (iters:10280) | Slots:    256 | Mem:   128.50 MB | Work:    0.25 MB
RESULT|gpu_cache_noreuse|throughput|n2048_b16|2048|1|1|16|1|0.004907|367.270244|0.004891|368.481303|128.50|256|0.25
CHECK|gpu_cache_noreuse|throughput|n2048_b150|2048|1|1|150|1|1.94500857e-07|7.20205663e-07|1.00000000e-04|PASS
[run ] n2048_b150       | Len:   2048 | Batch:   150 | Thr: 1 | Fwd:    0.0117 ms  1442.71 GF/s (iters:4464) | Bwd:    0.0119 ms  1425.32 GF/s (iters:4218) | Slots:     28 | Mem:   135.94 MB | Work:    2.34 MB
RESULT|gpu_cache_noreuse|throughput|n2048_b150|2048|1|1|150|1|0.011711|1442.714750|0.011854|1425.322854|135.94|28|2.34
CHECK|gpu_cache_noreuse|throughput|n2048_b256|2048|1|1|256|1|1.94579555e-07|8.52367261e-07|1.00000000e-04|PASS
[run ] n2048_b256       | Len:   2048 | Batch:   256 | Thr: 1 | Fwd:    0.0162 ms  1778.02 GF/s (iters:3085) | Bwd:    0.0163 ms  1764.61 GF/s (iters:3061) | Slots:     16 | Mem:   136.00 MB | Work:    4.00 MB
RESULT|gpu_cache_noreuse|throughput|n2048_b256|2048|1|1|256|1|0.016218|1778.018557|0.016341|1764.611878|136.00|16|4.00
CHECK|gpu_cache_noreuse|throughput|n2048_b1024|2048|1|1|1024|1|1.94242168e-07|8.03039877e-07|1.00000000e-04|PASS
[run ] n2048_b1024      | Len:   2048 | Batch:  1024 | Thr: 1 | Fwd:    0.0508 ms  2270.79 GF/s (iters:985) | Bwd:    0.0508 ms  2271.52 GF/s (iters:986) | Slots:      4 | Mem:   160.00 MB | Work:   16.00 MB
RESULT|gpu_cache_noreuse|throughput|n2048_b1024|2048|1|1|1024|1|0.050794|2270.789163|0.050778|2271.518152|160.00|4|16.00
CHECK|gpu_cache_noreuse|throughput|n4096_b1|4096|1|1|1|1|2.05589312e-07|6.50892546e-07|1.00000000e-04|PASS
[run ] n4096_b1         | Len:   4096 | Batch:     1 | Thr: 1 | Fwd:    0.0049 ms    49.69 GF/s (iters:10114) | Bwd:    0.0050 ms    49.62 GF/s (iters:10111) | Slots:   2048 | Mem:   128.06 MB | Work:    0.03 MB
RESULT|gpu_cache_noreuse|throughput|n4096_b1|4096|1|1|1|1|0.004946|49.688196|0.004953|49.621243|128.06|2048|0.03
CHECK|gpu_cache_noreuse|throughput|n4096_b10|4096|1|1|10|1|2.01729784e-07|6.33606065e-07|1.00000000e-04|PASS
[run ] n4096_b10        | Len:   4096 | Batch:    10 | Thr: 1 | Fwd:    0.0052 ms   471.28 GF/s (iters:9669) | Bwd:    0.0052 ms   469.61 GF/s (iters:9766) | Slots:    205 | Mem:   128.75 MB | Work:    0.31 MB
RESULT|gpu_cache_noreuse|throughput|n4096_b10|4096|1|1|10|1|0.005215|471.278376|0.005233|469.613290|128.75|205|0.31
CHECK|gpu_cache_noreuse|throughput|n4096_b16|4096|1|1|16|1|2.01618231e-07|7.37268739e-07|1.00000000e-04|PASS
[run ] n4096_b16        | Len:   4096 | Batch:    16 | Thr: 1 | Fwd:    0.0055 ms   711.36 GF/s (iters:9301) | Bwd:    0.0057 ms   692.07 GF/s (iters:9151) | Slots:    128 | Mem:   129.00 MB | Work:    0.50 MB
RESULT|gpu_cache_noreuse|throughput|n4096_b16|4096|1|1|16|1|0.005528|711.357572|0.005682|692.069733|129.00|128|0.50
CHECK|gpu_cache_noreuse|throughput|n4096_b150|4096|1|1|150|1|2.02003965e-07|7.69252151e-07|1.00000000e-04|PASS
[run ] n4096_b150       | Len:   4096 | Batch:   150 | Thr: 1 | Fwd:    0.0171 ms  2151.32 GF/s (iters:2924) | Bwd:    0.0172 ms  2145.24 GF/s (iters:2918) | Slots:     14 | Mem:   140.62 MB | Work:    4.69 MB
RESULT|gpu_cache_noreuse|throughput|n4096_b150|4096|1|1|150|1|0.017136|2151.318187|0.017184|2145.237773|140.62|14|4.69
CHECK|gpu_cache_noreuse|throughput|n4096_b256|4096|1|1|256|1|2.02113601e-07|7.41023824e-07|1.00000000e-04|PASS
[run ] n4096_b256       | Len:   4096 | Batch:   256 | Thr: 1 | Fwd:    0.0256 ms  2453.46 GF/s (iters:1950) | Bwd:    0.0255 ms  2463.02 GF/s (iters:1958) | Slots:      8 | Mem:   144.00 MB | Work:    8.00 MB
RESULT|gpu_cache_noreuse|throughput|n4096_b256|4096|1|1|256|1|0.025643|2453.457445|0.025544|2463.016905|144.00|8|8.00
CHECK|gpu_cache_noreuse|throughput|n4096_b1024|4096|1|1|1024|1|2.02711366e-07|7.99680225e-07|1.00000000e-04|PASS
[run ] n4096_b1024      | Len:   4096 | Batch:  1024 | Thr: 1 | Fwd:    0.0995 ms  2529.31 GF/s (iters:504) | Bwd:    0.0995 ms  2529.21 GF/s (iters:504) | Slots:      2 | Mem:   192.00 MB | Work:   32.00 MB
RESULT|gpu_cache_noreuse|throughput|n4096_b1024|4096|1|1|1024|1|0.099497|2529.314029|0.099501|2529.210710|192.00|2|32.00
CHECK|gpu_cache_noreuse|throughput|n8192_b1|8192|1|1|1|1|3.09557456e-07|9.12262670e-07|1.00000000e-04|PASS
[run ] n8192_b1         | Len:   8192 | Batch:     1 | Thr: 1 | Fwd:    0.0083 ms    64.38 GF/s (iters:6046) | Bwd:    0.0079 ms    67.77 GF/s (iters:6364) | Slots:   1024 | Mem:   128.12 MB | Work:    0.06 MB
RESULT|gpu_cache_noreuse|throughput|n8192_b1|8192|1|1|1|1|0.008271|64.382373|0.007857|67.768677|128.12|1024|0.06
CHECK|gpu_cache_noreuse|throughput|n8192_b10|8192|1|1|10|1|3.14880080e-07|1.05388193e-06|1.00000000e-04|PASS
[run ] n8192_b10        | Len:   8192 | Batch:    10 | Thr: 1 | Fwd:    0.0085 ms   630.09 GF/s (iters:5919) | Bwd:    0.0085 ms   627.81 GF/s (iters:5896) | Slots:    103 | Mem:   130.00 MB | Work:    0.62 MB
RESULT|gpu_cache_noreuse|throughput|n8192_b10|8192|1|1|10|1|0.008451|630.093358|0.008482|627.812044|130.00|103|0.62
CHECK|gpu_cache_noreuse|throughput|n8192_b16|8192|1|1|16|1|3.14202605e-07|1.03305464e-06|1.00000000e-04|PASS
[run ] n8192_b16        | Len:   8192 | Batch:    16 | Thr: 1 | Fwd:    0.0091 ms   939.90 GF/s (iters:5549) | Bwd:    0.0092 ms   924.58 GF/s (iters:5428) | Slots:     64 | Mem:   130.00 MB | Work:    1.00 MB
RESULT|gpu_cache_noreuse|throughput|n8192_b16|8192|1|1|16|1|0.009064|939.895737|0.009215|924.576916|130.00|64|1.00
CHECK|gpu_cache_noreuse|throughput|n8192_b150|8192|1|1|150|1|3.12093591e-07|1.19097478e-06|1.00000000e-04|PASS
[run ] n8192_b150       | Len:   8192 | Batch:   150 | Thr: 1 | Fwd:    0.0358 ms  2228.62 GF/s (iters:1396) | Bwd:    0.0359 ms  2225.70 GF/s (iters:1394) | Slots:      7 | Mem:   150.00 MB | Work:    9.38 MB
RESULT|gpu_cache_noreuse|throughput|n8192_b150|8192|1|1|150|1|0.035839|2228.617031|0.035886|2225.697557|150.00|7|9.38
CHECK|gpu_cache_noreuse|throughput|n8192_b256|8192|1|1|256|1|3.13801871e-07|1.16076124e-06|1.00000000e-04|PASS
[run ] n8192_b256       | Len:   8192 | Batch:   256 | Thr: 1 | Fwd:    0.0537 ms  2539.32 GF/s (iters:937) | Bwd:    0.0540 ms  2525.47 GF/s (iters:927) | Slots:      4 | Mem:   160.00 MB | Work:   16.00 MB
RESULT|gpu_cache_noreuse|throughput|n8192_b256|8192|1|1|256|1|0.053682|2539.317962|0.053976|2525.474020|160.00|4|16.00
CHECK|gpu_cache_noreuse|throughput|n8192_b1024|8192|1|1|1024|1|3.13726032e-07|1.37292995e-06|1.00000000e-04|PASS
[run ] n8192_b1024      | Len:   8192 | Batch:  1024 | Thr: 1 | Fwd:    0.2011 ms  2710.90 GF/s (iters:249) | Bwd:    0.2009 ms  2714.68 GF/s (iters:249) | Slots:      2 | Mem:   384.00 MB | Work:   64.00 MB
RESULT|gpu_cache_noreuse|throughput|n8192_b1024|8192|1|1|1024|1|0.201136|2710.902230|0.200856|2714.678282|384.00|2|64.00
CHECK|gpu_cache_noreuse|throughput|n16384_b1|16384|1|1|1|1|2.11460041e-07|7.91867391e-07|1.00000000e-04|PASS
[run ] n16384_b1        | Len:  16384 | Batch:     1 | Thr: 1 | Fwd:    0.0104 ms   110.16 GF/s (iters:4803) | Bwd:    0.0102 ms   112.46 GF/s (iters:4904) | Slots:    512 | Mem:   128.25 MB | Work:    0.12 MB
RESULT|gpu_cache_noreuse|throughput|n16384_b1|16384|1|1|1|1|0.010411|110.156039|0.010198|112.455764|128.25|512|0.12
CHECK|gpu_cache_noreuse|throughput|n16384_b10|16384|1|1|10|1|2.11957488e-07|7.95225147e-07|1.00000000e-04|PASS
[run ] n16384_b10       | Len:  16384 | Batch:    10 | Thr: 1 | Fwd:    0.0131 ms   877.76 GF/s (iters:3827) | Bwd:    0.0131 ms   874.54 GF/s (iters:3813) | Slots:     52 | Mem:   132.50 MB | Work:    1.25 MB
RESULT|gpu_cache_noreuse|throughput|n16384_b10|16384|1|1|10|1|0.013066|877.757328|0.013114|874.541297|132.50|52|1.25
CHECK|gpu_cache_noreuse|throughput|n16384_b16|16384|1|1|16|1|2.11953371e-07|8.94069672e-07|1.00000000e-04|PASS
[run ] n16384_b16       | Len:  16384 | Batch:    16 | Thr: 1 | Fwd:    0.0156 ms  1179.80 GF/s (iters:3216) | Bwd:    0.0156 ms  1175.16 GF/s (iters:3213) | Slots:     32 | Mem:   132.00 MB | Work:    2.00 MB
RESULT|gpu_cache_noreuse|throughput|n16384_b16|16384|1|1|16|1|0.015554|1179.800714|0.015615|1175.159929|132.00|32|2.00
CHECK|gpu_cache_noreuse|throughput|n16384_b150|16384|1|1|150|1|2.60702227e-07|1.04648172e-06|1.00000000e-04|PASS
[run ] n16384_b150      | Len:  16384 | Batch:   150 | Thr: 1 | Fwd:    0.0889 ms  1934.72 GF/s (iters:563) | Bwd:    0.0886 ms  1941.02 GF/s (iters:565) | Slots:      4 | Mem:   187.50 MB | Work:   18.75 MB
RESULT|gpu_cache_noreuse|throughput|n16384_b150|16384|1|1|150|1|0.088918|1934.716539|0.088629|1941.024858|187.50|4|18.75
CHECK|gpu_cache_noreuse|throughput|n16384_b256|16384|1|1|256|1|2.61160360e-07|1.07311641e-06|1.00000000e-04|PASS
[run ] n16384_b256      | Len:  16384 | Batch:   256 | Thr: 1 | Fwd:    0.1295 ms  2266.33 GF/s (iters:386) | Bwd:    0.1299 ms  2259.44 GF/s (iters:385) | Slots:      2 | Mem:   192.00 MB | Work:   32.00 MB
RESULT|gpu_cache_noreuse|throughput|n16384_b256|16384|1|1|256|1|0.129549|2266.329207|0.129944|2259.439925|192.00|2|32.00
CHECK|gpu_cache_noreuse|throughput|n16384_b1024|16384|1|1|1024|1|2.60579200e-07|1.24038182e-06|1.00000000e-04|PASS
[run ] n16384_b1024     | Len:  16384 | Batch:  1024 | Thr: 1 | Fwd:    0.4198 ms  2797.21 GF/s (iters:120) | Bwd:    0.4194 ms  2800.39 GF/s (iters:120) | Slots:      2 | Mem:   768.00 MB | Work:  128.00 MB
RESULT|gpu_cache_noreuse|throughput|n16384_b1024|16384|1|1|1024|1|0.419849|2797.211411|0.419372|2800.390007|768.00|2|128.00
CHECK|gpu_cache_noreuse|throughput|n32768_b1|32768|1|1|1|1|2.19463275e-07|6.95103633e-07|1.00000000e-04|PASS
[run ] n32768_b1        | Len:  32768 | Batch:     1 | Thr: 1 | Fwd:    0.0084 ms   293.60 GF/s (iters:5976) | Bwd:    0.0084 ms   293.04 GF/s (iters:5971) | Slots:    256 | Mem:   128.50 MB | Work:    0.25 MB
RESULT|gpu_cache_noreuse|throughput|n32768_b1|32768|1|1|1|1|0.008371|293.595737|0.008386|293.043222|128.50|256|0.25
CHECK|gpu_cache_noreuse|throughput|n32768_b10|32768|1|1|10|1|2.20889281e-07|7.99680225e-07|1.00000000e-04|PASS
[run ] n32768_b10       | Len:  32768 | Batch:    10 | Thr: 1 | Fwd:    0.0166 ms  1484.71 GF/s (iters:3022) | Bwd:    0.0163 ms  1512.36 GF/s (iters:3078) | Slots:     26 | Mem:   135.00 MB | Work:    2.50 MB
RESULT|gpu_cache_noreuse|throughput|n32768_b10|32768|1|1|10|1|0.016553|1484.713049|0.016250|1512.355565|135.00|26|2.50
CHECK|gpu_cache_noreuse|throughput|n32768_b16|32768|1|1|16|1|2.21113349e-07|8.28054189e-07|1.00000000e-04|PASS
[run ] n32768_b16       | Len:  32768 | Batch:    16 | Thr: 1 | Fwd:    0.0236 ms  1665.84 GF/s (iters:2122) | Bwd:    0.0237 ms  1662.61 GF/s (iters:2119) | Slots:     16 | Mem:   136.00 MB | Work:    4.00 MB
RESULT|gpu_cache_noreuse|throughput|n32768_b16|32768|1|1|16|1|0.023605|1665.844875|0.023651|1662.605951|136.00|16|4.00
CHECK|gpu_cache_noreuse|throughput|n32768_b150|32768|1|1|150|1|2.20462240e-07|1.04095037e-06|1.00000000e-04|PASS
[run ] n32768_b150      | Len:  32768 | Batch:   150 | Thr: 1 | Fwd:    0.2358 ms  1563.18 GF/s (iters:213) | Bwd:    0.2365 ms  1558.86 GF/s (iters:212) | Slots:      2 | Mem:   225.00 MB | Work:   37.50 MB
RESULT|gpu_cache_noreuse|throughput|n32768_b150|32768|1|1|150|1|0.235828|1563.175259|0.236481|1558.855427|225.00|2|37.50
CHECK|gpu_cache_noreuse|throughput|n32768_b256|32768|1|1|256|1|2.20052556e-07|9.33436141e-07|1.00000000e-04|PASS
[run ] n32768_b256      | Len:  32768 | Batch:   256 | Thr: 1 | Fwd:    0.3991 ms  1576.41 GF/s (iters:126) | Bwd:    0.3994 ms  1575.38 GF/s (iters:126) | Slots:      2 | Mem:   384.00 MB | Work:   64.00 MB
RESULT|gpu_cache_noreuse|throughput|n32768_b256|32768|1|1|256|1|0.399100|1576.411220|0.399360|1575.384652|384.00|2|64.00
CHECK|gpu_cache_noreuse|throughput|n32768_b1024|32768|1|1|1024|1|2.20132787e-07|9.92018996e-07|1.00000000e-04|PASS
[run ] n32768_b1024     | Len:  32768 | Batch:  1024 | Thr: 1 | Fwd:    1.5795 ms  1593.26 GF/s (iters:32) | Bwd:    1.5792 ms  1593.55 GF/s (iters:32) | Slots:      2 | Mem:  1536.00 MB | Work:  256.00 MB
RESULT|gpu_cache_noreuse|throughput|n32768_b1024|32768|1|1|1024|1|1.579520|1593.257712|1.579227|1593.553331|1536.00|2|256.00
CHECK|gpu_cache_noreuse|throughput|n65536_b1|65536|1|1|1|1|2.26633256e-07|6.88040041e-07|1.00000000e-04|PASS
[run ] n65536_b1        | Len:  65536 | Batch:     1 | Thr: 1 | Fwd:    0.0082 ms   640.53 GF/s (iters:6112) | Bwd:    0.0082 ms   639.86 GF/s (iters:6104) | Slots:    128 | Mem:   129.00 MB | Work:    0.50 MB
RESULT|gpu_cache_noreuse|throughput|n65536_b1|65536|1|1|1|1|0.008185|640.526462|0.008194|639.855864|129.00|128|0.50
CHECK|gpu_cache_noreuse|throughput|n65536_b10|65536|1|1|10|1|2.25875298e-07|7.74860382e-07|1.00000000e-04|PASS
[run ] n65536_b10       | Len:  65536 | Batch:    10 | Thr: 1 | Fwd:    0.0281 ms  1865.01 GF/s (iters:1784) | Bwd:    0.0281 ms  1865.35 GF/s (iters:1786) | Slots:     13 | Mem:   140.00 MB | Work:    5.00 MB
RESULT|gpu_cache_noreuse|throughput|n65536_b10|65536|1|1|10|1|0.028112|1865.013831|0.028107|1865.350240|140.00|13|5.00
CHECK|gpu_cache_noreuse|throughput|n65536_b16|65536|1|1|16|1|2.25235719e-07|8.86086747e-07|1.00000000e-04|PASS
[run ] n65536_b16       | Len:  65536 | Batch:    16 | Thr: 1 | Fwd:    0.0540 ms  1552.02 GF/s (iters:926) | Bwd:    0.0540 ms  1553.92 GF/s (iters:927) | Slots:      8 | Mem:   144.00 MB | Work:    8.00 MB
RESULT|gpu_cache_noreuse|throughput|n65536_b16|65536|1|1|16|1|0.054050|1552.016669|0.053984|1553.915254|144.00|8|8.00
CHECK|gpu_cache_noreuse|throughput|n65536_b150|65536|1|1|150|1|2.25971201e-07|8.96549759e-07|1.00000000e-04|PASS
[run ] n65536_b150      | Len:  65536 | Batch:   150 | Thr: 1 | Fwd:    0.4656 ms  1689.17 GF/s (iters:108) | Bwd:    0.4656 ms  1689.08 GF/s (iters:108) | Slots:      2 | Mem:   450.00 MB | Work:   75.00 MB
RESULT|gpu_cache_noreuse|throughput|n65536_b150|65536|1|1|150|1|0.465572|1689.174246|0.465598|1689.080700|450.00|2|75.00
CHECK|gpu_cache_noreuse|throughput|n65536_b256|65536|1|1|256|1|2.25613146e-07|8.30196636e-07|1.00000000e-04|PASS
[run ] n65536_b256      | Len:  65536 | Batch:   256 | Thr: 1 | Fwd:    0.7903 ms  1698.41 GF/s (iters:64) | Bwd:    0.7903 ms  1698.34 GF/s (iters:64) | Slots:      2 | Mem:   768.00 MB | Work:  128.00 MB
RESULT|gpu_cache_noreuse|throughput|n65536_b256|65536|1|1|256|1|0.790256|1698.408162|0.790288|1698.339502|768.00|2|128.00
CHECK|gpu_cache_noreuse|throughput|n65536_b1024|65536|1|1|1024|1|2.25714047e-07|9.09825416e-07|1.00000000e-04|PASS
[run ] n65536_b1024     | Len:  65536 | Batch:  1024 | Thr: 1 | Fwd:    3.1436 ms  1707.84 GF/s (iters:20) | Bwd:    3.1435 ms  1707.89 GF/s (iters:20) | Slots:      2 | Mem:  3072.00 MB | Work:  512.00 MB
RESULT|gpu_cache_noreuse|throughput|n65536_b1024|65536|1|1|1024|1|3.143566|1707.840258|3.143475|1707.889791|3072.00|2|512.00

Benchmark workload complete.

============================================================
RUN COMPLETE run01
============================================================
