[SETUP] Sourcing Intel oneAPI environment if available...

============================================================
  FFT BENCHMARK RUN (1D)
  Date       : Wed Feb 25 12:17:21 IST 2026
  Hostname   : amdtoolsserver.morphingmachines
  Log file   : /home/nikhil/workspace/xeon-fft-bench/src/1-d-fft/fft_logs/latest_run/more_batches/20260225_115529/runs/run05/fft_benchmark_20260225_121721.log
  Report file: /home/nikhil/workspace/xeon-fft-bench/src/1-d-fft/fft_logs/latest_run/more_batches/20260225_115529/runs/run05/fft_benchmark_20260225_121721.report.md
============================================================

[CHECK] MKL environment
        MKLROOT     = /home/nikhil/.local
        Include dir = /home/nikhil/.local/include
        Lib dir     = /home/nikhil/.local/lib
        Runtime lib = -l:libmkl_rt.so.2

[CHECK] Compiler: gcc (GCC) 8.5.0 20210514 (Red Hat 8.5.0-22)

[COMPILE] gcc -O3 -march=native -std=c99 fft_benchmark.c
          Binary: fft_benchmark

[CONFIG] timed runs=20, warmup=5, mem_cap_mb=3072
[CONFIG] run profiles=baseline_sse42_1t,avx512_phys,avx512_logical
[CONFIG] throughput lengths=32,64,128,256,512,1024,2048,4096,8192,16384,32768,65536,131072,262144,524288,1048576,2097152,4194304, batches=1,4,16,64
[CONFIG] thread scaling set=1,2,4,8,10,20, scale length=16384, scale batch=64
[CONFIG] batch scaling set=1,4,16,64,256, scale length=16384
[WARN] throughput lengths include values < 1024.
       For 1D multithread runs, tiny lengths are overhead-dominated and can look falsely slow.

============================================================
RUN PROFILE: baseline_sse42_1t
Description : MKL SSE4.2 baseline, single thread (CPU path, no AVX2/AVX512 kernels)
ISA         : SSE4_2
Threads     : 1
Workload    : throughput
============================================================
PROFILE|baseline_sse42_1t|MKL SSE4.2 baseline, single thread (CPU path, no AVX2/AVX512 kernels)|SSE4_2|1|throughput|32,64,128,256,512,1024,2048,4096,8192,16384,32768,65536,131072,262144,524288,1048576,2097152,4194304|1,4,16,64|1,2,4,8,10,20|16384|64|10

############################################################
# FFT BENCHMARK (Intel oneMKL DFTI, 1D, single precision)  #
############################################################
profile_id       : baseline_sse42_1t
profile_desc     : MKL SSE4.2 baseline, single thread (CPU path, no AVX2/AVX512 kernels)
workload         : throughput
threads(cli)     : 1
mkl max threads  : 1
timed runs       : 20
warmup runs      : 5
mem cap (MB)     : 3072.0
lengths: 32,64,128,256,512,1024,2048,4096,8192,16384,32768,65536,131072,262144,524288,1048576,2097152,4194304
batches: 1,4,16,64
thread_set: 1,2,4,8,10,20
batch_scale_set: 1,4,16,64
scale_length     : 16384
scale_batch      : 64
scale_threads    : 10


====================================================================
WORKLOAD: throughput (length x batch at fixed thread count)
====================================================================
threads=1
[run ] n32_b1           | Len:     32 | Batch:     1 | Thr: 1 | Fwd:    0.0000 ms    17.35 GF/s | Bwd:    0.0001 ms    14.97 GF/s | Mem:   0.00 MB
RESULT|baseline_sse42_1t|throughput|n32_b1|32|1|1|1|1|0.000046|17.349758|0.000053|14.966294|0.00
[run ] n32_b4           | Len:     32 | Batch:     4 | Thr: 1 | Fwd:    0.0001 ms    27.77 GF/s | Bwd:    0.0001 ms    26.03 GF/s | Mem:   0.00 MB
RESULT|baseline_sse42_1t|throughput|n32_b4|32|1|1|4|1|0.000115|27.765355|0.000123|26.031367|0.00
[run ] n32_b16          | Len:     32 | Batch:    16 | Thr: 1 | Fwd:    0.0004 ms    31.13 GF/s | Bwd:    0.0004 ms    29.10 GF/s | Mem:   0.01 MB
RESULT|baseline_sse42_1t|throughput|n32_b16|32|1|1|16|1|0.000411|31.133781|0.000440|29.095540|0.01
[run ] n32_b64          | Len:     32 | Batch:    64 | Thr: 1 | Fwd:    0.0016 ms    32.96 GF/s | Bwd:    0.0017 ms    30.63 GF/s | Mem:   0.03 MB
RESULT|baseline_sse42_1t|throughput|n32_b64|32|1|1|64|1|0.001553|32.960120|0.001672|30.628457|0.03
[run ] n64_b1           | Len:     64 | Batch:     1 | Thr: 1 | Fwd:    0.0001 ms    20.68 GF/s | Bwd:    0.0001 ms    20.31 GF/s | Mem:   0.00 MB
RESULT|baseline_sse42_1t|throughput|n64_b1|64|1|1|1|1|0.000093|20.680698|0.000095|20.305254|0.00
[run ] n64_b4           | Len:     64 | Batch:     4 | Thr: 1 | Fwd:    0.0003 ms    24.70 GF/s | Bwd:    0.0003 ms    23.94 GF/s | Mem:   0.00 MB
RESULT|baseline_sse42_1t|throughput|n64_b4|64|1|1|4|1|0.000311|24.695074|0.000321|23.938953|0.00
[run ] n64_b16          | Len:     64 | Batch:    16 | Thr: 1 | Fwd:    0.0012 ms    25.51 GF/s | Bwd:    0.0012 ms    25.09 GF/s | Mem:   0.02 MB
RESULT|baseline_sse42_1t|throughput|n64_b16|64|1|1|16|1|0.001204|25.512636|0.001224|25.093289|0.02
[run ] n64_b64          | Len:     64 | Batch:    64 | Thr: 1 | Fwd:    0.0048 ms    25.58 GF/s | Bwd:    0.0050 ms    24.82 GF/s | Mem:   0.06 MB
RESULT|baseline_sse42_1t|throughput|n64_b64|64|1|1|64|1|0.004803|25.584571|0.004951|24.821618|0.06
[run ] n128_b1          | Len:    128 | Batch:     1 | Thr: 1 | Fwd:    0.0002 ms    26.96 GF/s | Bwd:    0.0002 ms    26.69 GF/s | Mem:   0.00 MB
RESULT|baseline_sse42_1t|throughput|n128_b1|128|1|1|1|1|0.000166|26.959085|0.000168|26.691025|0.00
[run ] n128_b4          | Len:    128 | Batch:     4 | Thr: 1 | Fwd:    0.0006 ms    28.59 GF/s | Bwd:    0.0006 ms    28.76 GF/s | Mem:   0.01 MB
RESULT|baseline_sse42_1t|throughput|n128_b4|128|1|1|4|1|0.000627|28.591725|0.000623|28.755807|0.01
[run ] n128_b16         | Len:    128 | Batch:    16 | Thr: 1 | Fwd:    0.0024 ms    29.80 GF/s | Bwd:    0.0024 ms    29.60 GF/s | Mem:   0.03 MB
RESULT|baseline_sse42_1t|throughput|n128_b16|128|1|1|16|1|0.002405|29.802509|0.002422|29.600050|0.03
[run ] n128_b64         | Len:    128 | Batch:    64 | Thr: 1 | Fwd:    0.0096 ms    29.82 GF/s | Bwd:    0.0098 ms    29.37 GF/s | Mem:   0.12 MB
RESULT|baseline_sse42_1t|throughput|n128_b64|128|1|1|64|1|0.009614|29.822316|0.009761|29.374615|0.12
[run ] n256_b1          | Len:    256 | Batch:     1 | Thr: 1 | Fwd:    0.0003 ms    30.48 GF/s | Bwd:    0.0003 ms    30.23 GF/s | Mem:   0.00 MB
RESULT|baseline_sse42_1t|throughput|n256_b1|256|1|1|1|1|0.000336|30.478053|0.000339|30.229218|0.00
[run ] n256_b4          | Len:    256 | Batch:     4 | Thr: 1 | Fwd:    0.0013 ms    31.20 GF/s | Bwd:    0.0013 ms    31.08 GF/s | Mem:   0.02 MB
RESULT|baseline_sse42_1t|throughput|n256_b4|256|1|1|4|1|0.001313|31.202087|0.001318|31.075662|0.02
[run ] n256_b16         | Len:    256 | Batch:    16 | Thr: 1 | Fwd:    0.0052 ms    31.29 GF/s | Bwd:    0.0053 ms    30.97 GF/s | Mem:   0.06 MB
RESULT|baseline_sse42_1t|throughput|n256_b16|256|1|1|16|1|0.005236|31.290742|0.005290|30.969786|0.06
[run ] n256_b64         | Len:    256 | Batch:    64 | Thr: 1 | Fwd:    0.0209 ms    31.33 GF/s | Bwd:    0.0209 ms    31.40 GF/s | Mem:   0.25 MB
RESULT|baseline_sse42_1t|throughput|n256_b64|256|1|1|64|1|0.020920|31.326331|0.020870|31.402344|0.25
[run ] n512_b1          | Len:    512 | Batch:     1 | Thr: 1 | Fwd:    0.0007 ms    31.79 GF/s | Bwd:    0.0007 ms    31.58 GF/s | Mem:   0.01 MB
RESULT|baseline_sse42_1t|throughput|n512_b1|512|1|1|1|1|0.000725|31.788409|0.000730|31.578578|0.01
[run ] n512_b4          | Len:    512 | Batch:     4 | Thr: 1 | Fwd:    0.0029 ms    32.18 GF/s | Bwd:    0.0029 ms    32.14 GF/s | Mem:   0.03 MB
RESULT|baseline_sse42_1t|throughput|n512_b4|512|1|1|4|1|0.002864|32.175253|0.002867|32.144216|0.03
[run ] n512_b16         | Len:    512 | Batch:    16 | Thr: 1 | Fwd:    0.0114 ms    32.22 GF/s | Bwd:    0.0115 ms    32.18 GF/s | Mem:   0.12 MB
RESULT|baseline_sse42_1t|throughput|n512_b16|512|1|1|16|1|0.011442|32.217222|0.011457|32.176994|0.12
[run ] n512_b64         | Len:    512 | Batch:    64 | Thr: 1 | Fwd:    0.0464 ms    31.79 GF/s | Bwd:    0.0468 ms    31.49 GF/s | Mem:   0.50 MB
RESULT|baseline_sse42_1t|throughput|n512_b64|512|1|1|64|1|0.046382|31.791514|0.046820|31.494123|0.50
[run ] n1024_b1         | Len:   1024 | Batch:     1 | Thr: 1 | Fwd:    0.0015 ms    33.26 GF/s | Bwd:    0.0015 ms    33.36 GF/s | Mem:   0.02 MB
RESULT|baseline_sse42_1t|throughput|n1024_b1|1024|1|1|1|1|0.001539|33.262347|0.001535|33.360524|0.02
[run ] n1024_b4         | Len:   1024 | Batch:     4 | Thr: 1 | Fwd:    0.0063 ms    32.49 GF/s | Bwd:    0.0065 ms    31.49 GF/s | Mem:   0.06 MB
RESULT|baseline_sse42_1t|throughput|n1024_b4|1024|1|1|4|1|0.006304|32.485703|0.006504|31.486183|0.06
[run ] n1024_b16        | Len:   1024 | Batch:    16 | Thr: 1 | Fwd:    0.0251 ms    32.58 GF/s | Bwd:    0.0251 ms    32.60 GF/s | Mem:   0.25 MB
RESULT|baseline_sse42_1t|throughput|n1024_b16|1024|1|1|16|1|0.025146|32.577242|0.025129|32.600300|0.25
[run ] n1024_b64        | Len:   1024 | Batch:    64 | Thr: 1 | Fwd:    0.1105 ms    29.65 GF/s | Bwd:    0.1130 ms    29.01 GF/s | Mem:   1.00 MB
RESULT|baseline_sse42_1t|throughput|n1024_b64|1024|1|1|64|1|0.110507|29.652494|0.112972|29.005314|1.00
[run ] n2048_b1         | Len:   2048 | Batch:     1 | Thr: 1 | Fwd:    0.0035 ms    31.92 GF/s | Bwd:    0.0038 ms    29.61 GF/s | Mem:   0.03 MB
RESULT|baseline_sse42_1t|throughput|n2048_b1|2048|1|1|1|1|0.003529|31.917741|0.003804|29.611553|0.03
[run ] n2048_b4         | Len:   2048 | Batch:     4 | Thr: 1 | Fwd:    0.0141 ms    32.04 GF/s | Bwd:    0.0140 ms    32.11 GF/s | Mem:   0.12 MB
RESULT|baseline_sse42_1t|throughput|n2048_b4|2048|1|1|4|1|0.014060|32.044386|0.014033|32.106668|0.12
[run ] n2048_b16        | Len:   2048 | Batch:    16 | Thr: 1 | Fwd:    0.0561 ms    32.15 GF/s | Bwd:    0.0559 ms    32.26 GF/s | Mem:   0.50 MB
RESULT|baseline_sse42_1t|throughput|n2048_b16|2048|1|1|16|1|0.056063|32.146646|0.055872|32.256305|0.50
[run ] n2048_b64        | Len:   2048 | Batch:    64 | Thr: 1 | Fwd:    0.2684 ms    26.86 GF/s | Bwd:    0.2687 ms    26.83 GF/s | Mem:   2.00 MB
RESULT|baseline_sse42_1t|throughput|n2048_b64|2048|1|1|64|1|0.268365|26.862553|0.268694|26.829669|2.00
[run ] n4096_b1         | Len:   4096 | Batch:     1 | Thr: 1 | Fwd:    0.0084 ms    29.36 GF/s | Bwd:    0.0081 ms    30.27 GF/s | Mem:   0.06 MB
RESULT|baseline_sse42_1t|throughput|n4096_b1|4096|1|1|1|1|0.008369|29.364119|0.008118|30.273431|0.06
[run ] n4096_b4         | Len:   4096 | Batch:     4 | Thr: 1 | Fwd:    0.0326 ms    30.18 GF/s | Bwd:    0.0325 ms    30.22 GF/s | Mem:   0.25 MB
RESULT|baseline_sse42_1t|throughput|n4096_b4|4096|1|1|4|1|0.032570|30.181953|0.032529|30.220577|0.25
[run ] n4096_b16        | Len:   4096 | Batch:    16 | Thr: 1 | Fwd:    0.1397 ms    28.14 GF/s | Bwd:    0.1381 ms    28.47 GF/s | Mem:   1.00 MB
RESULT|baseline_sse42_1t|throughput|n4096_b16|4096|1|1|16|1|0.139735|28.140049|0.138097|28.473820|1.00
[run ] n4096_b64        | Len:   4096 | Batch:    64 | Thr: 1 | Fwd:    0.6299 ms    24.97 GF/s | Bwd:    0.6247 ms    25.18 GF/s | Mem:   4.00 MB
RESULT|baseline_sse42_1t|throughput|n4096_b64|4096|1|1|64|1|0.629932|24.968795|0.624741|25.176273|4.00
[run ] n8192_b1         | Len:   8192 | Batch:     1 | Thr: 1 | Fwd:    0.0177 ms    30.15 GF/s | Bwd:    0.0177 ms    30.02 GF/s | Mem:   0.12 MB
RESULT|baseline_sse42_1t|throughput|n8192_b1|8192|1|1|1|1|0.017663|30.147038|0.017740|30.015603|0.12
[run ] n8192_b4         | Len:   8192 | Batch:     4 | Thr: 1 | Fwd:    0.0709 ms    30.06 GF/s | Bwd:    0.0702 ms    30.33 GF/s | Mem:   0.50 MB
RESULT|baseline_sse42_1t|throughput|n8192_b4|8192|1|1|4|1|0.070856|30.059638|0.070233|30.326439|0.50
[run ] n8192_b16        | Len:   8192 | Batch:    16 | Thr: 1 | Fwd:    0.3290 ms    25.89 GF/s | Bwd:    0.3279 ms    25.99 GF/s | Mem:   2.00 MB
RESULT|baseline_sse42_1t|throughput|n8192_b16|8192|1|1|16|1|0.329044|25.892243|0.327852|25.986344|2.00
[run ] n8192_b64        | Len:   8192 | Batch:    64 | Thr: 1 | Fwd:    1.5083 ms    22.59 GF/s | Bwd:    1.4800 ms    23.03 GF/s | Mem:   8.00 MB
RESULT|baseline_sse42_1t|throughput|n8192_b64|8192|1|1|64|1|1.508290|22.594273|1.480041|23.025532|8.00
[run ] n16384_b1        | Len:  16384 | Batch:     1 | Thr: 1 | Fwd:    0.0359 ms    31.96 GF/s | Bwd:    0.0381 ms    30.07 GF/s | Mem:   0.25 MB
RESULT|baseline_sse42_1t|throughput|n16384_b1|16384|1|1|1|1|0.035882|31.962760|0.038138|30.071462|0.25
[run ] n16384_b4        | Len:  16384 | Batch:     4 | Thr: 1 | Fwd:    0.1584 ms    28.96 GF/s | Bwd:    0.1623 ms    28.26 GF/s | Mem:   1.00 MB
RESULT|baseline_sse42_1t|throughput|n16384_b4|16384|1|1|4|1|0.158428|28.956584|0.162334|28.259767|1.00
[run ] n16384_b16       | Len:  16384 | Batch:    16 | Thr: 1 | Fwd:    0.7315 ms    25.08 GF/s | Bwd:    0.7426 ms    24.71 GF/s | Mem:   4.00 MB
RESULT|baseline_sse42_1t|throughput|n16384_b16|16384|1|1|16|1|0.731540|25.084191|0.742565|24.711761|4.00
[run ] n16384_b64       | Len:  16384 | Batch:    64 | Thr: 1 | Fwd:    4.1724 ms    17.59 GF/s | Bwd:    4.3818 ms    16.75 GF/s | Mem:  16.00 MB
RESULT|baseline_sse42_1t|throughput|n16384_b64|16384|1|1|64|1|4.172398|17.591878|4.381802|16.751174|16.00
[run ] n32768_b1        | Len:  32768 | Batch:     1 | Thr: 1 | Fwd:    0.0779 ms    31.57 GF/s | Bwd:    0.0779 ms    31.56 GF/s | Mem:   0.50 MB
RESULT|baseline_sse42_1t|throughput|n32768_b1|32768|1|1|1|1|0.077853|31.567063|0.077867|31.561554|0.50
[run ] n32768_b4        | Len:  32768 | Batch:     4 | Thr: 1 | Fwd:    0.3798 ms    25.88 GF/s | Bwd:    0.3766 ms    26.10 GF/s | Mem:   2.00 MB
RESULT|baseline_sse42_1t|throughput|n32768_b4|32768|1|1|4|1|0.379776|25.884732|0.376642|26.100104|2.00
[run ] n32768_b16       | Len:  32768 | Batch:    16 | Thr: 1 | Fwd:    2.1034 ms    18.69 GF/s | Bwd:    2.1245 ms    18.51 GF/s | Mem:   8.00 MB
RESULT|baseline_sse42_1t|throughput|n32768_b16|32768|1|1|16|1|2.103373|18.694547|2.124471|18.508891|8.00
[run ] n32768_b64       | Len:  32768 | Batch:    64 | Thr: 1 | Fwd:   10.9549 ms    14.36 GF/s | Bwd:   10.6017 ms    14.84 GF/s | Mem:  32.00 MB
RESULT|baseline_sse42_1t|throughput|n32768_b64|32768|1|1|64|1|10.954891|14.357642|10.601683|14.835984|32.00
[run ] n65536_b1        | Len:  65536 | Batch:     1 | Thr: 1 | Fwd:    0.2179 ms    24.06 GF/s | Bwd:    0.2147 ms    24.42 GF/s | Mem:   1.00 MB
RESULT|baseline_sse42_1t|throughput|n65536_b1|65536|1|1|1|1|0.217940|24.056582|0.214655|24.424685|1.00
[run ] n65536_b4        | Len:  65536 | Batch:     4 | Thr: 1 | Fwd:    0.9550 ms    21.96 GF/s | Bwd:    0.9438 ms    22.22 GF/s | Mem:   4.00 MB
RESULT|baseline_sse42_1t|throughput|n65536_b4|65536|1|1|4|1|0.955013|21.959397|0.943781|22.220744|4.00
[run ] n65536_b16       | Len:  65536 | Batch:    16 | Thr: 1 | Fwd:    5.6997 ms    14.72 GF/s | Bwd:    6.8826 ms    12.19 GF/s | Mem:  16.00 MB
RESULT|baseline_sse42_1t|throughput|n65536_b16|65536|1|1|16|1|5.699692|14.717653|6.882642|12.188064|16.00
[run ] n65536_b64       | Len:  65536 | Batch:    64 | Thr: 1 | Fwd:   27.3509 ms    12.27 GF/s | Bwd:   28.1115 ms    11.94 GF/s | Mem:  64.00 MB
RESULT|baseline_sse42_1t|throughput|n65536_b64|65536|1|1|64|1|27.350895|12.268129|28.111500|11.936194|64.00
[run ] n131072_b1       | Len: 131072 | Batch:     1 | Thr: 1 | Fwd:    0.5156 ms    21.61 GF/s | Bwd:    0.5143 ms    21.66 GF/s | Mem:   2.00 MB
RESULT|baseline_sse42_1t|throughput|n131072_b1|131072|1|1|1|1|0.515554|21.609998|0.514325|21.661652|2.00
[run ] n131072_b4       | Len: 131072 | Batch:     4 | Thr: 1 | Fwd:    4.5025 ms     9.90 GF/s | Bwd:    4.9925 ms     8.93 GF/s | Mem:   8.00 MB
RESULT|baseline_sse42_1t|throughput|n131072_b4|131072|1|1|4|1|4.502475|9.897774|4.992548|8.926200|8.00
[run ] n131072_b16      | Len: 131072 | Batch:    16 | Thr: 1 | Fwd:   19.3505 ms     9.21 GF/s | Bwd:   19.8071 ms     9.00 GF/s | Mem:  32.00 MB
RESULT|baseline_sse42_1t|throughput|n131072_b16|131072|1|1|16|1|19.350546|9.212036|19.807109|8.999694|32.00
[run ] n131072_b64      | Len: 131072 | Batch:    64 | Thr: 1 | Fwd:   63.8682 ms    11.16 GF/s | Bwd:   62.9187 ms    11.33 GF/s | Mem: 128.00 MB
RESULT|baseline_sse42_1t|throughput|n131072_b64|131072|1|1|64|1|63.868238|11.164104|62.918742|11.332580|128.00
[run ] n262144_b1       | Len: 262144 | Batch:     1 | Thr: 1 | Fwd:    1.3320 ms    17.71 GF/s | Bwd:    1.3416 ms    17.59 GF/s | Mem:   4.00 MB
RESULT|baseline_sse42_1t|throughput|n262144_b1|262144|1|1|1|1|1.332028|17.712065|1.341569|17.586100|4.00
[run ] n262144_b4       | Len: 262144 | Batch:     4 | Thr: 1 | Fwd:    8.3855 ms    11.25 GF/s | Bwd:    8.6738 ms    10.88 GF/s | Mem:  16.00 MB
RESULT|baseline_sse42_1t|throughput|n262144_b4|262144|1|1|4|1|8.385536|11.254121|8.673802|10.880101|16.00
[run ] n262144_b16      | Len: 262144 | Batch:    16 | Thr: 1 | Fwd:   31.7937 ms    11.87 GF/s | Bwd:   32.9620 ms    11.45 GF/s | Mem:  64.00 MB
RESULT|baseline_sse42_1t|throughput|n262144_b16|262144|1|1|16|1|31.793665|11.873037|32.961967|11.452210|64.00
[run ] n262144_b64      | Len: 262144 | Batch:    64 | Thr: 1 | Fwd:  126.6828 ms    11.92 GF/s | Bwd:  121.3132 ms    12.45 GF/s | Mem: 256.00 MB
RESULT|baseline_sse42_1t|throughput|n262144_b64|262144|1|1|64|1|126.682806|11.919135|121.313171|12.446707|256.00
[run ] n524288_b1       | Len: 524288 | Batch:     1 | Thr: 1 | Fwd:    3.1894 ms    15.62 GF/s | Bwd:    3.1825 ms    15.65 GF/s | Mem:   8.00 MB
RESULT|baseline_sse42_1t|throughput|n524288_b1|524288|1|1|1|1|3.189351|15.616769|3.182460|15.650582|8.00
[run ] n524288_b4       | Len: 524288 | Batch:     4 | Thr: 1 | Fwd:   14.5987 ms    13.65 GF/s | Bwd:   14.5121 ms    13.73 GF/s | Mem:  32.00 MB
RESULT|baseline_sse42_1t|throughput|n524288_b4|524288|1|1|4|1|14.598695|13.647072|14.512053|13.728549|32.00
[run ] n524288_b16      | Len: 524288 | Batch:    16 | Thr: 1 | Fwd:   56.4159 ms    14.13 GF/s | Bwd:   57.4664 ms    13.87 GF/s | Mem: 128.00 MB
RESULT|baseline_sse42_1t|throughput|n524288_b16|524288|1|1|16|1|56.415869|14.125773|57.466442|13.867533|128.00
[run ] n524288_b64      | Len: 524288 | Batch:    64 | Thr: 1 | Fwd:  225.1584 ms    14.16 GF/s | Bwd:  232.3739 ms    13.72 GF/s | Mem: 512.00 MB
RESULT|baseline_sse42_1t|throughput|n524288_b64|524288|1|1|64|1|225.158367|14.157462|232.373941|13.717851|512.00
[run ] n1048576_b1      | Len:1048576 | Batch:     1 | Thr: 1 | Fwd:    9.2232 ms    11.37 GF/s | Bwd:    9.1041 ms    11.52 GF/s | Mem:  16.00 MB
RESULT|baseline_sse42_1t|throughput|n1048576_b1|1048576|1|1|1|1|9.223174|11.368928|9.104099|11.517626|16.00
[run ] n1048576_b4      | Len:1048576 | Batch:     4 | Thr: 1 | Fwd:   35.7081 ms    11.75 GF/s | Bwd:   35.5345 ms    11.80 GF/s | Mem:  64.00 MB
RESULT|baseline_sse42_1t|throughput|n1048576_b4|1048576|1|1|4|1|35.708128|11.746077|35.534536|11.803458|64.00
[run ] n1048576_b16     | Len:1048576 | Batch:    16 | Thr: 1 | Fwd:  138.0320 ms    12.15 GF/s | Bwd:  143.5463 ms    11.69 GF/s | Mem: 256.00 MB
RESULT|baseline_sse42_1t|throughput|n1048576_b16|1048576|1|1|16|1|138.032006|12.154584|143.546323|11.687667|256.00
[run ] n1048576_b64     | Len:1048576 | Batch:    64 | Thr: 1 | Fwd:  551.3823 ms    12.17 GF/s | Bwd:  534.7248 ms    12.55 GF/s | Mem:1024.00 MB
RESULT|baseline_sse42_1t|throughput|n1048576_b64|1048576|1|1|64|1|551.382307|12.171022|534.724774|12.550169|1024.00
[run ] n2097152_b1      | Len:2097152 | Batch:     1 | Thr: 1 | Fwd:   15.5367 ms    14.17 GF/s | Bwd:   15.3953 ms    14.30 GF/s | Mem:  32.00 MB
RESULT|baseline_sse42_1t|throughput|n2097152_b1|2097152|1|1|1|1|15.536721|14.172937|15.395269|14.303157|32.00
[run ] n2097152_b4      | Len:2097152 | Batch:     4 | Thr: 1 | Fwd:   69.8671 ms    12.61 GF/s | Bwd:   70.1274 ms    12.56 GF/s | Mem: 128.00 MB
RESULT|baseline_sse42_1t|throughput|n2097152_b4|2097152|1|1|4|1|69.867058|12.606855|70.127418|12.560050|128.00
[run ] n2097152_b16     | Len:2097152 | Batch:    16 | Thr: 1 | Fwd:  274.9445 ms    12.81 GF/s | Bwd:  278.9432 ms    12.63 GF/s | Mem: 512.00 MB
RESULT|baseline_sse42_1t|throughput|n2097152_b16|2097152|1|1|16|1|274.944515|12.814278|278.943246|12.630581|512.00
[run ] n2097152_b64     | Len:2097152 | Batch:    64 | Thr: 1 | Fwd: 1067.8866 ms    13.20 GF/s | Bwd: 1101.7844 ms    12.79 GF/s | Mem:2048.00 MB
RESULT|baseline_sse42_1t|throughput|n2097152_b64|2097152|1|1|64|1|1067.886559|13.196965|1101.784438|12.790943|2048.00
[run ] n4194304_b1      | Len:4194304 | Batch:     1 | Thr: 1 | Fwd:   33.7727 ms    13.66 GF/s | Bwd:   33.5397 ms    13.76 GF/s | Mem:  64.00 MB
RESULT|baseline_sse42_1t|throughput|n4194304_b1|4194304|1|1|1|1|33.772661|13.661151|33.539653|13.756059|64.00
[run ] n4194304_b4      | Len:4194304 | Batch:     4 | Thr: 1 | Fwd:  143.4250 ms    12.87 GF/s | Bwd:  144.8544 ms    12.74 GF/s | Mem: 256.00 MB
RESULT|baseline_sse42_1t|throughput|n4194304_b4|4194304|1|1|4|1|143.425010|12.867308|144.854403|12.740336|256.00
[run ] n4194304_b16     | Len:4194304 | Batch:    16 | Thr: 1 | Fwd:  565.6807 ms    13.05 GF/s | Bwd:  581.9044 ms    12.69 GF/s | Mem:1024.00 MB
RESULT|baseline_sse42_1t|throughput|n4194304_b16|4194304|1|1|16|1|565.680673|13.049721|581.904417|12.685889|1024.00
[skip] n4194304_b64     | Len:4194304 | Batch:    64 | Thr: 1 | Mem: 4096.0 MB > limit 3072.0 MB
SKIP|baseline_sse42_1t|throughput|n4194304_b64|4194304|1|1|64|1|4096.00|memory_limit

Benchmark workload complete.


real	3m5.835s
user	3m3.911s
sys	0m1.467s
[DONE] baseline_sse42_1t

============================================================
RUN PROFILE: avx512_phys
Description : MKL AVX-512, physical-core thread count
ISA         : AVX512
Threads     : 10
Workload    : throughput
============================================================
PROFILE|avx512_phys|MKL AVX-512, physical-core thread count|AVX512|10|throughput|32,64,128,256,512,1024,2048,4096,8192,16384,32768,65536,131072,262144,524288,1048576,2097152,4194304|1,4,16,64|1,2,4,8,10,20|16384|64|10

############################################################
# FFT BENCHMARK (Intel oneMKL DFTI, 1D, single precision)  #
############################################################
profile_id       : avx512_phys
profile_desc     : MKL AVX-512, physical-core thread count
workload         : throughput
threads(cli)     : 10
mkl max threads  : 10
timed runs       : 20
warmup runs      : 5
mem cap (MB)     : 3072.0
lengths: 32,64,128,256,512,1024,2048,4096,8192,16384,32768,65536,131072,262144,524288,1048576,2097152,4194304
batches: 1,4,16,64
thread_set: 1,2,4,8,10,20
batch_scale_set: 1,4,16,64
scale_length     : 16384
scale_batch      : 64
scale_threads    : 10


====================================================================
WORKLOAD: throughput (length x batch at fixed thread count)
====================================================================
threads=10
[run ] n32_b1           | Len:     32 | Batch:     1 | Thr:10 | Fwd:    0.0001 ms    12.54 GF/s | Bwd:    0.0001 ms    11.37 GF/s | Mem:   0.00 MB
RESULT|avx512_phys|throughput|n32_b1|32|1|1|1|10|0.000064|12.539025|0.000070|11.366678|0.00
[run ] n32_b4           | Len:     32 | Batch:     4 | Thr:10 | Fwd:    0.0001 ms    38.88 GF/s | Bwd:    0.0001 ms    37.83 GF/s | Mem:   0.00 MB
RESULT|avx512_phys|throughput|n32_b4|32|1|1|4|10|0.000082|38.881149|0.000085|37.829123|0.00
[run ] n32_b16          | Len:     32 | Batch:    16 | Thr:10 | Fwd:    0.0014 ms     9.30 GF/s | Bwd:    0.0013 ms    10.15 GF/s | Mem:   0.01 MB
RESULT|avx512_phys|throughput|n32_b16|32|1|1|16|10|0.001376|9.300009|0.001261|10.152243|0.01
[run ] n32_b64          | Len:     32 | Batch:    64 | Thr:10 | Fwd:    0.0027 ms    18.74 GF/s | Bwd:    0.0013 ms    39.94 GF/s | Mem:   0.03 MB
RESULT|avx512_phys|throughput|n32_b64|32|1|1|64|10|0.002732|18.741239|0.001282|39.941295|0.03
[run ] n64_b1           | Len:     64 | Batch:     1 | Thr:10 | Fwd:    0.0000 ms    39.91 GF/s | Bwd:    0.0000 ms    40.55 GF/s | Mem:   0.00 MB
RESULT|avx512_phys|throughput|n64_b1|64|1|1|1|10|0.000048|39.906163|0.000047|40.549163|0.00
[run ] n64_b4           | Len:     64 | Batch:     4 | Thr:10 | Fwd:    0.0001 ms    66.33 GF/s | Bwd:    0.0001 ms    67.39 GF/s | Mem:   0.00 MB
RESULT|avx512_phys|throughput|n64_b4|64|1|1|4|10|0.000116|66.334956|0.000114|67.389654|0.00
[run ] n64_b16          | Len:     64 | Batch:    16 | Thr:10 | Fwd:    0.0009 ms    33.65 GF/s | Bwd:    0.0009 ms    35.16 GF/s | Mem:   0.02 MB
RESULT|avx512_phys|throughput|n64_b16|64|1|1|16|10|0.000913|33.645555|0.000874|35.162378|0.02
[run ] n64_b64          | Len:     64 | Batch:    64 | Thr:10 | Fwd:    0.0028 ms    44.45 GF/s | Bwd:    0.0018 ms    69.50 GF/s | Mem:   0.06 MB
RESULT|avx512_phys|throughput|n64_b64|64|1|1|64|10|0.002765|44.446789|0.001768|69.501601|0.06
[run ] n128_b1          | Len:    128 | Batch:     1 | Thr:10 | Fwd:    0.0001 ms    67.16 GF/s | Bwd:    0.0001 ms    67.74 GF/s | Mem:   0.00 MB
RESULT|avx512_phys|throughput|n128_b1|128|1|1|1|10|0.000067|67.156833|0.000066|67.737858|0.00
[run ] n128_b4          | Len:    128 | Batch:     4 | Thr:10 | Fwd:    0.0008 ms    23.57 GF/s | Bwd:    0.0008 ms    23.68 GF/s | Mem:   0.01 MB
RESULT|avx512_phys|throughput|n128_b4|128|1|1|4|10|0.000760|23.566165|0.000757|23.681999|0.01
[run ] n128_b16         | Len:    128 | Batch:    16 | Thr:10 | Fwd:    0.0012 ms    59.78 GF/s | Bwd:    0.0012 ms    60.69 GF/s | Mem:   0.03 MB
RESULT|avx512_phys|throughput|n128_b16|128|1|1|16|10|0.001199|59.780424|0.001181|60.687871|0.03
[run ] n128_b64         | Len:    128 | Batch:    64 | Thr:10 | Fwd:    0.0015 ms   197.11 GF/s | Bwd:    0.0015 ms   186.52 GF/s | Mem:   0.12 MB
RESULT|avx512_phys|throughput|n128_b64|128|1|1|64|10|0.001455|197.107265|0.001537|186.523380|0.12
[run ] n256_b1          | Len:    256 | Batch:     1 | Thr:10 | Fwd:    0.0002 ms    62.92 GF/s | Bwd:    0.0002 ms    64.01 GF/s | Mem:   0.00 MB
RESULT|avx512_phys|throughput|n256_b1|256|1|1|1|10|0.000163|62.920705|0.000160|64.008454|0.00
[run ] n256_b4          | Len:    256 | Batch:     4 | Thr:10 | Fwd:    0.0009 ms    43.67 GF/s | Bwd:    0.0009 ms    43.13 GF/s | Mem:   0.02 MB
RESULT|avx512_phys|throughput|n256_b4|256|1|1|4|10|0.000938|43.670232|0.000950|43.126492|0.02
[run ] n256_b16         | Len:    256 | Batch:    16 | Thr:10 | Fwd:    0.0015 ms   106.92 GF/s | Bwd:    0.0016 ms   104.55 GF/s | Mem:   0.06 MB
RESULT|avx512_phys|throughput|n256_b16|256|1|1|16|10|0.001532|106.923101|0.001567|104.548116|0.06
[run ] n256_b64         | Len:    256 | Batch:    64 | Thr:10 | Fwd:    0.0027 ms   239.25 GF/s | Bwd:    0.0026 ms   251.27 GF/s | Mem:   0.25 MB
RESULT|avx512_phys|throughput|n256_b64|256|1|1|64|10|0.002739|239.248953|0.002608|251.268700|0.25
[run ] n512_b1          | Len:    512 | Batch:     1 | Thr:10 | Fwd:    0.0003 ms    81.37 GF/s | Bwd:    0.0003 ms    78.12 GF/s | Mem:   0.01 MB
RESULT|avx512_phys|throughput|n512_b1|512|1|1|1|10|0.000283|81.371475|0.000295|78.121879|0.01
[run ] n512_b4          | Len:    512 | Batch:     4 | Thr:10 | Fwd:    0.0011 ms    81.13 GF/s | Bwd:    0.0011 ms    80.38 GF/s | Mem:   0.03 MB
RESULT|avx512_phys|throughput|n512_b4|512|1|1|4|10|0.001136|81.132369|0.001147|80.376582|0.03
[run ] n512_b16         | Len:    512 | Batch:    16 | Thr:10 | Fwd:    0.0018 ms   199.89 GF/s | Bwd:    0.0019 ms   193.18 GF/s | Mem:   0.12 MB
RESULT|avx512_phys|throughput|n512_b16|512|1|1|16|10|0.001844|199.889883|0.001908|193.181767|0.12
[run ] n512_b64         | Len:    512 | Batch:    64 | Thr:10 | Fwd:    0.0037 ms   400.62 GF/s | Bwd:    0.0032 ms   462.71 GF/s | Mem:   0.50 MB
RESULT|avx512_phys|throughput|n512_b64|512|1|1|64|10|0.003681|400.618792|0.003187|462.708950|0.50
[run ] n1024_b1         | Len:   1024 | Batch:     1 | Thr:10 | Fwd:    0.0006 ms    81.94 GF/s | Bwd:    0.0006 ms    86.74 GF/s | Mem:   0.02 MB
RESULT|avx512_phys|throughput|n1024_b1|1024|1|1|1|10|0.000625|81.940005|0.000590|86.738979|0.02
[run ] n1024_b4         | Len:   1024 | Batch:     4 | Thr:10 | Fwd:    0.0019 ms   110.47 GF/s | Bwd:    0.0019 ms   105.41 GF/s | Mem:   0.06 MB
RESULT|avx512_phys|throughput|n1024_b4|1024|1|1|4|10|0.001854|110.472949|0.001943|105.410904|0.06
[run ] n1024_b16        | Len:   1024 | Batch:    16 | Thr:10 | Fwd:    0.0037 ms   222.17 GF/s | Bwd:    0.0027 ms   299.47 GF/s | Mem:   0.25 MB
RESULT|avx512_phys|throughput|n1024_b16|1024|1|1|16|10|0.003687|222.171676|0.002736|299.467808|0.25
[run ] n1024_b64        | Len:   1024 | Batch:    64 | Thr:10 | Fwd:    0.0054 ms   602.79 GF/s | Bwd:    0.0055 ms   595.50 GF/s | Mem:   1.00 MB
RESULT|avx512_phys|throughput|n1024_b64|1024|1|1|64|10|0.005436|602.786565|0.005503|595.499720|1.00
[run ] n2048_b1         | Len:   2048 | Batch:     1 | Thr:10 | Fwd:    0.0016 ms    69.56 GF/s | Bwd:    0.0016 ms    69.61 GF/s | Mem:   0.03 MB
RESULT|avx512_phys|throughput|n2048_b1|2048|1|1|1|10|0.001619|69.561295|0.001618|69.608440|0.03
[run ] n2048_b4         | Len:   2048 | Batch:     4 | Thr:10 | Fwd:    0.0048 ms    93.59 GF/s | Bwd:    0.0028 ms   161.84 GF/s | Mem:   0.12 MB
RESULT|avx512_phys|throughput|n2048_b4|2048|1|1|4|10|0.004814|93.586174|0.002784|161.835509|0.12
[run ] n2048_b16        | Len:   2048 | Batch:    16 | Thr:10 | Fwd:    0.0050 ms   357.03 GF/s | Bwd:    0.0047 ms   383.99 GF/s | Mem:   0.50 MB
RESULT|avx512_phys|throughput|n2048_b16|2048|1|1|16|10|0.005048|357.031506|0.004694|383.985697|0.50
[run ] n2048_b64        | Len:   2048 | Batch:    64 | Thr:10 | Fwd:    0.0118 ms   612.56 GF/s | Bwd:    0.0116 ms   619.02 GF/s | Mem:   2.00 MB
RESULT|avx512_phys|throughput|n2048_b64|2048|1|1|64|10|0.011769|612.557429|0.011646|619.023408|2.00
[run ] n4096_b1         | Len:   4096 | Batch:     1 | Thr:10 | Fwd:    0.0037 ms    66.40 GF/s | Bwd:    0.0041 ms    59.54 GF/s | Mem:   0.06 MB
RESULT|avx512_phys|throughput|n4096_b1|4096|1|1|1|10|0.003701|66.404184|0.004128|59.535183|0.06
[run ] n4096_b4         | Len:   4096 | Batch:     4 | Thr:10 | Fwd:    0.0046 ms   215.14 GF/s | Bwd:    0.0049 ms   201.78 GF/s | Mem:   0.25 MB
RESULT|avx512_phys|throughput|n4096_b4|4096|1|1|4|10|0.004569|215.136058|0.004872|201.777833|0.25
[run ] n4096_b16        | Len:   4096 | Batch:    16 | Thr:10 | Fwd:    0.0086 ms   459.31 GF/s | Bwd:    0.0092 ms   427.45 GF/s | Mem:   1.00 MB
RESULT|avx512_phys|throughput|n4096_b16|4096|1|1|16|10|0.008561|459.311296|0.009199|427.450754|1.00
[run ] n4096_b64        | Len:   4096 | Batch:    64 | Thr:10 | Fwd:    0.0259 ms   608.02 GF/s | Bwd:    0.0264 ms   596.88 GF/s | Mem:   4.00 MB
RESULT|avx512_phys|throughput|n4096_b64|4096|1|1|64|10|0.025868|608.024863|0.026351|596.878366|4.00
[run ] n8192_b1         | Len:   8192 | Batch:     1 | Thr:10 | Fwd:    0.0101 ms    52.83 GF/s | Bwd:    0.0095 ms    56.25 GF/s | Mem:   0.12 MB
RESULT|avx512_phys|throughput|n8192_b1|8192|1|1|1|10|0.010079|52.828376|0.009466|56.252248|0.12
[run ] n8192_b4         | Len:   8192 | Batch:     4 | Thr:10 | Fwd:    0.0365 ms    58.43 GF/s | Bwd:    0.0346 ms    61.63 GF/s | Mem:   0.50 MB
RESULT|avx512_phys|throughput|n8192_b4|8192|1|1|4|10|0.036453|58.429961|0.034559|61.632243|0.50
[run ] n8192_b16        | Len:   8192 | Batch:    16 | Thr:10 | Fwd:    0.0194 ms   439.55 GF/s | Bwd:    0.0194 ms   438.10 GF/s | Mem:   2.00 MB
RESULT|avx512_phys|throughput|n8192_b16|8192|1|1|16|10|0.019383|439.550388|0.019447|438.098628|2.00
[run ] n8192_b64        | Len:   8192 | Batch:    64 | Thr:10 | Fwd:    0.0702 ms   485.23 GF/s | Bwd:    0.0702 ms   485.14 GF/s | Mem:   8.00 MB
RESULT|avx512_phys|throughput|n8192_b64|8192|1|1|64|10|0.070232|485.233890|0.070246|485.136722|8.00
[run ] n16384_b1        | Len:  16384 | Batch:     1 | Thr:10 | Fwd:    0.0125 ms    91.90 GF/s | Bwd:    0.0127 ms    90.63 GF/s | Mem:   0.25 MB
RESULT|avx512_phys|throughput|n16384_b1|16384|1|1|1|10|0.012480|91.897987|0.012654|90.634343|0.25
[run ] n16384_b4        | Len:  16384 | Batch:     4 | Thr:10 | Fwd:    0.0957 ms    47.92 GF/s | Bwd:    0.0959 ms    47.84 GF/s | Mem:   1.00 MB
RESULT|avx512_phys|throughput|n16384_b4|16384|1|1|4|10|0.095737|47.918023|0.095901|47.835753|1.00
[run ] n16384_b16       | Len:  16384 | Batch:    16 | Thr:10 | Fwd:    0.0433 ms   424.23 GF/s | Bwd:    0.0439 ms   418.12 GF/s | Mem:   4.00 MB
RESULT|avx512_phys|throughput|n16384_b16|16384|1|1|16|10|0.043255|424.234517|0.043887|418.116585|4.00
[run ] n16384_b64       | Len:  16384 | Batch:    64 | Thr:10 | Fwd:    0.1968 ms   372.99 GF/s | Bwd:    0.1954 ms   375.72 GF/s | Mem:  16.00 MB
RESULT|avx512_phys|throughput|n16384_b64|16384|1|1|64|10|0.196791|372.986379|0.195359|375.720478|16.00
[run ] n32768_b1        | Len:  32768 | Batch:     1 | Thr:10 | Fwd:    0.0213 ms   115.38 GF/s | Bwd:    0.0216 ms   113.79 GF/s | Mem:   0.50 MB
RESULT|avx512_phys|throughput|n32768_b1|32768|1|1|1|10|0.021300|115.379604|0.021597|113.794818|0.50
[run ] n32768_b4        | Len:  32768 | Batch:     4 | Thr:10 | Fwd:    0.2619 ms    37.54 GF/s | Bwd:    0.2442 ms    40.25 GF/s | Mem:   2.00 MB
RESULT|avx512_phys|throughput|n32768_b4|32768|1|1|4|10|0.261859|37.540857|0.244212|40.253541|2.00
[run ] n32768_b16       | Len:  32768 | Batch:    16 | Thr:10 | Fwd:    0.1180 ms   333.30 GF/s | Bwd:    0.1280 ms   307.26 GF/s | Mem:   8.00 MB
RESULT|avx512_phys|throughput|n32768_b16|32768|1|1|16|10|0.117976|333.300751|0.127976|307.256608|8.00
[run ] n32768_b64       | Len:  32768 | Batch:    64 | Thr:10 | Fwd:    0.7110 ms   221.22 GF/s | Bwd:    0.6710 ms   234.41 GF/s | Mem:  32.00 MB
RESULT|avx512_phys|throughput|n32768_b64|32768|1|1|64|10|0.710994|221.220356|0.670993|234.408309|32.00
[run ] n65536_b1        | Len:  65536 | Batch:     1 | Thr:10 | Fwd:    0.0437 ms   120.03 GF/s | Bwd:    0.0434 ms   120.67 GF/s | Mem:   1.00 MB
RESULT|avx512_phys|throughput|n65536_b1|65536|1|1|1|10|0.043681|120.025241|0.043449|120.666333|1.00
[run ] n65536_b4        | Len:  65536 | Batch:     4 | Thr:10 | Fwd:    0.5732 ms    36.59 GF/s | Bwd:    0.5547 ms    37.80 GF/s | Mem:   4.00 MB
RESULT|avx512_phys|throughput|n65536_b4|65536|1|1|4|10|0.573179|36.588060|0.554746|37.803856|4.00
[run ] n65536_b16       | Len:  65536 | Batch:    16 | Thr:10 | Fwd:    0.4225 ms   198.54 GF/s | Bwd:    0.4145 ms   202.36 GF/s | Mem:  16.00 MB
RESULT|avx512_phys|throughput|n65536_b16|65536|1|1|16|10|0.422521|198.537035|0.414530|202.364181|16.00
[run ] n65536_b64       | Len:  65536 | Batch:    64 | Thr:10 | Fwd:    2.3304 ms   143.99 GF/s | Bwd:    2.3293 ms   144.05 GF/s | Mem:  64.00 MB
RESULT|avx512_phys|throughput|n65536_b64|65536|1|1|64|10|2.330369|143.987635|2.329314|144.052862|64.00
[run ] n131072_b1       | Len: 131072 | Batch:     1 | Thr:10 | Fwd:    0.0711 ms   156.68 GF/s | Bwd:    0.0811 ms   137.42 GF/s | Mem:   2.00 MB
RESULT|avx512_phys|throughput|n131072_b1|131072|1|1|1|10|0.071107|156.680519|0.081074|137.419391|2.00
[run ] n131072_b4       | Len: 131072 | Batch:     4 | Thr:10 | Fwd:    0.3108 ms   143.37 GF/s | Bwd:    0.2894 ms   153.98 GF/s | Mem:   8.00 MB
RESULT|avx512_phys|throughput|n131072_b4|131072|1|1|4|10|0.310837|143.369298|0.289420|153.978484|8.00
[run ] n131072_b16      | Len: 131072 | Batch:    16 | Thr:10 | Fwd:    1.8030 ms    98.87 GF/s | Bwd:    1.7950 ms    99.31 GF/s | Mem:  32.00 MB
RESULT|avx512_phys|throughput|n131072_b16|131072|1|1|16|10|1.803034|98.865536|1.794977|99.309288|32.00
[run ] n131072_b64      | Len: 131072 | Batch:    64 | Thr:10 | Fwd:    7.5390 ms    94.58 GF/s | Bwd:    7.3687 ms    96.76 GF/s | Mem: 128.00 MB
RESULT|avx512_phys|throughput|n131072_b64|131072|1|1|64|10|7.538962|94.579557|7.368708|96.764821|128.00
[run ] n262144_b1       | Len: 262144 | Batch:     1 | Thr:10 | Fwd:    0.1423 ms   165.79 GF/s | Bwd:    0.1376 ms   171.46 GF/s | Mem:   4.00 MB
RESULT|avx512_phys|throughput|n262144_b1|262144|1|1|1|10|0.142309|165.787180|0.137599|171.462197|4.00
[run ] n262144_b4       | Len: 262144 | Batch:     4 | Thr:10 | Fwd:    0.6061 ms   155.70 GF/s | Bwd:    0.6092 ms   154.92 GF/s | Mem:  16.00 MB
RESULT|avx512_phys|throughput|n262144_b4|262144|1|1|4|10|0.606105|155.702022|0.609158|154.921876|16.00
[run ] n262144_b16      | Len: 262144 | Batch:    16 | Thr:10 | Fwd:    3.8829 ms    97.22 GF/s | Bwd:    3.7839 ms    99.76 GF/s | Mem:  64.00 MB
RESULT|avx512_phys|throughput|n262144_b16|262144|1|1|16|10|3.882894|97.218051|3.783877|99.762065|64.00
[run ] n262144_b64      | Len: 262144 | Batch:    64 | Thr:10 | Fwd:   15.1180 ms    99.88 GF/s | Bwd:   15.2139 ms    99.25 GF/s | Mem: 256.00 MB
RESULT|avx512_phys|throughput|n262144_b64|262144|1|1|64|10|15.118004|99.877567|15.213881|99.248146|256.00
[run ] n524288_b1       | Len: 524288 | Batch:     1 | Thr:10 | Fwd:    0.3726 ms   133.67 GF/s | Bwd:    0.3102 ms   160.56 GF/s | Mem:   8.00 MB
RESULT|avx512_phys|throughput|n524288_b1|524288|1|1|1|10|0.372607|133.672656|0.310206|160.562265|8.00
[run ] n524288_b4       | Len: 524288 | Batch:     4 | Thr:10 | Fwd:    1.6293 ms   122.28 GF/s | Bwd:    1.5894 ms   125.35 GF/s | Mem:  32.00 MB
RESULT|avx512_phys|throughput|n524288_b4|524288|1|1|4|10|1.629323|122.277458|1.589444|125.345399|32.00
[run ] n524288_b16      | Len: 524288 | Batch:    16 | Thr:10 | Fwd:    6.8296 ms   116.69 GF/s | Bwd:    7.2158 ms   110.44 GF/s | Mem: 128.00 MB
RESULT|avx512_phys|throughput|n524288_b16|524288|1|1|16|10|6.829585|116.686122|7.215767|110.441173|128.00
[run ] n524288_b64      | Len: 524288 | Batch:    64 | Thr:10 | Fwd:   27.9913 ms   113.88 GF/s | Bwd:   28.8127 ms   110.63 GF/s | Mem: 512.00 MB
RESULT|avx512_phys|throughput|n524288_b64|524288|1|1|64|10|27.991294|113.880802|28.812675|110.634330|512.00
[run ] n1048576_b1      | Len:1048576 | Batch:     1 | Thr:10 | Fwd:    0.9510 ms   110.26 GF/s | Bwd:    0.9256 ms   113.28 GF/s | Mem:  16.00 MB
RESULT|avx512_phys|throughput|n1048576_b1|1048576|1|1|1|10|0.950984|110.262224|0.925630|113.282448|16.00
[run ] n1048576_b4      | Len:1048576 | Batch:     4 | Thr:10 | Fwd:    3.8002 ms   110.37 GF/s | Bwd:    3.8058 ms   110.21 GF/s | Mem:  64.00 MB
RESULT|avx512_phys|throughput|n1048576_b4|1048576|1|1|4|10|3.800176|110.371319|3.805840|110.207053|64.00
[run ] n1048576_b16     | Len:1048576 | Batch:    16 | Thr:10 | Fwd:   15.3358 ms   109.40 GF/s | Bwd:   15.6760 ms   107.02 GF/s | Mem: 256.00 MB
RESULT|avx512_phys|throughput|n1048576_b16|1048576|1|1|16|10|15.335826|109.398842|15.676042|107.024565|256.00
[run ] n1048576_b64     | Len:1048576 | Batch:    64 | Thr:10 | Fwd:   61.1202 ms   109.80 GF/s | Bwd:   68.1284 ms    98.50 GF/s | Mem:1024.00 MB
RESULT|avx512_phys|throughput|n1048576_b64|1048576|1|1|64|10|61.120150|109.798264|68.128394|98.503516|1024.00
[run ] n2097152_b1      | Len:2097152 | Batch:     1 | Thr:10 | Fwd:    1.6244 ms   135.56 GF/s | Bwd:    1.5945 ms   138.10 GF/s | Mem:  32.00 MB
RESULT|avx512_phys|throughput|n2097152_b1|2097152|1|1|1|10|1.624359|135.561718|1.594536|138.097167|32.00
[run ] n2097152_b4      | Len:2097152 | Batch:     4 | Thr:10 | Fwd:    8.1696 ms   107.81 GF/s | Bwd:    8.4672 ms   104.03 GF/s | Mem: 128.00 MB
RESULT|avx512_phys|throughput|n2097152_b4|2097152|1|1|4|10|8.169618|107.814565|8.467156|104.025939|128.00
[run ] n2097152_b16     | Len:2097152 | Batch:    16 | Thr:10 | Fwd:   35.8804 ms    98.19 GF/s | Bwd:   33.5351 ms   105.06 GF/s | Mem: 512.00 MB
RESULT|avx512_phys|throughput|n2097152_b16|2097152|1|1|16|10|35.880357|98.193431|33.535094|105.060549|512.00
[run ] n2097152_b64     | Len:2097152 | Batch:    64 | Thr:10 | Fwd:  157.4700 ms    89.50 GF/s | Bwd:  171.1308 ms    82.35 GF/s | Mem:2048.00 MB
RESULT|avx512_phys|throughput|n2097152_b64|2097152|1|1|64|10|157.469951|89.495560|171.130770|82.351417|2048.00
[run ] n4194304_b1      | Len:4194304 | Batch:     1 | Thr:10 | Fwd:    4.1002 ms   112.53 GF/s | Bwd:    4.3683 ms   105.62 GF/s | Mem:  64.00 MB
RESULT|avx512_phys|throughput|n4194304_b1|4194304|1|1|1|10|4.100176|112.525285|4.368286|105.618867|64.00
[run ] n4194304_b4      | Len:4194304 | Batch:     4 | Thr:10 | Fwd:   19.0305 ms    96.98 GF/s | Bwd:   18.6857 ms    98.76 GF/s | Mem: 256.00 MB
RESULT|avx512_phys|throughput|n4194304_b4|4194304|1|1|4|10|19.030475|96.975706|18.685740|98.764821|256.00
[run ] n4194304_b16     | Len:4194304 | Batch:    16 | Thr:10 | Fwd:   87.0878 ms    84.76 GF/s | Bwd:   96.1820 ms    76.75 GF/s | Mem:1024.00 MB
RESULT|avx512_phys|throughput|n4194304_b16|4194304|1|1|16|10|87.087801|84.764743|96.181993|76.750074|1024.00
[skip] n4194304_b64     | Len:4194304 | Batch:    64 | Thr:10 | Mem: 4096.0 MB > limit 3072.0 MB
SKIP|avx512_phys|throughput|n4194304_b64|4194304|1|1|64|10|4096.00|memory_limit

Benchmark workload complete.


real	0m38.419s
user	4m42.030s
sys	0m2.353s
[DONE] avx512_phys

============================================================
RUN PROFILE: avx512_logical
Description : MKL AVX-512, logical-core thread count (hyperthreading on)
ISA         : AVX512
Threads     : 20
Workload    : throughput
============================================================
PROFILE|avx512_logical|MKL AVX-512, logical-core thread count (hyperthreading on)|AVX512|20|throughput|32,64,128,256,512,1024,2048,4096,8192,16384,32768,65536,131072,262144,524288,1048576,2097152,4194304|1,4,16,64|1,2,4,8,10,20|16384|64|10

############################################################
# FFT BENCHMARK (Intel oneMKL DFTI, 1D, single precision)  #
############################################################
profile_id       : avx512_logical
profile_desc     : MKL AVX-512, logical-core thread count (hyperthreading on)
workload         : throughput
threads(cli)     : 20
mkl max threads  : 20
timed runs       : 20
warmup runs      : 5
mem cap (MB)     : 3072.0
lengths: 32,64,128,256,512,1024,2048,4096,8192,16384,32768,65536,131072,262144,524288,1048576,2097152,4194304
batches: 1,4,16,64
thread_set: 1,2,4,8,10,20
batch_scale_set: 1,4,16,64
scale_length     : 16384
scale_batch      : 64
scale_threads    : 10


====================================================================
WORKLOAD: throughput (length x batch at fixed thread count)
====================================================================
threads=20
[run ] n32_b1           | Len:     32 | Batch:     1 | Thr:20 | Fwd:    0.0001 ms    11.99 GF/s | Bwd:    0.0001 ms    11.31 GF/s | Mem:   0.00 MB
RESULT|avx512_logical|throughput|n32_b1|32|1|1|1|20|0.000067|11.992292|0.000071|11.305402|0.00
[run ] n32_b4           | Len:     32 | Batch:     4 | Thr:20 | Fwd:    0.0001 ms    38.04 GF/s | Bwd:    0.0001 ms    36.20 GF/s | Mem:   0.00 MB
RESULT|avx512_logical|throughput|n32_b4|32|1|1|4|20|0.000084|38.043574|0.000088|36.196798|0.00
[run ] n32_b16          | Len:     32 | Batch:    16 | Thr:20 | Fwd:    0.0023 ms     5.52 GF/s | Bwd:    0.0008 ms    16.50 GF/s | Mem:   0.01 MB
RESULT|avx512_logical|throughput|n32_b16|32|1|1|16|20|0.002320|5.516326|0.000776|16.499813|0.01
[run ] n32_b64          | Len:     32 | Batch:    64 | Thr:20 | Fwd:    0.0033 ms    15.55 GF/s | Bwd:    0.0013 ms    38.10 GF/s | Mem:   0.03 MB
RESULT|avx512_logical|throughput|n32_b64|32|1|1|64|20|0.003293|15.547280|0.001344|38.096215|0.03
[run ] n64_b1           | Len:     64 | Batch:     1 | Thr:20 | Fwd:    0.0000 ms    42.56 GF/s | Bwd:    0.0000 ms    42.56 GF/s | Mem:   0.00 MB
RESULT|avx512_logical|throughput|n64_b1|64|1|1|1|20|0.000045|42.563762|0.000045|42.563762|0.00
[run ] n64_b4           | Len:     64 | Batch:     4 | Thr:20 | Fwd:    0.0001 ms    65.90 GF/s | Bwd:    0.0001 ms    67.53 GF/s | Mem:   0.00 MB
RESULT|avx512_logical|throughput|n64_b4|64|1|1|4|20|0.000117|65.900685|0.000114|67.530932|0.00
[run ] n64_b16          | Len:     64 | Batch:    16 | Thr:20 | Fwd:    0.0010 ms    30.35 GF/s | Bwd:    0.0009 ms    33.13 GF/s | Mem:   0.02 MB
RESULT|avx512_logical|throughput|n64_b16|64|1|1|16|20|0.001012|30.350266|0.000927|33.126547|0.02
[run ] n64_b64          | Len:     64 | Batch:    64 | Thr:20 | Fwd:    0.0031 ms    39.31 GF/s | Bwd:    0.0017 ms    71.08 GF/s | Mem:   0.06 MB
RESULT|avx512_logical|throughput|n64_b64|64|1|1|64|20|0.003126|39.309604|0.001729|71.077349|0.06
[run ] n128_b1          | Len:    128 | Batch:     1 | Thr:20 | Fwd:    0.0001 ms    53.23 GF/s | Bwd:    0.0001 ms    55.89 GF/s | Mem:   0.00 MB
RESULT|avx512_logical|throughput|n128_b1|128|1|1|1|20|0.000084|53.230827|0.000080|55.890785|0.00
[run ] n128_b4          | Len:    128 | Batch:     4 | Thr:20 | Fwd:    0.0010 ms    18.82 GF/s | Bwd:    0.0010 ms    17.53 GF/s | Mem:   0.01 MB
RESULT|avx512_logical|throughput|n128_b4|128|1|1|4|20|0.000952|18.816825|0.001022|17.530888|0.01
[run ] n128_b16         | Len:    128 | Batch:    16 | Thr:20 | Fwd:    0.0015 ms    47.30 GF/s | Bwd:    0.0015 ms    47.66 GF/s | Mem:   0.03 MB
RESULT|avx512_logical|throughput|n128_b16|128|1|1|16|20|0.001515|47.301402|0.001504|47.662848|0.03
[run ] n128_b64         | Len:    128 | Batch:    64 | Thr:20 | Fwd:    0.0024 ms   117.54 GF/s | Bwd:    0.0020 ms   141.55 GF/s | Mem:   0.12 MB
RESULT|avx512_logical|throughput|n128_b64|128|1|1|64|20|0.002439|117.543822|0.002026|141.547886|0.12
[run ] n256_b1          | Len:    256 | Batch:     1 | Thr:20 | Fwd:    0.0002 ms    49.96 GF/s | Bwd:    0.0002 ms    53.78 GF/s | Mem:   0.00 MB
RESULT|avx512_logical|throughput|n256_b1|256|1|1|1|20|0.000205|49.964720|0.000190|53.781208|0.00
[run ] n256_b4          | Len:    256 | Batch:     4 | Thr:20 | Fwd:    0.0012 ms    34.11 GF/s | Bwd:    0.0012 ms    34.17 GF/s | Mem:   0.02 MB
RESULT|avx512_logical|throughput|n256_b4|256|1|1|4|20|0.001201|34.108698|0.001199|34.165677|0.02
[run ] n256_b16         | Len:    256 | Batch:    16 | Thr:20 | Fwd:    0.0019 ms    84.39 GF/s | Bwd:    0.0021 ms    79.24 GF/s | Mem:   0.06 MB
RESULT|avx512_logical|throughput|n256_b16|256|1|1|16|20|0.001941|84.388787|0.002068|79.239284|0.06
[run ] n256_b64         | Len:    256 | Batch:    64 | Thr:20 | Fwd:    0.0042 ms   157.69 GF/s | Bwd:    0.0028 ms   237.41 GF/s | Mem:   0.25 MB
RESULT|avx512_logical|throughput|n256_b64|256|1|1|64|20|0.004156|157.691239|0.002760|237.413981|0.25
[run ] n512_b1          | Len:    512 | Batch:     1 | Thr:20 | Fwd:    0.0003 ms    66.98 GF/s | Bwd:    0.0003 ms    66.18 GF/s | Mem:   0.01 MB
RESULT|avx512_logical|throughput|n512_b1|512|1|1|1|20|0.000344|66.978628|0.000348|66.180499|0.01
[run ] n512_b4          | Len:    512 | Batch:     4 | Thr:20 | Fwd:    0.0015 ms    60.20 GF/s | Bwd:    0.0015 ms    60.48 GF/s | Mem:   0.03 MB
RESULT|avx512_logical|throughput|n512_b4|512|1|1|4|20|0.001531|60.196695|0.001524|60.477354|0.03
[run ] n512_b16         | Len:    512 | Batch:    16 | Thr:20 | Fwd:    0.0024 ms   151.12 GF/s | Bwd:    0.0026 ms   142.79 GF/s | Mem:   0.12 MB
RESULT|avx512_logical|throughput|n512_b16|512|1|1|16|20|0.002439|151.115955|0.002582|142.792729|0.12
[run ] n512_b64         | Len:    512 | Batch:    64 | Thr:20 | Fwd:    0.0042 ms   349.50 GF/s | Bwd:    0.0038 ms   388.81 GF/s | Mem:   0.50 MB
RESULT|avx512_logical|throughput|n512_b64|512|1|1|64|20|0.004219|349.504001|0.003792|388.811886|0.50
[run ] n1024_b1         | Len:   1024 | Batch:     1 | Thr:20 | Fwd:    0.0008 ms    67.86 GF/s | Bwd:    0.0008 ms    68.09 GF/s | Mem:   0.02 MB
RESULT|avx512_logical|throughput|n1024_b1|1024|1|1|1|20|0.000755|67.855272|0.000752|68.091941|0.02
[run ] n1024_b4         | Len:   1024 | Batch:     4 | Thr:20 | Fwd:    0.0022 ms    95.09 GF/s | Bwd:    0.0023 ms    89.14 GF/s | Mem:   0.06 MB
RESULT|avx512_logical|throughput|n1024_b4|1024|1|1|4|20|0.002154|95.086615|0.002298|89.138644|0.06
[run ] n1024_b16        | Len:   1024 | Batch:    16 | Thr:20 | Fwd:    0.0037 ms   220.55 GF/s | Bwd:    0.0033 ms   246.58 GF/s | Mem:   0.25 MB
RESULT|avx512_logical|throughput|n1024_b16|1024|1|1|16|20|0.003714|220.548798|0.003322|246.575038|0.25
[run ] n1024_b64        | Len:   1024 | Batch:    64 | Thr:20 | Fwd:    0.0064 ms   509.70 GF/s | Bwd:    0.0072 ms   452.29 GF/s | Mem:   1.00 MB
RESULT|avx512_logical|throughput|n1024_b64|1024|1|1|64|20|0.006429|509.701436|0.007245|452.289283|1.00
[run ] n2048_b1         | Len:   2048 | Batch:     1 | Thr:20 | Fwd:    0.0019 ms    58.08 GF/s | Bwd:    0.0019 ms    58.92 GF/s | Mem:   0.03 MB
RESULT|avx512_logical|throughput|n2048_b1|2048|1|1|1|20|0.001939|58.077200|0.001912|58.920284|0.03
[run ] n2048_b4         | Len:   2048 | Batch:     4 | Thr:20 | Fwd:    0.0038 ms   117.80 GF/s | Bwd:    0.0035 ms   128.32 GF/s | Mem:   0.12 MB
RESULT|avx512_logical|throughput|n2048_b4|2048|1|1|4|20|0.003825|117.797964|0.003511|128.324638|0.12
[run ] n2048_b16        | Len:   2048 | Batch:    16 | Thr:20 | Fwd:    0.0048 ms   372.76 GF/s | Bwd:    0.0050 ms   362.88 GF/s | Mem:   0.50 MB
RESULT|avx512_logical|throughput|n2048_b16|2048|1|1|16|20|0.004835|372.760836|0.004966|362.879480|0.50
[run ] n2048_b64        | Len:   2048 | Batch:    64 | Thr:20 | Fwd:    0.0121 ms   594.30 GF/s | Bwd:    0.0121 ms   595.87 GF/s | Mem:   2.00 MB
RESULT|avx512_logical|throughput|n2048_b64|2048|1|1|64|20|0.012130|594.297901|0.012098|595.867274|2.00
[run ] n4096_b1         | Len:   4096 | Batch:     1 | Thr:20 | Fwd:    0.0043 ms    56.82 GF/s | Bwd:    0.0074 ms    33.37 GF/s | Mem:   0.06 MB
RESULT|avx512_logical|throughput|n4096_b1|4096|1|1|1|20|0.004325|56.816747|0.007365|33.369336|0.06
[run ] n4096_b4         | Len:   4096 | Batch:     4 | Thr:20 | Fwd:    0.0057 ms   173.61 GF/s | Bwd:    0.0058 ms   169.47 GF/s | Mem:   0.25 MB
RESULT|avx512_logical|throughput|n4096_b4|4096|1|1|4|20|0.005662|173.614409|0.005801|169.471286|0.25
[run ] n4096_b16        | Len:   4096 | Batch:    16 | Thr:20 | Fwd:    0.0083 ms   471.39 GF/s | Bwd:    0.0087 ms   449.89 GF/s | Mem:   1.00 MB
RESULT|avx512_logical|throughput|n4096_b16|4096|1|1|16|20|0.008342|471.394358|0.008740|449.891826|1.00
[run ] n4096_b64        | Len:   4096 | Batch:    64 | Thr:20 | Fwd:    0.0244 ms   643.51 GF/s | Bwd:    0.0248 ms   633.92 GF/s | Mem:   4.00 MB
RESULT|avx512_logical|throughput|n4096_b64|4096|1|1|64|20|0.024442|643.508579|0.024812|633.922801|4.00
[run ] n8192_b1         | Len:   8192 | Batch:     1 | Thr:20 | Fwd:    0.0097 ms    55.00 GF/s | Bwd:    0.0097 ms    54.83 GF/s | Mem:   0.12 MB
RESULT|avx512_logical|throughput|n8192_b1|8192|1|1|1|20|0.009682|54.996429|0.009712|54.829280|0.12
[run ] n8192_b4         | Len:   8192 | Batch:     4 | Thr:20 | Fwd:    0.0422 ms    50.49 GF/s | Bwd:    0.0449 ms    47.44 GF/s | Mem:   0.50 MB
RESULT|avx512_logical|throughput|n8192_b4|8192|1|1|4|20|0.042182|50.494127|0.044900|47.437487|0.50
[run ] n8192_b16        | Len:   8192 | Batch:    16 | Thr:20 | Fwd:    0.0169 ms   505.46 GF/s | Bwd:    0.0171 ms   498.77 GF/s | Mem:   2.00 MB
RESULT|avx512_logical|throughput|n8192_b16|8192|1|1|16|20|0.016855|505.464667|0.017081|498.769313|2.00
[run ] n8192_b64        | Len:   8192 | Batch:    64 | Thr:20 | Fwd:    0.0619 ms   550.71 GF/s | Bwd:    0.0625 ms   544.99 GF/s | Mem:   8.00 MB
RESULT|avx512_logical|throughput|n8192_b64|8192|1|1|64|20|0.061882|550.707267|0.062531|544.988838|8.00
[run ] n16384_b1        | Len:  16384 | Batch:     1 | Thr:20 | Fwd:    0.0123 ms    93.41 GF/s | Bwd:    0.0123 ms    93.24 GF/s | Mem:   0.25 MB
RESULT|avx512_logical|throughput|n16384_b1|16384|1|1|1|20|0.012278|93.408016|0.012300|93.241082|0.25
[run ] n16384_b4        | Len:  16384 | Batch:     4 | Thr:20 | Fwd:    0.4523 ms    10.14 GF/s | Bwd:    0.1103 ms    41.59 GF/s | Mem:   1.00 MB
RESULT|avx512_logical|throughput|n16384_b4|16384|1|1|4|20|0.452255|10.143651|0.110309|41.588054|1.00
[run ] n16384_b16       | Len:  16384 | Batch:    16 | Thr:20 | Fwd:    0.0372 ms   493.13 GF/s | Bwd:    0.0365 ms   502.12 GF/s | Mem:   4.00 MB
RESULT|avx512_logical|throughput|n16384_b16|16384|1|1|16|20|0.037212|493.127200|0.036546|502.115785|4.00
[run ] n16384_b64       | Len:  16384 | Batch:    64 | Thr:20 | Fwd:    0.1870 ms   392.43 GF/s | Bwd:    0.1870 ms   392.54 GF/s | Mem:  16.00 MB
RESULT|avx512_logical|throughput|n16384_b64|16384|1|1|64|20|0.187039|392.432649|0.186986|392.543832|16.00
[run ] n32768_b1        | Len:  32768 | Batch:     1 | Thr:20 | Fwd:    0.0272 ms    90.51 GF/s | Bwd:    0.0177 ms   138.50 GF/s | Mem:   0.50 MB
RESULT|avx512_logical|throughput|n32768_b1|32768|1|1|1|20|0.027153|90.508173|0.017744|138.504887|0.50
[run ] n32768_b4        | Len:  32768 | Batch:     4 | Thr:20 | Fwd:    0.2793 ms    35.19 GF/s | Bwd:    0.2864 ms    34.33 GF/s | Mem:   2.00 MB
RESULT|avx512_logical|throughput|n32768_b4|32768|1|1|4|20|0.279348|35.190486|0.286368|34.327854|2.00
[run ] n32768_b16       | Len:  32768 | Batch:    16 | Thr:20 | Fwd:    0.1153 ms   341.15 GF/s | Bwd:    0.1157 ms   339.74 GF/s | Mem:   8.00 MB
RESULT|avx512_logical|throughput|n32768_b16|32768|1|1|16|20|0.115262|341.148929|0.115741|339.739220|8.00
[run ] n32768_b64       | Len:  32768 | Batch:    64 | Thr:20 | Fwd:    0.8252 ms   190.60 GF/s | Bwd:    0.8200 ms   191.81 GF/s | Mem:  32.00 MB
RESULT|avx512_logical|throughput|n32768_b64|32768|1|1|64|20|0.825199|190.604220|0.820015|191.809163|32.00
[run ] n65536_b1        | Len:  65536 | Batch:     1 | Thr:20 | Fwd:    0.0347 ms   150.91 GF/s | Bwd:    0.0349 ms   150.13 GF/s | Mem:   1.00 MB
RESULT|avx512_logical|throughput|n65536_b1|65536|1|1|1|20|0.034741|150.914692|0.034923|150.127341|1.00
[run ] n65536_b4        | Len:  65536 | Batch:     4 | Thr:20 | Fwd:    0.1436 ms   146.08 GF/s | Bwd:    0.1439 ms   145.72 GF/s | Mem:   4.00 MB
RESULT|avx512_logical|throughput|n65536_b4|65536|1|1|4|20|0.143562|146.079851|0.143919|145.717724|4.00
[run ] n65536_b16       | Len:  65536 | Batch:    16 | Thr:20 | Fwd:    0.6052 ms   138.61 GF/s | Bwd:    0.4773 ms   175.75 GF/s | Mem:  16.00 MB
RESULT|avx512_logical|throughput|n65536_b16|65536|1|1|16|20|0.605190|138.611182|0.477297|175.752400|16.00
[run ] n65536_b64       | Len:  65536 | Batch:    64 | Thr:20 | Fwd:    3.0819 ms   108.88 GF/s | Bwd:    2.4331 ms   137.91 GF/s | Mem:  64.00 MB
RESULT|avx512_logical|throughput|n65536_b64|65536|1|1|64|20|3.081904|108.875670|2.433083|137.909091|64.00
[run ] n131072_b1       | Len: 131072 | Batch:     1 | Thr:20 | Fwd:    0.0669 ms   166.65 GF/s | Bwd:    0.0669 ms   166.54 GF/s | Mem:   2.00 MB
RESULT|avx512_logical|throughput|n131072_b1|131072|1|1|1|20|0.066852|166.653153|0.066897|166.540304|2.00
[run ] n131072_b4       | Len: 131072 | Batch:     4 | Thr:20 | Fwd:    0.2734 ms   163.01 GF/s | Bwd:    0.2923 ms   152.47 GF/s | Mem:   8.00 MB
RESULT|avx512_logical|throughput|n131072_b4|131072|1|1|4|20|0.273392|163.005561|0.292281|152.471127|8.00
[run ] n131072_b16      | Len: 131072 | Batch:    16 | Thr:20 | Fwd:    1.6334 ms   109.13 GF/s | Bwd:    1.6342 ms   109.08 GF/s | Mem:  32.00 MB
RESULT|avx512_logical|throughput|n131072_b16|131072|1|1|16|20|1.633447|109.129883|1.634181|109.080871|32.00
[run ] n131072_b64      | Len: 131072 | Batch:    64 | Thr:20 | Fwd:    7.5314 ms    94.67 GF/s | Bwd:    7.3926 ms    96.45 GF/s | Mem: 128.00 MB
RESULT|avx512_logical|throughput|n131072_b64|131072|1|1|64|20|7.531414|94.674349|7.392585|96.452278|128.00
[run ] n262144_b1       | Len: 262144 | Batch:     1 | Thr:20 | Fwd:    0.1419 ms   166.30 GF/s | Bwd:    0.1433 ms   164.67 GF/s | Mem:   4.00 MB
RESULT|avx512_logical|throughput|n262144_b1|262144|1|1|1|20|0.141866|166.304354|0.143277|164.666242|4.00
[run ] n262144_b4       | Len: 262144 | Batch:     4 | Thr:20 | Fwd:    0.6374 ms   148.05 GF/s | Bwd:    0.9330 ms   101.15 GF/s | Mem:  16.00 MB
RESULT|avx512_logical|throughput|n262144_b4|262144|1|1|4|20|0.637425|148.051767|0.932951|101.154084|16.00
[run ] n262144_b16      | Len: 262144 | Batch:    16 | Thr:20 | Fwd:    4.0284 ms    93.71 GF/s | Bwd:    4.0348 ms    93.56 GF/s | Mem:  64.00 MB
RESULT|avx512_logical|throughput|n262144_b16|262144|1|1|16|20|4.028360|93.707463|4.034771|93.558565|64.00
[run ] n262144_b64      | Len: 262144 | Batch:    64 | Thr:20 | Fwd:   16.7903 ms    89.93 GF/s | Bwd:   19.7532 ms    76.44 GF/s | Mem: 256.00 MB
RESULT|avx512_logical|throughput|n262144_b64|262144|1|1|64|20|16.790342|89.929639|19.753211|76.440709|256.00
[run ] n524288_b1       | Len: 524288 | Batch:     1 | Thr:20 | Fwd:    0.2822 ms   176.52 GF/s | Bwd:    0.2650 ms   187.97 GF/s | Mem:   8.00 MB
RESULT|avx512_logical|throughput|n524288_b1|524288|1|1|1|20|0.282162|176.520618|0.264981|187.965824|8.00
[run ] n524288_b4       | Len: 524288 | Batch:     4 | Thr:20 | Fwd:    2.1758 ms    91.57 GF/s | Bwd:    1.6195 ms   123.02 GF/s | Mem:  32.00 MB
RESULT|avx512_logical|throughput|n524288_b4|524288|1|1|4|20|2.175823|91.565098|1.619487|123.020067|32.00
[run ] n524288_b16      | Len: 524288 | Batch:    16 | Thr:20 | Fwd:    8.1861 ms    97.35 GF/s | Bwd:   12.7984 ms    62.27 GF/s | Mem: 128.00 MB
RESULT|avx512_logical|throughput|n524288_b16|524288|1|1|16|20|8.186147|97.349556|12.798394|62.267013|128.00
[run ] n524288_b64      | Len: 524288 | Batch:    64 | Thr:20 | Fwd:   29.5593 ms   107.84 GF/s | Bwd:   28.8719 ms   110.41 GF/s | Mem: 512.00 MB
RESULT|avx512_logical|throughput|n524288_b64|524288|1|1|64|20|29.559348|107.839694|28.871949|110.407200|512.00
[run ] n1048576_b1      | Len:1048576 | Batch:     1 | Thr:20 | Fwd:    0.5472 ms   191.64 GF/s | Bwd:    0.5337 ms   196.49 GF/s | Mem:  16.00 MB
RESULT|avx512_logical|throughput|n1048576_b1|1048576|1|1|1|20|0.547154|191.641725|0.533663|196.486411|16.00
[run ] n1048576_b4      | Len:1048576 | Batch:     4 | Thr:20 | Fwd:    3.4919 ms   120.12 GF/s | Bwd:    3.5016 ms   119.78 GF/s | Mem:  64.00 MB
RESULT|avx512_logical|throughput|n1048576_b4|1048576|1|1|4|20|3.491864|120.116468|3.501637|119.781229|64.00
[run ] n1048576_b16     | Len:1048576 | Batch:    16 | Thr:20 | Fwd:   14.4893 ms   115.79 GF/s | Bwd:   14.8149 ms   113.25 GF/s | Mem: 256.00 MB
RESULT|avx512_logical|throughput|n1048576_b16|1048576|1|1|16|20|14.489285|115.790506|14.814867|113.245811|256.00
[run ] n1048576_b64     | Len:1048576 | Batch:    64 | Thr:20 | Fwd:   62.5807 ms   107.24 GF/s | Bwd:   76.8864 ms    87.28 GF/s | Mem:1024.00 MB
RESULT|avx512_logical|throughput|n1048576_b64|1048576|1|1|64|20|62.580717|107.235690|76.886431|87.283104|1024.00
[run ] n2097152_b1      | Len:2097152 | Batch:     1 | Thr:20 | Fwd:    6.2418 ms    35.28 GF/s | Bwd:    2.4609 ms    89.48 GF/s | Mem:  32.00 MB
RESULT|avx512_logical|throughput|n2097152_b1|2097152|1|1|1|20|6.241840|35.278211|2.460939|89.478449|32.00
[run ] n2097152_b4      | Len:2097152 | Batch:     4 | Thr:20 | Fwd:   14.3371 ms    61.44 GF/s | Bwd:   15.3660 ms    57.32 GF/s | Mem: 128.00 MB
RESULT|avx512_logical|throughput|n2097152_b4|2097152|1|1|4|20|14.337112|61.435234|15.366042|57.321453|128.00
[run ] n2097152_b16     | Len:2097152 | Batch:    16 | Thr:20 | Fwd:   70.0518 ms    50.29 GF/s | Bwd:   69.5601 ms    50.65 GF/s | Mem: 512.00 MB
RESULT|avx512_logical|throughput|n2097152_b16|2097152|1|1|16|20|70.051849|50.294395|69.560070|50.649968|512.00
[run ] n2097152_b64     | Len:2097152 | Batch:    64 | Thr:20 | Fwd:  220.2846 ms    63.98 GF/s | Bwd:  286.8937 ms    49.12 GF/s | Mem:2048.00 MB
RESULT|avx512_logical|throughput|n2097152_b64|2097152|1|1|64|20|220.284595|63.975701|286.893661|49.122247|2048.00
[run ] n4194304_b1      | Len:4194304 | Batch:     1 | Thr:20 | Fwd:   13.5675 ms    34.01 GF/s | Bwd:   11.4089 ms    40.44 GF/s | Mem:  64.00 MB
RESULT|avx512_logical|throughput|n4194304_b1|4194304|1|1|1|20|13.567506|34.005765|11.408873|40.439878|64.00
[run ] n4194304_b4      | Len:4194304 | Batch:     4 | Thr:20 | Fwd:   48.1524 ms    38.33 GF/s | Bwd:   48.9462 ms    37.70 GF/s | Mem: 256.00 MB
RESULT|avx512_logical|throughput|n4194304_b4|4194304|1|1|4|20|48.152385|38.326113|48.946190|37.704544|256.00
[run ] n4194304_b16     | Len:4194304 | Batch:    16 | Thr:20 | Fwd:  205.5926 ms    35.91 GF/s | Bwd:  230.2604 ms    32.06 GF/s | Mem:1024.00 MB
RESULT|avx512_logical|throughput|n4194304_b16|4194304|1|1|16|20|205.592638|35.905834|230.260370|32.059251|1024.00
[skip] n4194304_b64     | Len:4194304 | Batch:    64 | Thr:20 | Mem: 4096.0 MB > limit 3072.0 MB
SKIP|avx512_logical|throughput|n4194304_b64|4194304|1|1|64|20|4096.00|memory_limit

Benchmark workload complete.


real	0m54.678s
user	13m53.232s
sys	0m7.138s
[DONE] avx512_logical

============================================================
ALL RUNS COMPLETE
Log    : /home/nikhil/workspace/xeon-fft-bench/src/1-d-fft/fft_logs/latest_run/more_batches/20260225_115529/runs/run05/fft_benchmark_20260225_121721.log
Report : /home/nikhil/workspace/xeon-fft-bench/src/1-d-fft/fft_logs/latest_run/more_batches/20260225_115529/runs/run05/fft_benchmark_20260225_121721.report.md
Lines  : 591
Done at: Wed Feb 25 12:22:01 IST 2026
============================================================

Quick inspect:
  grep '^PROFILE|' /home/nikhil/workspace/xeon-fft-bench/src/1-d-fft/fft_logs/latest_run/more_batches/20260225_115529/runs/run05/fft_benchmark_20260225_121721.log
  grep '^RESULT|' /home/nikhil/workspace/xeon-fft-bench/src/1-d-fft/fft_logs/latest_run/more_batches/20260225_115529/runs/run05/fft_benchmark_20260225_121721.log | head
  cat /home/nikhil/workspace/xeon-fft-bench/src/1-d-fft/fft_logs/latest_run/more_batches/20260225_115529/runs/run05/fft_benchmark_20260225_121721.report.md
