
############################################################
# FFT BENCHMARK (Intel oneMKL DFTI, 1D, single precision)  #
############################################################
profile_id       : vtune_ports_20t
profile_desc     : vtune ports 20t
workload         : throughput
threads(cli)     : 20
mkl max threads  : 20
timed runs       : 20
warmup runs      : 5
mem cap (MB)     : 3072.0
lengths: 8192
batches: 16
thread_set: 1,2,4,8,10,20
batch_scale_set: 1,4,16,64,256
scale_length     : 16384
scale_batch      : 64
scale_threads    : 20


====================================================================
WORKLOAD: throughput (length x batch at fixed thread count)
====================================================================
threads=20
[run ] n8192_b16        | Len:   8192 | Batch:    16 | Thr:20 | Fwd:    0.0167 ms   510.91 GF/s | Bwd:    0.0169 ms   503.54 GF/s | Mem:   2.00 MB
RESULT|vtune_ports_20t|throughput|n8192_b16|8192|1|1|16|20|0.016675|510.910868|0.016920|503.540126|2.00

Benchmark workload complete.

