============================================================
GPU FFT RUN run03
Date: Mon Mar 16 14:25:32 IST 2026
Host: aorus
============================================================
CONFIG|BENCH_NRUNS|20
CONFIG|BENCH_WARMUP|5
CONFIG|BENCH_MAX_MEM_MB|8192
CONFIG|BENCH_MIN_TOTAL_MS|50
CONFIG|BENCH_MAX_ADAPT_ITERS|100000000
CONFIG|BENCH_VALIDATE|1
CONFIG|BENCH_VALIDATE_TOL|1e-4
CONFIG|BENCH_VALIDATE_STRICT|1
CONFIG|BENCH_STREAM_MODE|1
CONFIG|BENCH_STREAM_TARGET_MB|128
CONFIG|BENCH_STREAM_MIN_SLOTS|2
CONFIG|BENCH_STREAM_MAX_SLOTS|262144
CONFIG|THROUGHPUT_LENGTHS|2,4,8,16,32,64,128,256,512,1024,2048,4096,8192,16384,32768,65536,131072,262144,524288,1048576,2097152,4194304
CONFIG|THROUGHPUT_BATCHES|1
PROFILE|gpu_5001MHz|cuFFT cache-no-reuse batch=1 large-N sweep (memory clock at 5001 MHz)|CUDA_CUFFT|1|throughput|2,4,8,16,32,64,128,256,512,1024,2048,4096,8192,16384,32768,65536,131072,262144,524288,1048576,2097152,4194304|1|gpu_run_5001MHz

############################################################
# FFT BENCHMARK (cuFFT, 1D, single precision)              #
############################################################
profile_id       : gpu_5001MHz
profile_desc     : cuFFT cache-no-reuse batch=1 large-N sweep (memory clock at 5001 MHz)
workload         : throughput
device_index     : 0
timed runs       : 20
warmup runs      : 5
min total ms     : 50.0
max adapt iters  : 100000000
validate         : 1
validate tol     : 1.000e-04
validate strict  : 1
stream mode      : 1
stream target MB : 128.0
stream min slots : 2
stream max slots : 262144
mem cap (MB)     : 8192.0
threads_field    : 1
lengths: 2,4,8,16,32,64,128,256,512,1024,2048,4096,8192,16384,32768,65536,131072,262144,524288,1048576,2097152,4194304
batches: 1
gpu_name         : NVIDIA GeForce RTX 3080
compute_cap      : 8.6
sm_count         : 68
warp_size        : 32
max_threads_sm   : 1536
max_threads_blk  : 1024
global_mem_mb    : 9872.4


====================================================================
WORKLOAD: throughput (length x batch at fixed CUDA profile)
====================================================================
threads_field=1
CHECK|gpu_5001MHz|throughput|n2_b1|2|1|1|1|1|0.00000000e+00|0.00000000e+00|1.00000000e-04|PASS
[run ] n2_b1            | Len:      2 | Batch:     1 | Thr: 1 | Fwd:    0.0027 ms     0.00 GF/s (iters:18722) | Bwd:    0.0027 ms     0.00 GF/s (iters:18754) | Slots: 262144 | Mem:     8.00 MB | Work:    0.00 MB
RESULT|gpu_5001MHz|throughput|n2_b1|2|1|1|1|1|0.002673|0.003741|0.002681|0.003731|8.00|262144|0.00
CHECK|gpu_5001MHz|throughput|n4_b1|4|1|1|1|1|0.00000000e+00|0.00000000e+00|1.00000000e-04|PASS
[run ] n4_b1            | Len:      4 | Batch:     1 | Thr: 1 | Fwd:    0.0031 ms     0.01 GF/s (iters:16369) | Bwd:    0.0031 ms     0.01 GF/s (iters:16373) | Slots: 262144 | Mem:    16.00 MB | Work:    0.00 MB
RESULT|gpu_5001MHz|throughput|n4_b1|4|1|1|1|1|0.003055|0.013091|0.003054|0.013098|16.00|262144|0.00
CHECK|gpu_5001MHz|throughput|n8_b1|8|1|1|1|1|6.20513738e-08|7.02886368e-08|1.00000000e-04|PASS
[run ] n8_b1            | Len:      8 | Batch:     1 | Thr: 1 | Fwd:    0.0030 ms     0.04 GF/s (iters:16802) | Bwd:    0.0030 ms     0.04 GF/s (iters:16836) | Slots: 262144 | Mem:    32.00 MB | Work:    0.00 MB
RESULT|gpu_5001MHz|throughput|n8_b1|8|1|1|1|1|0.003005|0.039937|0.002981|0.040257|32.00|262144|0.00
CHECK|gpu_5001MHz|throughput|n16_b1|16|1|1|1|1|4.67280632e-08|6.66400187e-08|1.00000000e-04|PASS
[run ] n16_b1           | Len:     16 | Batch:     1 | Thr: 1 | Fwd:    0.0030 ms     0.11 GF/s (iters:16567) | Bwd:    0.0030 ms     0.11 GF/s (iters:16618) | Slots: 262144 | Mem:    64.00 MB | Work:    0.00 MB
RESULT|gpu_5001MHz|throughput|n16_b1|16|1|1|1|1|0.003030|0.105607|0.003009|0.106345|64.00|262144|0.00
CHECK|gpu_5001MHz|throughput|n32_b1|32|1|1|1|1|1.13990442e-07|2.45756246e-07|1.00000000e-04|PASS
[run ] n32_b1           | Len:     32 | Batch:     1 | Thr: 1 | Fwd:    0.0036 ms     0.22 GF/s (iters:13965) | Bwd:    0.0036 ms     0.22 GF/s (iters:13961) | Slots: 262144 | Mem:   128.00 MB | Work:    0.00 MB
RESULT|gpu_5001MHz|throughput|n32_b1|32|1|1|1|1|0.003582|0.223363|0.003583|0.223253|128.00|262144|0.00
CHECK|gpu_5001MHz|throughput|n64_b1|64|1|1|1|1|8.32402053e-08|1.33280037e-07|1.00000000e-04|PASS
[run ] n64_b1           | Len:     64 | Batch:     1 | Thr: 1 | Fwd:    0.0035 ms     0.55 GF/s (iters:14387) | Bwd:    0.0035 ms     0.55 GF/s (iters:14405) | Slots: 131072 | Mem:   128.00 MB | Work:    0.00 MB
RESULT|gpu_5001MHz|throughput|n64_b1|64|1|1|1|1|0.003476|0.552304|0.003479|0.551865|128.00|131072|0.00
CHECK|gpu_5001MHz|throughput|n128_b1|128|1|1|1|1|1.12463852e-07|1.99920056e-07|1.00000000e-04|PASS
[run ] n128_b1          | Len:    128 | Batch:     1 | Thr: 1 | Fwd:    0.0038 ms     1.17 GF/s (iters:13088) | Bwd:    0.0038 ms     1.17 GF/s (iters:13088) | Slots:  65536 | Mem:   128.00 MB | Work:    0.00 MB
RESULT|gpu_5001MHz|throughput|n128_b1|128|1|1|1|1|0.003825|1.171299|0.003822|1.172016|128.00|65536|0.00
CHECK|gpu_5001MHz|throughput|n256_b1|256|1|1|1|1|1.33346435e-07|3.62560900e-07|1.00000000e-04|PASS
[run ] n256_b1          | Len:    256 | Batch:     1 | Thr: 1 | Fwd:    0.0036 ms     2.83 GF/s (iters:13828) | Bwd:    0.0036 ms     2.84 GF/s (iters:13853) | Slots:  32768 | Mem:   128.00 MB | Work:    0.00 MB
RESULT|gpu_5001MHz|throughput|n256_b1|256|1|1|1|1|0.003623|2.826714|0.003610|2.836869|128.00|32768|0.00
CHECK|gpu_5001MHz|throughput|n512_b1|512|1|1|1|1|2.87155450e-07|6.75829677e-07|1.00000000e-04|PASS
[run ] n512_b1          | Len:    512 | Batch:     1 | Thr: 1 | Fwd:    0.0042 ms     5.54 GF/s (iters:12037) | Bwd:    0.0042 ms     5.54 GF/s (iters:12028) | Slots:  16384 | Mem:   128.01 MB | Work:    0.00 MB
RESULT|gpu_5001MHz|throughput|n512_b1|512|1|1|1|1|0.004155|5.544733|0.004158|5.541619|128.01|16384|0.00
CHECK|gpu_5001MHz|throughput|n1024_b1|1024|1|1|1|1|2.26410131e-07|7.27567411e-07|1.00000000e-04|PASS
[run ] n1024_b1         | Len:   1024 | Batch:     1 | Thr: 1 | Fwd:    0.0045 ms    11.50 GF/s (iters:11228) | Bwd:    0.0045 ms    11.50 GF/s (iters:11229) | Slots:   8192 | Mem:   128.02 MB | Work:    0.01 MB
RESULT|gpu_5001MHz|throughput|n1024_b1|1024|1|1|1|1|0.004454|11.495618|0.004453|11.497819|128.02|8192|0.01
CHECK|gpu_5001MHz|throughput|n2048_b1|2048|1|1|1|1|2.00081709e-07|5.62309094e-07|1.00000000e-04|PASS
[run ] n2048_b1         | Len:   2048 | Batch:     1 | Thr: 1 | Fwd:    0.0054 ms    21.05 GF/s (iters:9348) | Bwd:    0.0054 ms    21.03 GF/s (iters:9338) | Slots:   4096 | Mem:   128.03 MB | Work:    0.02 MB
RESULT|gpu_5001MHz|throughput|n2048_b1|2048|1|1|1|1|0.005351|21.049314|0.005355|21.033698|128.03|4096|0.02
CHECK|gpu_5001MHz|throughput|n4096_b1|4096|1|1|1|1|2.05589312e-07|6.50892546e-07|1.00000000e-04|PASS
[run ] n4096_b1         | Len:   4096 | Batch:     1 | Thr: 1 | Fwd:    0.0059 ms    41.45 GF/s (iters:8436) | Bwd:    0.0059 ms    41.39 GF/s (iters:8442) | Slots:   2048 | Mem:   128.06 MB | Work:    0.03 MB
RESULT|gpu_5001MHz|throughput|n4096_b1|4096|1|1|1|1|0.005928|41.454598|0.005938|41.387426|128.06|2048|0.03
CHECK|gpu_5001MHz|throughput|n8192_b1|8192|1|1|1|1|3.09557456e-07|9.12262670e-07|1.00000000e-04|PASS
[run ] n8192_b1         | Len:   8192 | Batch:     1 | Thr: 1 | Fwd:    0.0095 ms    56.25 GF/s (iters:5284) | Bwd:    0.0095 ms    56.29 GF/s (iters:5287) | Slots:   1024 | Mem:   128.12 MB | Work:    0.06 MB
RESULT|gpu_5001MHz|throughput|n8192_b1|8192|1|1|1|1|0.009466|56.254199|0.009460|56.286137|128.12|1024|0.06
CHECK|gpu_5001MHz|throughput|n16384_b1|16384|1|1|1|1|2.11460041e-07|7.91867391e-07|1.00000000e-04|PASS
[run ] n16384_b1        | Len:  16384 | Batch:     1 | Thr: 1 | Fwd:    0.0126 ms    90.97 GF/s (iters:3970) | Bwd:    0.0126 ms    91.08 GF/s (iters:3986) | Slots:    512 | Mem:   128.25 MB | Work:    0.12 MB
RESULT|gpu_5001MHz|throughput|n16384_b1|16384|1|1|1|1|0.012607|90.969409|0.012593|91.075117|128.25|512|0.12
CHECK|gpu_5001MHz|throughput|n32768_b1|32768|1|1|1|1|2.19463275e-07|6.95103633e-07|1.00000000e-04|PASS
[run ] n32768_b1        | Len:  32768 | Batch:     1 | Thr: 1 | Fwd:    0.0106 ms   231.80 GF/s (iters:4740) | Bwd:    0.0106 ms   232.48 GF/s (iters:4743) | Slots:    256 | Mem:   128.50 MB | Work:    0.25 MB
RESULT|gpu_5001MHz|throughput|n32768_b1|32768|1|1|1|1|0.010602|231.803741|0.010571|232.481001|128.50|256|0.25
CHECK|gpu_5001MHz|throughput|n65536_b1|65536|1|1|1|1|2.26633256e-07|6.88040041e-07|1.00000000e-04|PASS
[run ] n65536_b1        | Len:  65536 | Batch:     1 | Thr: 1 | Fwd:    0.0110 ms   477.09 GF/s (iters:4553) | Bwd:    0.0107 ms   489.86 GF/s (iters:4672) | Slots:    128 | Mem:   129.00 MB | Work:    0.50 MB
RESULT|gpu_5001MHz|throughput|n65536_b1|65536|1|1|1|1|0.010989|477.085679|0.010703|489.855839|129.00|128|0.50
CHECK|gpu_5001MHz|throughput|n131072_b1|131072|1|1|1|1|2.15206213e-07|7.87403358e-07|1.00000000e-04|PASS
[run ] n131072_b1       | Len: 131072 | Batch:     1 | Thr: 1 | Fwd:    0.0142 ms   786.22 GF/s (iters:3556) | Bwd:    0.0142 ms   785.50 GF/s (iters:3526) | Slots:     64 | Mem:   130.00 MB | Work:    1.00 MB
RESULT|gpu_5001MHz|throughput|n131072_b1|131072|1|1|1|1|0.014170|786.223679|0.014184|785.496851|130.00|64|1.00
CHECK|gpu_5001MHz|throughput|n262144_b1|262144|1|1|1|1|2.01504460e-07|7.83976700e-07|1.00000000e-04|PASS
[run ] n262144_b1       | Len: 262144 | Batch:     1 | Thr: 1 | Fwd:    0.0235 ms  1002.78 GF/s (iters:2127) | Bwd:    0.0235 ms  1005.04 GF/s (iters:2130) | Slots:     32 | Mem:   132.00 MB | Work:    2.00 MB
RESULT|gpu_5001MHz|throughput|n262144_b1|262144|1|1|1|1|0.023527|1002.784510|0.023475|1005.042077|132.00|32|2.00
CHECK|gpu_5001MHz|throughput|n524288_b1|524288|1|1|1|1|2.82680461e-07|1.09945933e-06|1.00000000e-04|PASS
[run ] n524288_b1       | Len: 524288 | Batch:     1 | Thr: 1 | Fwd:    0.0429 ms  1162.27 GF/s (iters:1167) | Bwd:    0.0429 ms  1162.22 GF/s (iters:1167) | Slots:     16 | Mem:   136.00 MB | Work:    4.00 MB
RESULT|gpu_5001MHz|throughput|n524288_b1|524288|1|1|1|1|0.042854|1162.268707|0.042855|1162.221101|136.00|16|4.00
CHECK|gpu_5001MHz|throughput|n1048576_b1|1048576|1|1|1|1|3.60532806e-07|1.39689942e-06|1.00000000e-04|PASS
[run ] n1048576_b1      | Len:1048576 | Batch:     1 | Thr: 1 | Fwd:    0.0993 ms  1055.46 GF/s (iters:504) | Bwd:    0.0994 ms  1054.79 GF/s (iters:504) | Slots:      8 | Mem:   144.00 MB | Work:    8.00 MB
RESULT|gpu_5001MHz|throughput|n1048576_b1|1048576|1|1|1|1|0.099348|1055.455572|0.099411|1054.785540|144.00|8|8.00
CHECK|gpu_5001MHz|throughput|n2097152_b1|2097152|1|1|1|1|3.35097735e-07|1.26721213e-06|1.00000000e-04|PASS
[run ] n2097152_b1      | Len:2097152 | Batch:     1 | Thr: 1 | Fwd:    0.1988 ms  1107.64 GF/s (iters:252) | Bwd:    0.1989 ms  1107.03 GF/s (iters:252) | Slots:      4 | Mem:   160.00 MB | Work:   16.00 MB
RESULT|gpu_5001MHz|throughput|n2097152_b1|2097152|1|1|1|1|0.198802|1107.637231|0.198912|1107.027028|160.00|4|16.00
CHECK|gpu_5001MHz|throughput|n4194304_b1|4194304|1|1|1|1|3.06491559e-07|1.25311589e-06|1.00000000e-04|PASS
[run ] n4194304_b1      | Len:4194304 | Batch:     1 | Thr: 1 | Fwd:    0.4000 ms  1153.41 GF/s (iters:125) | Bwd:    0.3960 ms  1165.02 GF/s (iters:127) | Slots:      2 | Mem:   192.00 MB | Work:   32.00 MB
RESULT|gpu_5001MHz|throughput|n4194304_b1|4194304|1|1|1|1|0.400007|1153.412920|0.396022|1165.019940|192.00|2|32.00

Benchmark workload complete.

============================================================
RUN COMPLETE run03
============================================================
