============================================================
GPU FFT RUN run03
Date: Fri Mar 13 12:20:52 IST 2026
Host: aorus
============================================================
CONFIG|BENCH_NRUNS|20
CONFIG|BENCH_WARMUP|5
CONFIG|BENCH_MAX_MEM_MB|8192
CONFIG|BENCH_MIN_TOTAL_MS|50
CONFIG|BENCH_MAX_ADAPT_ITERS|100000000
CONFIG|BENCH_VALIDATE|1
CONFIG|BENCH_VALIDATE_TOL|1e-4
CONFIG|BENCH_VALIDATE_STRICT|1
CONFIG|BENCH_STREAM_MODE|1
CONFIG|BENCH_STREAM_TARGET_MB|128
CONFIG|BENCH_STREAM_MIN_SLOTS|2
CONFIG|BENCH_STREAM_MAX_SLOTS|262144
CONFIG|THROUGHPUT_LENGTHS|2,4,8,16,32,64,128,256,512,1024,2048,4096,8192,16384,32768,65536
CONFIG|THROUGHPUT_BATCHES|1,10,16,150,256,1024
PROFILE|gpu_cache_noreuse|cuFFT cache-no-reuse (streaming slot rotation on device memory)|CUDA_CUFFT|1|throughput|2,4,8,16,32,64,128,256,512,1024,2048,4096,8192,16384,32768,65536|1,10,16,150,256,1024|run_gpu_cache_noreuse

############################################################
# FFT BENCHMARK (cuFFT, 1D, single precision)              #
############################################################
profile_id       : gpu_cache_noreuse
profile_desc     : cuFFT cache-no-reuse (streaming slot rotation on device memory)
workload         : throughput
device_index     : 0
timed runs       : 20
warmup runs      : 5
min total ms     : 50.0
max adapt iters  : 100000000
validate         : 1
validate tol     : 1.000e-04
validate strict  : 1
stream mode      : 1
stream target MB : 128.0
stream min slots : 2
stream max slots : 262144
mem cap (MB)     : 8192.0
threads_field    : 1
lengths: 2,4,8,16,32,64,128,256,512,1024,2048,4096,8192,16384,32768,65536
batches: 1,10,16,150,256,1024
gpu_name         : NVIDIA GeForce RTX 3080
compute_cap      : 8.6
sm_count         : 68
warp_size        : 32
max_threads_sm   : 1536
max_threads_blk  : 1024
global_mem_mb    : 9872.4


====================================================================
WORKLOAD: throughput (length x batch at fixed CUDA profile)
====================================================================
threads_field=1
CHECK|gpu_cache_noreuse|throughput|n2_b1|2|1|1|1|1|0.00000000e+00|0.00000000e+00|1.00000000e-04|PASS
[run ] n2_b1            | Len:      2 | Batch:     1 | Thr: 1 | Fwd:    0.0018 ms     0.01 GF/s (iters:27411) | Bwd:    0.0018 ms     0.01 GF/s (iters:28238) | Slots: 262144 | Mem:     8.00 MB | Work:    0.00 MB
RESULT|gpu_cache_noreuse|throughput|n2_b1|2|1|1|1|1|0.001825|0.005478|0.001777|0.005629|8.00|262144|0.00
CHECK|gpu_cache_noreuse|throughput|n2_b10|2|1|1|10|1|0.00000000e+00|0.00000000e+00|1.00000000e-04|PASS
[run ] n2_b10           | Len:      2 | Batch:    10 | Thr: 1 | Fwd:    0.0020 ms     0.05 GF/s (iters:26363) | Bwd:    0.0020 ms     0.05 GF/s (iters:25700) | Slots: 262144 | Mem:    80.00 MB | Work:    0.00 MB
RESULT|gpu_cache_noreuse|throughput|n2_b10|2|1|1|10|1|0.001989|0.050287|0.001987|0.050337|80.00|262144|0.00
CHECK|gpu_cache_noreuse|throughput|n2_b16|2|1|1|16|1|0.00000000e+00|0.00000000e+00|1.00000000e-04|PASS
[run ] n2_b16           | Len:      2 | Batch:    16 | Thr: 1 | Fwd:    0.0020 ms     0.08 GF/s (iters:25168) | Bwd:    0.0019 ms     0.08 GF/s (iters:25864) | Slots: 262144 | Mem:   128.00 MB | Work:    0.00 MB
RESULT|gpu_cache_noreuse|throughput|n2_b16|2|1|1|16|1|0.001989|0.080439|0.001934|0.082746|128.00|262144|0.00
CHECK|gpu_cache_noreuse|throughput|n2_b150|2|1|1|150|1|0.00000000e+00|0.00000000e+00|1.00000000e-04|PASS
[run ] n2_b150          | Len:      2 | Batch:   150 | Thr: 1 | Fwd:    0.0020 ms     0.74 GF/s (iters:24670) | Bwd:    0.0020 ms     0.74 GF/s (iters:24834) | Slots:  27963 | Mem:   128.01 MB | Work:    0.00 MB
RESULT|gpu_cache_noreuse|throughput|n2_b150|2|1|1|150|1|0.002028|0.739801|0.002018|0.743439|128.01|27963|0.00
CHECK|gpu_cache_noreuse|throughput|n2_b256|2|1|1|256|1|0.00000000e+00|0.00000000e+00|1.00000000e-04|PASS
[run ] n2_b256          | Len:      2 | Batch:   256 | Thr: 1 | Fwd:    0.0021 ms     1.25 GF/s (iters:24630) | Bwd:    0.0018 ms     1.41 GF/s (iters:27490) | Slots:  16384 | Mem:   128.01 MB | Work:    0.00 MB
RESULT|gpu_cache_noreuse|throughput|n2_b256|2|1|1|256|1|0.002052|1.247619|0.001819|1.407146|128.01|16384|0.00
CHECK|gpu_cache_noreuse|throughput|n2_b1024|2|1|1|1024|1|0.00000000e+00|0.00000000e+00|1.00000000e-04|PASS
[run ] n2_b1024         | Len:      2 | Batch:  1024 | Thr: 1 | Fwd:    0.0019 ms     5.49 GF/s (iters:26789) | Bwd:    0.0019 ms     5.52 GF/s (iters:26973) | Slots:   4096 | Mem:   128.03 MB | Work:    0.02 MB
RESULT|gpu_cache_noreuse|throughput|n2_b1024|2|1|1|1024|1|0.001867|5.485390|0.001854|5.523141|128.03|4096|0.02
CHECK|gpu_cache_noreuse|throughput|n4_b1|4|1|1|1|1|0.00000000e+00|0.00000000e+00|1.00000000e-04|PASS
[run ] n4_b1            | Len:      4 | Batch:     1 | Thr: 1 | Fwd:    0.0018 ms     0.02 GF/s (iters:28154) | Bwd:    0.0018 ms     0.02 GF/s (iters:28277) | Slots: 262144 | Mem:    16.00 MB | Work:    0.00 MB
RESULT|gpu_cache_noreuse|throughput|n4_b1|4|1|1|1|1|0.001777|0.022514|0.001769|0.022617|16.00|262144|0.00
CHECK|gpu_cache_noreuse|throughput|n4_b10|4|1|1|10|1|0.00000000e+00|0.00000000e+00|1.00000000e-04|PASS
[run ] n4_b10           | Len:      4 | Batch:    10 | Thr: 1 | Fwd:    0.0022 ms     0.18 GF/s (iters:23116) | Bwd:    0.0022 ms     0.18 GF/s (iters:23118) | Slots: 209716 | Mem:   128.00 MB | Work:    0.00 MB
RESULT|gpu_cache_noreuse|throughput|n4_b10|4|1|1|10|1|0.002163|0.184921|0.002163|0.184910|128.00|209716|0.00
CHECK|gpu_cache_noreuse|throughput|n4_b16|4|1|1|16|1|0.00000000e+00|0.00000000e+00|1.00000000e-04|PASS
[run ] n4_b16           | Len:      4 | Batch:    16 | Thr: 1 | Fwd:    0.0022 ms     0.30 GF/s (iters:23113) | Bwd:    0.0022 ms     0.30 GF/s (iters:23115) | Slots: 131072 | Mem:   128.00 MB | Work:    0.00 MB
RESULT|gpu_cache_noreuse|throughput|n4_b16|4|1|1|16|1|0.002163|0.295829|0.002163|0.295861|128.00|131072|0.00
CHECK|gpu_cache_noreuse|throughput|n4_b150|4|1|1|150|1|0.00000000e+00|0.00000000e+00|1.00000000e-04|PASS
[run ] n4_b150          | Len:      4 | Batch:   150 | Thr: 1 | Fwd:    0.0023 ms     2.58 GF/s (iters:21491) | Bwd:    0.0023 ms     2.58 GF/s (iters:21485) | Slots:  13982 | Mem:   128.02 MB | Work:    0.00 MB
RESULT|gpu_cache_noreuse|throughput|n4_b150|4|1|1|150|1|0.002327|2.578662|0.002328|2.577257|128.02|13982|0.00
CHECK|gpu_cache_noreuse|throughput|n4_b256|4|1|1|256|1|0.00000000e+00|0.00000000e+00|1.00000000e-04|PASS
[run ] n4_b256          | Len:      4 | Batch:   256 | Thr: 1 | Fwd:    0.0022 ms     4.71 GF/s (iters:23020) | Bwd:    0.0021 ms     4.86 GF/s (iters:23745) | Slots:   8192 | Mem:   128.02 MB | Work:    0.01 MB
RESULT|gpu_cache_noreuse|throughput|n4_b256|4|1|1|256|1|0.002173|4.712674|0.002107|4.860997|128.02|8192|0.01
CHECK|gpu_cache_noreuse|throughput|n4_b1024|4|1|1|1024|1|0.00000000e+00|0.00000000e+00|1.00000000e-04|PASS
[run ] n4_b1024         | Len:      4 | Batch:  1024 | Thr: 1 | Fwd:    0.0022 ms    18.39 GF/s (iters:22753) | Bwd:    0.0022 ms    18.43 GF/s (iters:22507) | Slots:   2048 | Mem:   128.06 MB | Work:    0.03 MB
RESULT|gpu_cache_noreuse|throughput|n4_b1024|4|1|1|1024|1|0.002227|18.393788|0.002223|18.428723|128.06|2048|0.03
CHECK|gpu_cache_noreuse|throughput|n8_b1|8|1|1|1|1|6.20513738e-08|7.02886368e-08|1.00000000e-04|PASS
[run ] n8_b1            | Len:      8 | Batch:     1 | Thr: 1 | Fwd:    0.0019 ms     0.06 GF/s (iters:26567) | Bwd:    0.0018 ms     0.07 GF/s (iters:27803) | Slots: 262144 | Mem:    32.00 MB | Work:    0.00 MB
RESULT|gpu_cache_noreuse|throughput|n8_b1|8|1|1|1|1|0.001884|0.063704|0.001800|0.066667|32.00|262144|0.00
CHECK|gpu_cache_noreuse|throughput|n8_b10|8|1|1|10|1|3.60109583e-08|8.94069672e-08|1.00000000e-04|PASS
[run ] n8_b10           | Len:      8 | Batch:    10 | Thr: 1 | Fwd:    0.0023 ms     0.52 GF/s (iters:21786) | Bwd:    0.0023 ms     0.52 GF/s (iters:21758) | Slots: 104858 | Mem:   128.00 MB | Work:    0.00 MB
RESULT|gpu_cache_noreuse|throughput|n8_b10|8|1|1|10|1|0.002295|0.522812|0.002299|0.522012|128.00|104858|0.00
CHECK|gpu_cache_noreuse|throughput|n8_b16|8|1|1|16|1|4.38265568e-08|8.94069672e-08|1.00000000e-04|PASS
[run ] n8_b16           | Len:      8 | Batch:    16 | Thr: 1 | Fwd:    0.0023 ms     0.83 GF/s (iters:21518) | Bwd:    0.0023 ms     0.83 GF/s (iters:21516) | Slots:  65536 | Mem:   128.00 MB | Work:    0.00 MB
RESULT|gpu_cache_noreuse|throughput|n8_b16|8|1|1|16|1|0.002324|0.826040|0.002324|0.826051|128.00|65536|0.00
CHECK|gpu_cache_noreuse|throughput|n8_b150|8|1|1|150|1|4.24883031e-08|1.33280037e-07|1.00000000e-04|PASS
[run ] n8_b150          | Len:      8 | Batch:   150 | Thr: 1 | Fwd:    0.0023 ms     7.77 GF/s (iters:21789) | Bwd:    0.0023 ms     7.75 GF/s (iters:21544) | Slots:   6991 | Mem:   128.03 MB | Work:    0.01 MB
RESULT|gpu_cache_noreuse|throughput|n8_b150|8|1|1|150|1|0.002318|7.766125|0.002322|7.753011|128.03|6991|0.01
CHECK|gpu_cache_noreuse|throughput|n8_b256|8|1|1|256|1|4.37165867e-08|1.33280037e-07|1.00000000e-04|PASS
[run ] n8_b256          | Len:      8 | Batch:   256 | Thr: 1 | Fwd:    0.0023 ms    13.16 GF/s (iters:21430) | Bwd:    0.0022 ms    13.70 GF/s (iters:22311) | Slots:   4096 | Mem:   128.03 MB | Work:    0.02 MB
RESULT|gpu_cache_noreuse|throughput|n8_b256|8|1|1|256|1|0.002334|13.164722|0.002242|13.700057|128.03|4096|0.02
CHECK|gpu_cache_noreuse|throughput|n8_b1024|8|1|1|1024|1|4.41714908e-08|1.78813934e-07|1.00000000e-04|PASS
[run ] n8_b1024         | Len:      8 | Batch:  1024 | Thr: 1 | Fwd:    0.0024 ms    52.21 GF/s (iters:21337) | Bwd:    0.0024 ms    51.95 GF/s (iters:21148) | Slots:   1024 | Mem:   128.12 MB | Work:    0.06 MB
RESULT|gpu_cache_noreuse|throughput|n8_b1024|8|1|1|1024|1|0.002354|52.209229|0.002365|51.953241|128.12|1024|0.06
CHECK|gpu_cache_noreuse|throughput|n16_b1|16|1|1|1|1|4.67280632e-08|6.66400187e-08|1.00000000e-04|PASS
[run ] n16_b1           | Len:     16 | Batch:     1 | Thr: 1 | Fwd:    0.0022 ms     0.15 GF/s (iters:23338) | Bwd:    0.0022 ms     0.15 GF/s (iters:22878) | Slots: 262144 | Mem:    64.00 MB | Work:    0.00 MB
RESULT|gpu_cache_noreuse|throughput|n16_b1|16|1|1|1|1|0.002196|0.145746|0.002195|0.145790|64.00|262144|0.00
CHECK|gpu_cache_noreuse|throughput|n16_b10|16|1|1|10|1|5.71734228e-08|1.22878123e-07|1.00000000e-04|PASS
[run ] n16_b10          | Len:     16 | Batch:    10 | Thr: 1 | Fwd:    0.0023 ms     1.38 GF/s (iters:21931) | Bwd:    0.0023 ms     1.37 GF/s (iters:21702) | Slots:  52429 | Mem:   128.00 MB | Work:    0.00 MB
RESULT|gpu_cache_noreuse|throughput|n16_b10|16|1|1|10|1|0.002322|1.377991|0.002335|1.370713|128.00|52429|0.00
CHECK|gpu_cache_noreuse|throughput|n16_b16|16|1|1|16|1|6.05693303e-08|1.33280037e-07|1.00000000e-04|PASS
[run ] n16_b16          | Len:     16 | Batch:    16 | Thr: 1 | Fwd:    0.0023 ms     2.22 GF/s (iters:21717) | Bwd:    0.0021 ms     2.41 GF/s (iters:23521) | Slots:  32768 | Mem:   128.00 MB | Work:    0.00 MB
RESULT|gpu_cache_noreuse|throughput|n16_b16|16|1|1|16|1|0.002302|2.223681|0.002126|2.407969|128.00|32768|0.00
CHECK|gpu_cache_noreuse|throughput|n16_b150|16|1|1|150|1|5.42241366e-08|1.46759418e-07|1.00000000e-04|PASS
[run ] n16_b150         | Len:     16 | Batch:   150 | Thr: 1 | Fwd:    0.0023 ms    20.71 GF/s (iters:21641) | Bwd:    0.0023 ms    20.59 GF/s (iters:21458) | Slots:   3496 | Mem:   128.06 MB | Work:    0.02 MB
RESULT|gpu_cache_noreuse|throughput|n16_b150|16|1|1|150|1|0.002318|20.710094|0.002332|20.585082|128.06|3496|0.02
CHECK|gpu_cache_noreuse|throughput|n16_b256|16|1|1|256|1|5.35654400e-08|1.78813934e-07|1.00000000e-04|PASS
[run ] n16_b256         | Len:     16 | Batch:   256 | Thr: 1 | Fwd:    0.0024 ms    34.65 GF/s (iters:21191) | Bwd:    0.0024 ms    34.64 GF/s (iters:21148) | Slots:   2048 | Mem:   128.06 MB | Work:    0.03 MB
RESULT|gpu_cache_noreuse|throughput|n16_b256|16|1|1|256|1|0.002364|34.648529|0.002365|34.644760|128.06|2048|0.03
CHECK|gpu_cache_noreuse|throughput|n16_b1024|16|1|1|1024|1|5.41486150e-08|1.78813934e-07|1.00000000e-04|PASS
[run ] n16_b1024        | Len:     16 | Batch:  1024 | Thr: 1 | Fwd:    0.0025 ms   129.41 GF/s (iters:19854) | Bwd:    0.0025 ms   129.24 GF/s (iters:19722) | Slots:    512 | Mem:   128.25 MB | Work:    0.12 MB
RESULT|gpu_cache_noreuse|throughput|n16_b1024|16|1|1|1024|1|0.002532|129.407310|0.002535|129.237695|128.25|512|0.12
CHECK|gpu_cache_noreuse|throughput|n32_b1|32|1|1|1|1|1.13990442e-07|2.45756246e-07|1.00000000e-04|PASS
[run ] n32_b1           | Len:     32 | Batch:     1 | Thr: 1 | Fwd:    0.0025 ms     0.32 GF/s (iters:19986) | Bwd:    0.0024 ms     0.33 GF/s (iters:20816) | Slots: 262144 | Mem:   128.00 MB | Work:    0.00 MB
RESULT|gpu_cache_noreuse|throughput|n32_b1|32|1|1|1|1|0.002502|0.319717|0.002402|0.333050|128.00|262144|0.00
CHECK|gpu_cache_noreuse|throughput|n32_b10|32|1|1|10|1|1.04318731e-07|2.14907603e-07|1.00000000e-04|PASS
[run ] n32_b10          | Len:     32 | Batch:    10 | Thr: 1 | Fwd:    0.0027 ms     3.00 GF/s (iters:18765) | Bwd:    0.0027 ms     3.00 GF/s (iters:18743) | Slots:  26215 | Mem:   128.01 MB | Work:    0.00 MB
RESULT|gpu_cache_noreuse|throughput|n32_b10|32|1|1|10|1|0.002665|3.001609|0.002668|2.998458|128.01|26215|0.00
CHECK|gpu_cache_noreuse|throughput|n32_b16|32|1|1|16|1|1.03271200e-07|2.40274005e-07|1.00000000e-04|PASS
[run ] n32_b16          | Len:     32 | Batch:    16 | Thr: 1 | Fwd:    0.0027 ms     4.69 GF/s (iters:18336) | Bwd:    0.0025 ms     5.13 GF/s (iters:20059) | Slots:  16384 | Mem:   128.01 MB | Work:    0.00 MB
RESULT|gpu_cache_noreuse|throughput|n32_b16|32|1|1|16|1|0.002729|4.689994|0.002494|5.132700|128.01|16384|0.00
CHECK|gpu_cache_noreuse|throughput|n32_b150|32|1|1|150|1|1.03383346e-07|2.99509633e-07|1.00000000e-04|PASS
[run ] n32_b150         | Len:     32 | Batch:   150 | Thr: 1 | Fwd:    0.0029 ms    41.90 GF/s (iters:17570) | Bwd:    0.0029 ms    41.64 GF/s (iters:17355) | Slots:   1748 | Mem:   128.10 MB | Work:    0.04 MB
RESULT|gpu_cache_noreuse|throughput|n32_b150|32|1|1|150|1|0.002864|41.903784|0.002882|41.644432|128.10|1748|0.04
CHECK|gpu_cache_noreuse|throughput|n32_b256|32|1|1|256|1|1.05362193e-07|2.81154547e-07|1.00000000e-04|PASS
[run ] n32_b256         | Len:     32 | Batch:   256 | Thr: 1 | Fwd:    0.0029 ms    70.28 GF/s (iters:17165) | Bwd:    0.0029 ms    70.32 GF/s (iters:17168) | Slots:   1024 | Mem:   128.12 MB | Work:    0.06 MB
RESULT|gpu_cache_noreuse|throughput|n32_b256|32|1|1|256|1|0.002914|70.279411|0.002913|70.317430|128.12|1024|0.06
CHECK|gpu_cache_noreuse|throughput|n32_b1024|32|1|1|1024|1|1.04437506e-07|3.16803033e-07|1.00000000e-04|PASS
[run ] n32_b1024        | Len:     32 | Batch:  1024 | Thr: 1 | Fwd:    0.0031 ms   260.33 GF/s (iters:16010) | Bwd:    0.0031 ms   260.24 GF/s (iters:16277) | Slots:    256 | Mem:   128.50 MB | Work:    0.25 MB
RESULT|gpu_cache_noreuse|throughput|n32_b1024|32|1|1|1024|1|0.003147|260.331480|0.003148|260.244633|128.50|256|0.25
CHECK|gpu_cache_noreuse|throughput|n64_b1|64|1|1|1|1|8.32402053e-08|1.33280037e-07|1.00000000e-04|PASS
[run ] n64_b1           | Len:     64 | Batch:     1 | Thr: 1 | Fwd:    0.0025 ms     0.77 GF/s (iters:20346) | Bwd:    0.0025 ms     0.77 GF/s (iters:20319) | Slots: 131072 | Mem:   128.00 MB | Work:    0.00 MB
RESULT|gpu_cache_noreuse|throughput|n64_b1|64|1|1|1|1|0.002480|0.774091|0.002480|0.774289|128.00|131072|0.00
CHECK|gpu_cache_noreuse|throughput|n64_b10|64|1|1|10|1|9.06661232e-08|2.02677705e-07|1.00000000e-04|PASS
[run ] n64_b10          | Len:     64 | Batch:    10 | Thr: 1 | Fwd:    0.0025 ms     7.68 GF/s (iters:19998) | Bwd:    0.0022 ms     8.71 GF/s (iters:22679) | Slots:  13108 | Mem:   128.02 MB | Work:    0.00 MB
RESULT|gpu_cache_noreuse|throughput|n64_b10|64|1|1|10|1|0.002500|7.678672|0.002205|8.708223|128.02|13108|0.00
CHECK|gpu_cache_noreuse|throughput|n64_b16|64|1|1|16|1|8.86071071e-08|2.14907603e-07|1.00000000e-04|PASS
[run ] n64_b16          | Len:     64 | Batch:    16 | Thr: 1 | Fwd:    0.0023 ms    13.33 GF/s (iters:22483) | Bwd:    0.0023 ms    13.28 GF/s (iters:21613) | Slots:   8192 | Mem:   128.02 MB | Work:    0.01 MB
RESULT|gpu_cache_noreuse|throughput|n64_b16|64|1|1|16|1|0.002305|13.328525|0.002314|13.276071|128.02|8192|0.01
CHECK|gpu_cache_noreuse|throughput|n64_b150|64|1|1|150|1|8.79977224e-08|2.45756246e-07|1.00000000e-04|PASS
[run ] n64_b150         | Len:     64 | Batch:   150 | Thr: 1 | Fwd:    0.0025 ms   116.14 GF/s (iters:20178) | Bwd:    0.0025 ms   115.83 GF/s (iters:20399) | Slots:    874 | Mem:   128.17 MB | Work:    0.07 MB
RESULT|gpu_cache_noreuse|throughput|n64_b150|64|1|1|150|1|0.002480|116.140694|0.002486|115.833208|128.17|874|0.07
CHECK|gpu_cache_noreuse|throughput|n64_b256|64|1|1|256|1|8.78431456e-08|2.54631154e-07|1.00000000e-04|PASS
[run ] n64_b256         | Len:     64 | Batch:   256 | Thr: 1 | Fwd:    0.0028 ms   176.35 GF/s (iters:18680) | Bwd:    0.0028 ms   176.95 GF/s (iters:18003) | Slots:    512 | Mem:   128.25 MB | Work:    0.12 MB
RESULT|gpu_cache_noreuse|throughput|n64_b256|64|1|1|256|1|0.002787|176.347837|0.002778|176.952903|128.25|512|0.12
CHECK|gpu_cache_noreuse|throughput|n64_b1024|64|1|1|1024|1|8.76194257e-08|2.66560075e-07|1.00000000e-04|PASS
[run ] n64_b1024        | Len:     64 | Batch:  1024 | Thr: 1 | Fwd:    0.0037 ms   526.57 GF/s (iters:14154) | Bwd:    0.0037 ms   525.72 GF/s (iters:13951) | Slots:    128 | Mem:   129.00 MB | Work:    0.50 MB
RESULT|gpu_cache_noreuse|throughput|n64_b1024|64|1|1|1024|1|0.003734|526.568639|0.003740|525.719217|129.00|128|0.50
CHECK|gpu_cache_noreuse|throughput|n128_b1|128|1|1|1|1|1.12463852e-07|1.99920056e-07|1.00000000e-04|PASS
[run ] n128_b1          | Len:    128 | Batch:     1 | Thr: 1 | Fwd:    0.0027 ms     1.66 GF/s (iters:18586) | Bwd:    0.0024 ms     1.84 GF/s (iters:20514) | Slots:  65536 | Mem:   128.00 MB | Work:    0.00 MB
RESULT|gpu_cache_noreuse|throughput|n128_b1|128|1|1|1|1|0.002691|1.664662|0.002437|1.837998|128.00|65536|0.00
CHECK|gpu_cache_noreuse|throughput|n128_b10|128|1|1|10|1|1.15441074e-07|2.81154547e-07|1.00000000e-04|PASS
[run ] n128_b10         | Len:    128 | Batch:    10 | Thr: 1 | Fwd:    0.0026 ms    17.25 GF/s (iters:19624) | Bwd:    0.0026 ms    17.57 GF/s (iters:19610) | Slots:   6554 | Mem:   128.03 MB | Work:    0.01 MB
RESULT|gpu_cache_noreuse|throughput|n128_b10|128|1|1|10|1|0.002597|17.250405|0.002550|17.568087|128.03|6554|0.01
CHECK|gpu_cache_noreuse|throughput|n128_b16|128|1|1|16|1|1.15037191e-07|2.98023224e-07|1.00000000e-04|PASS
[run ] n128_b16         | Len:    128 | Batch:    16 | Thr: 1 | Fwd:    0.0026 ms    27.54 GF/s (iters:19412) | Bwd:    0.0026 ms    27.55 GF/s (iters:19229) | Slots:   4096 | Mem:   128.03 MB | Work:    0.02 MB
RESULT|gpu_cache_noreuse|throughput|n128_b16|128|1|1|16|1|0.002603|27.537000|0.002601|27.553980|128.03|4096|0.02
CHECK|gpu_cache_noreuse|throughput|n128_b150|128|1|1|150|1|1.14409260e-07|3.33200094e-07|1.00000000e-04|PASS
[run ] n128_b150        | Len:    128 | Batch:   150 | Thr: 1 | Fwd:    0.0030 ms   225.59 GF/s (iters:16854) | Bwd:    0.0030 ms   224.20 GF/s (iters:16838) | Slots:    437 | Mem:   128.32 MB | Work:    0.15 MB
RESULT|gpu_cache_noreuse|throughput|n128_b150|128|1|1|150|1|0.002979|225.585108|0.002997|224.195787|128.32|437|0.15
CHECK|gpu_cache_noreuse|throughput|n128_b256|128|1|1|256|1|1.14612622e-07|3.33200094e-07|1.00000000e-04|PASS
[run ] n128_b256        | Len:    128 | Batch:   256 | Thr: 1 | Fwd:    0.0033 ms   351.92 GF/s (iters:16084) | Bwd:    0.0033 ms   345.40 GF/s (iters:15501) | Slots:    256 | Mem:   128.50 MB | Work:    0.25 MB
RESULT|gpu_cache_noreuse|throughput|n128_b256|128|1|1|256|1|0.003259|351.919754|0.003320|345.403425|128.50|256|0.25
CHECK|gpu_cache_noreuse|throughput|n128_b1024|128|1|1|1024|1|1.14580896e-07|3.47551816e-07|1.00000000e-04|PASS
[run ] n128_b1024       | Len:    128 | Batch:  1024 | Thr: 1 | Fwd:    0.0052 ms   880.37 GF/s (iters:9606) | Bwd:    0.0052 ms   881.05 GF/s (iters:9605) | Slots:     64 | Mem:   130.00 MB | Work:    1.00 MB
RESULT|gpu_cache_noreuse|throughput|n128_b1024|128|1|1|1024|1|0.005211|880.367194|0.005207|881.048299|130.00|64|1.00
CHECK|gpu_cache_noreuse|throughput|n256_b1|256|1|1|1|1|1.33346435e-07|3.62560900e-07|1.00000000e-04|PASS
[run ] n256_b1          | Len:    256 | Batch:     1 | Thr: 1 | Fwd:    0.0027 ms     3.85 GF/s (iters:18794) | Bwd:    0.0024 ms     4.19 GF/s (iters:20456) | Slots:  32768 | Mem:   128.00 MB | Work:    0.00 MB
RESULT|gpu_cache_noreuse|throughput|n256_b1|256|1|1|1|1|0.002661|3.848075|0.002445|4.188035|128.00|32768|0.00
CHECK|gpu_cache_noreuse|throughput|n256_b10|256|1|1|10|1|1.40478785e-07|4.21468485e-07|1.00000000e-04|PASS
[run ] n256_b10         | Len:    256 | Batch:    10 | Thr: 1 | Fwd:    0.0025 ms    40.27 GF/s (iters:19662) | Bwd:    0.0026 ms    39.70 GF/s (iters:19557) | Slots:   3277 | Mem:   128.05 MB | Work:    0.02 MB
RESULT|gpu_cache_noreuse|throughput|n256_b10|256|1|1|10|1|0.002543|40.267647|0.002579|39.700777|128.05|3277|0.02
CHECK|gpu_cache_noreuse|throughput|n256_b16|256|1|1|16|1|1.40142422e-07|4.21468485e-07|1.00000000e-04|PASS
[run ] n256_b16         | Len:    256 | Batch:    16 | Thr: 1 | Fwd:    0.0026 ms    63.26 GF/s (iters:19312) | Bwd:    0.0026 ms    62.54 GF/s (iters:19149) | Slots:   2048 | Mem:   128.06 MB | Work:    0.03 MB
RESULT|gpu_cache_noreuse|throughput|n256_b16|256|1|1|16|1|0.002590|63.259698|0.002620|62.540548|128.06|2048|0.03
CHECK|gpu_cache_noreuse|throughput|n256_b150|256|1|1|150|1|1.38143570e-07|4.53935451e-07|1.00000000e-04|PASS
[run ] n256_b150        | Len:    256 | Batch:   150 | Thr: 1 | Fwd:    0.0034 ms   458.30 GF/s (iters:15053) | Bwd:    0.0034 ms   456.68 GF/s (iters:15289) | Slots:    219 | Mem:   128.91 MB | Work:    0.29 MB
RESULT|gpu_cache_noreuse|throughput|n256_b150|256|1|1|150|1|0.003352|458.299506|0.003363|456.678871|128.91|219|0.29
CHECK|gpu_cache_noreuse|throughput|n256_b256|256|1|1|256|1|1.38531497e-07|4.55887870e-07|1.00000000e-04|PASS
[run ] n256_b256        | Len:    256 | Batch:   256 | Thr: 1 | Fwd:    0.0040 ms   662.37 GF/s (iters:13755) | Bwd:    0.0040 ms   654.03 GF/s (iters:12866) | Slots:    128 | Mem:   129.00 MB | Work:    0.50 MB
RESULT|gpu_cache_noreuse|throughput|n256_b256|256|1|1|256|1|0.003958|662.367843|0.004008|654.030162|129.00|128|0.50
CHECK|gpu_cache_noreuse|throughput|n256_b1024|256|1|1|1024|1|1.39151790e-07|4.99577958e-07|1.00000000e-04|PASS
[run ] n256_b1024       | Len:    256 | Batch:  1024 | Thr: 1 | Fwd:    0.0078 ms  1350.17 GF/s (iters:6448) | Bwd:    0.0077 ms  1365.46 GF/s (iters:6519) | Slots:     32 | Mem:   132.00 MB | Work:    2.00 MB
RESULT|gpu_cache_noreuse|throughput|n256_b1024|256|1|1|1024|1|0.007766|1350.173211|0.007679|1365.458964|132.00|32|2.00
CHECK|gpu_cache_noreuse|throughput|n512_b1|512|1|1|1|1|2.87155450e-07|6.75829677e-07|1.00000000e-04|PASS
[run ] n512_b1          | Len:    512 | Batch:     1 | Thr: 1 | Fwd:    0.0030 ms     7.70 GF/s (iters:16721) | Bwd:    0.0030 ms     7.71 GF/s (iters:16737) | Slots:  16384 | Mem:   128.01 MB | Work:    0.00 MB
RESULT|gpu_cache_noreuse|throughput|n512_b1|512|1|1|1|1|0.002990|7.704425|0.002989|7.709311|128.01|16384|0.00
CHECK|gpu_cache_noreuse|throughput|n512_b10|512|1|1|10|1|2.76071776e-07|8.26443709e-07|1.00000000e-04|PASS
[run ] n512_b10         | Len:    512 | Batch:    10 | Thr: 1 | Fwd:    0.0032 ms    72.88 GF/s (iters:15834) | Bwd:    0.0030 ms    76.10 GF/s (iters:16524) | Slots:   1639 | Mem:   128.12 MB | Work:    0.04 MB
RESULT|gpu_cache_noreuse|throughput|n512_b10|512|1|1|10|1|0.003161|72.879907|0.003028|76.096425|128.12|1639|0.04
CHECK|gpu_cache_noreuse|throughput|n512_b16|512|1|1|16|1|2.75528911e-07|7.61564513e-07|1.00000000e-04|PASS
[run ] n512_b16         | Len:    512 | Batch:    16 | Thr: 1 | Fwd:    0.0031 ms   119.29 GF/s (iters:16332) | Bwd:    0.0031 ms   117.91 GF/s (iters:16005) | Slots:   1024 | Mem:   128.12 MB | Work:    0.06 MB
RESULT|gpu_cache_noreuse|throughput|n512_b16|512|1|1|16|1|0.003090|119.286658|0.003127|117.905601|128.12|1024|0.06
CHECK|gpu_cache_noreuse|throughput|n512_b150|512|1|1|150|1|2.73369506e-07|8.86086747e-07|1.00000000e-04|PASS
[run ] n512_b150        | Len:    512 | Batch:   150 | Thr: 1 | Fwd:    0.0045 ms   771.41 GF/s (iters:11181) | Bwd:    0.0044 ms   789.91 GF/s (iters:11430) | Slots:    110 | Mem:   130.08 MB | Work:    0.59 MB
RESULT|gpu_cache_noreuse|throughput|n512_b150|512|1|1|150|1|0.004480|771.410809|0.004375|789.914198|130.08|110|0.59
CHECK|gpu_cache_noreuse|throughput|n512_b256|512|1|1|256|1|2.72865748e-07|8.66320244e-07|1.00000000e-04|PASS
[run ] n512_b256        | Len:    512 | Batch:   256 | Thr: 1 | Fwd:    0.0051 ms  1145.68 GF/s (iters:9855) | Bwd:    0.0052 ms  1143.02 GF/s (iters:9697) | Slots:     64 | Mem:   130.00 MB | Work:    1.00 MB
RESULT|gpu_cache_noreuse|throughput|n512_b256|512|1|1|256|1|0.005148|1145.675783|0.005160|1143.023887|130.00|64|1.00
CHECK|gpu_cache_noreuse|throughput|n512_b1024|512|1|1|1024|1|2.73560518e-07|9.09825416e-07|1.00000000e-04|PASS
[run ] n512_b1024       | Len:    512 | Batch:  1024 | Thr: 1 | Fwd:    0.0147 ms  1608.67 GF/s (iters:3412) | Bwd:    0.0145 ms  1630.08 GF/s (iters:3455) | Slots:     16 | Mem:   136.00 MB | Work:    4.00 MB
RESULT|gpu_cache_noreuse|throughput|n512_b1024|512|1|1|1024|1|0.014666|1608.669870|0.014474|1630.077412|136.00|16|4.00
CHECK|gpu_cache_noreuse|throughput|n1024_b1|1024|1|1|1|1|2.26410131e-07|7.27567411e-07|1.00000000e-04|PASS
[run ] n1024_b1         | Len:   1024 | Batch:     1 | Thr: 1 | Fwd:    0.0032 ms    16.18 GF/s (iters:15825) | Bwd:    0.0033 ms    15.61 GF/s (iters:15501) | Slots:   8192 | Mem:   128.02 MB | Work:    0.01 MB
RESULT|gpu_cache_noreuse|throughput|n1024_b1|1024|1|1|1|1|0.003165|16.179327|0.003280|15.609624|128.02|8192|0.01
CHECK|gpu_cache_noreuse|throughput|n1024_b10|1024|1|1|10|1|2.21094462e-07|6.79597512e-07|1.00000000e-04|PASS
[run ] n1024_b10        | Len:   1024 | Batch:    10 | Thr: 1 | Fwd:    0.0039 ms   130.02 GF/s (iters:12762) | Bwd:    0.0039 ms   130.00 GF/s (iters:12696) | Slots:    820 | Mem:   128.28 MB | Work:    0.08 MB
RESULT|gpu_cache_noreuse|throughput|n1024_b10|1024|1|1|10|1|0.003938|130.015207|0.003938|129.999383|128.28|820|0.08
CHECK|gpu_cache_noreuse|throughput|n1024_b16|1024|1|1|16|1|2.17711025e-07|6.57848717e-07|1.00000000e-04|PASS
[run ] n1024_b16        | Len:   1024 | Batch:    16 | Thr: 1 | Fwd:    0.0040 ms   204.20 GF/s (iters:12521) | Bwd:    0.0040 ms   204.35 GF/s (iters:12506) | Slots:    512 | Mem:   128.25 MB | Work:    0.12 MB
RESULT|gpu_cache_noreuse|throughput|n1024_b16|1024|1|1|16|1|0.004012|204.203623|0.004009|204.354754|128.25|512|0.12
CHECK|gpu_cache_noreuse|throughput|n1024_b150|1024|1|1|150|1|2.19768866e-07|7.74860382e-07|1.00000000e-04|PASS
[run ] n1024_b150       | Len:   1024 | Batch:   150 | Thr: 1 | Fwd:    0.0066 ms  1158.58 GF/s (iters:7543) | Bwd:    0.0066 ms  1157.41 GF/s (iters:7536) | Slots:     55 | Mem:   131.25 MB | Work:    1.17 MB
RESULT|gpu_cache_noreuse|throughput|n1024_b150|1024|1|1|150|1|0.006629|1158.584028|0.006635|1157.414010|131.25|55|1.17
CHECK|gpu_cache_noreuse|throughput|n1024_b256|1024|1|1|256|1|2.19952787e-07|8.21627111e-07|1.00000000e-04|PASS
[run ] n1024_b256       | Len:   1024 | Batch:   256 | Thr: 1 | Fwd:    0.0082 ms  1593.72 GF/s (iters:6090) | Bwd:    0.0081 ms  1613.38 GF/s (iters:6181) | Slots:     32 | Mem:   132.00 MB | Work:    2.00 MB
RESULT|gpu_cache_noreuse|throughput|n1024_b256|1024|1|1|256|1|0.008224|1593.719336|0.008124|1613.377367|132.00|32|2.00
CHECK|gpu_cache_noreuse|throughput|n1024_b1024|1024|1|1|1024|1|2.21083304e-07|8.80052034e-07|1.00000000e-04|PASS
[run ] n1024_b1024      | Len:   1024 | Batch:  1024 | Thr: 1 | Fwd:    0.0257 ms  2038.58 GF/s (iters:1947) | Bwd:    0.0258 ms  2031.83 GF/s (iters:1945) | Slots:      8 | Mem:   144.00 MB | Work:    8.00 MB
RESULT|gpu_cache_noreuse|throughput|n1024_b1024|1024|1|1|1024|1|0.025718|2038.576656|0.025804|2031.828873|144.00|8|8.00
CHECK|gpu_cache_noreuse|throughput|n2048_b1|2048|1|1|1|1|2.00081709e-07|5.62309094e-07|1.00000000e-04|PASS
[run ] n2048_b1         | Len:   2048 | Batch:     1 | Thr: 1 | Fwd:    0.0042 ms    26.74 GF/s (iters:12011) | Bwd:    0.0039 ms    28.80 GF/s (iters:12789) | Slots:   4096 | Mem:   128.03 MB | Work:    0.02 MB
RESULT|gpu_cache_noreuse|throughput|n2048_b1|2048|1|1|1|1|0.004213|26.735941|0.003911|28.804053|128.03|4096|0.02
CHECK|gpu_cache_noreuse|throughput|n2048_b10|2048|1|1|10|1|1.93957890e-07|5.93853807e-07|1.00000000e-04|PASS
[run ] n2048_b10        | Len:   2048 | Batch:    10 | Thr: 1 | Fwd:    0.0048 ms   234.48 GF/s (iters:10412) | Bwd:    0.0048 ms   233.30 GF/s (iters:10389) | Slots:    410 | Mem:   128.44 MB | Work:    0.16 MB
RESULT|gpu_cache_noreuse|throughput|n2048_b10|2048|1|1|10|1|0.004804|234.480497|0.004828|233.298635|128.44|410|0.16
CHECK|gpu_cache_noreuse|throughput|n2048_b16|2048|1|1|16|1|1.94348208e-07|6.14390615e-07|1.00000000e-04|PASS
[run ] n2048_b16        | Len:   2048 | Batch:    16 | Thr: 1 | Fwd:    0.0050 ms   357.82 GF/s (iters:10088) | Bwd:    0.0051 ms   350.78 GF/s (iters:9733) | Slots:    256 | Mem:   128.50 MB | Work:    0.25 MB
RESULT|gpu_cache_noreuse|throughput|n2048_b16|2048|1|1|16|1|0.005037|357.817018|0.005138|350.775546|128.50|256|0.25
CHECK|gpu_cache_noreuse|throughput|n2048_b150|2048|1|1|150|1|1.94500857e-07|7.20205663e-07|1.00000000e-04|PASS
[run ] n2048_b150       | Len:   2048 | Batch:   150 | Thr: 1 | Fwd:    0.0118 ms  1435.68 GF/s (iters:4310) | Bwd:    0.0118 ms  1429.11 GF/s (iters:4230) | Slots:     28 | Mem:   135.94 MB | Work:    2.34 MB
RESULT|gpu_cache_noreuse|throughput|n2048_b150|2048|1|1|150|1|0.011769|1435.680529|0.011823|1429.112554|135.94|28|2.34
CHECK|gpu_cache_noreuse|throughput|n2048_b256|2048|1|1|256|1|1.94579555e-07|8.52367261e-07|1.00000000e-04|PASS
[run ] n2048_b256       | Len:   2048 | Batch:   256 | Thr: 1 | Fwd:    0.0162 ms  1778.10 GF/s (iters:3088) | Bwd:    0.0158 ms  1823.49 GF/s (iters:3167) | Slots:     16 | Mem:   136.00 MB | Work:    4.00 MB
RESULT|gpu_cache_noreuse|throughput|n2048_b256|2048|1|1|256|1|0.016217|1778.102031|0.015814|1823.488530|136.00|16|4.00
CHECK|gpu_cache_noreuse|throughput|n2048_b1024|2048|1|1|1024|1|1.94242168e-07|8.03039877e-07|1.00000000e-04|PASS
[run ] n2048_b1024      | Len:   2048 | Batch:  1024 | Thr: 1 | Fwd:    0.0506 ms  2277.59 GF/s (iters:989) | Bwd:    0.0507 ms  2274.58 GF/s (iters:988) | Slots:      4 | Mem:   160.00 MB | Work:   16.00 MB
RESULT|gpu_cache_noreuse|throughput|n2048_b1024|2048|1|1|1024|1|0.050643|2277.589565|0.050710|2274.578785|160.00|4|16.00
CHECK|gpu_cache_noreuse|throughput|n4096_b1|4096|1|1|1|1|2.05589312e-07|6.50892546e-07|1.00000000e-04|PASS
[run ] n4096_b1         | Len:   4096 | Batch:     1 | Thr: 1 | Fwd:    0.0048 ms    51.25 GF/s (iters:10434) | Bwd:    0.0048 ms    50.73 GF/s (iters:10324) | Slots:   2048 | Mem:   128.06 MB | Work:    0.03 MB
RESULT|gpu_cache_noreuse|throughput|n4096_b1|4096|1|1|1|1|0.004796|51.245447|0.004844|50.733226|128.06|2048|0.03
CHECK|gpu_cache_noreuse|throughput|n4096_b10|4096|1|1|10|1|2.01729784e-07|6.33606065e-07|1.00000000e-04|PASS
[run ] n4096_b10        | Len:   4096 | Batch:    10 | Thr: 1 | Fwd:    0.0053 ms   464.48 GF/s (iters:9451) | Bwd:    0.0053 ms   462.59 GF/s (iters:9669) | Slots:    205 | Mem:   128.75 MB | Work:    0.31 MB
RESULT|gpu_cache_noreuse|throughput|n4096_b10|4096|1|1|10|1|0.005291|464.479951|0.005313|462.585456|128.75|205|0.31
CHECK|gpu_cache_noreuse|throughput|n4096_b16|4096|1|1|16|1|2.01618231e-07|7.37268739e-07|1.00000000e-04|PASS
[run ] n4096_b16        | Len:   4096 | Batch:    16 | Thr: 1 | Fwd:    0.0056 ms   704.40 GF/s (iters:8960) | Bwd:    0.0056 ms   705.43 GF/s (iters:9301) | Slots:    128 | Mem:   129.00 MB | Work:    0.50 MB
RESULT|gpu_cache_noreuse|throughput|n4096_b16|4096|1|1|16|1|0.005582|704.399623|0.005574|705.427527|129.00|128|0.50
CHECK|gpu_cache_noreuse|throughput|n4096_b150|4096|1|1|150|1|2.02003965e-07|7.69252151e-07|1.00000000e-04|PASS
[run ] n4096_b150       | Len:   4096 | Batch:   150 | Thr: 1 | Fwd:    0.0169 ms  2187.66 GF/s (iters:2969) | Bwd:    0.0170 ms  2170.06 GF/s (iters:2952) | Slots:     14 | Mem:   140.62 MB | Work:    4.69 MB
RESULT|gpu_cache_noreuse|throughput|n4096_b150|4096|1|1|150|1|0.016851|2187.657092|0.016988|2170.056384|140.62|14|4.69
CHECK|gpu_cache_noreuse|throughput|n4096_b256|4096|1|1|256|1|2.02113601e-07|7.41023824e-07|1.00000000e-04|PASS
[run ] n4096_b256       | Len:   4096 | Batch:   256 | Thr: 1 | Fwd:    0.0255 ms  2463.89 GF/s (iters:1959) | Bwd:    0.0256 ms  2458.05 GF/s (iters:1956) | Slots:      8 | Mem:   144.00 MB | Work:    8.00 MB
RESULT|gpu_cache_noreuse|throughput|n4096_b256|4096|1|1|256|1|0.025535|2463.888643|0.025595|2458.052380|144.00|8|8.00
CHECK|gpu_cache_noreuse|throughput|n4096_b1024|4096|1|1|1024|1|2.02711366e-07|7.99680225e-07|1.00000000e-04|PASS
[run ] n4096_b1024      | Len:   4096 | Batch:  1024 | Thr: 1 | Fwd:    0.0994 ms  2530.92 GF/s (iters:504) | Bwd:    0.0995 ms  2529.46 GF/s (iters:503) | Slots:      2 | Mem:   192.00 MB | Work:   32.00 MB
RESULT|gpu_cache_noreuse|throughput|n4096_b1024|4096|1|1|1024|1|0.099433|2530.924357|0.099491|2529.457580|192.00|2|32.00
CHECK|gpu_cache_noreuse|throughput|n8192_b1|8192|1|1|1|1|3.09557456e-07|9.12262670e-07|1.00000000e-04|PASS
[run ] n8192_b1         | Len:   8192 | Batch:     1 | Thr: 1 | Fwd:    0.0083 ms    64.39 GF/s (iters:6047) | Bwd:    0.0079 ms    67.64 GF/s (iters:6362) | Slots:   1024 | Mem:   128.12 MB | Work:    0.06 MB
RESULT|gpu_cache_noreuse|throughput|n8192_b1|8192|1|1|1|1|0.008270|64.387746|0.007873|67.636139|128.12|1024|0.06
CHECK|gpu_cache_noreuse|throughput|n8192_b10|8192|1|1|10|1|3.14880080e-07|1.05388193e-06|1.00000000e-04|PASS
[run ] n8192_b10        | Len:   8192 | Batch:    10 | Thr: 1 | Fwd:    0.0086 ms   620.23 GF/s (iters:5949) | Bwd:    0.0086 ms   616.91 GF/s (iters:5793) | Slots:    103 | Mem:   130.00 MB | Work:    0.62 MB
RESULT|gpu_cache_noreuse|throughput|n8192_b10|8192|1|1|10|1|0.008585|620.233801|0.008631|616.907654|130.00|103|0.62
CHECK|gpu_cache_noreuse|throughput|n8192_b16|8192|1|1|16|1|3.14202605e-07|1.03305464e-06|1.00000000e-04|PASS
[run ] n8192_b16        | Len:   8192 | Batch:    16 | Thr: 1 | Fwd:    0.0088 ms   967.43 GF/s (iters:5679) | Bwd:    0.0089 ms   961.69 GF/s (iters:5686) | Slots:     64 | Mem:   130.00 MB | Work:    1.00 MB
RESULT|gpu_cache_noreuse|throughput|n8192_b16|8192|1|1|16|1|0.008807|967.429951|0.008859|961.691328|130.00|64|1.00
CHECK|gpu_cache_noreuse|throughput|n8192_b150|8192|1|1|150|1|3.12093591e-07|1.19097478e-06|1.00000000e-04|PASS
[run ] n8192_b150       | Len:   8192 | Batch:   150 | Thr: 1 | Fwd:    0.0355 ms  2248.74 GF/s (iters:1408) | Bwd:    0.0357 ms  2238.76 GF/s (iters:1406) | Slots:      7 | Mem:   150.00 MB | Work:    9.38 MB
RESULT|gpu_cache_noreuse|throughput|n8192_b150|8192|1|1|150|1|0.035519|2248.742244|0.035677|2238.762137|150.00|7|9.38
CHECK|gpu_cache_noreuse|throughput|n8192_b256|8192|1|1|256|1|3.13801871e-07|1.16076124e-06|1.00000000e-04|PASS
[run ] n8192_b256       | Len:   8192 | Batch:   256 | Thr: 1 | Fwd:    0.0535 ms  2548.57 GF/s (iters:935) | Bwd:    0.0539 ms  2527.52 GF/s (iters:929) | Slots:      4 | Mem:   160.00 MB | Work:   16.00 MB
RESULT|gpu_cache_noreuse|throughput|n8192_b256|8192|1|1|256|1|0.053487|2548.572794|0.053932|2527.517004|160.00|4|16.00
CHECK|gpu_cache_noreuse|throughput|n8192_b1024|8192|1|1|1024|1|3.13726032e-07|1.37292995e-06|1.00000000e-04|PASS
[run ] n8192_b1024      | Len:   8192 | Batch:  1024 | Thr: 1 | Fwd:    0.2010 ms  2712.51 GF/s (iters:249) | Bwd:    0.2009 ms  2714.46 GF/s (iters:249) | Slots:      2 | Mem:   384.00 MB | Work:   64.00 MB
RESULT|gpu_cache_noreuse|throughput|n8192_b1024|8192|1|1|1024|1|0.201017|2712.510657|0.200872|2714.459438|384.00|2|64.00
CHECK|gpu_cache_noreuse|throughput|n16384_b1|16384|1|1|1|1|2.11460041e-07|7.91867391e-07|1.00000000e-04|PASS
[run ] n16384_b1        | Len:  16384 | Batch:     1 | Thr: 1 | Fwd:    0.0104 ms   110.26 GF/s (iters:4808) | Bwd:    0.0104 ms   110.14 GF/s (iters:4802) | Slots:    512 | Mem:   128.25 MB | Work:    0.12 MB
RESULT|gpu_cache_noreuse|throughput|n16384_b1|16384|1|1|1|1|0.010401|110.263942|0.010413|110.144380|128.25|512|0.12
CHECK|gpu_cache_noreuse|throughput|n16384_b10|16384|1|1|10|1|2.11957488e-07|7.95225147e-07|1.00000000e-04|PASS
[run ] n16384_b10       | Len:  16384 | Batch:    10 | Thr: 1 | Fwd:    0.0131 ms   876.43 GF/s (iters:3822) | Bwd:    0.0127 ms   905.69 GF/s (iters:3950) | Slots:     52 | Mem:   132.50 MB | Work:    1.25 MB
RESULT|gpu_cache_noreuse|throughput|n16384_b10|16384|1|1|10|1|0.013086|876.425996|0.012663|905.685079|132.50|52|1.25
CHECK|gpu_cache_noreuse|throughput|n16384_b16|16384|1|1|16|1|2.11953371e-07|8.94069672e-07|1.00000000e-04|PASS
[run ] n16384_b16       | Len:  16384 | Batch:    16 | Thr: 1 | Fwd:    0.0158 ms  1163.00 GF/s (iters:3232) | Bwd:    0.0155 ms  1186.28 GF/s (iters:3234) | Slots:     32 | Mem:   132.00 MB | Work:    2.00 MB
RESULT|gpu_cache_noreuse|throughput|n16384_b16|16384|1|1|16|1|0.015778|1163.000778|0.015469|1186.278867|132.00|32|2.00
CHECK|gpu_cache_noreuse|throughput|n16384_b150|16384|1|1|150|1|2.60702227e-07|1.04648172e-06|1.00000000e-04|PASS
[run ] n16384_b150      | Len:  16384 | Batch:   150 | Thr: 1 | Fwd:    0.0887 ms  1939.53 GF/s (iters:564) | Bwd:    0.0888 ms  1937.79 GF/s (iters:564) | Slots:      4 | Mem:   187.50 MB | Work:   18.75 MB
RESULT|gpu_cache_noreuse|throughput|n16384_b150|16384|1|1|150|1|0.088698|1939.532933|0.088778|1937.787667|187.50|4|18.75
CHECK|gpu_cache_noreuse|throughput|n16384_b256|16384|1|1|256|1|2.61160360e-07|1.07311641e-06|1.00000000e-04|PASS
[run ] n16384_b256      | Len:  16384 | Batch:   256 | Thr: 1 | Fwd:    0.1297 ms  2263.26 GF/s (iters:386) | Bwd:    0.1299 ms  2260.70 GF/s (iters:385) | Slots:      2 | Mem:   192.00 MB | Work:   32.00 MB
RESULT|gpu_cache_noreuse|throughput|n16384_b256|16384|1|1|256|1|0.129725|2263.257381|0.129872|2260.697948|192.00|2|32.00
CHECK|gpu_cache_noreuse|throughput|n16384_b1024|16384|1|1|1024|1|2.60579200e-07|1.24038182e-06|1.00000000e-04|PASS
[run ] n16384_b1024     | Len:  16384 | Batch:  1024 | Thr: 1 | Fwd:    0.4223 ms  2781.22 GF/s (iters:120) | Bwd:    0.4198 ms  2797.55 GF/s (iters:120) | Slots:      2 | Mem:   768.00 MB | Work:  128.00 MB
RESULT|gpu_cache_noreuse|throughput|n16384_b1024|16384|1|1|1024|1|0.422263|2781.217711|0.419797|2797.552651|768.00|2|128.00
CHECK|gpu_cache_noreuse|throughput|n32768_b1|32768|1|1|1|1|2.19463275e-07|6.95103633e-07|1.00000000e-04|PASS
[run ] n32768_b1        | Len:  32768 | Batch:     1 | Thr: 1 | Fwd:    0.0084 ms   293.41 GF/s (iters:5977) | Bwd:    0.0078 ms   314.61 GF/s (iters:6402) | Slots:    256 | Mem:   128.50 MB | Work:    0.25 MB
RESULT|gpu_cache_noreuse|throughput|n32768_b1|32768|1|1|1|1|0.008376|293.410622|0.007812|314.607473|128.50|256|0.25
CHECK|gpu_cache_noreuse|throughput|n32768_b10|32768|1|1|10|1|2.20889281e-07|7.99680225e-07|1.00000000e-04|PASS
[run ] n32768_b10       | Len:  32768 | Batch:    10 | Thr: 1 | Fwd:    0.0164 ms  1501.06 GF/s (iters:3093) | Bwd:    0.0165 ms  1485.08 GF/s (iters:3022) | Slots:     26 | Mem:   135.00 MB | Work:    2.50 MB
RESULT|gpu_cache_noreuse|throughput|n32768_b10|32768|1|1|10|1|0.016372|1501.063492|0.016549|1485.080666|135.00|26|2.50
CHECK|gpu_cache_noreuse|throughput|n32768_b16|32768|1|1|16|1|2.21113349e-07|8.28054189e-07|1.00000000e-04|PASS
[run ] n32768_b16       | Len:  32768 | Batch:    16 | Thr: 1 | Fwd:    0.0240 ms  1640.61 GF/s (iters:2094) | Bwd:    0.0240 ms  1641.40 GF/s (iters:2088) | Slots:     16 | Mem:   136.00 MB | Work:    4.00 MB
RESULT|gpu_cache_noreuse|throughput|n32768_b16|32768|1|1|16|1|0.023968|1640.610409|0.023956|1641.401919|136.00|16|4.00
CHECK|gpu_cache_noreuse|throughput|n32768_b150|32768|1|1|150|1|2.20462240e-07|1.04095037e-06|1.00000000e-04|PASS
[run ] n32768_b150      | Len:  32768 | Batch:   150 | Thr: 1 | Fwd:    0.2362 ms  1560.60 GF/s (iters:212) | Bwd:    0.2365 ms  1558.54 GF/s (iters:212) | Slots:      2 | Mem:   225.00 MB | Work:   37.50 MB
RESULT|gpu_cache_noreuse|throughput|n32768_b150|32768|1|1|150|1|0.236217|1560.598618|0.236530|1558.537015|225.00|2|37.50
CHECK|gpu_cache_noreuse|throughput|n32768_b256|32768|1|1|256|1|2.20052556e-07|9.33436141e-07|1.00000000e-04|PASS
[run ] n32768_b256      | Len:  32768 | Batch:   256 | Thr: 1 | Fwd:    0.3992 ms  1575.99 GF/s (iters:126) | Bwd:    0.3994 ms  1575.06 GF/s (iters:126) | Slots:      2 | Mem:   384.00 MB | Work:   64.00 MB
RESULT|gpu_cache_noreuse|throughput|n32768_b256|32768|1|1|256|1|0.399206|1575.993978|0.399441|1575.064049|384.00|2|64.00
CHECK|gpu_cache_noreuse|throughput|n32768_b1024|32768|1|1|1024|1|2.20132787e-07|9.92018996e-07|1.00000000e-04|PASS
[run ] n32768_b1024     | Len:  32768 | Batch:  1024 | Thr: 1 | Fwd:    1.5796 ms  1593.14 GF/s (iters:32) | Bwd:    1.5789 ms  1593.84 GF/s (iters:32) | Slots:      2 | Mem:  1536.00 MB | Work:  256.00 MB
RESULT|gpu_cache_noreuse|throughput|n32768_b1024|32768|1|1|1024|1|1.579641|1593.135671|1.578946|1593.836907|1536.00|2|256.00
CHECK|gpu_cache_noreuse|throughput|n65536_b1|65536|1|1|1|1|2.26633256e-07|6.88040041e-07|1.00000000e-04|PASS
[run ] n65536_b1        | Len:  65536 | Batch:     1 | Thr: 1 | Fwd:    0.0082 ms   640.18 GF/s (iters:6110) | Bwd:    0.0077 ms   682.12 GF/s (iters:6506) | Slots:    128 | Mem:   129.00 MB | Work:    0.50 MB
RESULT|gpu_cache_noreuse|throughput|n65536_b1|65536|1|1|1|1|0.008190|640.183358|0.007686|682.120591|129.00|128|0.50
CHECK|gpu_cache_noreuse|throughput|n65536_b10|65536|1|1|10|1|2.25875298e-07|7.74860382e-07|1.00000000e-04|PASS
[run ] n65536_b10       | Len:  65536 | Batch:    10 | Thr: 1 | Fwd:    0.0279 ms  1878.29 GF/s (iters:1800) | Bwd:    0.0280 ms  1870.60 GF/s (iters:1785) | Slots:     13 | Mem:   140.00 MB | Work:    5.00 MB
RESULT|gpu_cache_noreuse|throughput|n65536_b10|65536|1|1|10|1|0.027913|1878.286402|0.028028|1870.601971|140.00|13|5.00
CHECK|gpu_cache_noreuse|throughput|n65536_b16|65536|1|1|16|1|2.25235719e-07|8.86086747e-07|1.00000000e-04|PASS
[run ] n65536_b16       | Len:  65536 | Batch:    16 | Thr: 1 | Fwd:    0.0538 ms  1557.96 GF/s (iters:930) | Bwd:    0.0539 ms  1557.61 GF/s (iters:930) | Slots:      8 | Mem:   144.00 MB | Work:    8.00 MB
RESULT|gpu_cache_noreuse|throughput|n65536_b16|65536|1|1|16|1|0.053844|1557.955898|0.053856|1557.606447|144.00|8|8.00
CHECK|gpu_cache_noreuse|throughput|n65536_b150|65536|1|1|150|1|2.25971201e-07|8.96549759e-07|1.00000000e-04|PASS
[run ] n65536_b150      | Len:  65536 | Batch:   150 | Thr: 1 | Fwd:    0.4655 ms  1689.46 GF/s (iters:108) | Bwd:    0.4655 ms  1689.43 GF/s (iters:108) | Slots:      2 | Mem:   450.00 MB | Work:   75.00 MB
RESULT|gpu_cache_noreuse|throughput|n65536_b150|65536|1|1|150|1|0.465493|1689.459175|0.465500|1689.433408|450.00|2|75.00
CHECK|gpu_cache_noreuse|throughput|n65536_b256|65536|1|1|256|1|2.25613146e-07|8.30196636e-07|1.00000000e-04|PASS
[run ] n65536_b256      | Len:  65536 | Batch:   256 | Thr: 1 | Fwd:    0.7903 ms  1698.41 GF/s (iters:64) | Bwd:    0.7902 ms  1698.48 GF/s (iters:64) | Slots:      2 | Mem:   768.00 MB | Work:  128.00 MB
RESULT|gpu_cache_noreuse|throughput|n65536_b256|65536|1|1|256|1|0.790256|1698.408162|0.790221|1698.483489|768.00|2|128.00
CHECK|gpu_cache_noreuse|throughput|n65536_b1024|65536|1|1|1024|1|2.25714047e-07|9.09825416e-07|1.00000000e-04|PASS
[run ] n65536_b1024     | Len:  65536 | Batch:  1024 | Thr: 1 | Fwd:    3.1445 ms  1707.33 GF/s (iters:20) | Bwd:    3.1441 ms  1707.53 GF/s (iters:20) | Slots:      2 | Mem:  3072.00 MB | Work:  512.00 MB
RESULT|gpu_cache_noreuse|throughput|n65536_b1024|65536|1|1|1024|1|3.144499|1707.333590|3.144130|1707.534315|3072.00|2|512.00

Benchmark workload complete.

============================================================
RUN COMPLETE run03
============================================================
