============================================================
FFT RUN run02
Date: Mon Mar  9 14:13:48 IST 2026
Host: amdtoolsserver.morphingmachines
============================================================
CONFIG|BENCH_NRUNS|20
CONFIG|BENCH_WARMUP|5
CONFIG|BENCH_MAX_MEM_MB|3072
CONFIG|BENCH_MIN_TOTAL_MS|75
CONFIG|BENCH_MAX_ADAPT_ITERS|100000000
CONFIG|BENCH_VALIDATE|1
CONFIG|BENCH_VALIDATE_TOL|1e-4
CONFIG|BENCH_VALIDATE_STRICT|1
CONFIG|BENCH_STREAM_MODE|1
CONFIG|BENCH_STREAM_TARGET_MB|1024
CONFIG|BENCH_STREAM_MIN_SLOTS|64
CONFIG|BENCH_STREAM_MAX_SLOTS|32768
CONFIG|THROUGHPUT_LENGTHS|2,4,8,16,32,64,128,256,512,1024,2048,4096,8192,16384,32768,65536
CONFIG|THROUGHPUT_BATCHES|1
============================================================
RUN PROFILE: baseline_sse42_1t
Description : MKL SSE4.2 baseline, single thread (CPU path, no AVX2/AVX512 kernels)
ISA         : SSE4_2
Threads     : 1
Workload    : throughput
============================================================
PROFILE|baseline_sse42_1t|MKL SSE4.2 baseline, single thread (CPU path, no AVX2/AVX512 kernels)|SSE4_2|1|throughput|2,4,8,16,32,64,128,256,512,1024,2048,4096,8192,16384,32768,65536|1|1,10,20|65536|1024|10

############################################################
# FFT BENCHMARK (Intel oneMKL DFTI, 1D, single precision)  #
############################################################
profile_id       : baseline_sse42_1t
profile_desc     : MKL SSE4.2 baseline, single thread (CPU path, no AVX2/AVX512 kernels)
workload         : throughput
threads(cli)     : 1
mkl max threads  : 1
timed runs       : 20
warmup runs      : 5
min total ms     : 75.0
max adapt iters  : 100000000
validate         : 1
validate tol     : 1.000e-04
validate strict  : 1
stream mode      : 1
stream target MB : 1024.0
stream min slots : 64
stream max slots : 32768
mem cap (MB)     : 3072.0
lengths: 2,4,8,16,32,64,128,256,512,1024,2048,4096,8192,16384,32768,65536
batches: 1
thread_set: 1,2,4,8,10,20
batch_scale_set: 1,4,16,64,256
scale_length     : 16384
scale_batch      : 64
scale_threads    : 1


====================================================================
WORKLOAD: throughput (length x batch at fixed thread count)
====================================================================
threads=1
CHECK|baseline_sse42_1t|throughput|n2_b1|2|1|1|1|1|1.14557866e-08|1.49011612e-08|1.00000000e-04|PASS
[run ] n2_b1            | Len:      2 | Batch:     1 | Thr: 1 | Fwd:    0.0000 ms     0.47 GF/s (iters:3711736) | Bwd:    0.0000 ms     0.45 GF/s (iters:3702550) | Slots:32768 | Mem:   1.00 MB
RESULT|baseline_sse42_1t|throughput|n2_b1|2|1|1|1|1|0.000021|0.470490|0.000022|0.452762|1.00
CHECK|baseline_sse42_1t|throughput|n4_b1|4|1|1|1|1|4.49494167e-08|5.96046448e-08|1.00000000e-04|PASS
[run ] n4_b1            | Len:      4 | Batch:     1 | Thr: 1 | Fwd:    0.0000 ms     1.57 GF/s (iters:3534926) | Bwd:    0.0000 ms     1.87 GF/s (iters:3544674) | Slots:32768 | Mem:   2.00 MB
RESULT|baseline_sse42_1t|throughput|n4_b1|4|1|1|1|1|0.000026|1.567104|0.000021|1.866949|2.00
CHECK|baseline_sse42_1t|throughput|n8_b1|8|1|1|1|1|6.88878659e-08|1.33280037e-07|1.00000000e-04|PASS
[run ] n8_b1            | Len:      8 | Batch:     1 | Thr: 1 | Fwd:    0.0000 ms     3.63 GF/s (iters:3061575) | Bwd:    0.0000 ms     4.48 GF/s (iters:3213407) | Slots:32768 | Mem:   4.00 MB
RESULT|baseline_sse42_1t|throughput|n8_b1|8|1|1|1|1|0.000033|3.632091|0.000027|4.481202|4.00
CHECK|baseline_sse42_1t|throughput|n16_b1|16|1|1|1|1|7.84653068e-08|1.33280037e-07|1.00000000e-04|PASS
[run ] n16_b1           | Len:     16 | Batch:     1 | Thr: 1 | Fwd:    0.0000 ms    10.91 GF/s (iters:2757254) | Bwd:    0.0000 ms    12.03 GF/s (iters:2837485) | Slots:32768 | Mem:   8.00 MB
RESULT|baseline_sse42_1t|throughput|n16_b1|16|1|1|1|1|0.000029|10.911699|0.000027|12.025321|8.00
CHECK|baseline_sse42_1t|throughput|n32_b1|32|1|1|1|1|9.00251380e-08|1.33280037e-07|1.00000000e-04|PASS
[run ] n32_b1           | Len:     32 | Batch:     1 | Thr: 1 | Fwd:    0.0000 ms    17.35 GF/s (iters:1670329) | Bwd:    0.0000 ms    17.32 GF/s (iters:1650840) | Slots:32768 | Mem:  16.00 MB
RESULT|baseline_sse42_1t|throughput|n32_b1|32|1|1|1|1|0.000046|17.345391|0.000046|17.316272|16.00
CHECK|baseline_sse42_1t|throughput|n64_b1|64|1|1|1|1|9.87097078e-08|1.78813934e-07|1.00000000e-04|PASS
[run ] n64_b1           | Len:     64 | Batch:     1 | Thr: 1 | Fwd:    0.0001 ms    16.45 GF/s (iters:669977) | Bwd:    0.0001 ms    16.83 GF/s (iters:734984) | Slots:32768 | Mem:  32.00 MB
RESULT|baseline_sse42_1t|throughput|n64_b1|64|1|1|1|1|0.000117|16.450098|0.000114|16.832138|32.00
CHECK|baseline_sse42_1t|throughput|n128_b1|128|1|1|1|1|1.20228186e-07|1.88486437e-07|1.00000000e-04|PASS
[run ] n128_b1          | Len:    128 | Batch:     1 | Thr: 1 | Fwd:    0.0002 ms    19.20 GF/s (iters:323242) | Bwd:    0.0002 ms    18.79 GF/s (iters:374938) | Slots:32768 | Mem:  64.00 MB
RESULT|baseline_sse42_1t|throughput|n128_b1|128|1|1|1|1|0.000233|19.200169|0.000238|18.789489|64.00
CHECK|baseline_sse42_1t|throughput|n256_b1|256|1|1|1|1|1.22083733e-07|2.66560075e-07|1.00000000e-04|PASS
[run ] n256_b1          | Len:    256 | Batch:     1 | Thr: 1 | Fwd:    0.0006 ms    17.50 GF/s (iters:131560) | Bwd:    0.0006 ms    17.22 GF/s (iters:144725) | Slots:32768 | Mem: 128.00 MB
RESULT|baseline_sse42_1t|throughput|n256_b1|256|1|1|1|1|0.000585|17.496010|0.000595|17.215239|128.00
CHECK|baseline_sse42_1t|throughput|n512_b1|512|1|1|1|1|1.11145544e-07|2.38447681e-07|1.00000000e-04|PASS
[run ] n512_b1          | Len:    512 | Batch:     1 | Thr: 1 | Fwd:    0.0012 ms    19.39 GF/s (iters:63785) | Bwd:    0.0012 ms    19.18 GF/s (iters:66959) | Slots:32768 | Mem: 256.00 MB
RESULT|baseline_sse42_1t|throughput|n512_b1|512|1|1|1|1|0.001188|19.394296|0.001201|19.180798|256.00
CHECK|baseline_sse42_1t|throughput|n1024_b1|1024|1|1|1|1|1.25435741e-07|2.96622950e-07|1.00000000e-04|PASS
[run ] n1024_b1         | Len:   1024 | Batch:     1 | Thr: 1 | Fwd:    0.0029 ms    17.79 GF/s (iters:27839) | Bwd:    0.0029 ms    17.82 GF/s (iters:29028) | Slots:32768 | Mem: 512.01 MB
RESULT|baseline_sse42_1t|throughput|n1024_b1|1024|1|1|1|1|0.002879|17.786716|0.002873|17.820590|512.01
CHECK|baseline_sse42_1t|throughput|n2048_b1|2048|1|1|1|1|1.50457418e-07|3.31948242e-07|1.00000000e-04|PASS
[run ] n2048_b1         | Len:   2048 | Batch:     1 | Thr: 1 | Fwd:    0.0060 ms    18.91 GF/s (iters:14179) | Bwd:    0.0060 ms    18.90 GF/s (iters:14308) | Slots:32768 | Mem:1024.02 MB
RESULT|baseline_sse42_1t|throughput|n2048_b1|2048|1|1|1|1|0.005957|18.910073|0.005959|18.901584|1024.02
CHECK|baseline_sse42_1t|throughput|n4096_b1|4096|1|1|1|1|1.46660253e-07|3.58867484e-07|1.00000000e-04|PASS
[run ] n4096_b1         | Len:   4096 | Batch:     1 | Thr: 1 | Fwd:    0.0129 ms    19.08 GF/s (iters:6039) | Bwd:    0.0129 ms    19.06 GF/s (iters:7726) | Slots:16384 | Mem:1024.03 MB
RESULT|baseline_sse42_1t|throughput|n4096_b1|4096|1|1|1|1|0.012883|19.076595|0.012894|19.059921|1024.03
CHECK|baseline_sse42_1t|throughput|n8192_b1|8192|1|1|1|1|1.52875060e-07|3.68634369e-07|1.00000000e-04|PASS
[run ] n8192_b1         | Len:   8192 | Batch:     1 | Thr: 1 | Fwd:    0.0275 ms    19.39 GF/s (iters:2854) | Bwd:    0.0276 ms    19.29 GF/s (iters:3174) | Slots:8192 | Mem:1024.06 MB
RESULT|baseline_sse42_1t|throughput|n8192_b1|8192|1|1|1|1|0.027457|19.393228|0.027599|19.293718|1024.06
CHECK|baseline_sse42_1t|throughput|n16384_b1|16384|1|1|1|1|1.80413193e-07|5.49527672e-07|1.00000000e-04|PASS
[run ] n16384_b1        | Len:  16384 | Batch:     1 | Thr: 1 | Fwd:    0.0676 ms    16.97 GF/s (iters:1124) | Bwd:    0.0683 ms    16.80 GF/s (iters:1156) | Slots:4096 | Mem:1024.12 MB
RESULT|baseline_sse42_1t|throughput|n16384_b1|16384|1|1|1|1|0.067587|16.968839|0.068281|16.796459|1024.12
CHECK|baseline_sse42_1t|throughput|n32768_b1|32768|1|1|1|1|1.77308715e-07|5.05981649e-07|1.00000000e-04|PASS
[run ] n32768_b1        | Len:  32768 | Batch:     1 | Thr: 1 | Fwd:    0.1611 ms    15.25 GF/s (iters:480) | Bwd:    0.1627 ms    15.11 GF/s (iters:467) | Slots:2048 | Mem:1024.25 MB
RESULT|baseline_sse42_1t|throughput|n32768_b1|32768|1|1|1|1|0.161121|15.253107|0.162687|15.106349|1024.25
CHECK|baseline_sse42_1t|throughput|n65536_b1|65536|1|1|1|1|1.87929160e-07|5.49527672e-07|1.00000000e-04|PASS
[run ] n65536_b1        | Len:  65536 | Batch:     1 | Thr: 1 | Fwd:    0.3643 ms    14.39 GF/s (iters:206) | Bwd:    0.3611 ms    14.52 GF/s (iters:209) | Slots:1024 | Mem:1024.50 MB
RESULT|baseline_sse42_1t|throughput|n65536_b1|65536|1|1|1|1|0.364279|14.392495|0.361102|14.519122|1024.50

Benchmark workload complete.

[DONE] baseline_sse42_1t

============================================================
RUN PROFILE: avx512_phys
Description : MKL AVX-512, physical-core thread count
ISA         : AVX512
Threads     : 10
Workload    : throughput
============================================================
PROFILE|avx512_phys|MKL AVX-512, physical-core thread count|AVX512|10|throughput|2,4,8,16,32,64,128,256,512,1024,2048,4096,8192,16384,32768,65536|1|1,10,20|65536|1024|10

############################################################
# FFT BENCHMARK (Intel oneMKL DFTI, 1D, single precision)  #
############################################################
profile_id       : avx512_phys
profile_desc     : MKL AVX-512, physical-core thread count
workload         : throughput
threads(cli)     : 10
mkl max threads  : 10
timed runs       : 20
warmup runs      : 5
min total ms     : 75.0
max adapt iters  : 100000000
validate         : 1
validate tol     : 1.000e-04
validate strict  : 1
stream mode      : 1
stream target MB : 1024.0
stream min slots : 64
stream max slots : 32768
mem cap (MB)     : 3072.0
lengths: 2,4,8,16,32,64,128,256,512,1024,2048,4096,8192,16384,32768,65536
batches: 1
thread_set: 1,2,4,8,10,20
batch_scale_set: 1,4,16,64,256
scale_length     : 16384
scale_batch      : 64
scale_threads    : 10


====================================================================
WORKLOAD: throughput (length x batch at fixed thread count)
====================================================================
threads=10
CHECK|avx512_phys|throughput|n2_b1|2|1|1|1|10|1.14557866e-08|1.49011612e-08|1.00000000e-04|PASS
[run ] n2_b1            | Len:      2 | Batch:     1 | Thr:10 | Fwd:    0.0000 ms     0.49 GF/s (iters:3709091) | Bwd:    0.0000 ms     0.49 GF/s (iters:3709538) | Slots:32768 | Mem:   1.00 MB
RESULT|avx512_phys|throughput|n2_b1|2|1|1|1|10|0.000020|0.491506|0.000020|0.492141|1.00
CHECK|avx512_phys|throughput|n4_b1|4|1|1|1|10|4.49494167e-08|5.96046448e-08|1.00000000e-04|PASS
[run ] n4_b1            | Len:      4 | Batch:     1 | Thr:10 | Fwd:    0.0000 ms     1.64 GF/s (iters:3114175) | Bwd:    0.0000 ms     1.71 GF/s (iters:3231574) | Slots:32768 | Mem:   2.00 MB
RESULT|avx512_phys|throughput|n4_b1|4|1|1|1|10|0.000024|1.643705|0.000023|1.714211|2.00
CHECK|avx512_phys|throughput|n8_b1|8|1|1|1|10|6.88878659e-08|1.33280037e-07|1.00000000e-04|PASS
[run ] n8_b1            | Len:      8 | Batch:     1 | Thr:10 | Fwd:    0.0000 ms     5.60 GF/s (iters:3506964) | Bwd:    0.0000 ms     5.48 GF/s (iters:3471884) | Slots:32768 | Mem:   4.00 MB
RESULT|avx512_phys|throughput|n8_b1|8|1|1|1|10|0.000021|5.603188|0.000022|5.480400|4.00
CHECK|avx512_phys|throughput|n16_b1|16|1|1|1|10|8.06080983e-08|1.33280037e-07|1.00000000e-04|PASS
[run ] n16_b1           | Len:     16 | Batch:     1 | Thr:10 | Fwd:    0.0000 ms    14.54 GF/s (iters:3443738) | Bwd:    0.0000 ms    14.28 GF/s (iters:3438456) | Slots:32768 | Mem:   8.00 MB
RESULT|avx512_phys|throughput|n16_b1|16|1|1|1|10|0.000022|14.539466|0.000022|14.284900|8.00
CHECK|avx512_phys|throughput|n32_b1|32|1|1|1|10|9.37525156e-08|1.33280037e-07|1.00000000e-04|PASS
[run ] n32_b1           | Len:     32 | Batch:     1 | Thr:10 | Fwd:    0.0000 ms    19.44 GF/s (iters:1829743) | Bwd:    0.0000 ms    20.88 GF/s (iters:1957729) | Slots:32768 | Mem:  16.00 MB
RESULT|avx512_phys|throughput|n32_b1|32|1|1|1|10|0.000041|19.444457|0.000038|20.878372|16.00
CHECK|avx512_phys|throughput|n64_b1|64|1|1|1|10|1.04453060e-07|1.49011612e-07|1.00000000e-04|PASS
[run ] n64_b1           | Len:     64 | Batch:     1 | Thr:10 | Fwd:    0.0001 ms    28.14 GF/s (iters:1120134) | Bwd:    0.0001 ms    27.69 GF/s (iters:1081750) | Slots:32768 | Mem:  32.00 MB
RESULT|avx512_phys|throughput|n64_b1|64|1|1|1|10|0.000068|28.143119|0.000069|27.687508|32.00
CHECK|avx512_phys|throughput|n128_b1|128|1|1|1|10|1.14162990e-07|2.02677705e-07|1.00000000e-04|PASS
[run ] n128_b1          | Len:    128 | Batch:     1 | Thr:10 | Fwd:    0.0002 ms    26.96 GF/s (iters:470355) | Bwd:    0.0002 ms    26.38 GF/s (iters:590193) | Slots:32768 | Mem:  64.00 MB
RESULT|avx512_phys|throughput|n128_b1|128|1|1|1|10|0.000166|26.957690|0.000170|26.375117|64.00
CHECK|avx512_phys|throughput|n256_b1|256|1|1|1|10|1.20880689e-07|2.14907603e-07|1.00000000e-04|PASS
[run ] n256_b1          | Len:    256 | Batch:     1 | Thr:10 | Fwd:    0.0005 ms    22.56 GF/s (iters:165278) | Bwd:    0.0005 ms    22.56 GF/s (iters:188571) | Slots:32768 | Mem: 128.00 MB
RESULT|avx512_phys|throughput|n256_b1|256|1|1|1|10|0.000454|22.562459|0.000454|22.557512|128.00
CHECK|avx512_phys|throughput|n512_b1|512|1|1|1|10|1.15796630e-07|2.71920675e-07|1.00000000e-04|PASS
[run ] n512_b1          | Len:    512 | Batch:     1 | Thr:10 | Fwd:    0.0010 ms    23.20 GF/s (iters:76139) | Bwd:    0.0010 ms    23.14 GF/s (iters:80930) | Slots:32768 | Mem: 256.00 MB
RESULT|avx512_phys|throughput|n512_b1|512|1|1|1|10|0.000993|23.197625|0.000996|23.138467|256.00
CHECK|avx512_phys|throughput|n1024_b1|1024|1|1|1|10|1.24276207e-07|2.52881091e-07|1.00000000e-04|PASS
[run ] n1024_b1         | Len:   1024 | Batch:     1 | Thr:10 | Fwd:    0.0018 ms    28.15 GF/s (iters:48171) | Bwd:    0.0018 ms    28.16 GF/s (iters:49233) | Slots:32768 | Mem: 512.01 MB
RESULT|avx512_phys|throughput|n1024_b1|1024|1|1|1|10|0.001819|28.147426|0.001818|28.158518|512.01
CHECK|avx512_phys|throughput|n2048_b1|2048|1|1|1|10|1.45184027e-07|3.37174788e-07|1.00000000e-04|PASS
[run ] n2048_b1         | Len:   2048 | Batch:     1 | Thr:10 | Fwd:    0.0039 ms    28.88 GF/s (iters:23093) | Bwd:    0.0039 ms    29.14 GF/s (iters:20836) | Slots:32768 | Mem:1024.02 MB
RESULT|avx512_phys|throughput|n2048_b1|2048|1|1|1|10|0.003901|28.877447|0.003865|29.141801|1024.02
CHECK|avx512_phys|throughput|n4096_b1|4096|1|1|1|10|1.45690048e-07|3.20980835e-07|1.00000000e-04|PASS
[run ] n4096_b1         | Len:   4096 | Batch:     1 | Thr:10 | Fwd:    0.0069 ms    35.57 GF/s (iters:11852) | Bwd:    0.0072 ms    33.93 GF/s (iters:12500) | Slots:16384 | Mem:1024.03 MB
RESULT|avx512_phys|throughput|n4096_b1|4096|1|1|1|10|0.006910|35.566200|0.007242|33.934400|1024.03
CHECK|avx512_phys|throughput|n8192_b1|8192|1|1|1|10|1.89483007e-07|5.41591103e-07|1.00000000e-04|PASS
[run ] n8192_b1         | Len:   8192 | Batch:     1 | Thr:10 | Fwd:    0.0121 ms    44.08 GF/s (iters:6801) | Bwd:    0.0121 ms    44.15 GF/s (iters:6809) | Slots:8192 | Mem:1024.06 MB
RESULT|avx512_phys|throughput|n8192_b1|8192|1|1|1|10|0.012079|44.083601|0.012060|44.152998|1024.06
CHECK|avx512_phys|throughput|n16384_b1|16384|1|1|1|10|1.95270107e-07|5.37269007e-07|1.00000000e-04|PASS
[run ] n16384_b1        | Len:  16384 | Batch:     1 | Thr:10 | Fwd:    0.0199 ms    57.68 GF/s (iters:4138) | Bwd:    0.0198 ms    58.03 GF/s (iters:4436) | Slots:4096 | Mem:1024.12 MB
RESULT|avx512_phys|throughput|n16384_b1|16384|1|1|1|10|0.019885|57.675899|0.019763|58.030987|1024.12
CHECK|avx512_phys|throughput|n32768_b1|32768|1|1|1|10|2.09355397e-07|5.49527672e-07|1.00000000e-04|PASS
[run ] n32768_b1        | Len:  32768 | Batch:     1 | Thr:10 | Fwd:    0.0294 ms    83.67 GF/s (iters:2583) | Bwd:    0.0295 ms    83.43 GF/s (iters:2943) | Slots:2048 | Mem:1024.25 MB
RESULT|avx512_phys|throughput|n32768_b1|32768|1|1|1|10|0.029371|83.674781|0.029456|83.432272|1024.25
CHECK|avx512_phys|throughput|n65536_b1|65536|1|1|1|10|2.01306545e-07|6.13667377e-07|1.00000000e-04|PASS
[run ] n65536_b1        | Len:  65536 | Batch:     1 | Thr:10 | Fwd:    0.0675 ms    77.65 GF/s (iters:1137) | Bwd:    0.0632 ms    82.91 GF/s (iters:1295) | Slots:1024 | Mem:1024.50 MB
RESULT|avx512_phys|throughput|n65536_b1|65536|1|1|1|10|0.067517|77.652586|0.063232|82.914331|1024.50

Benchmark workload complete.

[DONE] avx512_phys

============================================================
RUN PROFILE: avx512_logical
Description : MKL AVX-512, logical-core thread count (hyperthreading on)
ISA         : AVX512
Threads     : 20
Workload    : throughput
============================================================
PROFILE|avx512_logical|MKL AVX-512, logical-core thread count (hyperthreading on)|AVX512|20|throughput|2,4,8,16,32,64,128,256,512,1024,2048,4096,8192,16384,32768,65536|1|1,10,20|65536|1024|10

############################################################
# FFT BENCHMARK (Intel oneMKL DFTI, 1D, single precision)  #
############################################################
profile_id       : avx512_logical
profile_desc     : MKL AVX-512, logical-core thread count (hyperthreading on)
workload         : throughput
threads(cli)     : 20
mkl max threads  : 20
timed runs       : 20
warmup runs      : 5
min total ms     : 75.0
max adapt iters  : 100000000
validate         : 1
validate tol     : 1.000e-04
validate strict  : 1
stream mode      : 1
stream target MB : 1024.0
stream min slots : 64
stream max slots : 32768
mem cap (MB)     : 3072.0
lengths: 2,4,8,16,32,64,128,256,512,1024,2048,4096,8192,16384,32768,65536
batches: 1
thread_set: 1,2,4,8,10,20
batch_scale_set: 1,4,16,64,256
scale_length     : 16384
scale_batch      : 64
scale_threads    : 20


====================================================================
WORKLOAD: throughput (length x batch at fixed thread count)
====================================================================
threads=20
CHECK|avx512_logical|throughput|n2_b1|2|1|1|1|20|1.14557866e-08|1.49011612e-08|1.00000000e-04|PASS
[run ] n2_b1            | Len:      2 | Batch:     1 | Thr:20 | Fwd:    0.0000 ms     0.50 GF/s (iters:3797830) | Bwd:    0.0000 ms     0.50 GF/s (iters:3777696) | Slots:32768 | Mem:   1.00 MB
RESULT|avx512_logical|throughput|n2_b1|2|1|1|1|20|0.000020|0.496519|0.000020|0.499931|1.00
CHECK|avx512_logical|throughput|n4_b1|4|1|1|1|20|4.49494167e-08|5.96046448e-08|1.00000000e-04|PASS
[run ] n4_b1            | Len:      4 | Batch:     1 | Thr:20 | Fwd:    0.0000 ms     1.68 GF/s (iters:3169941) | Bwd:    0.0000 ms     1.69 GF/s (iters:3188047) | Slots:32768 | Mem:   2.00 MB
RESULT|avx512_logical|throughput|n4_b1|4|1|1|1|20|0.000024|1.683510|0.000024|1.686377|2.00
CHECK|avx512_logical|throughput|n8_b1|8|1|1|1|20|6.88878659e-08|1.33280037e-07|1.00000000e-04|PASS
[run ] n8_b1            | Len:      8 | Batch:     1 | Thr:20 | Fwd:    0.0000 ms     5.47 GF/s (iters:3484846) | Bwd:    0.0000 ms     5.46 GF/s (iters:3433352) | Slots:32768 | Mem:   4.00 MB
RESULT|avx512_logical|throughput|n8_b1|8|1|1|1|20|0.000022|5.469940|0.000022|5.458056|4.00
CHECK|avx512_logical|throughput|n16_b1|16|1|1|1|20|8.06080983e-08|1.33280037e-07|1.00000000e-04|PASS
[run ] n16_b1           | Len:     16 | Batch:     1 | Thr:20 | Fwd:    0.0000 ms    14.55 GF/s (iters:3420988) | Bwd:    0.0000 ms    14.89 GF/s (iters:3490791) | Slots:32768 | Mem:   8.00 MB
RESULT|avx512_logical|throughput|n16_b1|16|1|1|1|20|0.000022|14.552998|0.000021|14.893974|8.00
CHECK|avx512_logical|throughput|n32_b1|32|1|1|1|20|9.37525156e-08|1.33280037e-07|1.00000000e-04|PASS
[run ] n32_b1           | Len:     32 | Batch:     1 | Thr:20 | Fwd:    0.0000 ms    19.37 GF/s (iters:1817489) | Bwd:    0.0000 ms    18.22 GF/s (iters:1777985) | Slots:32768 | Mem:  16.00 MB
RESULT|avx512_logical|throughput|n32_b1|32|1|1|1|20|0.000041|19.367022|0.000044|18.218926|16.00
CHECK|avx512_logical|throughput|n64_b1|64|1|1|1|20|1.04453060e-07|1.49011612e-07|1.00000000e-04|PASS
[run ] n64_b1           | Len:     64 | Batch:     1 | Thr:20 | Fwd:    0.0001 ms    27.13 GF/s (iters:1076626) | Bwd:    0.0001 ms    26.78 GF/s (iters:1232653) | Slots:32768 | Mem:  32.00 MB
RESULT|avx512_logical|throughput|n64_b1|64|1|1|1|20|0.000071|27.131369|0.000072|26.779416|32.00
CHECK|avx512_logical|throughput|n128_b1|128|1|1|1|20|1.14162990e-07|2.02677705e-07|1.00000000e-04|PASS
[run ] n128_b1          | Len:    128 | Batch:     1 | Thr:20 | Fwd:    0.0002 ms    27.96 GF/s (iters:470689) | Bwd:    0.0002 ms    27.46 GF/s (iters:595331) | Slots:32768 | Mem:  64.00 MB
RESULT|avx512_logical|throughput|n128_b1|128|1|1|1|20|0.000160|27.963676|0.000163|27.460859|64.00
CHECK|avx512_logical|throughput|n256_b1|256|1|1|1|20|1.20880689e-07|2.14907603e-07|1.00000000e-04|PASS
[run ] n256_b1          | Len:    256 | Batch:     1 | Thr:20 | Fwd:    0.0005 ms    22.19 GF/s (iters:164406) | Bwd:    0.0005 ms    22.32 GF/s (iters:217307) | Slots:32768 | Mem: 128.00 MB
RESULT|avx512_logical|throughput|n256_b1|256|1|1|1|20|0.000461|22.190660|0.000459|22.321611|128.00
CHECK|avx512_logical|throughput|n512_b1|512|1|1|1|20|1.15796630e-07|2.71920675e-07|1.00000000e-04|PASS
[run ] n512_b1          | Len:    512 | Batch:     1 | Thr:20 | Fwd:    0.0010 ms    23.18 GF/s (iters:84395) | Bwd:    0.0010 ms    23.11 GF/s (iters:90028) | Slots:32768 | Mem: 256.00 MB
RESULT|avx512_logical|throughput|n512_b1|512|1|1|1|20|0.000994|23.177383|0.000997|23.106375|256.00
CHECK|avx512_logical|throughput|n1024_b1|1024|1|1|1|20|1.24276207e-07|2.52881091e-07|1.00000000e-04|PASS
[run ] n1024_b1         | Len:   1024 | Batch:     1 | Thr:20 | Fwd:    0.0019 ms    27.48 GF/s (iters:47445) | Bwd:    0.0018 ms    27.88 GF/s (iters:48855) | Slots:32768 | Mem: 512.01 MB
RESULT|avx512_logical|throughput|n1024_b1|1024|1|1|1|20|0.001863|27.479548|0.001836|27.884214|512.01
CHECK|avx512_logical|throughput|n2048_b1|2048|1|1|1|20|1.45184027e-07|3.37174788e-07|1.00000000e-04|PASS
[run ] n2048_b1         | Len:   2048 | Batch:     1 | Thr:20 | Fwd:    0.0041 ms    27.55 GF/s (iters:21084) | Bwd:    0.0040 ms    28.16 GF/s (iters:21681) | Slots:32768 | Mem:1024.02 MB
RESULT|avx512_logical|throughput|n2048_b1|2048|1|1|1|20|0.004089|27.545920|0.003999|28.163677|1024.02
CHECK|avx512_logical|throughput|n4096_b1|4096|1|1|1|20|1.45690048e-07|3.20980835e-07|1.00000000e-04|PASS
[run ] n4096_b1         | Len:   4096 | Batch:     1 | Thr:20 | Fwd:    0.0073 ms    33.68 GF/s (iters:10615) | Bwd:    0.0075 ms    32.80 GF/s (iters:11080) | Slots:16384 | Mem:1024.03 MB
RESULT|avx512_logical|throughput|n4096_b1|4096|1|1|1|20|0.007298|33.676497|0.007494|32.795138|1024.03
CHECK|avx512_logical|throughput|n8192_b1|8192|1|1|1|20|1.89483007e-07|5.41591103e-07|1.00000000e-04|PASS
[run ] n8192_b1         | Len:   8192 | Batch:     1 | Thr:20 | Fwd:    0.0124 ms    42.95 GF/s (iters:6753) | Bwd:    0.0125 ms    42.58 GF/s (iters:6064) | Slots:8192 | Mem:1024.06 MB
RESULT|avx512_logical|throughput|n8192_b1|8192|1|1|1|20|0.012397|42.951624|0.012505|42.581806|1024.06
CHECK|avx512_logical|throughput|n16384_b1|16384|1|1|1|20|1.95270107e-07|5.37269007e-07|1.00000000e-04|PASS
[run ] n16384_b1        | Len:  16384 | Batch:     1 | Thr:20 | Fwd:    0.0186 ms    61.64 GF/s (iters:4277) | Bwd:    0.0201 ms    56.96 GF/s (iters:4609) | Slots:4096 | Mem:1024.12 MB
RESULT|avx512_logical|throughput|n16384_b1|16384|1|1|1|20|0.018607|61.637245|0.020134|56.960958|1024.12
CHECK|avx512_logical|throughput|n32768_b1|32768|1|1|1|20|2.09355397e-07|5.49527672e-07|1.00000000e-04|PASS
[run ] n32768_b1        | Len:  32768 | Batch:     1 | Thr:20 | Fwd:    0.0440 ms    55.86 GF/s (iters:2831) | Bwd:    0.0591 ms    41.57 GF/s (iters:2653) | Slots:2048 | Mem:1024.25 MB
RESULT|avx512_logical|throughput|n32768_b1|32768|1|1|1|20|0.043995|55.860455|0.059123|41.567598|1024.25
CHECK|avx512_logical|throughput|n65536_b1|65536|1|1|1|20|2.01306545e-07|6.13667377e-07|1.00000000e-04|PASS
[run ] n65536_b1        | Len:  65536 | Batch:     1 | Thr:20 | Fwd:    0.0646 ms    81.20 GF/s (iters:1439) | Bwd:    0.0640 ms    81.88 GF/s (iters:1398) | Slots:1024 | Mem:1024.50 MB
RESULT|avx512_logical|throughput|n65536_b1|65536|1|1|1|20|0.064570|81.197166|0.064034|81.876376|1024.50

Benchmark workload complete.

[DONE] avx512_logical

============================================================
RUN COMPLETE run02
============================================================
