0 [4133177088] INFO perfrun.launcher <> - Launcher main begin
0 [4133177088] INFO perfrun.launcher <> - MessageCatalogInit finished
0 [4133177088] INFO perfrun.launcher <> - Launcher instance created
0 [4133177088] INFO perfrun.launcher <> - argc = 6; cmdline = /home/nikhil/workspace/vtune/oneapi/vtune/2025.8/bin32/amplxe-runss -dump-vdso -r /home/nikhil/workspace/xeon-fft-bench/src/1-d-fft/fft_logs/latest_run/64k_batch/20260225_131947/vtune/results/20260225_134413/t10/threading_10t --tmp-dir /tmp/amplxe-tmp-nikhil 
7 [4133177088] INFO perfrun.launcher <> - create msngr2::ICliToolContext
7 [4133177088] INFO perfrun.launcher <> - create file finder object
24 [4132563776] INFO perfrun.launcher <> - plugin [remoteplug] was disabled because it doesn't support the given collection type.
24 [4132563776] INFO perfrun.launcher <> - plugin [] was disabled because it doesn't support the given collection type.
24 [4132563776] INFO perfrun.vdso <> - dumping [vdso] pseudomodule
24 [4132563776] INFO perfrun.launcher <> - plugin [] was disabled because it doesn't support the given collection type.
24 [4132563776] INFO perfrun.launcher <> - plugin [] was disabled because it doesn't support the given collection type.
24 [4132563776] INFO perfrun.launcher <> - plugin [] was disabled because it doesn't support the given collection type.
24 [4132563776] INFO perfrun.launcher <> - plugin [] was disabled because it doesn't support the given collection type.
24 [4132563776] INFO perfrun.launcher <> - plugin [] was disabled because it doesn't support the given collection type.
24 [4132563776] INFO perfrun.launcher <> - plugin [] was disabled because it doesn't support the given collection type.
24 [4132563776] INFO perfrun.launcher <> - plugin [] was disabled because it doesn't support the given collection type.
24 [4132563776] INFO perfrun.launcher <> - plugin [] was disabled because it doesn't support the given collection type.
24 [4132563776] INFO perfrun.launcher <> - plugin [] was disabled because it doesn't support the given collection type.
24 [4132563776] INFO perfrun.launcher <> - plugin [] was disabled because it doesn't support the given collection type.
24 [4132563776] INFO perfrun.launcher <> - plugin [] was disabled because it doesn't support the given collection type.
24 [4132563776] INFO perfrun.launcher <> - plugin [] was disabled because it doesn't support the given collection type.
24 [4132563776] INFO perfrun.launcher <> - plugin [] was disabled because it doesn't support the given collection type.
24 [4132563776] INFO perfrun.launcher <> - plugin [] was disabled because it doesn't support the given collection type.
24 [4132563776] INFO perfrun.launcher <> - plugin [] was disabled because it doesn't support the given collection type.
24 [4132563776] INFO perfrun.launcher <> - plugin [] was disabled because it doesn't support the given collection type.
24 [4132563776] INFO perfrun.launcher <> - plugin [] was disabled because it doesn't support the given collection type.
24 [4132563776] INFO perfrun.launcher <> - plugin [] was disabled because it doesn't support the given collection type.
24 [4132563776] INFO perfrun.launcher <> - plugin [] was disabled because it doesn't support the given collection type.
24 [4132563776] INFO perfrun.launcher <> - plugin [] was disabled because it doesn't support the given collection type.
24 [4132563776] INFO perfrun.launcher <> - plugin [] was disabled because it doesn't support the given collection type.
24 [4132563776] INFO perfrun.launcher <> - plugin [] was disabled because it doesn't support the given collection type.
24 [4132563776] INFO perfrun.launcher <> - plugin [] was disabled because it doesn't support the given collection type.
24 [4132563776] INFO perfrun.launcher <> - plugin [] was disabled because it doesn't support the given collection type.
24 [4132563776] INFO perfrun.launcher <> - plugin [] was disabled because it doesn't support the given collection type.
24 [4133177088] INFO perfrun.launcher <> - Application exit code: 0
24 [4133177088] INFO perfrun.launcher <> - Exit code: 0
