[SETUP] Sourcing Intel oneAPI environment if available...

============================================================
  FFT BENCHMARK RUN (1D)
  Date       : Wed Feb 25 11:39:59 IST 2026
  Hostname   : amdtoolsserver.morphingmachines
  Log file   : /home/nikhil/workspace/xeon-fft-bench/src/1-d-fft/fft_logs/latest_run/20260225_113625/runs/run03/fft_benchmark_20260225_113959.log
  Report file: /home/nikhil/workspace/xeon-fft-bench/src/1-d-fft/fft_logs/latest_run/20260225_113625/runs/run03/fft_benchmark_20260225_113959.report.md
============================================================

[CHECK] MKL environment
        MKLROOT     = /home/nikhil/.local
        Include dir = /home/nikhil/.local/include
        Lib dir     = /home/nikhil/.local/lib
        Runtime lib = -l:libmkl_rt.so.2

[CHECK] Compiler: gcc (GCC) 8.5.0 20210514 (Red Hat 8.5.0-22)

[COMPILE] gcc -O3 -march=native -std=c99 fft_benchmark.c
          Binary: fft_benchmark

[CONFIG] timed runs=20, warmup=5, mem_cap_mb=3072
[CONFIG] run profiles=baseline_sse42_1t,avx512_phys,avx512_logical
[CONFIG] throughput lengths=32,64,128,256,512,1024,2048,4096,8192,16384,32768,65536,131072,262144,524288,1048576,2097152,4194304, batches=1,4,16
[CONFIG] thread scaling set=1,2,4,8,10,20, scale length=16384, scale batch=64
[CONFIG] batch scaling set=1,4,16,64,256, scale length=16384
[WARN] throughput lengths include values < 1024.
       For 1D multithread runs, tiny lengths are overhead-dominated and can look falsely slow.

============================================================
RUN PROFILE: baseline_sse42_1t
Description : MKL SSE4.2 baseline, single thread (CPU path, no AVX2/AVX512 kernels)
ISA         : SSE4_2
Threads     : 1
Workload    : throughput
============================================================
PROFILE|baseline_sse42_1t|MKL SSE4.2 baseline, single thread (CPU path, no AVX2/AVX512 kernels)|SSE4_2|1|throughput|32,64,128,256,512,1024,2048,4096,8192,16384,32768,65536,131072,262144,524288,1048576,2097152,4194304|1,4,16|1,2,4,8,10,20|16384|64|10

############################################################
# FFT BENCHMARK (Intel oneMKL DFTI, 1D, single precision)  #
############################################################
profile_id       : baseline_sse42_1t
profile_desc     : MKL SSE4.2 baseline, single thread (CPU path, no AVX2/AVX512 kernels)
workload         : throughput
threads(cli)     : 1
mkl max threads  : 1
timed runs       : 20
warmup runs      : 5
mem cap (MB)     : 3072.0
lengths: 32,64,128,256,512,1024,2048,4096,8192,16384,32768,65536,131072,262144,524288,1048576,2097152,4194304
batches: 1,4,16
thread_set: 1,2,4,8,10,20
batch_scale_set: 1,4,16
scale_length     : 16384
scale_batch      : 64
scale_threads    : 10


====================================================================
WORKLOAD: throughput (length x batch at fixed thread count)
====================================================================
threads=1
[run ] n32_b1           | Len:     32 | Batch:     1 | Thr: 1 | Fwd:    0.0000 ms    17.98 GF/s | Bwd:    0.0000 ms    16.63 GF/s | Mem:   0.00 MB
RESULT|baseline_sse42_1t|throughput|n32_b1|32|1|1|1|1|0.000044|17.982011|0.000048|16.627568|0.00
[run ] n32_b4           | Len:     32 | Batch:     4 | Thr: 1 | Fwd:    0.0001 ms    29.17 GF/s | Bwd:    0.0001 ms    27.25 GF/s | Mem:   0.00 MB
RESULT|baseline_sse42_1t|throughput|n32_b4|32|1|1|4|1|0.000110|29.165086|0.000117|27.246798|0.00
[run ] n32_b16          | Len:     32 | Batch:    16 | Thr: 1 | Fwd:    0.0004 ms    32.63 GF/s | Bwd:    0.0004 ms    30.49 GF/s | Mem:   0.01 MB
RESULT|baseline_sse42_1t|throughput|n32_b16|32|1|1|16|1|0.000392|32.632562|0.000420|30.493634|0.01
[run ] n64_b1           | Len:     64 | Batch:     1 | Thr: 1 | Fwd:    0.0001 ms    21.58 GF/s | Bwd:    0.0001 ms    21.38 GF/s | Mem:   0.00 MB
RESULT|baseline_sse42_1t|throughput|n64_b1|64|1|1|1|1|0.000089|21.578413|0.000090|21.383600|0.00
[run ] n64_b4           | Len:     64 | Batch:     4 | Thr: 1 | Fwd:    0.0003 ms    25.59 GF/s | Bwd:    0.0003 ms    25.52 GF/s | Mem:   0.00 MB
RESULT|baseline_sse42_1t|throughput|n64_b4|64|1|1|4|1|0.000300|25.593719|0.000301|25.520722|0.00
[run ] n64_b16          | Len:     64 | Batch:    16 | Thr: 1 | Fwd:    0.0012 ms    26.67 GF/s | Bwd:    0.0012 ms    26.11 GF/s | Mem:   0.02 MB
RESULT|baseline_sse42_1t|throughput|n64_b16|64|1|1|16|1|0.001152|26.665774|0.001176|26.113457|0.02
[run ] n128_b1          | Len:    128 | Batch:     1 | Thr: 1 | Fwd:    0.0002 ms    28.32 GF/s | Bwd:    0.0002 ms    27.78 GF/s | Mem:   0.00 MB
RESULT|baseline_sse42_1t|throughput|n128_b1|128|1|1|1|1|0.000158|28.324513|0.000161|27.780133|0.00
[run ] n128_b4          | Len:    128 | Batch:     4 | Thr: 1 | Fwd:    0.0006 ms    30.12 GF/s | Bwd:    0.0006 ms    30.03 GF/s | Mem:   0.01 MB
RESULT|baseline_sse42_1t|throughput|n128_b4|128|1|1|4|1|0.000595|30.122606|0.000597|30.031136|0.01
[run ] n128_b16         | Len:    128 | Batch:    16 | Thr: 1 | Fwd:    0.0023 ms    31.35 GF/s | Bwd:    0.0023 ms    30.88 GF/s | Mem:   0.03 MB
RESULT|baseline_sse42_1t|throughput|n128_b16|128|1|1|16|1|0.002286|31.351434|0.002321|30.882541|0.03
[run ] n256_b1          | Len:    256 | Batch:     1 | Thr: 1 | Fwd:    0.0003 ms    31.97 GF/s | Bwd:    0.0003 ms    31.67 GF/s | Mem:   0.00 MB
RESULT|baseline_sse42_1t|throughput|n256_b1|256|1|1|1|1|0.000320|31.966116|0.000323|31.673800|0.00
[run ] n256_b4          | Len:    256 | Batch:     4 | Thr: 1 | Fwd:    0.0012 ms    32.79 GF/s | Bwd:    0.0013 ms    32.60 GF/s | Mem:   0.02 MB
RESULT|baseline_sse42_1t|throughput|n256_b4|256|1|1|4|1|0.001249|32.792268|0.001257|32.598135|0.02
[run ] n256_b16         | Len:    256 | Batch:    16 | Thr: 1 | Fwd:    0.0050 ms    32.91 GF/s | Bwd:    0.0051 ms    32.36 GF/s | Mem:   0.06 MB
RESULT|baseline_sse42_1t|throughput|n256_b16|256|1|1|16|1|0.004978|32.910366|0.005063|32.360811|0.06
[run ] n512_b1          | Len:    512 | Batch:     1 | Thr: 1 | Fwd:    0.0007 ms    33.38 GF/s | Bwd:    0.0007 ms    33.42 GF/s | Mem:   0.01 MB
RESULT|baseline_sse42_1t|throughput|n512_b1|512|1|1|1|1|0.000690|33.382881|0.000689|33.419824|0.01
[run ] n512_b4          | Len:    512 | Batch:     4 | Thr: 1 | Fwd:    0.0027 ms    33.79 GF/s | Bwd:    0.0027 ms    33.82 GF/s | Mem:   0.03 MB
RESULT|baseline_sse42_1t|throughput|n512_b4|512|1|1|4|1|0.002727|33.792623|0.002725|33.818048|0.03
[run ] n512_b16         | Len:    512 | Batch:    16 | Thr: 1 | Fwd:    0.0109 ms    33.81 GF/s | Bwd:    0.0109 ms    33.74 GF/s | Mem:   0.12 MB
RESULT|baseline_sse42_1t|throughput|n512_b16|512|1|1|16|1|0.010905|33.806218|0.010925|33.741298|0.12
[run ] n1024_b1         | Len:   1024 | Batch:     1 | Thr: 1 | Fwd:    0.0015 ms    34.98 GF/s | Bwd:    0.0014 ms    35.46 GF/s | Mem:   0.02 MB
RESULT|baseline_sse42_1t|throughput|n1024_b1|1024|1|1|1|1|0.001464|34.979861|0.001444|35.461601|0.02
[run ] n1024_b4         | Len:   1024 | Batch:     4 | Thr: 1 | Fwd:    0.0059 ms    34.66 GF/s | Bwd:    0.0061 ms    33.79 GF/s | Mem:   0.06 MB
RESULT|baseline_sse42_1t|throughput|n1024_b4|1024|1|1|4|1|0.005909|34.656117|0.006062|33.786716|0.06
[run ] n1024_b16        | Len:   1024 | Batch:    16 | Thr: 1 | Fwd:    0.0238 ms    34.39 GF/s | Bwd:    0.0231 ms    35.54 GF/s | Mem:   0.25 MB
RESULT|baseline_sse42_1t|throughput|n1024_b16|1024|1|1|16|1|0.023824|34.385390|0.023050|35.539728|0.25
[run ] n2048_b1         | Len:   2048 | Batch:     1 | Thr: 1 | Fwd:    0.0032 ms    34.91 GF/s | Bwd:    0.0032 ms    34.97 GF/s | Mem:   0.03 MB
RESULT|baseline_sse42_1t|throughput|n2048_b1|2048|1|1|1|1|0.003226|34.914304|0.003221|34.972197|0.03
[run ] n2048_b4         | Len:   2048 | Batch:     4 | Thr: 1 | Fwd:    0.0129 ms    35.05 GF/s | Bwd:    0.0128 ms    35.10 GF/s | Mem:   0.12 MB
RESULT|baseline_sse42_1t|throughput|n2048_b4|2048|1|1|4|1|0.012855|35.048083|0.012838|35.096249|0.12
[run ] n2048_b16        | Len:   2048 | Batch:    16 | Thr: 1 | Fwd:    0.0512 ms    35.17 GF/s | Bwd:    0.0500 ms    36.03 GF/s | Mem:   0.50 MB
RESULT|baseline_sse42_1t|throughput|n2048_b16|2048|1|1|16|1|0.051244|35.169795|0.050021|36.029647|0.50
[run ] n4096_b1         | Len:   4096 | Batch:     1 | Thr: 1 | Fwd:    0.0071 ms    34.45 GF/s | Bwd:    0.0071 ms    34.79 GF/s | Mem:   0.06 MB
RESULT|baseline_sse42_1t|throughput|n4096_b1|4096|1|1|1|1|0.007135|34.446544|0.007064|34.791383|0.06
[run ] n4096_b4         | Len:   4096 | Batch:     4 | Thr: 1 | Fwd:    0.0302 ms    32.57 GF/s | Bwd:    0.0284 ms    34.62 GF/s | Mem:   0.25 MB
RESULT|baseline_sse42_1t|throughput|n4096_b4|4096|1|1|4|1|0.030185|32.566929|0.028396|34.619093|0.25
[run ] n4096_b16        | Len:   4096 | Batch:    16 | Thr: 1 | Fwd:    0.1212 ms    32.43 GF/s | Bwd:    0.1275 ms    30.84 GF/s | Mem:   1.00 MB
RESULT|baseline_sse42_1t|throughput|n4096_b16|4096|1|1|16|1|0.121247|32.431114|0.127489|30.843075|1.00
[run ] n8192_b1         | Len:   8192 | Batch:     1 | Thr: 1 | Fwd:    0.0166 ms    32.12 GF/s | Bwd:    0.0156 ms    34.15 GF/s | Mem:   0.12 MB
RESULT|baseline_sse42_1t|throughput|n8192_b1|8192|1|1|1|1|0.016580|32.115691|0.015594|34.146872|0.12
[run ] n8192_b4         | Len:   8192 | Batch:     4 | Thr: 1 | Fwd:    0.0660 ms    32.29 GF/s | Bwd:    0.0650 ms    32.78 GF/s | Mem:   0.50 MB
RESULT|baseline_sse42_1t|throughput|n8192_b4|8192|1|1|4|1|0.065958|32.292100|0.064968|32.784157|0.50
[run ] n8192_b16        | Len:   8192 | Batch:    16 | Thr: 1 | Fwd:    0.3006 ms    28.34 GF/s | Bwd:    0.3074 ms    27.72 GF/s | Mem:   2.00 MB
RESULT|baseline_sse42_1t|throughput|n8192_b16|8192|1|1|16|1|0.300613|28.340981|0.307402|27.715153|2.00
[run ] n16384_b1        | Len:  16384 | Batch:     1 | Thr: 1 | Fwd:    0.0340 ms    33.68 GF/s | Bwd:    0.0334 ms    34.35 GF/s | Mem:   0.25 MB
RESULT|baseline_sse42_1t|throughput|n16384_b1|16384|1|1|1|1|0.034049|33.683046|0.033389|34.348747|0.25
[run ] n16384_b4        | Len:  16384 | Batch:     4 | Thr: 1 | Fwd:    0.1504 ms    30.50 GF/s | Bwd:    0.1498 ms    30.63 GF/s | Mem:   1.00 MB
RESULT|baseline_sse42_1t|throughput|n16384_b4|16384|1|1|4|1|0.150401|30.501979|0.149763|30.631911|1.00
[run ] n16384_b16       | Len:  16384 | Batch:    16 | Thr: 1 | Fwd:    0.6515 ms    28.16 GF/s | Bwd:    0.6590 ms    27.84 GF/s | Mem:   4.00 MB
RESULT|baseline_sse42_1t|throughput|n16384_b16|16384|1|1|16|1|0.651527|28.164711|0.659046|27.843393|4.00
[run ] n32768_b1        | Len:  32768 | Batch:     1 | Thr: 1 | Fwd:    0.0777 ms    31.62 GF/s | Bwd:    0.0776 ms    31.65 GF/s | Mem:   0.50 MB
RESULT|baseline_sse42_1t|throughput|n32768_b1|32768|1|1|1|1|0.077716|31.622786|0.077642|31.652772|0.50
[run ] n32768_b4        | Len:  32768 | Batch:     4 | Thr: 1 | Fwd:    0.3625 ms    27.12 GF/s | Bwd:    0.3730 ms    26.35 GF/s | Mem:   2.00 MB
RESULT|baseline_sse42_1t|throughput|n32768_b4|32768|1|1|4|1|0.362491|27.118994|0.373005|26.354586|2.00
[run ] n32768_b16       | Len:  32768 | Batch:    16 | Thr: 1 | Fwd:    1.7953 ms    21.90 GF/s | Bwd:    1.6619 ms    23.66 GF/s | Mem:   8.00 MB
RESULT|baseline_sse42_1t|throughput|n32768_b16|32768|1|1|16|1|1.795286|21.902698|1.661907|23.660524|8.00
[run ] n65536_b1        | Len:  65536 | Batch:     1 | Thr: 1 | Fwd:    0.2061 ms    25.44 GF/s | Bwd:    0.2126 ms    24.66 GF/s | Mem:   1.00 MB
RESULT|baseline_sse42_1t|throughput|n65536_b1|65536|1|1|1|1|0.206100|25.438550|0.212609|24.659777|1.00
[run ] n65536_b4        | Len:  65536 | Batch:     4 | Thr: 1 | Fwd:    0.8503 ms    24.66 GF/s | Bwd:    0.8141 ms    25.76 GF/s | Mem:   4.00 MB
RESULT|baseline_sse42_1t|throughput|n65536_b4|65536|1|1|4|1|0.850340|24.662509|0.814114|25.759918|4.00
[run ] n65536_b16       | Len:  65536 | Batch:    16 | Thr: 1 | Fwd:    4.6880 ms    17.89 GF/s | Bwd:    4.6803 ms    17.92 GF/s | Mem:  16.00 MB
RESULT|baseline_sse42_1t|throughput|n65536_b16|65536|1|1|16|1|4.687978|17.893874|4.680253|17.923407|16.00
[run ] n131072_b1       | Len: 131072 | Batch:     1 | Thr: 1 | Fwd:    0.4843 ms    23.00 GF/s | Bwd:    0.4777 ms    23.32 GF/s | Mem:   2.00 MB
RESULT|baseline_sse42_1t|throughput|n131072_b1|131072|1|1|1|1|0.484321|23.003576|0.477687|23.323065|2.00
[run ] n131072_b4       | Len: 131072 | Batch:     4 | Thr: 1 | Fwd:    2.1226 ms    21.00 GF/s | Bwd:    2.0895 ms    21.33 GF/s | Mem:   8.00 MB
RESULT|baseline_sse42_1t|throughput|n131072_b4|131072|1|1|4|1|2.122556|20.995663|2.089476|21.328065|8.00
[run ] n131072_b16      | Len: 131072 | Batch:    16 | Thr: 1 | Fwd:   15.9777 ms    11.16 GF/s | Bwd:   16.4645 ms    10.83 GF/s | Mem:  32.00 MB
RESULT|baseline_sse42_1t|throughput|n131072_b16|131072|1|1|16|1|15.977688|11.156678|16.464467|10.826826|32.00
[run ] n262144_b1       | Len: 262144 | Batch:     1 | Thr: 1 | Fwd:    1.1154 ms    21.15 GF/s | Bwd:    1.1036 ms    21.38 GF/s | Mem:   4.00 MB
RESULT|baseline_sse42_1t|throughput|n262144_b1|262144|1|1|1|1|1.115438|21.151305|1.103609|21.378010|4.00
[run ] n262144_b4       | Len: 262144 | Batch:     4 | Thr: 1 | Fwd:    6.9716 ms    13.54 GF/s | Bwd:    6.2538 ms    15.09 GF/s | Mem:  16.00 MB
RESULT|baseline_sse42_1t|throughput|n262144_b4|262144|1|1|4|1|6.971570|13.536669|6.253797|15.090327|16.00
[run ] n262144_b16      | Len: 262144 | Batch:    16 | Thr: 1 | Fwd:   32.9592 ms    11.45 GF/s | Bwd:   32.8296 ms    11.50 GF/s | Mem:  64.00 MB
RESULT|baseline_sse42_1t|throughput|n262144_b16|262144|1|1|16|1|32.959216|11.453166|32.829595|11.498386|64.00
[run ] n524288_b1       | Len: 524288 | Batch:     1 | Thr: 1 | Fwd:    2.3865 ms    20.87 GF/s | Bwd:    2.3832 ms    20.90 GF/s | Mem:   8.00 MB
RESULT|baseline_sse42_1t|throughput|n524288_b1|524288|1|1|1|1|2.386526|20.870238|2.383202|20.899346|8.00
[run ] n524288_b4       | Len: 524288 | Batch:     4 | Thr: 1 | Fwd:   12.9240 ms    15.42 GF/s | Bwd:   12.6059 ms    15.80 GF/s | Mem:  32.00 MB
RESULT|baseline_sse42_1t|throughput|n524288_b4|524288|1|1|4|1|12.924037|15.415419|12.605925|15.804429|32.00
[run ] n524288_b16      | Len: 524288 | Batch:    16 | Thr: 1 | Fwd:   56.3752 ms    14.14 GF/s | Bwd:   54.6966 ms    14.57 GF/s | Mem: 128.00 MB
RESULT|baseline_sse42_1t|throughput|n524288_b16|524288|1|1|16|1|56.375224|14.135957|54.696642|14.569775|128.00
[run ] n1048576_b1      | Len:1048576 | Batch:     1 | Thr: 1 | Fwd:    6.3706 ms    16.46 GF/s | Bwd:    6.2413 ms    16.80 GF/s | Mem:  16.00 MB
RESULT|baseline_sse42_1t|throughput|n1048576_b1|1048576|1|1|1|1|6.370623|16.459552|6.241291|16.800625|16.00
[run ] n1048576_b4      | Len:1048576 | Batch:     4 | Thr: 1 | Fwd:   33.8973 ms    12.37 GF/s | Bwd:   33.9659 ms    12.35 GF/s | Mem:  64.00 MB
RESULT|baseline_sse42_1t|throughput|n1048576_b4|1048576|1|1|4|1|33.897304|12.373562|33.965946|12.348556|64.00
[run ] n1048576_b16     | Len:1048576 | Batch:    16 | Thr: 1 | Fwd:  134.1357 ms    12.51 GF/s | Bwd:  133.7345 ms    12.55 GF/s | Mem: 256.00 MB
RESULT|baseline_sse42_1t|throughput|n1048576_b16|1048576|1|1|16|1|134.135738|12.507641|133.734486|12.545168|256.00
[run ] n2097152_b1      | Len:2097152 | Batch:     1 | Thr: 1 | Fwd:   15.7133 ms    14.01 GF/s | Bwd:   16.4054 ms    13.42 GF/s | Mem:  32.00 MB
RESULT|baseline_sse42_1t|throughput|n2097152_b1|2097152|1|1|1|1|15.713290|14.013676|16.405429|13.422445|32.00
[run ] n2097152_b4      | Len:2097152 | Batch:     4 | Thr: 1 | Fwd:   70.9469 ms    12.41 GF/s | Bwd:   69.4964 ms    12.67 GF/s | Mem: 128.00 MB
RESULT|baseline_sse42_1t|throughput|n2097152_b4|2097152|1|1|4|1|70.946907|12.414972|69.496409|12.674091|128.00
[run ] n2097152_b16     | Len:2097152 | Batch:    16 | Thr: 1 | Fwd:  268.1207 ms    13.14 GF/s | Bwd:  283.8691 ms    12.41 GF/s | Mem: 512.00 MB
RESULT|baseline_sse42_1t|throughput|n2097152_b16|2097152|1|1|16|1|268.120694|13.140408|283.869052|12.411411|512.00
[run ] n4194304_b1      | Len:4194304 | Batch:     1 | Thr: 1 | Fwd:   34.0648 ms    13.54 GF/s | Bwd:   34.7775 ms    13.27 GF/s | Mem:  64.00 MB
RESULT|baseline_sse42_1t|throughput|n4194304_b1|4194304|1|1|1|1|34.064753|13.544012|34.777523|13.266426|64.00
[run ] n4194304_b4      | Len:4194304 | Batch:     4 | Thr: 1 | Fwd:  145.5357 ms    12.68 GF/s | Bwd:  144.1596 ms    12.80 GF/s | Mem: 256.00 MB
RESULT|baseline_sse42_1t|throughput|n4194304_b4|4194304|1|1|4|1|145.535660|12.680698|144.159570|12.801743|256.00
[run ] n4194304_b16     | Len:4194304 | Batch:    16 | Thr: 1 | Fwd:  553.6136 ms    13.33 GF/s | Bwd:  582.0753 ms    12.68 GF/s | Mem:1024.00 MB
RESULT|baseline_sse42_1t|throughput|n4194304_b16|4194304|1|1|16|1|553.613585|13.334165|582.075317|12.682165|1024.00

Benchmark workload complete.


real	1m14.323s
user	1m13.727s
sys	0m0.448s
[DONE] baseline_sse42_1t

============================================================
RUN PROFILE: avx512_phys
Description : MKL AVX-512, physical-core thread count
ISA         : AVX512
Threads     : 10
Workload    : throughput
============================================================
PROFILE|avx512_phys|MKL AVX-512, physical-core thread count|AVX512|10|throughput|32,64,128,256,512,1024,2048,4096,8192,16384,32768,65536,131072,262144,524288,1048576,2097152,4194304|1,4,16|1,2,4,8,10,20|16384|64|10

############################################################
# FFT BENCHMARK (Intel oneMKL DFTI, 1D, single precision)  #
############################################################
profile_id       : avx512_phys
profile_desc     : MKL AVX-512, physical-core thread count
workload         : throughput
threads(cli)     : 10
mkl max threads  : 10
timed runs       : 20
warmup runs      : 5
mem cap (MB)     : 3072.0
lengths: 32,64,128,256,512,1024,2048,4096,8192,16384,32768,65536,131072,262144,524288,1048576,2097152,4194304
batches: 1,4,16
thread_set: 1,2,4,8,10,20
batch_scale_set: 1,4,16
scale_length     : 16384
scale_batch      : 64
scale_threads    : 10


====================================================================
WORKLOAD: throughput (length x batch at fixed thread count)
====================================================================
threads=10
[run ] n32_b1           | Len:     32 | Batch:     1 | Thr:10 | Fwd:    0.0001 ms    11.06 GF/s | Bwd:    0.0001 ms    11.14 GF/s | Mem:   0.00 MB
RESULT|avx512_phys|throughput|n32_b1|32|1|1|1|10|0.000072|11.059470|0.000072|11.140250|0.00
[run ] n32_b4           | Len:     32 | Batch:     4 | Thr:10 | Fwd:    0.0001 ms    37.96 GF/s | Bwd:    0.0001 ms    37.74 GF/s | Mem:   0.00 MB
RESULT|avx512_phys|throughput|n32_b4|32|1|1|4|10|0.000084|37.957502|0.000085|37.744018|0.00
[run ] n32_b16          | Len:     32 | Batch:    16 | Thr:10 | Fwd:    0.0023 ms     5.50 GF/s | Bwd:    0.0008 ms    16.60 GF/s | Mem:   0.01 MB
RESULT|avx512_phys|throughput|n32_b16|32|1|1|16|10|0.002328|5.497685|0.000771|16.598779|0.01
[run ] n64_b1           | Len:     64 | Batch:     1 | Thr:10 | Fwd:    0.0000 ms    42.34 GF/s | Bwd:    0.0000 ms    44.35 GF/s | Mem:   0.00 MB
RESULT|avx512_phys|throughput|n64_b1|64|1|1|1|10|0.000045|42.339977|0.000043|44.345064|0.00
[run ] n64_b4           | Len:     64 | Batch:     4 | Thr:10 | Fwd:    0.0001 ms    73.04 GF/s | Bwd:    0.0001 ms    68.19 GF/s | Mem:   0.00 MB
RESULT|avx512_phys|throughput|n64_b4|64|1|1|4|10|0.000105|73.043661|0.000113|68.188515|0.00
[run ] n64_b16          | Len:     64 | Batch:    16 | Thr:10 | Fwd:    0.0015 ms    21.10 GF/s | Bwd:    0.0016 ms    19.07 GF/s | Mem:   0.02 MB
RESULT|avx512_phys|throughput|n64_b16|64|1|1|16|10|0.001456|21.097888|0.001611|19.066711|0.02
[run ] n128_b1          | Len:    128 | Batch:     1 | Thr:10 | Fwd:    0.0001 ms    65.89 GF/s | Bwd:    0.0001 ms    67.64 GF/s | Mem:   0.00 MB
RESULT|avx512_phys|throughput|n128_b1|128|1|1|1|10|0.000068|65.885280|0.000066|67.640324|0.00
[run ] n128_b4          | Len:    128 | Batch:     4 | Thr:10 | Fwd:    0.0007 ms    24.01 GF/s | Bwd:    0.0008 ms    22.92 GF/s | Mem:   0.01 MB
RESULT|avx512_phys|throughput|n128_b4|128|1|1|4|10|0.000746|24.014930|0.000782|22.923609|0.01
[run ] n128_b16         | Len:    128 | Batch:    16 | Thr:10 | Fwd:    0.0027 ms    26.53 GF/s | Bwd:    0.0013 ms    54.56 GF/s | Mem:   0.03 MB
RESULT|avx512_phys|throughput|n128_b16|128|1|1|16|10|0.002702|26.525711|0.001314|54.556092|0.03
[run ] n256_b1          | Len:    256 | Batch:     1 | Thr:10 | Fwd:    0.0002 ms    62.81 GF/s | Bwd:    0.0002 ms    64.12 GF/s | Mem:   0.00 MB
RESULT|avx512_phys|throughput|n256_b1|256|1|1|1|10|0.000163|62.810285|0.000160|64.123131|0.00
[run ] n256_b4          | Len:    256 | Batch:     4 | Thr:10 | Fwd:    0.0009 ms    43.26 GF/s | Bwd:    0.0009 ms    43.14 GF/s | Mem:   0.02 MB
RESULT|avx512_phys|throughput|n256_b4|256|1|1|4|10|0.000947|43.256796|0.000949|43.139487|0.02
[run ] n256_b16         | Len:    256 | Batch:    16 | Thr:10 | Fwd:    0.0028 ms    58.90 GF/s | Bwd:    0.0014 ms   115.00 GF/s | Mem:   0.06 MB
RESULT|avx512_phys|throughput|n256_b16|256|1|1|16|10|0.002782|58.896687|0.001425|115.000128|0.06
[run ] n512_b1          | Len:    512 | Batch:     1 | Thr:10 | Fwd:    0.0003 ms    82.09 GF/s | Bwd:    0.0003 ms    79.63 GF/s | Mem:   0.01 MB
RESULT|avx512_phys|throughput|n512_b1|512|1|1|1|10|0.000281|82.090354|0.000289|79.628184|0.01
[run ] n512_b4          | Len:    512 | Batch:     4 | Thr:10 | Fwd:    0.0015 ms    62.40 GF/s | Bwd:    0.0012 ms    75.01 GF/s | Mem:   0.03 MB
RESULT|avx512_phys|throughput|n512_b4|512|1|1|4|10|0.001477|62.404678|0.001229|75.005250|0.03
[run ] n512_b16         | Len:    512 | Batch:    16 | Thr:10 | Fwd:    0.0019 ms   197.36 GF/s | Bwd:    0.0019 ms   195.06 GF/s | Mem:   0.12 MB
RESULT|avx512_phys|throughput|n512_b16|512|1|1|16|10|0.001868|197.363895|0.001890|195.058312|0.12
[run ] n1024_b1         | Len:   1024 | Batch:     1 | Thr:10 | Fwd:    0.0006 ms    82.25 GF/s | Bwd:    0.0006 ms    85.56 GF/s | Mem:   0.02 MB
RESULT|avx512_phys|throughput|n1024_b1|1024|1|1|1|10|0.000622|82.253855|0.000598|85.557117|0.02
[run ] n1024_b4         | Len:   1024 | Batch:     4 | Thr:10 | Fwd:    0.0019 ms   107.40 GF/s | Bwd:    0.0018 ms   114.80 GF/s | Mem:   0.06 MB
RESULT|avx512_phys|throughput|n1024_b4|1024|1|1|4|10|0.001907|107.395662|0.001784|114.798794|0.06
[run ] n1024_b16        | Len:   1024 | Batch:    16 | Thr:10 | Fwd:    0.0040 ms   207.09 GF/s | Bwd:    0.0030 ms   270.66 GF/s | Mem:   0.25 MB
RESULT|avx512_phys|throughput|n1024_b16|1024|1|1|16|10|0.003956|207.086176|0.003027|270.655678|0.25
[run ] n2048_b1         | Len:   2048 | Batch:     1 | Thr:10 | Fwd:    0.0017 ms    67.62 GF/s | Bwd:    0.0015 ms    74.54 GF/s | Mem:   0.03 MB
RESULT|avx512_phys|throughput|n2048_b1|2048|1|1|1|10|0.001666|67.619855|0.001511|74.537171|0.03
[run ] n2048_b4         | Len:   2048 | Batch:     4 | Thr:10 | Fwd:    0.0046 ms    98.47 GF/s | Bwd:    0.0028 ms   163.83 GF/s | Mem:   0.12 MB
RESULT|avx512_phys|throughput|n2048_b4|2048|1|1|4|10|0.004576|98.470440|0.002750|163.827728|0.12
[run ] n2048_b16        | Len:   2048 | Batch:    16 | Thr:10 | Fwd:    0.0059 ms   304.84 GF/s | Bwd:    0.0053 ms   337.30 GF/s | Mem:   0.50 MB
RESULT|avx512_phys|throughput|n2048_b16|2048|1|1|16|10|0.005912|304.843465|0.005343|337.296080|0.50
[run ] n4096_b1         | Len:   4096 | Batch:     1 | Thr:10 | Fwd:    0.0037 ms    66.72 GF/s | Bwd:    0.0043 ms    57.11 GF/s | Mem:   0.06 MB
RESULT|avx512_phys|throughput|n4096_b1|4096|1|1|1|10|0.003683|66.719666|0.004303|57.110130|0.06
[run ] n4096_b4         | Len:   4096 | Batch:     4 | Thr:10 | Fwd:    0.0048 ms   206.84 GF/s | Bwd:    0.0047 ms   210.47 GF/s | Mem:   0.25 MB
RESULT|avx512_phys|throughput|n4096_b4|4096|1|1|4|10|0.004753|206.836855|0.004671|210.470981|0.25
[run ] n4096_b16        | Len:   4096 | Batch:    16 | Thr:10 | Fwd:    0.0088 ms   444.69 GF/s | Bwd:    0.0086 ms   457.46 GF/s | Mem:   1.00 MB
RESULT|avx512_phys|throughput|n4096_b16|4096|1|1|16|10|0.008843|444.685519|0.008596|457.458905|1.00
[run ] n8192_b1         | Len:   8192 | Batch:     1 | Thr:10 | Fwd:    0.0092 ms    57.90 GF/s | Bwd:    0.0086 ms    61.79 GF/s | Mem:   0.12 MB
RESULT|avx512_phys|throughput|n8192_b1|8192|1|1|1|10|0.009197|57.899563|0.008617|61.793303|0.12
[run ] n8192_b4         | Len:   8192 | Batch:     4 | Thr:10 | Fwd:    0.0365 ms    58.30 GF/s | Bwd:    0.0343 ms    62.08 GF/s | Mem:   0.50 MB
RESULT|avx512_phys|throughput|n8192_b4|8192|1|1|4|10|0.036536|58.296433|0.034309|62.079630|0.50
[run ] n8192_b16        | Len:   8192 | Batch:    16 | Thr:10 | Fwd:    0.0200 ms   426.04 GF/s | Bwd:    0.0194 ms   439.00 GF/s | Mem:   2.00 MB
RESULT|avx512_phys|throughput|n8192_b16|8192|1|1|16|10|0.019997|426.039257|0.019407|439.002829|2.00
[run ] n16384_b1        | Len:  16384 | Batch:     1 | Thr:10 | Fwd:    0.0126 ms    90.96 GF/s | Bwd:    0.0129 ms    88.98 GF/s | Mem:   0.25 MB
RESULT|avx512_phys|throughput|n16384_b1|16384|1|1|1|10|0.012609|90.957905|0.012889|88.979630|0.25
[run ] n16384_b4        | Len:  16384 | Batch:     4 | Thr:10 | Fwd:    0.0937 ms    48.97 GF/s | Bwd:    0.0944 ms    48.59 GF/s | Mem:   1.00 MB
RESULT|avx512_phys|throughput|n16384_b4|16384|1|1|4|10|0.093681|48.969587|0.094421|48.585946|1.00
[run ] n16384_b16       | Len:  16384 | Batch:    16 | Thr:10 | Fwd:    0.0430 ms   426.60 GF/s | Bwd:    0.0429 ms   427.59 GF/s | Mem:   4.00 MB
RESULT|avx512_phys|throughput|n16384_b16|16384|1|1|16|10|0.043015|426.595783|0.042915|427.586430|4.00
[run ] n32768_b1        | Len:  32768 | Batch:     1 | Thr:10 | Fwd:    0.0196 ms   125.57 GF/s | Bwd:    0.0193 ms   127.26 GF/s | Mem:   0.50 MB
RESULT|avx512_phys|throughput|n32768_b1|32768|1|1|1|10|0.019572|125.565176|0.019312|127.255148|0.50
[run ] n32768_b4        | Len:  32768 | Batch:     4 | Thr:10 | Fwd:    0.2499 ms    39.33 GF/s | Bwd:    0.2460 ms    39.96 GF/s | Mem:   2.00 MB
RESULT|avx512_phys|throughput|n32768_b4|32768|1|1|4|10|0.249918|39.334527|0.245984|39.963555|2.00
[run ] n32768_b16       | Len:  32768 | Batch:    16 | Thr:10 | Fwd:    0.1491 ms   263.78 GF/s | Bwd:    0.1553 ms   253.18 GF/s | Mem:   8.00 MB
RESULT|avx512_phys|throughput|n32768_b16|32768|1|1|16|10|0.149069|263.781077|0.155313|253.176309|8.00
[run ] n65536_b1        | Len:  65536 | Batch:     1 | Thr:10 | Fwd:    0.0492 ms   106.53 GF/s | Bwd:    0.0495 ms   105.86 GF/s | Mem:   1.00 MB
RESULT|avx512_phys|throughput|n65536_b1|65536|1|1|1|10|0.049216|106.526960|0.049526|105.860603|1.00
[run ] n65536_b4        | Len:  65536 | Batch:     4 | Thr:10 | Fwd:    0.5853 ms    35.83 GF/s | Bwd:    0.5603 ms    37.43 GF/s | Mem:   4.00 MB
RESULT|avx512_phys|throughput|n65536_b4|65536|1|1|4|10|0.585314|35.829492|0.560292|37.429629|4.00
[run ] n65536_b16       | Len:  65536 | Batch:    16 | Thr:10 | Fwd:    0.4255 ms   197.15 GF/s | Bwd:    0.4249 ms   197.41 GF/s | Mem:  16.00 MB
RESULT|avx512_phys|throughput|n65536_b16|65536|1|1|16|10|0.425498|197.148151|0.424924|197.414118|16.00
[run ] n131072_b1       | Len: 131072 | Batch:     1 | Thr:10 | Fwd:    0.0704 ms   158.32 GF/s | Bwd:    0.0683 ms   163.18 GF/s | Mem:   2.00 MB
RESULT|avx512_phys|throughput|n131072_b1|131072|1|1|1|10|0.070373|158.315346|0.068275|163.179115|2.00
[run ] n131072_b4       | Len: 131072 | Batch:     4 | Thr:10 | Fwd:    0.2791 ms   159.66 GF/s | Bwd:    0.2998 ms   148.64 GF/s | Mem:   8.00 MB
RESULT|avx512_phys|throughput|n131072_b4|131072|1|1|4|10|0.279125|159.657802|0.299818|148.638327|8.00
[run ] n131072_b16      | Len: 131072 | Batch:    16 | Thr:10 | Fwd:    1.6723 ms   106.60 GF/s | Bwd:    1.6690 ms   106.80 GF/s | Mem:  32.00 MB
RESULT|avx512_phys|throughput|n131072_b16|131072|1|1|16|10|1.672258|106.597140|1.669030|106.803302|32.00
[run ] n262144_b1       | Len: 262144 | Batch:     1 | Thr:10 | Fwd:    0.1386 ms   170.19 GF/s | Bwd:    0.1492 ms   158.12 GF/s | Mem:   4.00 MB
RESULT|avx512_phys|throughput|n262144_b1|262144|1|1|1|10|0.138624|170.194256|0.149212|158.116912|4.00
[run ] n262144_b4       | Len: 262144 | Batch:     4 | Thr:10 | Fwd:    0.7720 ms   122.24 GF/s | Bwd:    0.7348 ms   128.43 GF/s | Mem:  16.00 MB
RESULT|avx512_phys|throughput|n262144_b4|262144|1|1|4|10|0.772026|122.239182|0.734840|128.425049|16.00
[run ] n262144_b16      | Len: 262144 | Batch:    16 | Thr:10 | Fwd:    3.9402 ms    95.80 GF/s | Bwd:    4.2908 ms    87.98 GF/s | Mem:  64.00 MB
RESULT|avx512_phys|throughput|n262144_b16|262144|1|1|16|10|3.940198|95.804159|4.290753|87.976951|64.00
[run ] n524288_b1       | Len: 524288 | Batch:     1 | Thr:10 | Fwd:    0.3280 ms   151.84 GF/s | Bwd:    0.3151 ms   158.09 GF/s | Mem:   8.00 MB
RESULT|avx512_phys|throughput|n524288_b1|524288|1|1|1|10|0.328026|151.839579|0.315058|158.089642|8.00
[run ] n524288_b4       | Len: 524288 | Batch:     4 | Thr:10 | Fwd:    1.7050 ms   116.85 GF/s | Bwd:    1.7293 ms   115.21 GF/s | Mem:  32.00 MB
RESULT|avx512_phys|throughput|n524288_b4|524288|1|1|4|10|1.704982|116.851362|1.729336|115.205764|32.00
[run ] n524288_b16      | Len: 524288 | Batch:    16 | Thr:10 | Fwd:    7.2199 ms   110.38 GF/s | Bwd:    7.4458 ms   107.03 GF/s | Mem: 128.00 MB
RESULT|avx512_phys|throughput|n524288_b16|524288|1|1|16|10|7.219864|110.378507|7.445845|107.028517|128.00
[run ] n1048576_b1      | Len:1048576 | Batch:     1 | Thr:10 | Fwd:    0.6750 ms   155.35 GF/s | Bwd:    0.6582 ms   159.31 GF/s | Mem:  16.00 MB
RESULT|avx512_phys|throughput|n1048576_b1|1048576|1|1|1|10|0.674987|155.347600|0.658187|159.312789|16.00
[run ] n1048576_b4      | Len:1048576 | Batch:     4 | Thr:10 | Fwd:    4.0227 ms   104.27 GF/s | Bwd:    3.8043 ms   110.25 GF/s | Mem:  64.00 MB
RESULT|avx512_phys|throughput|n1048576_b4|1048576|1|1|4|10|4.022656|104.267030|3.804341|110.250472|64.00
[run ] n1048576_b16     | Len:1048576 | Batch:    16 | Thr:10 | Fwd:   14.7622 ms   113.65 GF/s | Bwd:   15.1180 ms   110.97 GF/s | Mem: 256.00 MB
RESULT|avx512_phys|throughput|n1048576_b16|1048576|1|1|16|10|14.762222|113.649665|15.118045|110.974771|256.00
[run ] n2097152_b1      | Len:2097152 | Batch:     1 | Thr:10 | Fwd:    1.3798 ms   159.59 GF/s | Bwd:    1.3798 ms   159.59 GF/s | Mem:  32.00 MB
RESULT|avx512_phys|throughput|n2097152_b1|2097152|1|1|1|10|1.379769|159.592584|1.379809|159.588034|32.00
[run ] n2097152_b4      | Len:2097152 | Batch:     4 | Thr:10 | Fwd:    8.0444 ms   109.49 GF/s | Bwd:    8.0868 ms   108.92 GF/s | Mem: 128.00 MB
RESULT|avx512_phys|throughput|n2097152_b4|2097152|1|1|4|10|8.044416|109.492579|8.086799|108.918729|128.00
[run ] n2097152_b16     | Len:2097152 | Batch:    16 | Thr:10 | Fwd:   31.9662 ms   110.22 GF/s | Bwd:   43.8803 ms    80.29 GF/s | Mem: 512.00 MB
RESULT|avx512_phys|throughput|n2097152_b16|2097152|1|1|16|10|31.966205|110.216879|43.880276|80.291550|512.00
[run ] n4194304_b1      | Len:4194304 | Batch:     1 | Thr:10 | Fwd:    4.0183 ms   114.82 GF/s | Bwd:    4.1979 ms   109.90 GF/s | Mem:  64.00 MB
RESULT|avx512_phys|throughput|n4194304_b1|4194304|1|1|1|10|4.018265|114.819071|4.197943|109.904653|64.00
[run ] n4194304_b4      | Len:4194304 | Batch:     4 | Thr:10 | Fwd:   18.6797 ms    98.80 GF/s | Bwd:   18.6825 ms    98.78 GF/s | Mem: 256.00 MB
RESULT|avx512_phys|throughput|n4194304_b4|4194304|1|1|4|10|18.679712|98.796692|18.682450|98.782212|256.00
[run ] n4194304_b16     | Len:4194304 | Batch:    16 | Thr:10 | Fwd:   96.4404 ms    76.54 GF/s | Bwd:  101.9733 ms    72.39 GF/s | Mem:1024.00 MB
RESULT|avx512_phys|throughput|n4194304_b16|4194304|1|1|16|10|96.440384|76.544438|101.973310|72.391247|1024.00

Benchmark workload complete.


real	0m16.125s
user	2m6.457s
sys	0m1.040s
[DONE] avx512_phys

============================================================
RUN PROFILE: avx512_logical
Description : MKL AVX-512, logical-core thread count (hyperthreading on)
ISA         : AVX512
Threads     : 20
Workload    : throughput
============================================================
PROFILE|avx512_logical|MKL AVX-512, logical-core thread count (hyperthreading on)|AVX512|20|throughput|32,64,128,256,512,1024,2048,4096,8192,16384,32768,65536,131072,262144,524288,1048576,2097152,4194304|1,4,16|1,2,4,8,10,20|16384|64|10

############################################################
# FFT BENCHMARK (Intel oneMKL DFTI, 1D, single precision)  #
############################################################
profile_id       : avx512_logical
profile_desc     : MKL AVX-512, logical-core thread count (hyperthreading on)
workload         : throughput
threads(cli)     : 20
mkl max threads  : 20
timed runs       : 20
warmup runs      : 5
mem cap (MB)     : 3072.0
lengths: 32,64,128,256,512,1024,2048,4096,8192,16384,32768,65536,131072,262144,524288,1048576,2097152,4194304
batches: 1,4,16
thread_set: 1,2,4,8,10,20
batch_scale_set: 1,4,16
scale_length     : 16384
scale_batch      : 64
scale_threads    : 10


====================================================================
WORKLOAD: throughput (length x batch at fixed thread count)
====================================================================
threads=20
[run ] n32_b1           | Len:     32 | Batch:     1 | Thr:20 | Fwd:    0.0001 ms    12.12 GF/s | Bwd:    0.0000 ms    21.54 GF/s | Mem:   0.00 MB
RESULT|avx512_logical|throughput|n32_b1|32|1|1|1|20|0.000066|12.122266|0.000037|21.536863|0.00
[run ] n32_b4           | Len:     32 | Batch:     4 | Thr:20 | Fwd:    0.0001 ms    37.55 GF/s | Bwd:    0.0001 ms    38.26 GF/s | Mem:   0.00 MB
RESULT|avx512_logical|throughput|n32_b4|32|1|1|4|20|0.000085|37.553925|0.000084|38.260470|0.00
[run ] n32_b16          | Len:     32 | Batch:    16 | Thr:20 | Fwd:    0.0023 ms     5.51 GF/s | Bwd:    0.0010 ms    12.60 GF/s | Mem:   0.01 MB
RESULT|avx512_logical|throughput|n32_b16|32|1|1|16|20|0.002321|5.514853|0.001016|12.597872|0.01
[run ] n64_b1           | Len:     64 | Batch:     1 | Thr:20 | Fwd:    0.0000 ms    42.21 GF/s | Bwd:    0.0000 ms    44.35 GF/s | Mem:   0.00 MB
RESULT|avx512_logical|throughput|n64_b1|64|1|1|1|20|0.000045|42.206833|0.000043|44.345064|0.00
[run ] n64_b4           | Len:     64 | Batch:     4 | Thr:20 | Fwd:    0.0001 ms    72.91 GF/s | Bwd:    0.0001 ms    68.65 GF/s | Mem:   0.00 MB
RESULT|avx512_logical|throughput|n64_b4|64|1|1|4|20|0.000105|72.911396|0.000112|68.653569|0.00
[run ] n64_b16          | Len:     64 | Batch:    16 | Thr:20 | Fwd:    0.0015 ms    20.27 GF/s | Bwd:    0.0014 ms    22.12 GF/s | Mem:   0.02 MB
RESULT|avx512_logical|throughput|n64_b16|64|1|1|16|20|0.001515|20.274581|0.001389|22.116966|0.02
[run ] n128_b1          | Len:    128 | Batch:     1 | Thr:20 | Fwd:    0.0001 ms    65.79 GF/s | Bwd:    0.0001 ms    62.84 GF/s | Mem:   0.00 MB
RESULT|avx512_logical|throughput|n128_b1|128|1|1|1|20|0.000068|65.793004|0.000071|62.844421|0.00
[run ] n128_b4          | Len:    128 | Batch:     4 | Thr:20 | Fwd:    0.0008 ms    23.04 GF/s | Bwd:    0.0008 ms    23.39 GF/s | Mem:   0.01 MB
RESULT|avx512_logical|throughput|n128_b4|128|1|1|4|20|0.000778|23.044496|0.000766|23.388700|0.01
[run ] n128_b16         | Len:    128 | Batch:    16 | Thr:20 | Fwd:    0.0028 ms    25.93 GF/s | Bwd:    0.0012 ms    57.35 GF/s | Mem:   0.03 MB
RESULT|avx512_logical|throughput|n128_b16|128|1|1|16|20|0.002764|25.929530|0.001250|57.347063|0.03
[run ] n256_b1          | Len:    256 | Batch:     1 | Thr:20 | Fwd:    0.0002 ms    63.16 GF/s | Bwd:    0.0002 ms    64.98 GF/s | Mem:   0.00 MB
RESULT|avx512_logical|throughput|n256_b1|256|1|1|1|20|0.000162|63.161284|0.000158|64.976812|0.00
[run ] n256_b4          | Len:    256 | Batch:     4 | Thr:20 | Fwd:    0.0010 ms    42.73 GF/s | Bwd:    0.0010 ms    42.67 GF/s | Mem:   0.02 MB
RESULT|avx512_logical|throughput|n256_b4|256|1|1|4|20|0.000959|42.727490|0.000960|42.665944|0.02
[run ] n256_b16         | Len:    256 | Batch:    16 | Thr:20 | Fwd:    0.0038 ms    42.62 GF/s | Bwd:    0.0018 ms    89.25 GF/s | Mem:   0.06 MB
RESULT|avx512_logical|throughput|n256_b16|256|1|1|16|20|0.003845|42.615144|0.001836|89.246074|0.06
[run ] n512_b1          | Len:    512 | Batch:     1 | Thr:20 | Fwd:    0.0004 ms    63.79 GF/s | Bwd:    0.0003 ms    65.85 GF/s | Mem:   0.01 MB
RESULT|avx512_logical|throughput|n512_b1|512|1|1|1|20|0.000361|63.786643|0.000350|65.846800|0.01
[run ] n512_b4          | Len:    512 | Batch:     4 | Thr:20 | Fwd:    0.0014 ms    66.52 GF/s | Bwd:    0.0015 ms    60.74 GF/s | Mem:   0.03 MB
RESULT|avx512_logical|throughput|n512_b4|512|1|1|4|20|0.001385|66.517596|0.001517|60.743456|0.03
[run ] n512_b16         | Len:    512 | Batch:    16 | Thr:20 | Fwd:    0.0023 ms   159.53 GF/s | Bwd:    0.0025 ms   145.93 GF/s | Mem:   0.12 MB
RESULT|avx512_logical|throughput|n512_b16|512|1|1|16|20|0.002311|159.529129|0.002526|145.927387|0.12
[run ] n1024_b1         | Len:   1024 | Batch:     1 | Thr:20 | Fwd:    0.0008 ms    68.24 GF/s | Bwd:    0.0007 ms    68.65 GF/s | Mem:   0.02 MB
RESULT|avx512_logical|throughput|n1024_b1|1024|1|1|1|20|0.000750|68.243411|0.000746|68.653569|0.02
[run ] n1024_b4         | Len:   1024 | Batch:     4 | Thr:20 | Fwd:    0.0022 ms    91.66 GF/s | Bwd:    0.0024 ms    85.58 GF/s | Mem:   0.06 MB
RESULT|avx512_logical|throughput|n1024_b4|1024|1|1|4|20|0.002234|91.655299|0.002393|85.575869|0.06
[run ] n1024_b16        | Len:   1024 | Batch:    16 | Thr:20 | Fwd:    0.0035 ms   234.59 GF/s | Bwd:    0.0031 ms   262.57 GF/s | Mem:   0.25 MB
RESULT|avx512_logical|throughput|n1024_b16|1024|1|1|16|20|0.003492|234.585501|0.003120|262.568687|0.25
[run ] n2048_b1         | Len:   2048 | Batch:     1 | Thr:20 | Fwd:    0.0019 ms    59.15 GF/s | Bwd:    0.0019 ms    58.61 GF/s | Mem:   0.03 MB
RESULT|avx512_logical|throughput|n2048_b1|2048|1|1|1|20|0.001904|59.154885|0.001922|58.608907|0.03
[run ] n2048_b4         | Len:   2048 | Batch:     4 | Thr:20 | Fwd:    0.0039 ms   116.96 GF/s | Bwd:    0.0036 ms   124.23 GF/s | Mem:   0.12 MB
RESULT|avx512_logical|throughput|n2048_b4|2048|1|1|4|20|0.003852|116.955206|0.003627|124.229924|0.12
[run ] n2048_b16        | Len:   2048 | Batch:    16 | Thr:20 | Fwd:    0.0046 ms   387.72 GF/s | Bwd:    0.0048 ms   379.18 GF/s | Mem:   0.50 MB
RESULT|avx512_logical|throughput|n2048_b16|2048|1|1|16|20|0.004648|387.719909|0.004753|379.178075|0.50
[run ] n4096_b1         | Len:   4096 | Batch:     1 | Thr:20 | Fwd:    0.0043 ms    56.89 GF/s | Bwd:    0.0044 ms    56.47 GF/s | Mem:   0.06 MB
RESULT|avx512_logical|throughput|n4096_b1|4096|1|1|1|20|0.004320|56.888868|0.004352|56.469385|0.06
[run ] n4096_b4         | Len:   4096 | Batch:     4 | Thr:20 | Fwd:    0.0058 ms   169.16 GF/s | Bwd:    0.0060 ms   163.06 GF/s | Mem:   0.25 MB
RESULT|avx512_logical|throughput|n4096_b4|4096|1|1|4|20|0.005811|169.157023|0.006029|163.061323|0.25
[run ] n4096_b16        | Len:   4096 | Batch:    16 | Thr:20 | Fwd:    0.0081 ms   488.25 GF/s | Bwd:    0.0082 ms   478.62 GF/s | Mem:   1.00 MB
RESULT|avx512_logical|throughput|n4096_b16|4096|1|1|16|20|0.008054|488.249408|0.008216|478.620103|1.00
[run ] n8192_b1         | Len:   8192 | Batch:     1 | Thr:20 | Fwd:    0.0092 ms    57.99 GF/s | Bwd:    0.0098 ms    54.46 GF/s | Mem:   0.12 MB
RESULT|avx512_logical|throughput|n8192_b1|8192|1|1|1|20|0.009182|57.993981|0.009777|54.462129|0.12
[run ] n8192_b4         | Len:   8192 | Batch:     4 | Thr:20 | Fwd:    0.0443 ms    48.08 GF/s | Bwd:    0.0450 ms    47.30 GF/s | Mem:   0.50 MB
RESULT|avx512_logical|throughput|n8192_b4|8192|1|1|4|20|0.044302|48.077095|0.045031|47.298597|0.50
[run ] n8192_b16        | Len:   8192 | Batch:    16 | Thr:20 | Fwd:    0.0166 ms   514.24 GF/s | Bwd:    0.0170 ms   502.63 GF/s | Mem:   2.00 MB
RESULT|avx512_logical|throughput|n8192_b16|8192|1|1|16|20|0.016568|514.240024|0.016950|502.627878|2.00
[run ] n16384_b1        | Len:  16384 | Batch:     1 | Thr:20 | Fwd:    0.0124 ms    92.81 GF/s | Bwd:    0.0125 ms    91.51 GF/s | Mem:   0.25 MB
RESULT|avx512_logical|throughput|n16384_b1|16384|1|1|1|20|0.012358|92.805035|0.012533|91.508490|0.25
[run ] n16384_b4        | Len:  16384 | Batch:     4 | Thr:20 | Fwd:    0.3122 ms    14.70 GF/s | Bwd:    1.1919 ms     3.85 GF/s | Mem:   1.00 MB
RESULT|avx512_logical|throughput|n16384_b4|16384|1|1|4|20|0.312181|14.695076|1.191936|3.848796|1.00
[run ] n16384_b16       | Len:  16384 | Batch:    16 | Thr:20 | Fwd:    0.0375 ms   489.16 GF/s | Bwd:    0.0372 ms   493.91 GF/s | Mem:   4.00 MB
RESULT|avx512_logical|throughput|n16384_b16|16384|1|1|16|20|0.037513|489.160063|0.037152|493.913274|4.00
[run ] n32768_b1        | Len:  32768 | Batch:     1 | Thr:20 | Fwd:    0.0177 ms   139.18 GF/s | Bwd:    0.0177 ms   139.08 GF/s | Mem:   0.50 MB
RESULT|avx512_logical|throughput|n32768_b1|32768|1|1|1|20|0.017658|139.181130|0.017670|139.083476|0.50
[run ] n32768_b4        | Len:  32768 | Batch:     4 | Thr:20 | Fwd:    1.1120 ms     8.84 GF/s | Bwd:    0.2721 ms    36.13 GF/s | Mem:   2.00 MB
RESULT|avx512_logical|throughput|n32768_b4|32768|1|1|4|20|1.112022|8.840114|0.272058|36.133458|2.00
[run ] n32768_b16       | Len:  32768 | Batch:    16 | Thr:20 | Fwd:    0.1327 ms   296.41 GF/s | Bwd:    0.1165 ms   337.60 GF/s | Mem:   8.00 MB
RESULT|avx512_logical|throughput|n32768_b16|32768|1|1|16|20|0.132658|296.413110|0.116473|337.603791|8.00
[run ] n65536_b1        | Len:  65536 | Batch:     1 | Thr:20 | Fwd:    0.0348 ms   150.53 GF/s | Bwd:    0.0348 ms   150.69 GF/s | Mem:   1.00 MB
RESULT|avx512_logical|throughput|n65536_b1|65536|1|1|1|20|0.034830|150.527921|0.034793|150.688008|1.00
[run ] n65536_b4        | Len:  65536 | Batch:     4 | Thr:20 | Fwd:    0.1603 ms   130.85 GF/s | Bwd:    0.2368 ms    88.57 GF/s | Mem:   4.00 MB
RESULT|avx512_logical|throughput|n65536_b4|65536|1|1|4|20|0.160277|130.845681|0.236790|88.566013|4.00
[run ] n65536_b16       | Len:  65536 | Batch:    16 | Thr:20 | Fwd:    0.5211 ms   160.97 GF/s | Bwd:    0.6423 ms   130.59 GF/s | Mem:  16.00 MB
RESULT|avx512_logical|throughput|n65536_b16|65536|1|1|16|20|0.521134|160.968469|0.642341|130.594399|16.00
[run ] n131072_b1       | Len: 131072 | Batch:     1 | Thr:20 | Fwd:    0.0674 ms   165.37 GF/s | Bwd:    0.0668 ms   166.71 GF/s | Mem:   2.00 MB
RESULT|avx512_logical|throughput|n131072_b1|131072|1|1|1|20|0.067369|165.373447|0.066829|166.710587|2.00
[run ] n131072_b4       | Len: 131072 | Batch:     4 | Thr:20 | Fwd:    0.3338 ms   133.52 GF/s | Bwd:    0.2879 ms   154.82 GF/s | Mem:   8.00 MB
RESULT|avx512_logical|throughput|n131072_b4|131072|1|1|4|20|0.333755|133.524678|0.287851|154.818028|8.00
[run ] n131072_b16      | Len: 131072 | Batch:    16 | Thr:20 | Fwd:    1.7855 ms    99.84 GF/s | Bwd:    1.7510 ms   101.80 GF/s | Mem:  32.00 MB
RESULT|avx512_logical|throughput|n131072_b16|131072|1|1|16|20|1.785490|99.836959|1.751004|101.803261|32.00
[run ] n262144_b1       | Len: 262144 | Batch:     1 | Thr:20 | Fwd:    0.1460 ms   161.65 GF/s | Bwd:    0.1496 ms   157.70 GF/s | Mem:   4.00 MB
RESULT|avx512_logical|throughput|n262144_b1|262144|1|1|1|20|0.145953|161.647720|0.149603|157.703604|4.00
[run ] n262144_b4       | Len: 262144 | Batch:     4 | Thr:20 | Fwd:    0.6380 ms   147.93 GF/s | Bwd:    0.7682 ms   122.85 GF/s | Mem:  16.00 MB
RESULT|avx512_logical|throughput|n262144_b4|262144|1|1|4|20|0.637964|147.926479|0.768163|122.853939|16.00
[run ] n262144_b16      | Len: 262144 | Batch:    16 | Thr:20 | Fwd:    3.9106 ms    96.53 GF/s | Bwd:    3.9241 ms    96.20 GF/s | Mem:  64.00 MB
RESULT|avx512_logical|throughput|n262144_b16|262144|1|1|16|20|3.910648|96.528079|3.924060|96.198152|64.00
[run ] n524288_b1       | Len: 524288 | Batch:     1 | Thr:20 | Fwd:    0.2787 ms   178.70 GF/s | Bwd:    0.2637 ms   188.91 GF/s | Mem:   8.00 MB
RESULT|avx512_logical|throughput|n524288_b1|524288|1|1|1|20|0.278727|178.695608|0.263661|188.906677|8.00
[run ] n524288_b4       | Len: 524288 | Batch:     4 | Thr:20 | Fwd:    1.5969 ms   124.76 GF/s | Bwd:    3.5924 ms    55.46 GF/s | Mem:  32.00 MB
RESULT|avx512_logical|throughput|n524288_b4|524288|1|1|4|20|1.596908|124.759520|3.592410|55.458433|32.00
[run ] n524288_b16      | Len: 524288 | Batch:    16 | Thr:20 | Fwd:    7.1744 ms   111.08 GF/s | Bwd:    7.0053 ms   113.76 GF/s | Mem: 128.00 MB
RESULT|avx512_logical|throughput|n524288_b16|524288|1|1|16|20|7.174412|111.077782|7.005341|113.758589|128.00
[run ] n1048576_b1      | Len:1048576 | Batch:     1 | Thr:20 | Fwd:    0.8580 ms   122.21 GF/s | Bwd:    1.7003 ms    61.67 GF/s | Mem:  16.00 MB
RESULT|avx512_logical|throughput|n1048576_b1|1048576|1|1|1|20|0.858035|122.206603|1.700342|61.668520|16.00
[run ] n1048576_b4      | Len:1048576 | Batch:     4 | Thr:20 | Fwd:    4.3784 ms    95.80 GF/s | Bwd:    3.5393 ms   118.51 GF/s | Mem:  64.00 MB
RESULT|avx512_logical|throughput|n1048576_b4|1048576|1|1|4|20|4.378392|95.795526|3.539342|118.505202|64.00
[run ] n1048576_b16     | Len:1048576 | Batch:    16 | Thr:20 | Fwd:   33.1396 ms    50.63 GF/s | Bwd:   38.1201 ms    44.01 GF/s | Mem: 256.00 MB
RESULT|avx512_logical|throughput|n1048576_b16|1048576|1|1|16|20|33.139647|50.625814|38.120100|44.011469|256.00
[run ] n2097152_b1      | Len:2097152 | Batch:     1 | Thr:20 | Fwd:    2.0297 ms   108.49 GF/s | Bwd:    2.4760 ms    88.93 GF/s | Mem:  32.00 MB
RESULT|avx512_logical|throughput|n2097152_b1|2097152|1|1|1|20|2.029658|108.491676|2.475977|88.934985|32.00
[run ] n2097152_b4      | Len:2097152 | Batch:     4 | Thr:20 | Fwd:   32.8844 ms    26.78 GF/s | Bwd:   16.7211 ms    52.68 GF/s | Mem: 128.00 MB
RESULT|avx512_logical|throughput|n2097152_b4|2097152|1|1|4|20|32.884440|26.784821|16.721130|52.676094|128.00
[run ] n2097152_b16     | Len:2097152 | Batch:    16 | Thr:20 | Fwd:   29.7786 ms   118.31 GF/s | Bwd:   33.5579 ms   104.99 GF/s | Mem: 512.00 MB
RESULT|avx512_logical|throughput|n2097152_b16|2097152|1|1|16|20|29.778611|118.313625|33.557902|104.989142|512.00
[run ] n4194304_b1      | Len:4194304 | Batch:     1 | Thr:20 | Fwd:    3.5919 ms   128.45 GF/s | Bwd:    3.6104 ms   127.79 GF/s | Mem:  64.00 MB
RESULT|avx512_logical|throughput|n4194304_b1|4194304|1|1|1|20|3.591947|128.446600|3.610360|127.791538|64.00
[run ] n4194304_b4      | Len:4194304 | Batch:     4 | Thr:20 | Fwd:   21.3813 ms    86.31 GF/s | Bwd:   31.4134 ms    58.75 GF/s | Mem: 256.00 MB
RESULT|avx512_logical|throughput|n4194304_b4|4194304|1|1|4|20|21.381301|86.313446|31.413415|58.748587|256.00
[run ] n4194304_b16     | Len:4194304 | Batch:    16 | Thr:20 | Fwd:   67.6345 ms   109.15 GF/s | Bwd:   72.9661 ms   101.17 GF/s | Mem:1024.00 MB
RESULT|avx512_logical|throughput|n4194304_b16|4194304|1|1|16|20|67.634471|109.145159|72.966078|101.169958|1024.00

Benchmark workload complete.


real	0m16.608s
user	4m12.836s
sys	0m2.381s
[DONE] avx512_logical

============================================================
ALL RUNS COMPLETE
Log    : /home/nikhil/workspace/xeon-fft-bench/src/1-d-fft/fft_logs/latest_run/20260225_113625/runs/run03/fft_benchmark_20260225_113959.log
Report : /home/nikhil/workspace/xeon-fft-bench/src/1-d-fft/fft_logs/latest_run/20260225_113625/runs/run03/fft_benchmark_20260225_113959.report.md
Lines  : 483
Done at: Wed Feb 25 11:41:46 IST 2026
============================================================

Quick inspect:
  grep '^PROFILE|' /home/nikhil/workspace/xeon-fft-bench/src/1-d-fft/fft_logs/latest_run/20260225_113625/runs/run03/fft_benchmark_20260225_113959.log
  grep '^RESULT|' /home/nikhil/workspace/xeon-fft-bench/src/1-d-fft/fft_logs/latest_run/20260225_113625/runs/run03/fft_benchmark_20260225_113959.log | head
  cat /home/nikhil/workspace/xeon-fft-bench/src/1-d-fft/fft_logs/latest_run/20260225_113625/runs/run03/fft_benchmark_20260225_113959.report.md
