0 [4132783872] INFO perfrun.launcher <> - Launcher main begin
1 [4132783872] INFO perfrun.launcher <> - MessageCatalogInit finished
1 [4132783872] INFO perfrun.launcher <> - Launcher instance created
1 [4132783872] INFO perfrun.launcher <> - argc = 6; cmdline = /home/nikhil/workspace/vtune/oneapi/vtune/2025.8/bin32/amplxe-runss -dump-vdso -r /home/nikhil/workspace/xeon-fft-bench/src/1-d-fft/fft_logs/latest_run/more_batches/20260225_115529/vtune/results/20260225_122201/t10/hotspots_10t --tmp-dir /tmp/amplxe-tmp-nikhil 
7 [4132783872] INFO perfrun.launcher <> - create msngr2::ICliToolContext
7 [4132783872] INFO perfrun.launcher <> - create file finder object
11 [4132170560] INFO perfrun.launcher <> - plugin [remoteplug] was disabled because it doesn't support the given collection type.
11 [4132170560] INFO perfrun.launcher <> - plugin [] was disabled because it doesn't support the given collection type.
11 [4132170560] INFO perfrun.vdso <> - dumping [vdso] pseudomodule
11 [4132170560] INFO perfrun.launcher <> - plugin [] was disabled because it doesn't support the given collection type.
11 [4132170560] INFO perfrun.launcher <> - plugin [] was disabled because it doesn't support the given collection type.
11 [4132170560] INFO perfrun.launcher <> - plugin [] was disabled because it doesn't support the given collection type.
11 [4132170560] INFO perfrun.launcher <> - plugin [] was disabled because it doesn't support the given collection type.
11 [4132170560] INFO perfrun.launcher <> - plugin [] was disabled because it doesn't support the given collection type.
11 [4132170560] INFO perfrun.launcher <> - plugin [] was disabled because it doesn't support the given collection type.
11 [4132170560] INFO perfrun.launcher <> - plugin [] was disabled because it doesn't support the given collection type.
11 [4132170560] INFO perfrun.launcher <> - plugin [] was disabled because it doesn't support the given collection type.
11 [4132170560] INFO perfrun.launcher <> - plugin [] was disabled because it doesn't support the given collection type.
11 [4132170560] INFO perfrun.launcher <> - plugin [] was disabled because it doesn't support the given collection type.
11 [4132170560] INFO perfrun.launcher <> - plugin [] was disabled because it doesn't support the given collection type.
11 [4132170560] INFO perfrun.launcher <> - plugin [] was disabled because it doesn't support the given collection type.
11 [4132170560] INFO perfrun.launcher <> - plugin [] was disabled because it doesn't support the given collection type.
12 [4132170560] INFO perfrun.launcher <> - plugin [] was disabled because it doesn't support the given collection type.
12 [4132170560] INFO perfrun.launcher <> - plugin [] was disabled because it doesn't support the given collection type.
12 [4132170560] INFO perfrun.launcher <> - plugin [] was disabled because it doesn't support the given collection type.
12 [4132170560] INFO perfrun.launcher <> - plugin [] was disabled because it doesn't support the given collection type.
12 [4132170560] INFO perfrun.launcher <> - plugin [] was disabled because it doesn't support the given collection type.
12 [4132170560] INFO perfrun.launcher <> - plugin [] was disabled because it doesn't support the given collection type.
12 [4132170560] INFO perfrun.launcher <> - plugin [] was disabled because it doesn't support the given collection type.
12 [4132170560] INFO perfrun.launcher <> - plugin [] was disabled because it doesn't support the given collection type.
12 [4132170560] INFO perfrun.launcher <> - plugin [] was disabled because it doesn't support the given collection type.
12 [4132170560] INFO perfrun.launcher <> - plugin [] was disabled because it doesn't support the given collection type.
12 [4132170560] INFO perfrun.launcher <> - plugin [] was disabled because it doesn't support the given collection type.
12 [4132170560] INFO perfrun.launcher <> - plugin [] was disabled because it doesn't support the given collection type.
12 [4132783872] INFO perfrun.launcher <> - Application exit code: 0
12 [4132783872] INFO perfrun.launcher <> - Exit code: 0
