============================================================
GPU FFT RUN run01
Date: Mon Mar 16 10:13:38 IST 2026
Host: aorus
============================================================
CONFIG|BENCH_NRUNS|20
CONFIG|BENCH_WARMUP|5
CONFIG|BENCH_MAX_MEM_MB|8192
CONFIG|BENCH_MIN_TOTAL_MS|50
CONFIG|BENCH_MAX_ADAPT_ITERS|100000000
CONFIG|BENCH_VALIDATE|1
CONFIG|BENCH_VALIDATE_TOL|1e-4
CONFIG|BENCH_VALIDATE_STRICT|1
CONFIG|BENCH_STREAM_MODE|1
CONFIG|BENCH_STREAM_TARGET_MB|128
CONFIG|BENCH_STREAM_MIN_SLOTS|2
CONFIG|BENCH_STREAM_MAX_SLOTS|262144
CONFIG|THROUGHPUT_LENGTHS|2,4,8,16,32,64,128,256,512,1024,2048,4096,8192,16384,32768,65536
CONFIG|THROUGHPUT_BATCHES|1,10,16,150,256,1024
CONFIG|BENCH_TIMING_SCOPE|e2e_pcie
CONFIG|BENCH_HOST_BUFFER_MODE|pinned
PROFILE|gpu_e2e_noreuse|cuFFT end-to-end cache-no-reuse (H2D + FFT + D2H with slot rotation)|CUDA_CUFFT|1|throughput|2,4,8,16,32,64,128,256,512,1024,2048,4096,8192,16384,32768,65536|1,10,16,150,256,1024|run_gpu_e2e_noreuse

############################################################
# FFT BENCHMARK (cuFFT, 1D, single precision, E2E PCIe)   #
############################################################
profile_id       : gpu_e2e_noreuse
profile_desc     : cuFFT end-to-end cache-no-reuse (H2D + FFT + D2H with slot rotation)
workload         : throughput
device_index     : 0
timed runs       : 20
warmup runs      : 5
min total ms     : 50.0
max adapt iters  : 100000000
validate         : 1
validate tol     : 1.000e-04
validate strict  : 1
stream mode      : 1
stream target MB : 128.0
stream min slots : 2
stream max slots : 262144
mem cap (MB)     : 8192.0
timing scope     : H2D + cuFFT + D2H
host buffers     : pinned (cudaMallocHost)
threads_field    : 1
lengths: 2,4,8,16,32,64,128,256,512,1024,2048,4096,8192,16384,32768,65536
batches: 1,10,16,150,256,1024
gpu_name         : NVIDIA GeForce RTX 3080
compute_cap      : 8.6
sm_count         : 68
warp_size        : 32
max_threads_sm   : 1536
max_threads_blk  : 1024
global_mem_mb    : 9872.4


====================================================================
WORKLOAD: throughput (length x batch, end-to-end PCIe)
====================================================================
threads_field=1
CHECK|gpu_e2e_noreuse|throughput|n2_b1|2|1|1|1|1|0.00000000e+00|0.00000000e+00|1.00000000e-04|PASS
[run ] n2_b1            | Len:      2 | Batch:     1 | Thr: 1 | FwdE2E:    0.0056 ms     0.00 GF/s (iters:9030) | BwdE2E:    0.0056 ms     0.00 GF/s (iters:8941) | Slots: 262144 | Mem:    16.00 MB | Work:    0.00 MB
RESULT|gpu_e2e_noreuse|throughput|n2_b1|2|1|1|1|1|0.005649|0.001770|0.005618|0.001780|16.00|262144|0.00
CHECK|gpu_e2e_noreuse|throughput|n2_b10|2|1|1|10|1|0.00000000e+00|0.00000000e+00|1.00000000e-04|PASS
[run ] n2_b10           | Len:      2 | Batch:    10 | Thr: 1 | FwdE2E:    0.0059 ms     0.02 GF/s (iters:8479) | BwdE2E:    0.0059 ms     0.02 GF/s (iters:10013) | Slots: 262144 | Mem:   160.00 MB | Work:    0.00 MB
RESULT|gpu_e2e_noreuse|throughput|n2_b10|2|1|1|10|1|0.005949|0.016809|0.005862|0.017058|160.00|262144|0.00
CHECK|gpu_e2e_noreuse|throughput|n2_b16|2|1|1|16|1|0.00000000e+00|0.00000000e+00|1.00000000e-04|PASS
[run ] n2_b16           | Len:      2 | Batch:    16 | Thr: 1 | FwdE2E:    0.0060 ms     0.03 GF/s (iters:8391) | BwdE2E:    0.0061 ms     0.03 GF/s (iters:9956) | Slots: 262144 | Mem:   256.00 MB | Work:    0.00 MB
RESULT|gpu_e2e_noreuse|throughput|n2_b16|2|1|1|16|1|0.005976|0.026776|0.006139|0.026064|256.00|262144|0.00
CHECK|gpu_e2e_noreuse|throughput|n2_b150|2|1|1|150|1|0.00000000e+00|0.00000000e+00|1.00000000e-04|PASS
[run ] n2_b150          | Len:      2 | Batch:   150 | Thr: 1 | FwdE2E:    0.0152 ms     0.10 GF/s (iters:4722) | BwdE2E:    0.0150 ms     0.10 GF/s (iters:4244) | Slots:  27963 | Mem:   256.01 MB | Work:    0.00 MB
RESULT|gpu_e2e_noreuse|throughput|n2_b150|2|1|1|150|1|0.015190|0.098751|0.015003|0.099982|256.01|27963|0.00
CHECK|gpu_e2e_noreuse|throughput|n2_b256|2|1|1|256|1|0.00000000e+00|0.00000000e+00|1.00000000e-04|PASS
[run ] n2_b256          | Len:      2 | Batch:   256 | Thr: 1 | FwdE2E:    0.0148 ms     0.17 GF/s (iters:5809) | BwdE2E:    0.0147 ms     0.17 GF/s (iters:4886) | Slots:  16384 | Mem:   256.00 MB | Work:    0.00 MB
RESULT|gpu_e2e_noreuse|throughput|n2_b256|2|1|1|256|1|0.014802|0.172946|0.014667|0.174547|256.00|16384|0.00
CHECK|gpu_e2e_noreuse|throughput|n2_b1024|2|1|1|1024|1|0.00000000e+00|0.00000000e+00|1.00000000e-04|PASS
[run ] n2_b1024         | Len:      2 | Batch:  1024 | Thr: 1 | FwdE2E:    0.0170 ms     0.60 GF/s (iters:5130) | BwdE2E:    0.0160 ms     0.64 GF/s (iters:3247) | Slots:   4096 | Mem:   256.02 MB | Work:    0.02 MB
RESULT|gpu_e2e_noreuse|throughput|n2_b1024|2|1|1|1024|1|0.016966|0.603551|0.016040|0.638392|256.02|4096|0.02
CHECK|gpu_e2e_noreuse|throughput|n4_b1|4|1|1|1|1|0.00000000e+00|0.00000000e+00|1.00000000e-04|PASS
[run ] n4_b1            | Len:      4 | Batch:     1 | Thr: 1 | FwdE2E:    0.0069 ms     0.01 GF/s (iters:7392) | BwdE2E:    0.0068 ms     0.01 GF/s (iters:7428) | Slots: 262144 | Mem:    32.00 MB | Work:    0.00 MB
RESULT|gpu_e2e_noreuse|throughput|n4_b1|4|1|1|1|1|0.006927|0.005774|0.006777|0.005902|32.00|262144|0.00
CHECK|gpu_e2e_noreuse|throughput|n4_b10|4|1|1|10|1|0.00000000e+00|0.00000000e+00|1.00000000e-04|PASS
[run ] n4_b10           | Len:      4 | Batch:    10 | Thr: 1 | FwdE2E:    0.0076 ms     0.05 GF/s (iters:6559) | BwdE2E:    0.0077 ms     0.05 GF/s (iters:6684) | Slots: 209716 | Mem:   256.00 MB | Work:    0.00 MB
RESULT|gpu_e2e_noreuse|throughput|n4_b10|4|1|1|10|1|0.007626|0.052455|0.007654|0.052258|256.00|209716|0.00
CHECK|gpu_e2e_noreuse|throughput|n4_b16|4|1|1|16|1|0.00000000e+00|0.00000000e+00|1.00000000e-04|PASS
[run ] n4_b16           | Len:      4 | Batch:    16 | Thr: 1 | FwdE2E:    0.0077 ms     0.08 GF/s (iters:6510) | BwdE2E:    0.0076 ms     0.08 GF/s (iters:6564) | Slots: 131072 | Mem:   256.00 MB | Work:    0.00 MB
RESULT|gpu_e2e_noreuse|throughput|n4_b16|4|1|1|16|1|0.007710|0.083004|0.007628|0.083898|256.00|131072|0.00
CHECK|gpu_e2e_noreuse|throughput|n4_b150|4|1|1|150|1|0.00000000e+00|0.00000000e+00|1.00000000e-04|PASS
[run ] n4_b150          | Len:      4 | Batch:   150 | Thr: 1 | FwdE2E:    0.0160 ms     0.38 GF/s (iters:5268) | BwdE2E:    0.0152 ms     0.39 GF/s (iters:3866) | Slots:  13982 | Mem:   256.02 MB | Work:    0.00 MB
RESULT|gpu_e2e_noreuse|throughput|n4_b150|4|1|1|150|1|0.015968|0.375753|0.015195|0.394876|256.02|13982|0.00
CHECK|gpu_e2e_noreuse|throughput|n4_b256|4|1|1|256|1|0.00000000e+00|0.00000000e+00|1.00000000e-04|PASS
[run ] n4_b256          | Len:      4 | Batch:   256 | Thr: 1 | FwdE2E:    0.0149 ms     0.69 GF/s (iters:3928) | BwdE2E:    0.0156 ms     0.65 GF/s (iters:4944) | Slots:   8192 | Mem:   256.01 MB | Work:    0.01 MB
RESULT|gpu_e2e_noreuse|throughput|n4_b256|4|1|1|256|1|0.014917|0.686451|0.015640|0.654720|256.01|8192|0.01
CHECK|gpu_e2e_noreuse|throughput|n4_b1024|4|1|1|1024|1|0.00000000e+00|0.00000000e+00|1.00000000e-04|PASS
[run ] n4_b1024         | Len:      4 | Batch:  1024 | Thr: 1 | FwdE2E:    0.0191 ms     2.15 GF/s (iters:3524) | BwdE2E:    0.0187 ms     2.20 GF/s (iters:2963) | Slots:   2048 | Mem:   256.03 MB | Work:    0.03 MB
RESULT|gpu_e2e_noreuse|throughput|n4_b1024|4|1|1|1024|1|0.019073|2.147498|0.018657|2.195468|256.03|2048|0.03
CHECK|gpu_e2e_noreuse|throughput|n8_b1|8|1|1|1|1|6.20513738e-08|7.02886368e-08|1.00000000e-04|PASS
[run ] n8_b1            | Len:      8 | Batch:     1 | Thr: 1 | FwdE2E:    0.0076 ms     0.02 GF/s (iters:6635) | BwdE2E:    0.0075 ms     0.02 GF/s (iters:6701) | Slots: 262144 | Mem:    64.00 MB | Work:    0.00 MB
RESULT|gpu_e2e_noreuse|throughput|n8_b1|8|1|1|1|1|0.007633|0.015721|0.007478|0.016048|64.00|262144|0.00
CHECK|gpu_e2e_noreuse|throughput|n8_b10|8|1|1|10|1|3.60109583e-08|8.94069672e-08|1.00000000e-04|PASS
[run ] n8_b10           | Len:      8 | Batch:    10 | Thr: 1 | FwdE2E:    0.0078 ms     0.15 GF/s (iters:6490) | BwdE2E:    0.0077 ms     0.16 GF/s (iters:6569) | Slots: 104858 | Mem:   256.00 MB | Work:    0.00 MB
RESULT|gpu_e2e_noreuse|throughput|n8_b10|8|1|1|10|1|0.007835|0.153158|0.007689|0.156062|256.00|104858|0.00
CHECK|gpu_e2e_noreuse|throughput|n8_b16|8|1|1|16|1|4.38265568e-08|8.94069672e-08|1.00000000e-04|PASS
[run ] n8_b16           | Len:      8 | Batch:    16 | Thr: 1 | FwdE2E:    0.0081 ms     0.24 GF/s (iters:6221) | BwdE2E:    0.0080 ms     0.24 GF/s (iters:6226) | Slots:  65536 | Mem:   256.00 MB | Work:    0.00 MB
RESULT|gpu_e2e_noreuse|throughput|n8_b16|8|1|1|16|1|0.008115|0.236606|0.008048|0.238566|256.00|65536|0.00
CHECK|gpu_e2e_noreuse|throughput|n8_b150|8|1|1|150|1|4.24883031e-08|1.33280037e-07|1.00000000e-04|PASS
[run ] n8_b150          | Len:      8 | Batch:   150 | Thr: 1 | FwdE2E:    0.0144 ms     1.25 GF/s (iters:3601) | BwdE2E:    0.0166 ms     1.08 GF/s (iters:3602) | Slots:   6991 | Mem:   256.03 MB | Work:    0.01 MB
RESULT|gpu_e2e_noreuse|throughput|n8_b150|8|1|1|150|1|0.014428|1.247560|0.016591|1.084946|256.03|6991|0.01
CHECK|gpu_e2e_noreuse|throughput|n8_b256|8|1|1|256|1|4.37165867e-08|1.33280037e-07|1.00000000e-04|PASS
[run ] n8_b256          | Len:      8 | Batch:   256 | Thr: 1 | FwdE2E:    0.0175 ms     1.76 GF/s (iters:3091) | BwdE2E:    0.0169 ms     1.82 GF/s (iters:3015) | Slots:   4096 | Mem:   256.02 MB | Work:    0.02 MB
RESULT|gpu_e2e_noreuse|throughput|n8_b256|8|1|1|256|1|0.017491|1.756361|0.016921|1.815480|256.02|4096|0.02
CHECK|gpu_e2e_noreuse|throughput|n8_b1024|8|1|1|1024|1|4.41714908e-08|1.78813934e-07|1.00000000e-04|PASS
[run ] n8_b1024         | Len:      8 | Batch:  1024 | Thr: 1 | FwdE2E:    0.0217 ms     5.65 GF/s (iters:2341) | BwdE2E:    0.0219 ms     5.60 GF/s (iters:2370) | Slots:   1024 | Mem:   256.06 MB | Work:    0.06 MB
RESULT|gpu_e2e_noreuse|throughput|n8_b1024|8|1|1|1024|1|0.021742|5.651670|0.021937|5.601585|256.06|1024|0.06
CHECK|gpu_e2e_noreuse|throughput|n16_b1|16|1|1|1|1|4.67280632e-08|6.66400187e-08|1.00000000e-04|PASS
[run ] n16_b1           | Len:     16 | Batch:     1 | Thr: 1 | FwdE2E:    0.0076 ms     0.04 GF/s (iters:6596) | BwdE2E:    0.0076 ms     0.04 GF/s (iters:6635) | Slots: 262144 | Mem:   128.00 MB | Work:    0.00 MB
RESULT|gpu_e2e_noreuse|throughput|n16_b1|16|1|1|1|1|0.007620|0.041997|0.007572|0.042260|128.00|262144|0.00
CHECK|gpu_e2e_noreuse|throughput|n16_b10|16|1|1|10|1|5.71734228e-08|1.22878123e-07|1.00000000e-04|PASS
[run ] n16_b10          | Len:     16 | Batch:    10 | Thr: 1 | FwdE2E:    0.0147 ms     0.22 GF/s (iters:3806) | BwdE2E:    0.0148 ms     0.22 GF/s (iters:5460) | Slots:  52429 | Mem:   256.00 MB | Work:    0.00 MB
RESULT|gpu_e2e_noreuse|throughput|n16_b10|16|1|1|10|1|0.014750|0.216955|0.014820|0.215926|256.00|52429|0.00
CHECK|gpu_e2e_noreuse|throughput|n16_b16|16|1|1|16|1|6.05693303e-08|1.33280037e-07|1.00000000e-04|PASS
[run ] n16_b16          | Len:     16 | Batch:    16 | Thr: 1 | FwdE2E:    0.0145 ms     0.35 GF/s (iters:3717) | BwdE2E:    0.0151 ms     0.34 GF/s (iters:5157) | Slots:  32768 | Mem:   256.00 MB | Work:    0.00 MB
RESULT|gpu_e2e_noreuse|throughput|n16_b16|16|1|1|16|1|0.014538|0.352172|0.015083|0.339449|256.00|32768|0.00
CHECK|gpu_e2e_noreuse|throughput|n16_b150|16|1|1|150|1|5.42241366e-08|1.46759418e-07|1.00000000e-04|PASS
[run ] n16_b150         | Len:     16 | Batch:   150 | Thr: 1 | FwdE2E:    0.0170 ms     2.82 GF/s (iters:2985) | BwdE2E:    0.0165 ms     2.91 GF/s (iters:3153) | Slots:   3496 | Mem:   256.07 MB | Work:    0.02 MB
RESULT|gpu_e2e_noreuse|throughput|n16_b150|16|1|1|150|1|0.016991|2.824996|0.016517|2.906050|256.07|3496|0.02
CHECK|gpu_e2e_noreuse|throughput|n16_b256|16|1|1|256|1|5.35654400e-08|1.78813934e-07|1.00000000e-04|PASS
[run ] n16_b256         | Len:     16 | Batch:   256 | Thr: 1 | FwdE2E:    0.0194 ms     4.23 GF/s (iters:3306) | BwdE2E:    0.0195 ms     4.20 GF/s (iters:2611) | Slots:   2048 | Mem:   256.03 MB | Work:    0.03 MB
RESULT|gpu_e2e_noreuse|throughput|n16_b256|16|1|1|256|1|0.019362|4.230950|0.019484|4.204472|256.03|2048|0.03
CHECK|gpu_e2e_noreuse|throughput|n16_b1024|16|1|1|1024|1|5.41486150e-08|1.78813934e-07|1.00000000e-04|PASS
[run ] n16_b1024        | Len:     16 | Batch:  1024 | Thr: 1 | FwdE2E:    0.0267 ms    12.27 GF/s (iters:1990) | BwdE2E:    0.0264 ms    12.39 GF/s (iters:2199) | Slots:    512 | Mem:   256.12 MB | Work:    0.12 MB
RESULT|gpu_e2e_noreuse|throughput|n16_b1024|16|1|1|1024|1|0.026715|12.265746|0.026446|12.390525|256.12|512|0.12
CHECK|gpu_e2e_noreuse|throughput|n32_b1|32|1|1|1|1|1.13990442e-07|2.45756246e-07|1.00000000e-04|PASS
[run ] n32_b1           | Len:     32 | Batch:     1 | Thr: 1 | FwdE2E:    0.0078 ms     0.10 GF/s (iters:6653) | BwdE2E:    0.0077 ms     0.10 GF/s (iters:6578) | Slots: 262144 | Mem:   256.00 MB | Work:    0.00 MB
RESULT|gpu_e2e_noreuse|throughput|n32_b1|32|1|1|1|1|0.007761|0.103080|0.007708|0.103790|256.00|262144|0.00
CHECK|gpu_e2e_noreuse|throughput|n32_b10|32|1|1|10|1|1.04318731e-07|2.14907603e-07|1.00000000e-04|PASS
[run ] n32_b10          | Len:     32 | Batch:    10 | Thr: 1 | FwdE2E:    0.0143 ms     0.56 GF/s (iters:3661) | BwdE2E:    0.0164 ms     0.49 GF/s (iters:3664) | Slots:  26215 | Mem:   256.01 MB | Work:    0.00 MB
RESULT|gpu_e2e_noreuse|throughput|n32_b10|32|1|1|10|1|0.014293|0.559723|0.016432|0.486842|256.01|26215|0.00
CHECK|gpu_e2e_noreuse|throughput|n32_b16|32|1|1|16|1|1.03271200e-07|2.40274005e-07|1.00000000e-04|PASS
[run ] n32_b16          | Len:     32 | Batch:    16 | Thr: 1 | FwdE2E:    0.0162 ms     0.79 GF/s (iters:4385) | BwdE2E:    0.0156 ms     0.82 GF/s (iters:3693) | Slots:  16384 | Mem:   256.00 MB | Work:    0.00 MB
RESULT|gpu_e2e_noreuse|throughput|n32_b16|32|1|1|16|1|0.016197|0.790269|0.015612|0.819882|256.00|16384|0.00
CHECK|gpu_e2e_noreuse|throughput|n32_b150|32|1|1|150|1|1.03383346e-07|2.99509633e-07|1.00000000e-04|PASS
[run ] n32_b150         | Len:     32 | Batch:   150 | Thr: 1 | FwdE2E:    0.0202 ms     5.93 GF/s (iters:2785) | BwdE2E:    0.0199 ms     6.03 GF/s (iters:2538) | Slots:   1748 | Mem:   256.09 MB | Work:    0.04 MB
RESULT|gpu_e2e_noreuse|throughput|n32_b150|32|1|1|150|1|0.020239|5.929064|0.019895|6.031640|256.09|1748|0.04
CHECK|gpu_e2e_noreuse|throughput|n32_b256|32|1|1|256|1|1.05362193e-07|2.81154547e-07|1.00000000e-04|PASS
[run ] n32_b256         | Len:     32 | Batch:   256 | Thr: 1 | FwdE2E:    0.0221 ms     9.28 GF/s (iters:2300) | BwdE2E:    0.0216 ms     9.47 GF/s (iters:2341) | Slots:   1024 | Mem:   256.06 MB | Work:    0.06 MB
RESULT|gpu_e2e_noreuse|throughput|n32_b256|32|1|1|256|1|0.022068|9.280485|0.021615|9.474958|256.06|1024|0.06
CHECK|gpu_e2e_noreuse|throughput|n32_b1024|32|1|1|1024|1|1.04437506e-07|3.16803033e-07|1.00000000e-04|PASS
[run ] n32_b1024        | Len:     32 | Batch:  1024 | Thr: 1 | FwdE2E:    0.0377 ms    21.75 GF/s (iters:1334) | BwdE2E:    0.0373 ms    21.97 GF/s (iters:1366) | Slots:    256 | Mem:   256.25 MB | Work:    0.25 MB
RESULT|gpu_e2e_noreuse|throughput|n32_b1024|32|1|1|1024|1|0.037667|21.748509|0.037290|21.968175|256.25|256|0.25
CHECK|gpu_e2e_noreuse|throughput|n64_b1|64|1|1|1|1|8.32402053e-08|1.33280037e-07|1.00000000e-04|PASS
[run ] n64_b1           | Len:     64 | Batch:     1 | Thr: 1 | FwdE2E:    0.0078 ms     0.25 GF/s (iters:6436) | BwdE2E:    0.0077 ms     0.25 GF/s (iters:6496) | Slots: 131072 | Mem:   256.00 MB | Work:    0.00 MB
RESULT|gpu_e2e_noreuse|throughput|n64_b1|64|1|1|1|1|0.007798|0.246217|0.007735|0.248214|256.00|131072|0.00
CHECK|gpu_e2e_noreuse|throughput|n64_b10|64|1|1|10|1|9.06661232e-08|2.02677705e-07|1.00000000e-04|PASS
[run ] n64_b10          | Len:     64 | Batch:    10 | Thr: 1 | FwdE2E:    0.0150 ms     1.28 GF/s (iters:3958) | BwdE2E:    0.0137 ms     1.40 GF/s (iters:3655) | Slots:  13108 | Mem:   256.02 MB | Work:    0.00 MB
RESULT|gpu_e2e_noreuse|throughput|n64_b10|64|1|1|10|1|0.014996|1.280345|0.013746|1.396790|256.02|13108|0.00
CHECK|gpu_e2e_noreuse|throughput|n64_b16|64|1|1|16|1|8.86071071e-08|2.14907603e-07|1.00000000e-04|PASS
[run ] n64_b16          | Len:     64 | Batch:    16 | Thr: 1 | FwdE2E:    0.0173 ms     1.77 GF/s (iters:4513) | BwdE2E:    0.0172 ms     1.78 GF/s (iters:3432) | Slots:   8192 | Mem:   256.01 MB | Work:    0.01 MB
RESULT|gpu_e2e_noreuse|throughput|n64_b16|64|1|1|16|1|0.017335|1.772175|0.017242|1.781743|256.01|8192|0.01
CHECK|gpu_e2e_noreuse|throughput|n64_b150|64|1|1|150|1|8.79977224e-08|2.45756246e-07|1.00000000e-04|PASS
[run ] n64_b150         | Len:     64 | Batch:   150 | Thr: 1 | FwdE2E:    0.0222 ms    12.98 GF/s (iters:2261) | BwdE2E:    0.0219 ms    13.18 GF/s (iters:2469) | Slots:    874 | Mem:   256.13 MB | Work:    0.07 MB
RESULT|gpu_e2e_noreuse|throughput|n64_b150|64|1|1|150|1|0.022187|12.980866|0.021858|13.175823|256.13|874|0.07
CHECK|gpu_e2e_noreuse|throughput|n64_b256|64|1|1|256|1|8.78431456e-08|2.54631154e-07|1.00000000e-04|PASS
[run ] n64_b256         | Len:     64 | Batch:   256 | Thr: 1 | FwdE2E:    0.0260 ms    18.93 GF/s (iters:1932) | BwdE2E:    0.0265 ms    18.52 GF/s (iters:2045) | Slots:    512 | Mem:   256.12 MB | Work:    0.12 MB
RESULT|gpu_e2e_noreuse|throughput|n64_b256|64|1|1|256|1|0.025969|18.926837|0.026543|18.518113|256.12|512|0.12
CHECK|gpu_e2e_noreuse|throughput|n64_b1024|64|1|1|1024|1|8.76194257e-08|2.66560075e-07|1.00000000e-04|PASS
[run ] n64_b1024        | Len:     64 | Batch:  1024 | Thr: 1 | FwdE2E:    0.0585 ms    33.62 GF/s (iters:864) | BwdE2E:    0.0587 ms    33.47 GF/s (iters:889) | Slots:    128 | Mem:   256.50 MB | Work:    0.50 MB
RESULT|gpu_e2e_noreuse|throughput|n64_b1024|64|1|1|1024|1|0.058488|33.615249|0.058744|33.468419|256.50|128|0.50
CHECK|gpu_e2e_noreuse|throughput|n128_b1|128|1|1|1|1|1.12463852e-07|1.99920056e-07|1.00000000e-04|PASS
[run ] n128_b1          | Len:    128 | Batch:     1 | Thr: 1 | FwdE2E:    0.0081 ms     0.55 GF/s (iters:6136) | BwdE2E:    0.0082 ms     0.55 GF/s (iters:6197) | Slots:  65536 | Mem:   256.00 MB | Work:    0.00 MB
RESULT|gpu_e2e_noreuse|throughput|n128_b1|128|1|1|1|1|0.008149|0.549781|0.008154|0.549439|256.00|65536|0.00
CHECK|gpu_e2e_noreuse|throughput|n128_b10|128|1|1|10|1|1.15441074e-07|2.81154547e-07|1.00000000e-04|PASS
[run ] n128_b10         | Len:    128 | Batch:    10 | Thr: 1 | FwdE2E:    0.0156 ms     2.88 GF/s (iters:3245) | BwdE2E:    0.0170 ms     2.64 GF/s (iters:4561) | Slots:   6554 | Mem:   256.03 MB | Work:    0.01 MB
RESULT|gpu_e2e_noreuse|throughput|n128_b10|128|1|1|10|1|0.015572|2.876879|0.016996|2.635869|256.03|6554|0.01
CHECK|gpu_e2e_noreuse|throughput|n128_b16|128|1|1|16|1|1.15037191e-07|2.98023224e-07|1.00000000e-04|PASS
[run ] n128_b16         | Len:    128 | Batch:    16 | Thr: 1 | FwdE2E:    0.0171 ms     4.20 GF/s (iters:3028) | BwdE2E:    0.0177 ms     4.04 GF/s (iters:3084) | Slots:   4096 | Mem:   256.02 MB | Work:    0.02 MB
RESULT|gpu_e2e_noreuse|throughput|n128_b16|128|1|1|16|1|0.017080|4.196802|0.017724|4.044344|256.02|4096|0.02
CHECK|gpu_e2e_noreuse|throughput|n128_b150|128|1|1|150|1|1.14409260e-07|3.33200094e-07|1.00000000e-04|PASS
[run ] n128_b150        | Len:    128 | Batch:   150 | Thr: 1 | FwdE2E:    0.0287 ms    23.41 GF/s (iters:1861) | BwdE2E:    0.0287 ms    23.41 GF/s (iters:1919) | Slots:    437 | Mem:   256.20 MB | Work:    0.15 MB
RESULT|gpu_e2e_noreuse|throughput|n128_b150|128|1|1|150|1|0.028704|23.411020|0.028707|23.409276|256.20|437|0.15
CHECK|gpu_e2e_noreuse|throughput|n128_b256|128|1|1|256|1|1.14612622e-07|3.33200094e-07|1.00000000e-04|PASS
[run ] n128_b256        | Len:    128 | Batch:   256 | Thr: 1 | FwdE2E:    0.0372 ms    30.81 GF/s (iters:1373) | BwdE2E:    0.0370 ms    31.01 GF/s (iters:1403) | Slots:    256 | Mem:   256.25 MB | Work:    0.25 MB
RESULT|gpu_e2e_noreuse|throughput|n128_b256|128|1|1|256|1|0.037223|30.810872|0.036980|31.013786|256.25|256|0.25
CHECK|gpu_e2e_noreuse|throughput|n128_b1024|128|1|1|1024|1|1.14580896e-07|3.47551816e-07|1.00000000e-04|PASS
[run ] n128_b1024       | Len:    128 | Batch:  1024 | Thr: 1 | FwdE2E:    0.1000 ms    45.89 GF/s (iters:501) | BwdE2E:    0.0997 ms    46.00 GF/s (iters:504) | Slots:     64 | Mem:   257.00 MB | Work:    1.00 MB
RESULT|gpu_e2e_noreuse|throughput|n128_b1024|128|1|1|1024|1|0.099959|45.893932|0.099719|46.004657|257.00|64|1.00
CHECK|gpu_e2e_noreuse|throughput|n256_b1|256|1|1|1|1|1.33346435e-07|3.62560900e-07|1.00000000e-04|PASS
[run ] n256_b1          | Len:    256 | Batch:     1 | Thr: 1 | FwdE2E:    0.0158 ms     0.65 GF/s (iters:3610) | BwdE2E:    0.0167 ms     0.61 GF/s (iters:3703) | Slots:  32768 | Mem:   256.00 MB | Work:    0.00 MB
RESULT|gpu_e2e_noreuse|throughput|n256_b1|256|1|1|1|1|0.015807|0.647807|0.016652|0.614950|256.00|32768|0.00
CHECK|gpu_e2e_noreuse|throughput|n256_b10|256|1|1|10|1|1.40478785e-07|4.21468485e-07|1.00000000e-04|PASS
[run ] n256_b10         | Len:    256 | Batch:    10 | Thr: 1 | FwdE2E:    0.0183 ms     5.60 GF/s (iters:2761) | BwdE2E:    0.0186 ms     5.51 GF/s (iters:2754) | Slots:   3277 | Mem:   256.04 MB | Work:    0.02 MB
RESULT|gpu_e2e_noreuse|throughput|n256_b10|256|1|1|10|1|0.018287|5.599674|0.018593|5.507473|256.04|3277|0.02
CHECK|gpu_e2e_noreuse|throughput|n256_b16|256|1|1|16|1|1.40142422e-07|4.21468485e-07|1.00000000e-04|PASS
[run ] n256_b16         | Len:    256 | Batch:    16 | Thr: 1 | FwdE2E:    0.0191 ms     8.60 GF/s (iters:2944) | BwdE2E:    0.0190 ms     8.64 GF/s (iters:2645) | Slots:   2048 | Mem:   256.03 MB | Work:    0.03 MB
RESULT|gpu_e2e_noreuse|throughput|n256_b16|256|1|1|16|1|0.019057|8.597312|0.018955|8.643780|256.03|2048|0.03
CHECK|gpu_e2e_noreuse|throughput|n256_b150|256|1|1|150|1|1.38143570e-07|4.53935451e-07|1.00000000e-04|PASS
[run ] n256_b150        | Len:    256 | Batch:   150 | Thr: 1 | FwdE2E:    0.0416 ms    36.96 GF/s (iters:1239) | BwdE2E:    0.0413 ms    37.21 GF/s (iters:1224) | Slots:    219 | Mem:   256.93 MB | Work:    0.29 MB
RESULT|gpu_e2e_noreuse|throughput|n256_b150|256|1|1|150|1|0.041554|36.964294|0.041274|37.214771|256.93|219|0.29
CHECK|gpu_e2e_noreuse|throughput|n256_b256|256|1|1|256|1|1.38531497e-07|4.55887870e-07|1.00000000e-04|PASS
[run ] n256_b256        | Len:    256 | Batch:   256 | Thr: 1 | FwdE2E:    0.0585 ms    44.83 GF/s (iters:872) | BwdE2E:    0.0584 ms    44.91 GF/s (iters:863) | Slots:    128 | Mem:   256.50 MB | Work:    0.50 MB
RESULT|gpu_e2e_noreuse|throughput|n256_b256|256|1|1|256|1|0.058477|44.828264|0.058369|44.911310|256.50|128|0.50
CHECK|gpu_e2e_noreuse|throughput|n256_b1024|256|1|1|1024|1|1.39151790e-07|4.99577958e-07|1.00000000e-04|PASS
[run ] n256_b1024       | Len:    256 | Batch:  1024 | Thr: 1 | FwdE2E:    0.1820 ms    57.61 GF/s (iters:279) | BwdE2E:    0.1850 ms    56.67 GF/s (iters:279) | Slots:     32 | Mem:   258.00 MB | Work:    2.00 MB
RESULT|gpu_e2e_noreuse|throughput|n256_b1024|256|1|1|1024|1|0.182018|57.608275|0.185037|56.668566|258.00|32|2.00
CHECK|gpu_e2e_noreuse|throughput|n512_b1|512|1|1|1|1|2.87155450e-07|6.75829677e-07|1.00000000e-04|PASS
[run ] n512_b1          | Len:    512 | Batch:     1 | Thr: 1 | FwdE2E:    0.0164 ms     1.41 GF/s (iters:4390) | BwdE2E:    0.0149 ms     1.55 GF/s (iters:3706) | Slots:  16384 | Mem:   256.00 MB | Work:    0.00 MB
RESULT|gpu_e2e_noreuse|throughput|n512_b1|512|1|1|1|1|0.016363|1.408046|0.014870|1.549415|256.00|16384|0.00
CHECK|gpu_e2e_noreuse|throughput|n512_b10|512|1|1|10|1|2.76071776e-07|8.26443709e-07|1.00000000e-04|PASS
[run ] n512_b10         | Len:    512 | Batch:    10 | Thr: 1 | FwdE2E:    0.0207 ms    11.12 GF/s (iters:2779) | BwdE2E:    0.0206 ms    11.19 GF/s (iters:2594) | Slots:   1639 | Mem:   256.13 MB | Work:    0.04 MB
RESULT|gpu_e2e_noreuse|throughput|n512_b10|512|1|1|10|1|0.020717|11.121505|0.020596|11.186834|256.13|1639|0.04
CHECK|gpu_e2e_noreuse|throughput|n512_b16|512|1|1|16|1|2.75528911e-07|7.61564513e-07|1.00000000e-04|PASS
[run ] n512_b16         | Len:    512 | Batch:    16 | Thr: 1 | FwdE2E:    0.0218 ms    16.92 GF/s (iters:2416) | BwdE2E:    0.0222 ms    16.60 GF/s (iters:2305) | Slots:   1024 | Mem:   256.06 MB | Work:    0.06 MB
RESULT|gpu_e2e_noreuse|throughput|n512_b16|512|1|1|16|1|0.021784|16.922398|0.022205|16.601686|256.06|1024|0.06
CHECK|gpu_e2e_noreuse|throughput|n512_b150|512|1|1|150|1|2.73369506e-07|8.86086747e-07|1.00000000e-04|PASS
[run ] n512_b150        | Len:    512 | Batch:   150 | Thr: 1 | FwdE2E:    0.0654 ms    52.86 GF/s (iters:766) | BwdE2E:    0.0650 ms    53.13 GF/s (iters:777) | Slots:    110 | Mem:   258.40 MB | Work:    0.59 MB
RESULT|gpu_e2e_noreuse|throughput|n512_b150|512|1|1|150|1|0.065376|52.863808|0.065047|53.130729|258.40|110|0.59
CHECK|gpu_e2e_noreuse|throughput|n512_b256|512|1|1|256|1|2.72865748e-07|8.66320244e-07|1.00000000e-04|PASS
[run ] n512_b256        | Len:    512 | Batch:   256 | Thr: 1 | FwdE2E:    0.1023 ms    57.64 GF/s (iters:491) | BwdE2E:    0.1016 ms    58.05 GF/s (iters:494) | Slots:     64 | Mem:   257.00 MB | Work:    1.00 MB
RESULT|gpu_e2e_noreuse|throughput|n512_b256|512|1|1|256|1|0.102331|57.638776|0.101608|58.048806|257.00|64|1.00
CHECK|gpu_e2e_noreuse|throughput|n512_b1024|512|1|1|1024|1|2.73560518e-07|9.09825416e-07|1.00000000e-04|PASS
[run ] n512_b1024       | Len:    512 | Batch:  1024 | Thr: 1 | FwdE2E:    0.3536 ms    66.72 GF/s (iters:144) | BwdE2E:    0.3533 ms    66.78 GF/s (iters:143) | Slots:     16 | Mem:   260.00 MB | Work:    4.00 MB
RESULT|gpu_e2e_noreuse|throughput|n512_b1024|512|1|1|1024|1|0.353594|66.723222|0.353308|66.777406|260.00|16|4.00
CHECK|gpu_e2e_noreuse|throughput|n1024_b1|1024|1|1|1|1|2.26410131e-07|7.27567411e-07|1.00000000e-04|PASS
[run ] n1024_b1         | Len:   1024 | Batch:     1 | Thr: 1 | FwdE2E:    0.0167 ms     3.07 GF/s (iters:3300) | BwdE2E:    0.0174 ms     2.95 GF/s (iters:3540) | Slots:   8192 | Mem:   256.01 MB | Work:    0.01 MB
RESULT|gpu_e2e_noreuse|throughput|n1024_b1|1024|1|1|1|1|0.016688|3.068069|0.017355|2.950181|256.01|8192|0.01
CHECK|gpu_e2e_noreuse|throughput|n1024_b10|1024|1|1|10|1|2.21094462e-07|6.79597512e-07|1.00000000e-04|PASS
[run ] n1024_b10        | Len:   1024 | Batch:    10 | Thr: 1 | FwdE2E:    0.0237 ms    21.64 GF/s (iters:2168) | BwdE2E:    0.0227 ms    22.55 GF/s (iters:2428) | Slots:    820 | Mem:   256.33 MB | Work:    0.08 MB
RESULT|gpu_e2e_noreuse|throughput|n1024_b10|1024|1|1|10|1|0.023664|21.636619|0.022709|22.546315|256.33|820|0.08
CHECK|gpu_e2e_noreuse|throughput|n1024_b16|1024|1|1|16|1|2.17711025e-07|6.57848717e-07|1.00000000e-04|PASS
[run ] n1024_b16        | Len:   1024 | Batch:    16 | Thr: 1 | FwdE2E:    0.0265 ms    30.93 GF/s (iters:1914) | BwdE2E:    0.0268 ms    30.62 GF/s (iters:1881) | Slots:    512 | Mem:   256.12 MB | Work:    0.12 MB
RESULT|gpu_e2e_noreuse|throughput|n1024_b16|1024|1|1|16|1|0.026490|30.925427|0.026755|30.618640|256.12|512|0.12
CHECK|gpu_e2e_noreuse|throughput|n1024_b150|1024|1|1|150|1|2.19768866e-07|7.74860382e-07|1.00000000e-04|PASS
[run ] n1024_b150       | Len:   1024 | Batch:   150 | Thr: 1 | FwdE2E:    0.1171 ms    65.57 GF/s (iters:427) | BwdE2E:    0.1165 ms    65.92 GF/s (iters:434) | Slots:     55 | Mem:   258.98 MB | Work:    1.17 MB
RESULT|gpu_e2e_noreuse|throughput|n1024_b150|1024|1|1|150|1|0.117121|65.573057|0.116510|65.917126|258.98|55|1.17
CHECK|gpu_e2e_noreuse|throughput|n1024_b256|1024|1|1|256|1|2.19952787e-07|8.21627111e-07|1.00000000e-04|PASS
[run ] n1024_b256       | Len:   1024 | Batch:   256 | Thr: 1 | FwdE2E:    0.1822 ms    71.93 GF/s (iters:277) | BwdE2E:    0.1823 ms    71.90 GF/s (iters:278) | Slots:     32 | Mem:   258.00 MB | Work:    2.00 MB
RESULT|gpu_e2e_noreuse|throughput|n1024_b256|1024|1|1|256|1|0.182230|71.926750|0.182298|71.899715|258.00|32|2.00
CHECK|gpu_e2e_noreuse|throughput|n1024_b1024|1024|1|1|1024|1|2.21083304e-07|8.80052034e-07|1.00000000e-04|PASS
[run ] n1024_b1024      | Len:   1024 | Batch:  1024 | Thr: 1 | FwdE2E:    0.6850 ms    76.54 GF/s (iters:74) | BwdE2E:    0.6785 ms    77.27 GF/s (iters:74) | Slots:      8 | Mem:   264.00 MB | Work:    8.00 MB
RESULT|gpu_e2e_noreuse|throughput|n1024_b1024|1024|1|1|1024|1|0.684962|76.542670|0.678503|77.271248|264.00|8|8.00
CHECK|gpu_e2e_noreuse|throughput|n2048_b1|2048|1|1|1|1|2.00081709e-07|5.62309094e-07|1.00000000e-04|PASS
[run ] n2048_b1         | Len:   2048 | Batch:     1 | Thr: 1 | FwdE2E:    0.0182 ms     6.20 GF/s (iters:3016) | BwdE2E:    0.0177 ms     6.36 GF/s (iters:2945) | Slots:   4096 | Mem:   256.02 MB | Work:    0.02 MB
RESULT|gpu_e2e_noreuse|throughput|n2048_b1|2048|1|1|1|1|0.018176|6.197075|0.017705|6.361987|256.02|4096|0.02
CHECK|gpu_e2e_noreuse|throughput|n2048_b10|2048|1|1|10|1|1.93957890e-07|5.93853807e-07|1.00000000e-04|PASS
[run ] n2048_b10        | Len:   2048 | Batch:    10 | Thr: 1 | FwdE2E:    0.0309 ms    36.50 GF/s (iters:1866) | BwdE2E:    0.0306 ms    36.83 GF/s (iters:1678) | Slots:    410 | Mem:   256.41 MB | Work:    0.16 MB
RESULT|gpu_e2e_noreuse|throughput|n2048_b10|2048|1|1|10|1|0.030861|36.499000|0.030585|36.828233|256.41|410|0.16
CHECK|gpu_e2e_noreuse|throughput|n2048_b16|2048|1|1|16|1|1.94348208e-07|6.14390615e-07|1.00000000e-04|PASS
[run ] n2048_b16        | Len:   2048 | Batch:    16 | Thr: 1 | FwdE2E:    0.0390 ms    46.19 GF/s (iters:1300) | BwdE2E:    0.0389 ms    46.31 GF/s (iters:1333) | Slots:    256 | Mem:   256.25 MB | Work:    0.25 MB
RESULT|gpu_e2e_noreuse|throughput|n2048_b16|2048|1|1|16|1|0.039021|46.186125|0.038914|46.313274|256.25|256|0.25
CHECK|gpu_e2e_noreuse|throughput|n2048_b150|2048|1|1|150|1|1.94500857e-07|7.20205663e-07|1.00000000e-04|PASS
[run ] n2048_b150       | Len:   2048 | Batch:   150 | Thr: 1 | FwdE2E:    0.2120 ms    79.68 GF/s (iters:237) | BwdE2E:    0.2157 ms    78.34 GF/s (iters:238) | Slots:     28 | Mem:   264.84 MB | Work:    2.34 MB
RESULT|gpu_e2e_noreuse|throughput|n2048_b150|2048|1|1|150|1|0.212047|79.680401|0.215663|78.344531|264.84|28|2.34
CHECK|gpu_e2e_noreuse|throughput|n2048_b256|2048|1|1|256|1|1.94579555e-07|8.52367261e-07|1.00000000e-04|PASS
[run ] n2048_b256       | Len:   2048 | Batch:   256 | Thr: 1 | FwdE2E:    0.3565 ms    80.90 GF/s (iters:143) | BwdE2E:    0.3604 ms    80.02 GF/s (iters:143) | Slots:     16 | Mem:   260.00 MB | Work:    4.00 MB
RESULT|gpu_e2e_noreuse|throughput|n2048_b256|2048|1|1|256|1|0.356452|80.896728|0.360356|80.020420|260.00|16|4.00
CHECK|gpu_e2e_noreuse|throughput|n2048_b1024|2048|1|1|1024|1|1.94242168e-07|8.03039877e-07|1.00000000e-04|PASS
[run ] n2048_b1024      | Len:   2048 | Batch:  1024 | Thr: 1 | FwdE2E:    1.3518 ms    85.33 GF/s (iters:37) | BwdE2E:    1.4020 ms    82.27 GF/s (iters:37) | Slots:      4 | Mem:   272.00 MB | Work:   16.00 MB
RESULT|gpu_e2e_noreuse|throughput|n2048_b1024|2048|1|1|1024|1|1.351777|85.327220|1.402042|82.268122|272.00|4|16.00
CHECK|gpu_e2e_noreuse|throughput|n4096_b1|4096|1|1|1|1|2.05589312e-07|6.50892546e-07|1.00000000e-04|PASS
[run ] n4096_b1         | Len:   4096 | Batch:     1 | Thr: 1 | FwdE2E:    0.0215 ms    11.41 GF/s (iters:2695) | BwdE2E:    0.0211 ms    11.65 GF/s (iters:2904) | Slots:   2048 | Mem:   256.03 MB | Work:    0.03 MB
RESULT|gpu_e2e_noreuse|throughput|n4096_b1|4096|1|1|1|1|0.021541|11.408809|0.021096|11.649595|256.03|2048|0.03
CHECK|gpu_e2e_noreuse|throughput|n4096_b10|4096|1|1|10|1|2.01729784e-07|6.33606065e-07|1.00000000e-04|PASS
[run ] n4096_b10        | Len:   4096 | Batch:    10 | Thr: 1 | FwdE2E:    0.0450 ms    54.65 GF/s (iters:1118) | BwdE2E:    0.0446 ms    55.12 GF/s (iters:1124) | Slots:    205 | Mem:   256.56 MB | Work:    0.31 MB
RESULT|gpu_e2e_noreuse|throughput|n4096_b10|4096|1|1|10|1|0.044966|54.654860|0.044584|55.122667|256.56|205|0.31
CHECK|gpu_e2e_noreuse|throughput|n4096_b16|4096|1|1|16|1|2.01618231e-07|7.37268739e-07|1.00000000e-04|PASS
[run ] n4096_b16        | Len:   4096 | Batch:    16 | Thr: 1 | FwdE2E:    0.0598 ms    65.77 GF/s (iters:846) | BwdE2E:    0.0598 ms    65.81 GF/s (iters:845) | Slots:    128 | Mem:   256.50 MB | Work:    0.50 MB
RESULT|gpu_e2e_noreuse|throughput|n4096_b16|4096|1|1|16|1|0.059789|65.767020|0.059753|65.807310|256.50|128|0.50
CHECK|gpu_e2e_noreuse|throughput|n4096_b150|4096|1|1|150|1|2.02003965e-07|7.69252151e-07|1.00000000e-04|PASS
[run ] n4096_b150       | Len:   4096 | Batch:   150 | Thr: 1 | FwdE2E:    0.4201 ms    87.76 GF/s (iters:122) | BwdE2E:    0.4092 ms    90.09 GF/s (iters:124) | Slots:     14 | Mem:   267.19 MB | Work:    4.69 MB
RESULT|gpu_e2e_noreuse|throughput|n4096_b150|4096|1|1|150|1|0.420063|87.758222|0.409176|90.093316|267.19|14|4.69
CHECK|gpu_e2e_noreuse|throughput|n4096_b256|4096|1|1|256|1|2.02113601e-07|7.41023824e-07|1.00000000e-04|PASS
[run ] n4096_b256       | Len:   4096 | Batch:   256 | Thr: 1 | FwdE2E:    0.6766 ms    92.98 GF/s (iters:74) | BwdE2E:    0.6794 ms    92.60 GF/s (iters:74) | Slots:      8 | Mem:   264.00 MB | Work:    8.00 MB
RESULT|gpu_e2e_noreuse|throughput|n4096_b256|4096|1|1|256|1|0.676645|92.980135|0.679443|92.597316|264.00|8|8.00
CHECK|gpu_e2e_noreuse|throughput|n4096_b1024|4096|1|1|1024|1|2.02711366e-07|7.99680225e-07|1.00000000e-04|PASS
[run ] n4096_b1024      | Len:   4096 | Batch:  1024 | Thr: 1 | FwdE2E:    2.7077 ms    92.94 GF/s (iters:20) | BwdE2E:    2.7127 ms    92.77 GF/s (iters:20) | Slots:      2 | Mem:   288.00 MB | Work:   32.00 MB
RESULT|gpu_e2e_noreuse|throughput|n4096_b1024|4096|1|1|1024|1|2.707730|92.940686|2.712747|92.768777|288.00|2|32.00
CHECK|gpu_e2e_noreuse|throughput|n8192_b1|8192|1|1|1|1|3.09557456e-07|9.12262670e-07|1.00000000e-04|PASS
[run ] n8192_b1         | Len:   8192 | Batch:     1 | Thr: 1 | FwdE2E:    0.0277 ms    19.24 GF/s (iters:1810) | BwdE2E:    0.0281 ms    18.95 GF/s (iters:1874) | Slots:   1024 | Mem:   256.06 MB | Work:    0.06 MB
RESULT|gpu_e2e_noreuse|throughput|n8192_b1|8192|1|1|1|1|0.027682|19.235312|0.028094|18.953581|256.06|1024|0.06
CHECK|gpu_e2e_noreuse|throughput|n8192_b10|8192|1|1|10|1|3.14880080e-07|1.05388193e-06|1.00000000e-04|PASS
[run ] n8192_b10        | Len:   8192 | Batch:    10 | Thr: 1 | FwdE2E:    0.0733 ms    72.64 GF/s (iters:693) | BwdE2E:    0.0740 ms    71.94 GF/s (iters:689) | Slots:    103 | Mem:   258.12 MB | Work:    0.62 MB
RESULT|gpu_e2e_noreuse|throughput|n8192_b10|8192|1|1|10|1|0.073307|72.637484|0.074017|71.940211|258.12|103|0.62
CHECK|gpu_e2e_noreuse|throughput|n8192_b16|8192|1|1|16|1|3.14202605e-07|1.03305464e-06|1.00000000e-04|PASS
[run ] n8192_b16        | Len:   8192 | Batch:    16 | Thr: 1 | FwdE2E:    0.1046 ms    81.45 GF/s (iters:482) | BwdE2E:    0.1044 ms    81.62 GF/s (iters:485) | Slots:     64 | Mem:   257.00 MB | Work:    1.00 MB
RESULT|gpu_e2e_noreuse|throughput|n8192_b16|8192|1|1|16|1|0.104604|81.446968|0.104380|81.621991|257.00|64|1.00
CHECK|gpu_e2e_noreuse|throughput|n8192_b150|8192|1|1|150|1|3.12093591e-07|1.19097478e-06|1.00000000e-04|PASS
[run ] n8192_b150       | Len:   8192 | Batch:   150 | Thr: 1 | FwdE2E:    0.8045 ms    99.28 GF/s (iters:63) | BwdE2E:    0.8041 ms    99.33 GF/s (iters:63) | Slots:      7 | Mem:   271.88 MB | Work:    9.38 MB
RESULT|gpu_e2e_noreuse|throughput|n8192_b150|8192|1|1|150|1|0.804517|99.279497|0.804142|99.325779|271.88|7|9.38
CHECK|gpu_e2e_noreuse|throughput|n8192_b256|8192|1|1|256|1|3.13801871e-07|1.16076124e-06|1.00000000e-04|PASS
[run ] n8192_b256       | Len:   8192 | Batch:   256 | Thr: 1 | FwdE2E:    1.3867 ms    98.30 GF/s (iters:37) | BwdE2E:    1.3789 ms    98.86 GF/s (iters:37) | Slots:      4 | Mem:   272.00 MB | Work:   16.00 MB
RESULT|gpu_e2e_noreuse|throughput|n8192_b256|8192|1|1|256|1|1.386724|98.299913|1.378863|98.860369|272.00|4|16.00
CHECK|gpu_e2e_noreuse|throughput|n8192_b1024|8192|1|1|1024|1|3.13726032e-07|1.37292995e-06|1.00000000e-04|PASS
[run ] n8192_b1024      | Len:   8192 | Batch:  1024 | Thr: 1 | FwdE2E:    5.3972 ms   101.03 GF/s (iters:20) | BwdE2E:    5.4151 ms   100.69 GF/s (iters:20) | Slots:      2 | Mem:   576.00 MB | Work:   64.00 MB
RESULT|gpu_e2e_noreuse|throughput|n8192_b1024|8192|1|1|1024|1|5.397234|101.025741|5.415064|100.693091|576.00|2|64.00
CHECK|gpu_e2e_noreuse|throughput|n16384_b1|16384|1|1|1|1|2.11460041e-07|7.91867391e-07|1.00000000e-04|PASS
[run ] n16384_b1        | Len:  16384 | Batch:     1 | Thr: 1 | FwdE2E:    0.0343 ms    33.44 GF/s (iters:1477) | BwdE2E:    0.0343 ms    33.44 GF/s (iters:1476) | Slots:    512 | Mem:   256.12 MB | Work:    0.12 MB
RESULT|gpu_e2e_noreuse|throughput|n16384_b1|16384|1|1|1|1|0.034295|33.441452|0.034299|33.438034|256.12|512|0.12
CHECK|gpu_e2e_noreuse|throughput|n16384_b10|16384|1|1|10|1|2.11957488e-07|7.95225147e-07|1.00000000e-04|PASS
[run ] n16384_b10       | Len:  16384 | Batch:    10 | Thr: 1 | FwdE2E:    0.1296 ms    88.50 GF/s (iters:388) | BwdE2E:    0.1283 ms    89.42 GF/s (iters:393) | Slots:     52 | Mem:   261.25 MB | Work:    1.25 MB
RESULT|gpu_e2e_noreuse|throughput|n16384_b10|16384|1|1|10|1|0.129591|88.500189|0.128255|89.421615|261.25|52|1.25
CHECK|gpu_e2e_noreuse|throughput|n16384_b16|16384|1|1|16|1|2.11953371e-07|8.94069672e-07|1.00000000e-04|PASS
[run ] n16384_b16       | Len:  16384 | Batch:    16 | Thr: 1 | FwdE2E:    0.1911 ms    96.02 GF/s (iters:262) | BwdE2E:    0.1953 ms    93.98 GF/s (iters:260) | Slots:     32 | Mem:   258.00 MB | Work:    2.00 MB
RESULT|gpu_e2e_noreuse|throughput|n16384_b16|16384|1|1|16|1|0.191108|96.019224|0.195263|93.976454|258.00|32|2.00
CHECK|gpu_e2e_noreuse|throughput|n16384_b150|16384|1|1|150|1|2.60702227e-07|1.04648172e-06|1.00000000e-04|PASS
[run ] n16384_b150      | Len:  16384 | Batch:   150 | Thr: 1 | FwdE2E:    1.6468 ms   104.47 GF/s (iters:31) | BwdE2E:    1.6473 ms   104.43 GF/s (iters:31) | Slots:      4 | Mem:   318.75 MB | Work:   18.75 MB
RESULT|gpu_e2e_noreuse|throughput|n16384_b150|16384|1|1|150|1|1.646768|104.466476|1.647276|104.434207|318.75|4|18.75
CHECK|gpu_e2e_noreuse|throughput|n16384_b256|16384|1|1|256|1|2.61160360e-07|1.07311641e-06|1.00000000e-04|PASS
[run ] n16384_b256      | Len:  16384 | Batch:   256 | Thr: 1 | FwdE2E:    2.7372 ms   107.26 GF/s (iters:20) | BwdE2E:    2.7345 ms   107.37 GF/s (iters:20) | Slots:      2 | Mem:   288.00 MB | Work:   32.00 MB
RESULT|gpu_e2e_noreuse|throughput|n16384_b256|16384|1|1|256|1|2.737245|107.261609|2.734526|107.368236|288.00|2|32.00
CHECK|gpu_e2e_noreuse|throughput|n16384_b1024|16384|1|1|1024|1|2.60579200e-07|1.24038182e-06|1.00000000e-04|PASS
[run ] n16384_b1024     | Len:  16384 | Batch:  1024 | Thr: 1 | FwdE2E:   10.9624 ms   107.13 GF/s (iters:20) | BwdE2E:   10.9479 ms   107.27 GF/s (iters:20) | Slots:      2 | Mem:  1152.00 MB | Work:  128.00 MB
RESULT|gpu_e2e_noreuse|throughput|n16384_b1024|16384|1|1|1024|1|10.962441|107.129889|10.947862|107.272552|1152.00|2|128.00
CHECK|gpu_e2e_noreuse|throughput|n32768_b1|32768|1|1|1|1|2.19463275e-07|6.95103633e-07|1.00000000e-04|PASS
[run ] n32768_b1        | Len:  32768 | Batch:     1 | Thr: 1 | FwdE2E:    0.0447 ms    54.95 GF/s (iters:1119) | BwdE2E:    0.0445 ms    55.18 GF/s (iters:1127) | Slots:    256 | Mem:   256.25 MB | Work:    0.25 MB
RESULT|gpu_e2e_noreuse|throughput|n32768_b1|32768|1|1|1|1|0.044723|54.951675|0.044540|55.177231|256.25|256|0.25
CHECK|gpu_e2e_noreuse|throughput|n32768_b10|32768|1|1|10|1|2.20889281e-07|7.99680225e-07|1.00000000e-04|PASS
[run ] n32768_b10       | Len:  32768 | Batch:    10 | Thr: 1 | FwdE2E:    0.2356 ms   104.31 GF/s (iters:214) | BwdE2E:    0.2349 ms   104.62 GF/s (iters:214) | Slots:     26 | Mem:   262.50 MB | Work:    2.50 MB
RESULT|gpu_e2e_noreuse|throughput|n32768_b10|32768|1|1|10|1|0.235609|104.308219|0.234914|104.616836|262.50|26|2.50
CHECK|gpu_e2e_noreuse|throughput|n32768_b16|32768|1|1|16|1|2.21113349e-07|8.28054189e-07|1.00000000e-04|PASS
[run ] n32768_b16       | Len:  32768 | Batch:    16 | Thr: 1 | FwdE2E:    0.3660 ms   107.43 GF/s (iters:138) | BwdE2E:    0.3693 ms   106.47 GF/s (iters:139) | Slots:     16 | Mem:   260.00 MB | Work:    4.00 MB
RESULT|gpu_e2e_noreuse|throughput|n32768_b16|32768|1|1|16|1|0.366032|107.426533|0.369327|106.468197|260.00|16|4.00
CHECK|gpu_e2e_noreuse|throughput|n32768_b150|32768|1|1|150|1|2.20462240e-07|1.04095037e-06|1.00000000e-04|PASS
[run ] n32768_b150      | Len:  32768 | Batch:   150 | Thr: 1 | FwdE2E:    3.3102 ms   111.36 GF/s (iters:20) | BwdE2E:    3.2800 ms   112.39 GF/s (iters:20) | Slots:      2 | Mem:   337.50 MB | Work:   37.50 MB
RESULT|gpu_e2e_noreuse|throughput|n32768_b150|32768|1|1|150|1|3.310232|111.363790|3.280032|112.389149|337.50|2|37.50
CHECK|gpu_e2e_noreuse|throughput|n32768_b256|32768|1|1|256|1|2.20052556e-07|9.33436141e-07|1.00000000e-04|PASS
[run ] n32768_b256      | Len:  32768 | Batch:   256 | Thr: 1 | FwdE2E:    5.5886 ms   112.58 GF/s (iters:20) | BwdE2E:    5.5925 ms   112.50 GF/s (iters:20) | Slots:      2 | Mem:   576.00 MB | Work:   64.00 MB
RESULT|gpu_e2e_noreuse|throughput|n32768_b256|32768|1|1|256|1|5.588645|112.575700|5.592467|112.498757|576.00|2|64.00
CHECK|gpu_e2e_noreuse|throughput|n32768_b1024|32768|1|1|1024|1|2.20132787e-07|9.92018996e-07|1.00000000e-04|PASS
[run ] n32768_b1024     | Len:  32768 | Batch:  1024 | Thr: 1 | FwdE2E:   22.5505 ms   111.60 GF/s (iters:20) | BwdE2E:   22.5902 ms   111.40 GF/s (iters:20) | Slots:      2 | Mem:  2304.00 MB | Work:  256.00 MB
RESULT|gpu_e2e_noreuse|throughput|n32768_b1024|32768|1|1|1024|1|22.550467|111.597796|22.590204|111.401491|2304.00|2|256.00
CHECK|gpu_e2e_noreuse|throughput|n65536_b1|65536|1|1|1|1|2.26633256e-07|6.88040041e-07|1.00000000e-04|PASS
[run ] n65536_b1        | Len:  65536 | Batch:     1 | Thr: 1 | FwdE2E:    0.0639 ms    82.05 GF/s (iters:812) | BwdE2E:    0.0638 ms    82.22 GF/s (iters:806) | Slots:    128 | Mem:   256.50 MB | Work:    0.50 MB
RESULT|gpu_e2e_noreuse|throughput|n65536_b1|65536|1|1|1|1|0.063897|82.051719|0.063768|82.218066|256.50|128|0.50
CHECK|gpu_e2e_noreuse|throughput|n65536_b10|65536|1|1|10|1|2.25875298e-07|7.74860382e-07|1.00000000e-04|PASS
[run ] n65536_b10       | Len:  65536 | Batch:    10 | Thr: 1 | FwdE2E:    0.4428 ms   118.40 GF/s (iters:113) | BwdE2E:    0.4420 ms   118.61 GF/s (iters:115) | Slots:     13 | Mem:   265.00 MB | Work:    5.00 MB
RESULT|gpu_e2e_noreuse|throughput|n65536_b10|65536|1|1|10|1|0.442816|118.398685|0.442035|118.607675|265.00|13|5.00
CHECK|gpu_e2e_noreuse|throughput|n65536_b16|65536|1|1|16|1|2.25235719e-07|8.86086747e-07|1.00000000e-04|PASS
[run ] n65536_b16       | Len:  65536 | Batch:    16 | Thr: 1 | FwdE2E:    0.7209 ms   116.36 GF/s (iters:70) | BwdE2E:    0.7205 ms   116.43 GF/s (iters:70) | Slots:      8 | Mem:   264.00 MB | Work:    8.00 MB
RESULT|gpu_e2e_noreuse|throughput|n65536_b16|65536|1|1|16|1|0.720909|116.361492|0.720476|116.431490|264.00|8|8.00
CHECK|gpu_e2e_noreuse|throughput|n65536_b150|65536|1|1|150|1|2.25971201e-07|8.96549759e-07|1.00000000e-04|PASS
[run ] n65536_b150      | Len:  65536 | Batch:   150 | Thr: 1 | FwdE2E:    6.5962 ms   119.22 GF/s (iters:20) | BwdE2E:    6.6136 ms   118.91 GF/s (iters:20) | Slots:      2 | Mem:   675.00 MB | Work:   75.00 MB
RESULT|gpu_e2e_noreuse|throughput|n65536_b150|65536|1|1|150|1|6.596207|119.224888|6.613581|118.911674|675.00|2|75.00
CHECK|gpu_e2e_noreuse|throughput|n65536_b256|65536|1|1|256|1|2.25613146e-07|8.30196636e-07|1.00000000e-04|PASS
[run ] n65536_b256      | Len:  65536 | Batch:   256 | Thr: 1 | FwdE2E:   11.2479 ms   119.33 GF/s (iters:20) | BwdE2E:   11.2054 ms   119.78 GF/s (iters:20) | Slots:      2 | Mem:  1152.00 MB | Work:  128.00 MB
RESULT|gpu_e2e_noreuse|throughput|n65536_b256|65536|1|1|256|1|11.247856|119.327387|11.205363|119.779897|1152.00|2|128.00
CHECK|gpu_e2e_noreuse|throughput|n65536_b1024|65536|1|1|1024|1|2.25714047e-07|9.09825416e-07|1.00000000e-04|PASS
[run ] n65536_b1024     | Len:  65536 | Batch:  1024 | Thr: 1 | FwdE2E:   46.0444 ms   116.60 GF/s (iters:20) | BwdE2E:   46.4203 ms   115.65 GF/s (iters:20) | Slots:      2 | Mem:  4608.00 MB | Work:  512.00 MB
RESULT|gpu_e2e_noreuse|throughput|n65536_b1024|65536|1|1|1024|1|46.044449|116.598401|46.420276|115.654399|4608.00|2|512.00

Benchmark workload complete.

============================================================
RUN COMPLETE run01
============================================================
