0 [140258369585408] INFO perfrun.launcher <> - Launcher main begin
1 [140258369585408] INFO perfrun.launcher <> - MessageCatalogInit finished
1 [140258369585408] INFO perfrun.launcher <> - Launcher instance created
1 [140258369585408] INFO perfrun.launcher <> - argc = 6; cmdline = /home/nikhil/workspace/vtune/oneapi/vtune/2025.8/bin64/amplxe-runss -dump-vdso -r /home/nikhil/workspace/xeon-fft-bench/src/1-d-fft/fft_logs/latest_run/more_batches/20260225_115529/vtune/results/20260225_122201/t20/threading_20t --tmp-dir /tmp/amplxe-tmp-nikhil 
43 [140258369585408] INFO perfrun.perfcollector <> - SEP tool path: /home/nikhil/workspace/vtune/oneapi/vtune/2025.8/bin64/sep
46 [140258369585408] INFO perfrun.launcher <> - create msngr2::ICliToolContext
46 [140258369585408] INFO perfrun.launcher <> - create file finder object
59 [140258253747968] INFO perfrun.launcher <> - plugin [remoteplug] was disabled because it doesn't support the given collection type.
59 [140258253747968] INFO perfrun.launcher <> - plugin [system] was disabled because it doesn't support the given collection type.
59 [140258253747968] INFO perfrun.vdso <> - dumping [vdso] pseudomodule
60 [140258253747968] INFO perfrun.launcher <> - plugin [itt] was disabled because it doesn't support the given collection type.
60 [140258253747968] INFO perfrun.launcher <> - plugin [ptracecollector] was disabled because it doesn't support the given collection type.
60 [140258253747968] INFO perfrun.launcher <> - plugin [gpu] was disabled because it doesn't support the given collection type.
60 [140258253747968] INFO perfrun.launcher <> - plugin [] was disabled because it doesn't support the given collection type.
60 [140258253747968] INFO perfrun.launcher <> - plugin [] was disabled because it doesn't support the given collection type.
60 [140258253747968] INFO perfrun.launcher <> - plugin [] was disabled because it doesn't support the given collection type.
60 [140258253747968] INFO perfrun.launcher <> - plugin [mrte] was disabled because it doesn't support the given collection type.
60 [140258253747968] INFO perfrun.launcher <> - plugin [emon] was disabled because it doesn't support the given collection type.
60 [140258253747968] INFO perfrun.launcher <> - plugin [cuscol] was disabled because it doesn't support the given collection type.
60 [140258253747968] INFO perfrun.launcher <> - plugin [stdsrc] was disabled because it doesn't support the given collection type.
60 [140258253747968] INFO perfrun.launcher <> - plugin [sep] was disabled because it doesn't support the given collection type.
60 [140258253747968] INFO perfrun.launcher <> - plugin [vtsspp] was disabled because it doesn't support the given collection type.
60 [140258253747968] INFO perfrun.launcher <> - plugin [perf] was disabled because it doesn't support the given collection type.
60 [140258253747968] INFO perfrun.launcher <> - plugin [aoclprofile] was disabled because it doesn't support the given collection type.
60 [140258253747968] INFO perfrun.launcher <> - plugin [tpss] was disabled because it doesn't support the given collection type.
60 [140258253747968] INFO perfrun.launcher <> - plugin [media] was disabled because it doesn't support the given collection type.
60 [140258253747968] INFO perfrun.launcher <> - plugin [] was disabled because it doesn't support the given collection type.
60 [140258253747968] INFO perfrun.launcher <> - plugin [] was disabled because it doesn't support the given collection type.
60 [140258253747968] INFO perfrun.launcher <> - plugin [parallelfs] was disabled because it doesn't support the given collection type.
60 [140258253747968] INFO perfrun.launcher <> - plugin [power] was disabled because it doesn't support the given collection type.
60 [140258253747968] INFO perfrun.launcher <> - plugin [] was disabled because it doesn't support the given collection type.
60 [140258253747968] INFO perfrun.launcher <> - plugin [] was disabled because it doesn't support the given collection type.
60 [140258253747968] INFO perfrun.launcher <> - plugin [] was disabled because it doesn't support the given collection type.
60 [140258253747968] INFO perfrun.launcher <> - plugin [l0_metrics] was disabled because it doesn't support the given collection type.
60 [140258253747968] INFO perfrun.launcher <> - plugin [stall_reasons] was disabled because it doesn't support the given collection type.
60 [140258369585408] INFO perfrun.launcher <> - Application exit code: 0
60 [140258369585408] INFO perfrun.launcher <> - Exit code: 0
