============================================================
FFT RUN run05
Date: Mon Mar  9 14:16:15 IST 2026
Host: amdtoolsserver.morphingmachines
============================================================
CONFIG|BENCH_NRUNS|20
CONFIG|BENCH_WARMUP|5
CONFIG|BENCH_MAX_MEM_MB|3072
CONFIG|BENCH_MIN_TOTAL_MS|75
CONFIG|BENCH_MAX_ADAPT_ITERS|100000000
CONFIG|BENCH_VALIDATE|1
CONFIG|BENCH_VALIDATE_TOL|1e-4
CONFIG|BENCH_VALIDATE_STRICT|1
CONFIG|BENCH_STREAM_MODE|1
CONFIG|BENCH_STREAM_TARGET_MB|1024
CONFIG|BENCH_STREAM_MIN_SLOTS|64
CONFIG|BENCH_STREAM_MAX_SLOTS|32768
CONFIG|THROUGHPUT_LENGTHS|2,4,8,16,32,64,128,256,512,1024,2048,4096,8192,16384,32768,65536
CONFIG|THROUGHPUT_BATCHES|1
============================================================
RUN PROFILE: baseline_sse42_1t
Description : MKL SSE4.2 baseline, single thread (CPU path, no AVX2/AVX512 kernels)
ISA         : SSE4_2
Threads     : 1
Workload    : throughput
============================================================
PROFILE|baseline_sse42_1t|MKL SSE4.2 baseline, single thread (CPU path, no AVX2/AVX512 kernels)|SSE4_2|1|throughput|2,4,8,16,32,64,128,256,512,1024,2048,4096,8192,16384,32768,65536|1|1,10,20|65536|1024|10

############################################################
# FFT BENCHMARK (Intel oneMKL DFTI, 1D, single precision)  #
############################################################
profile_id       : baseline_sse42_1t
profile_desc     : MKL SSE4.2 baseline, single thread (CPU path, no AVX2/AVX512 kernels)
workload         : throughput
threads(cli)     : 1
mkl max threads  : 1
timed runs       : 20
warmup runs      : 5
min total ms     : 75.0
max adapt iters  : 100000000
validate         : 1
validate tol     : 1.000e-04
validate strict  : 1
stream mode      : 1
stream target MB : 1024.0
stream min slots : 64
stream max slots : 32768
mem cap (MB)     : 3072.0
lengths: 2,4,8,16,32,64,128,256,512,1024,2048,4096,8192,16384,32768,65536
batches: 1
thread_set: 1,2,4,8,10,20
batch_scale_set: 1,4,16,64,256
scale_length     : 16384
scale_batch      : 64
scale_threads    : 1


====================================================================
WORKLOAD: throughput (length x batch at fixed thread count)
====================================================================
threads=1
CHECK|baseline_sse42_1t|throughput|n2_b1|2|1|1|1|1|1.14557866e-08|1.49011612e-08|1.00000000e-04|PASS
[run ] n2_b1            | Len:      2 | Batch:     1 | Thr: 1 | Fwd:    0.0000 ms     0.47 GF/s (iters:3665306) | Bwd:    0.0000 ms     0.50 GF/s (iters:3822563) | Slots:32768 | Mem:   1.00 MB
RESULT|baseline_sse42_1t|throughput|n2_b1|2|1|1|1|1|0.000021|0.470660|0.000020|0.501497|1.00
CHECK|baseline_sse42_1t|throughput|n4_b1|4|1|1|1|1|4.49494167e-08|5.96046448e-08|1.00000000e-04|PASS
[run ] n4_b1            | Len:      4 | Batch:     1 | Thr: 1 | Fwd:    0.0000 ms     1.98 GF/s (iters:3747232) | Bwd:    0.0000 ms     1.93 GF/s (iters:3648082) | Slots:32768 | Mem:   2.00 MB
RESULT|baseline_sse42_1t|throughput|n4_b1|4|1|1|1|1|0.000020|1.977610|0.000021|1.932316|2.00
CHECK|baseline_sse42_1t|throughput|n8_b1|8|1|1|1|1|6.88878659e-08|1.33280037e-07|1.00000000e-04|PASS
[run ] n8_b1            | Len:      8 | Batch:     1 | Thr: 1 | Fwd:    0.0000 ms     5.54 GF/s (iters:3463957) | Bwd:    0.0000 ms     5.65 GF/s (iters:3547643) | Slots:32768 | Mem:   4.00 MB
RESULT|baseline_sse42_1t|throughput|n8_b1|8|1|1|1|1|0.000022|5.538432|0.000021|5.645058|4.00
CHECK|baseline_sse42_1t|throughput|n16_b1|16|1|1|1|1|7.84653068e-08|1.33280037e-07|1.00000000e-04|PASS
[run ] n16_b1           | Len:     16 | Batch:     1 | Thr: 1 | Fwd:    0.0000 ms    12.08 GF/s (iters:2952342) | Bwd:    0.0000 ms    12.64 GF/s (iters:2973489) | Slots:32768 | Mem:   8.00 MB
RESULT|baseline_sse42_1t|throughput|n16_b1|16|1|1|1|1|0.000026|12.079722|0.000025|12.635725|8.00
CHECK|baseline_sse42_1t|throughput|n32_b1|32|1|1|1|1|9.00251380e-08|1.33280037e-07|1.00000000e-04|PASS
[run ] n32_b1           | Len:     32 | Batch:     1 | Thr: 1 | Fwd:    0.0000 ms    18.89 GF/s (iters:1812850) | Bwd:    0.0000 ms    17.96 GF/s (iters:1698621) | Slots:32768 | Mem:  16.00 MB
RESULT|baseline_sse42_1t|throughput|n32_b1|32|1|1|1|1|0.000042|18.887309|0.000045|17.956088|16.00
CHECK|baseline_sse42_1t|throughput|n64_b1|64|1|1|1|1|9.87097078e-08|1.78813934e-07|1.00000000e-04|PASS
[run ] n64_b1           | Len:     64 | Batch:     1 | Thr: 1 | Fwd:    0.0001 ms    17.06 GF/s (iters:667284) | Bwd:    0.0001 ms    17.04 GF/s (iters:674562) | Slots:32768 | Mem:  32.00 MB
RESULT|baseline_sse42_1t|throughput|n64_b1|64|1|1|1|1|0.000113|17.062719|0.000113|17.037003|32.00
CHECK|baseline_sse42_1t|throughput|n128_b1|128|1|1|1|1|1.20228186e-07|1.88486437e-07|1.00000000e-04|PASS
[run ] n128_b1          | Len:    128 | Batch:     1 | Thr: 1 | Fwd:    0.0002 ms    19.11 GF/s (iters:321847) | Bwd:    0.0002 ms    19.11 GF/s (iters:362662) | Slots:32768 | Mem:  64.00 MB
RESULT|baseline_sse42_1t|throughput|n128_b1|128|1|1|1|1|0.000234|19.114664|0.000234|19.111791|64.00
CHECK|baseline_sse42_1t|throughput|n256_b1|256|1|1|1|1|1.22083733e-07|2.66560075e-07|1.00000000e-04|PASS
[run ] n256_b1          | Len:    256 | Batch:     1 | Thr: 1 | Fwd:    0.0006 ms    17.92 GF/s (iters:143183) | Bwd:    0.0006 ms    18.03 GF/s (iters:145582) | Slots:32768 | Mem: 128.00 MB
RESULT|baseline_sse42_1t|throughput|n256_b1|256|1|1|1|1|0.000571|17.920514|0.000568|18.027366|128.00
CHECK|baseline_sse42_1t|throughput|n512_b1|512|1|1|1|1|1.11145544e-07|2.38447681e-07|1.00000000e-04|PASS
[run ] n512_b1          | Len:    512 | Batch:     1 | Thr: 1 | Fwd:    0.0013 ms    18.35 GF/s (iters:61331) | Bwd:    0.0013 ms    18.28 GF/s (iters:64904) | Slots:32768 | Mem: 256.00 MB
RESULT|baseline_sse42_1t|throughput|n512_b1|512|1|1|1|1|0.001255|18.353076|0.001260|18.283741|256.00
CHECK|baseline_sse42_1t|throughput|n1024_b1|1024|1|1|1|1|1.25435741e-07|2.96622950e-07|1.00000000e-04|PASS
[run ] n1024_b1         | Len:   1024 | Batch:     1 | Thr: 1 | Fwd:    0.0030 ms    16.83 GF/s (iters:28251) | Bwd:    0.0030 ms    17.21 GF/s (iters:27168) | Slots:32768 | Mem: 512.01 MB
RESULT|baseline_sse42_1t|throughput|n1024_b1|1024|1|1|1|1|0.003041|16.834498|0.002975|17.212255|512.01
CHECK|baseline_sse42_1t|throughput|n2048_b1|2048|1|1|1|1|1.50457418e-07|3.31948242e-07|1.00000000e-04|PASS
[run ] n2048_b1         | Len:   2048 | Batch:     1 | Thr: 1 | Fwd:    0.0062 ms    18.14 GF/s (iters:12962) | Bwd:    0.0061 ms    18.44 GF/s (iters:13879) | Slots:32768 | Mem:1024.02 MB
RESULT|baseline_sse42_1t|throughput|n2048_b1|2048|1|1|1|1|0.006210|18.139838|0.006108|18.441175|1024.02
CHECK|baseline_sse42_1t|throughput|n4096_b1|4096|1|1|1|1|1.46660253e-07|3.58867484e-07|1.00000000e-04|PASS
[run ] n4096_b1         | Len:   4096 | Batch:     1 | Thr: 1 | Fwd:    0.0130 ms    18.90 GF/s (iters:6719) | Bwd:    0.0131 ms    18.70 GF/s (iters:6912) | Slots:16384 | Mem:1024.03 MB
RESULT|baseline_sse42_1t|throughput|n4096_b1|4096|1|1|1|1|0.013002|18.901669|0.013140|18.702816|1024.03
CHECK|baseline_sse42_1t|throughput|n8192_b1|8192|1|1|1|1|1.52875060e-07|3.68634369e-07|1.00000000e-04|PASS
[run ] n8192_b1         | Len:   8192 | Batch:     1 | Thr: 1 | Fwd:    0.0274 ms    19.41 GF/s (iters:3207) | Bwd:    0.0280 ms    19.04 GF/s (iters:3287) | Slots:8192 | Mem:1024.06 MB
RESULT|baseline_sse42_1t|throughput|n8192_b1|8192|1|1|1|1|0.027431|19.411671|0.027968|19.038826|1024.06
CHECK|baseline_sse42_1t|throughput|n16384_b1|16384|1|1|1|1|1.80413193e-07|5.49527672e-07|1.00000000e-04|PASS
[run ] n16384_b1        | Len:  16384 | Batch:     1 | Thr: 1 | Fwd:    0.0684 ms    16.76 GF/s (iters:1112) | Bwd:    0.0686 ms    16.72 GF/s (iters:1255) | Slots:4096 | Mem:1024.12 MB
RESULT|baseline_sse42_1t|throughput|n16384_b1|16384|1|1|1|1|0.068442|16.757010|0.068596|16.719226|1024.12
CHECK|baseline_sse42_1t|throughput|n32768_b1|32768|1|1|1|1|1.77308715e-07|5.05981649e-07|1.00000000e-04|PASS
[run ] n32768_b1        | Len:  32768 | Batch:     1 | Thr: 1 | Fwd:    0.1629 ms    15.09 GF/s (iters:463) | Bwd:    0.1622 ms    15.15 GF/s (iters:474) | Slots:2048 | Mem:1024.25 MB
RESULT|baseline_sse42_1t|throughput|n32768_b1|32768|1|1|1|1|0.162896|15.086913|0.162217|15.150091|1024.25
CHECK|baseline_sse42_1t|throughput|n65536_b1|65536|1|1|1|1|1.87929160e-07|5.49527672e-07|1.00000000e-04|PASS
[run ] n65536_b1        | Len:  65536 | Batch:     1 | Thr: 1 | Fwd:    0.3781 ms    13.87 GF/s (iters:205) | Bwd:    0.3717 ms    14.10 GF/s (iters:205) | Slots:1024 | Mem:1024.50 MB
RESULT|baseline_sse42_1t|throughput|n65536_b1|65536|1|1|1|1|0.378127|13.865383|0.371713|14.104644|1024.50

Benchmark workload complete.

[DONE] baseline_sse42_1t

============================================================
RUN PROFILE: avx512_phys
Description : MKL AVX-512, physical-core thread count
ISA         : AVX512
Threads     : 10
Workload    : throughput
============================================================
PROFILE|avx512_phys|MKL AVX-512, physical-core thread count|AVX512|10|throughput|2,4,8,16,32,64,128,256,512,1024,2048,4096,8192,16384,32768,65536|1|1,10,20|65536|1024|10

############################################################
# FFT BENCHMARK (Intel oneMKL DFTI, 1D, single precision)  #
############################################################
profile_id       : avx512_phys
profile_desc     : MKL AVX-512, physical-core thread count
workload         : throughput
threads(cli)     : 10
mkl max threads  : 10
timed runs       : 20
warmup runs      : 5
min total ms     : 75.0
max adapt iters  : 100000000
validate         : 1
validate tol     : 1.000e-04
validate strict  : 1
stream mode      : 1
stream target MB : 1024.0
stream min slots : 64
stream max slots : 32768
mem cap (MB)     : 3072.0
lengths: 2,4,8,16,32,64,128,256,512,1024,2048,4096,8192,16384,32768,65536
batches: 1
thread_set: 1,2,4,8,10,20
batch_scale_set: 1,4,16,64,256
scale_length     : 16384
scale_batch      : 64
scale_threads    : 10


====================================================================
WORKLOAD: throughput (length x batch at fixed thread count)
====================================================================
threads=10
CHECK|avx512_phys|throughput|n2_b1|2|1|1|1|10|1.14557866e-08|1.49011612e-08|1.00000000e-04|PASS
[run ] n2_b1            | Len:      2 | Batch:     1 | Thr:10 | Fwd:    0.0000 ms     0.51 GF/s (iters:3887220) | Bwd:    0.0000 ms     0.51 GF/s (iters:3909991) | Slots:32768 | Mem:   1.00 MB
RESULT|avx512_phys|throughput|n2_b1|2|1|1|1|10|0.000020|0.508170|0.000019|0.513087|1.00
CHECK|avx512_phys|throughput|n4_b1|4|1|1|1|10|4.49494167e-08|5.96046448e-08|1.00000000e-04|PASS
[run ] n4_b1            | Len:      4 | Batch:     1 | Thr:10 | Fwd:    0.0000 ms     1.76 GF/s (iters:3291091) | Bwd:    0.0000 ms     1.76 GF/s (iters:3364156) | Slots:32768 | Mem:   2.00 MB
RESULT|avx512_phys|throughput|n4_b1|4|1|1|1|10|0.000023|1.755190|0.000023|1.764819|2.00
CHECK|avx512_phys|throughput|n8_b1|8|1|1|1|10|6.88878659e-08|1.33280037e-07|1.00000000e-04|PASS
[run ] n8_b1            | Len:      8 | Batch:     1 | Thr:10 | Fwd:    0.0000 ms     5.69 GF/s (iters:3649477) | Bwd:    0.0000 ms     5.45 GF/s (iters:3466434) | Slots:32768 | Mem:   4.00 MB
RESULT|avx512_phys|throughput|n8_b1|8|1|1|1|10|0.000021|5.686122|0.000022|5.445432|4.00
CHECK|avx512_phys|throughput|n16_b1|16|1|1|1|10|8.06080983e-08|1.33280037e-07|1.00000000e-04|PASS
[run ] n16_b1           | Len:     16 | Batch:     1 | Thr:10 | Fwd:    0.0000 ms    14.41 GF/s (iters:3388428) | Bwd:    0.0000 ms    15.19 GF/s (iters:3584355) | Slots:32768 | Mem:   8.00 MB
RESULT|avx512_phys|throughput|n16_b1|16|1|1|1|10|0.000022|14.409750|0.000021|15.190199|8.00
CHECK|avx512_phys|throughput|n32_b1|32|1|1|1|10|9.37525156e-08|1.33280037e-07|1.00000000e-04|PASS
[run ] n32_b1           | Len:     32 | Batch:     1 | Thr:10 | Fwd:    0.0000 ms    17.76 GF/s (iters:1923335) | Bwd:    0.0000 ms    20.13 GF/s (iters:1928878) | Slots:32768 | Mem:  16.00 MB
RESULT|avx512_phys|throughput|n32_b1|32|1|1|1|10|0.000045|17.759199|0.000040|20.133265|16.00
CHECK|avx512_phys|throughput|n64_b1|64|1|1|1|10|1.04453060e-07|1.49011612e-07|1.00000000e-04|PASS
[run ] n64_b1           | Len:     64 | Batch:     1 | Thr:10 | Fwd:    0.0001 ms    27.33 GF/s (iters:1110167) | Bwd:    0.0001 ms    28.15 GF/s (iters:1120142) | Slots:32768 | Mem:  32.00 MB
RESULT|avx512_phys|throughput|n64_b1|64|1|1|1|10|0.000070|27.327839|0.000068|28.145569|32.00
CHECK|avx512_phys|throughput|n128_b1|128|1|1|1|10|1.14162990e-07|2.02677705e-07|1.00000000e-04|PASS
[run ] n128_b1          | Len:    128 | Batch:     1 | Thr:10 | Fwd:    0.0002 ms    27.60 GF/s (iters:475583) | Bwd:    0.0002 ms    27.94 GF/s (iters:606815) | Slots:32768 | Mem:  64.00 MB
RESULT|avx512_phys|throughput|n128_b1|128|1|1|1|10|0.000162|27.597051|0.000160|27.938661|64.00
CHECK|avx512_phys|throughput|n256_b1|256|1|1|1|10|1.20880689e-07|2.14907603e-07|1.00000000e-04|PASS
[run ] n256_b1          | Len:    256 | Batch:     1 | Thr:10 | Fwd:    0.0004 ms    23.16 GF/s (iters:169897) | Bwd:    0.0004 ms    22.87 GF/s (iters:226834) | Slots:32768 | Mem: 128.00 MB
RESULT|avx512_phys|throughput|n256_b1|256|1|1|1|10|0.000442|23.156356|0.000448|22.868941|128.00
CHECK|avx512_phys|throughput|n512_b1|512|1|1|1|10|1.15796630e-07|2.71920675e-07|1.00000000e-04|PASS
[run ] n512_b1          | Len:    512 | Batch:     1 | Thr:10 | Fwd:    0.0010 ms    23.50 GF/s (iters:84228) | Bwd:    0.0010 ms    23.30 GF/s (iters:92024) | Slots:32768 | Mem: 256.00 MB
RESULT|avx512_phys|throughput|n512_b1|512|1|1|1|10|0.000980|23.502616|0.000989|23.301568|256.00
CHECK|avx512_phys|throughput|n1024_b1|1024|1|1|1|10|1.24276207e-07|2.52881091e-07|1.00000000e-04|PASS
[run ] n1024_b1         | Len:   1024 | Batch:     1 | Thr:10 | Fwd:    0.0018 ms    27.74 GF/s (iters:47390) | Bwd:    0.0018 ms    27.77 GF/s (iters:49103) | Slots:32768 | Mem: 512.01 MB
RESULT|avx512_phys|throughput|n1024_b1|1024|1|1|1|10|0.001846|27.738443|0.001844|27.769764|512.01
CHECK|avx512_phys|throughput|n2048_b1|2048|1|1|1|10|1.45184027e-07|3.37174788e-07|1.00000000e-04|PASS
[run ] n2048_b1         | Len:   2048 | Batch:     1 | Thr:10 | Fwd:    0.0039 ms    29.09 GF/s (iters:19413) | Bwd:    0.0038 ms    29.39 GF/s (iters:22540) | Slots:32768 | Mem:1024.02 MB
RESULT|avx512_phys|throughput|n2048_b1|2048|1|1|1|10|0.003872|29.092300|0.003833|29.385117|1024.02
CHECK|avx512_phys|throughput|n4096_b1|4096|1|1|1|10|1.45690048e-07|3.20980835e-07|1.00000000e-04|PASS
[run ] n4096_b1         | Len:   4096 | Batch:     1 | Thr:10 | Fwd:    0.0072 ms    34.35 GF/s (iters:10795) | Bwd:    0.0073 ms    33.46 GF/s (iters:11760) | Slots:16384 | Mem:1024.03 MB
RESULT|avx512_phys|throughput|n4096_b1|4096|1|1|1|10|0.007155|34.347559|0.007345|33.458688|1024.03
CHECK|avx512_phys|throughput|n8192_b1|8192|1|1|1|10|1.89483007e-07|5.41591103e-07|1.00000000e-04|PASS
[run ] n8192_b1         | Len:   8192 | Batch:     1 | Thr:10 | Fwd:    0.0122 ms    43.80 GF/s (iters:6415) | Bwd:    0.0121 ms    43.97 GF/s (iters:6497) | Slots:8192 | Mem:1024.06 MB
RESULT|avx512_phys|throughput|n8192_b1|8192|1|1|1|10|0.012156|43.803435|0.012109|43.973780|1024.06
CHECK|avx512_phys|throughput|n16384_b1|16384|1|1|1|10|1.95270107e-07|5.37269007e-07|1.00000000e-04|PASS
[run ] n16384_b1        | Len:  16384 | Batch:     1 | Thr:10 | Fwd:    0.0170 ms    67.31 GF/s (iters:4442) | Bwd:    0.0177 ms    64.91 GF/s (iters:4963) | Slots:4096 | Mem:1024.12 MB
RESULT|avx512_phys|throughput|n16384_b1|16384|1|1|1|10|0.017040|67.305010|0.017669|64.908376|1024.12
CHECK|avx512_phys|throughput|n32768_b1|32768|1|1|1|10|2.09355397e-07|5.49527672e-07|1.00000000e-04|PASS
[run ] n32768_b1        | Len:  32768 | Batch:     1 | Thr:10 | Fwd:    0.0302 ms    81.30 GF/s (iters:2494) | Bwd:    0.0322 ms    76.40 GF/s (iters:2727) | Slots:2048 | Mem:1024.25 MB
RESULT|avx512_phys|throughput|n32768_b1|32768|1|1|1|10|0.030229|81.299130|0.032167|76.401857|1024.25
CHECK|avx512_phys|throughput|n65536_b1|65536|1|1|1|10|2.01306545e-07|6.13667377e-07|1.00000000e-04|PASS
[run ] n65536_b1        | Len:  65536 | Batch:     1 | Thr:10 | Fwd:    0.0580 ms    90.43 GF/s (iters:1396) | Bwd:    0.0628 ms    83.46 GF/s (iters:1441) | Slots:1024 | Mem:1024.50 MB
RESULT|avx512_phys|throughput|n65536_b1|65536|1|1|1|10|0.057976|90.431858|0.062822|83.455614|1024.50

Benchmark workload complete.

[DONE] avx512_phys

============================================================
RUN PROFILE: avx512_logical
Description : MKL AVX-512, logical-core thread count (hyperthreading on)
ISA         : AVX512
Threads     : 20
Workload    : throughput
============================================================
PROFILE|avx512_logical|MKL AVX-512, logical-core thread count (hyperthreading on)|AVX512|20|throughput|2,4,8,16,32,64,128,256,512,1024,2048,4096,8192,16384,32768,65536|1|1,10,20|65536|1024|10

############################################################
# FFT BENCHMARK (Intel oneMKL DFTI, 1D, single precision)  #
############################################################
profile_id       : avx512_logical
profile_desc     : MKL AVX-512, logical-core thread count (hyperthreading on)
workload         : throughput
threads(cli)     : 20
mkl max threads  : 20
timed runs       : 20
warmup runs      : 5
min total ms     : 75.0
max adapt iters  : 100000000
validate         : 1
validate tol     : 1.000e-04
validate strict  : 1
stream mode      : 1
stream target MB : 1024.0
stream min slots : 64
stream max slots : 32768
mem cap (MB)     : 3072.0
lengths: 2,4,8,16,32,64,128,256,512,1024,2048,4096,8192,16384,32768,65536
batches: 1
thread_set: 1,2,4,8,10,20
batch_scale_set: 1,4,16,64,256
scale_length     : 16384
scale_batch      : 64
scale_threads    : 20


====================================================================
WORKLOAD: throughput (length x batch at fixed thread count)
====================================================================
threads=20
CHECK|avx512_logical|throughput|n2_b1|2|1|1|1|20|1.14557866e-08|1.49011612e-08|1.00000000e-04|PASS
[run ] n2_b1            | Len:      2 | Batch:     1 | Thr:20 | Fwd:    0.0000 ms     0.51 GF/s (iters:3813870) | Bwd:    0.0000 ms     0.50 GF/s (iters:3797037) | Slots:32768 | Mem:   1.00 MB
RESULT|avx512_logical|throughput|n2_b1|2|1|1|1|20|0.000020|0.505850|0.000020|0.497871|1.00
CHECK|avx512_logical|throughput|n4_b1|4|1|1|1|20|4.49494167e-08|5.96046448e-08|1.00000000e-04|PASS
[run ] n4_b1            | Len:      4 | Batch:     1 | Thr:20 | Fwd:    0.0000 ms     1.72 GF/s (iters:3238506) | Bwd:    0.0000 ms     1.73 GF/s (iters:3309275) | Slots:32768 | Mem:   2.00 MB
RESULT|avx512_logical|throughput|n4_b1|4|1|1|1|20|0.000023|1.720245|0.000023|1.733689|2.00
CHECK|avx512_logical|throughput|n8_b1|8|1|1|1|20|6.88878659e-08|1.33280037e-07|1.00000000e-04|PASS
[run ] n8_b1            | Len:      8 | Batch:     1 | Thr:20 | Fwd:    0.0000 ms     5.57 GF/s (iters:3514824) | Bwd:    0.0000 ms     5.46 GF/s (iters:3414633) | Slots:32768 | Mem:   4.00 MB
RESULT|avx512_logical|throughput|n8_b1|8|1|1|1|20|0.000022|5.574861|0.000022|5.458029|4.00
CHECK|avx512_logical|throughput|n16_b1|16|1|1|1|20|8.06080983e-08|1.33280037e-07|1.00000000e-04|PASS
[run ] n16_b1           | Len:     16 | Batch:     1 | Thr:20 | Fwd:    0.0000 ms    14.50 GF/s (iters:3415244) | Bwd:    0.0000 ms    14.72 GF/s (iters:3453025) | Slots:32768 | Mem:   8.00 MB
RESULT|avx512_logical|throughput|n16_b1|16|1|1|1|20|0.000022|14.496194|0.000022|14.715814|8.00
CHECK|avx512_logical|throughput|n32_b1|32|1|1|1|20|9.37525156e-08|1.33280037e-07|1.00000000e-04|PASS
[run ] n32_b1           | Len:     32 | Batch:     1 | Thr:20 | Fwd:    0.0000 ms    19.51 GF/s (iters:1874489) | Bwd:    0.0000 ms    19.92 GF/s (iters:1899938) | Slots:32768 | Mem:  16.00 MB
RESULT|avx512_logical|throughput|n32_b1|32|1|1|1|20|0.000041|19.507405|0.000040|19.923418|16.00
CHECK|avx512_logical|throughput|n64_b1|64|1|1|1|20|1.04453060e-07|1.49011612e-07|1.00000000e-04|PASS
[run ] n64_b1           | Len:     64 | Batch:     1 | Thr:20 | Fwd:    0.0001 ms    27.10 GF/s (iters:1066288) | Bwd:    0.0001 ms    27.57 GF/s (iters:1376084) | Slots:32768 | Mem:  32.00 MB
RESULT|avx512_logical|throughput|n64_b1|64|1|1|1|20|0.000071|27.100351|0.000070|27.568071|32.00
CHECK|avx512_logical|throughput|n128_b1|128|1|1|1|20|1.14162990e-07|2.02677705e-07|1.00000000e-04|PASS
[run ] n128_b1          | Len:    128 | Batch:     1 | Thr:20 | Fwd:    0.0002 ms    27.95 GF/s (iters:469463) | Bwd:    0.0002 ms    27.96 GF/s (iters:572993) | Slots:32768 | Mem:  64.00 MB
RESULT|avx512_logical|throughput|n128_b1|128|1|1|1|20|0.000160|27.954153|0.000160|27.964112|64.00
CHECK|avx512_logical|throughput|n256_b1|256|1|1|1|20|1.20880689e-07|2.14907603e-07|1.00000000e-04|PASS
[run ] n256_b1          | Len:    256 | Batch:     1 | Thr:20 | Fwd:    0.0005 ms    22.71 GF/s (iters:172691) | Bwd:    0.0004 ms    23.18 GF/s (iters:202350) | Slots:32768 | Mem: 128.00 MB
RESULT|avx512_logical|throughput|n256_b1|256|1|1|1|20|0.000451|22.714775|0.000442|23.176572|128.00
CHECK|avx512_logical|throughput|n512_b1|512|1|1|1|20|1.15796630e-07|2.71920675e-07|1.00000000e-04|PASS
[run ] n512_b1          | Len:    512 | Batch:     1 | Thr:20 | Fwd:    0.0010 ms    23.58 GF/s (iters:79136) | Bwd:    0.0010 ms    22.65 GF/s (iters:89145) | Slots:32768 | Mem: 256.00 MB
RESULT|avx512_logical|throughput|n512_b1|512|1|1|1|20|0.000977|23.584811|0.001017|22.653477|256.00
CHECK|avx512_logical|throughput|n1024_b1|1024|1|1|1|20|1.24276207e-07|2.52881091e-07|1.00000000e-04|PASS
[run ] n1024_b1         | Len:   1024 | Batch:     1 | Thr:20 | Fwd:    0.0019 ms    27.67 GF/s (iters:47976) | Bwd:    0.0018 ms    28.00 GF/s (iters:46791) | Slots:32768 | Mem: 512.01 MB
RESULT|avx512_logical|throughput|n1024_b1|1024|1|1|1|20|0.001851|27.666458|0.001829|28.000597|512.01
CHECK|avx512_logical|throughput|n2048_b1|2048|1|1|1|20|1.45184027e-07|3.37174788e-07|1.00000000e-04|PASS
[run ] n2048_b1         | Len:   2048 | Batch:     1 | Thr:20 | Fwd:    0.0039 ms    29.14 GF/s (iters:23519) | Bwd:    0.0038 ms    29.57 GF/s (iters:22925) | Slots:32768 | Mem:1024.02 MB
RESULT|avx512_logical|throughput|n2048_b1|2048|1|1|1|20|0.003865|29.143419|0.003809|29.570803|1024.02
CHECK|avx512_logical|throughput|n4096_b1|4096|1|1|1|20|1.45690048e-07|3.20980835e-07|1.00000000e-04|PASS
[run ] n4096_b1         | Len:   4096 | Batch:     1 | Thr:20 | Fwd:    0.0069 ms    35.55 GF/s (iters:10865) | Bwd:    0.0070 ms    34.86 GF/s (iters:12362) | Slots:16384 | Mem:1024.03 MB
RESULT|avx512_logical|throughput|n4096_b1|4096|1|1|1|20|0.006913|35.549374|0.007049|34.862069|1024.03
CHECK|avx512_logical|throughput|n8192_b1|8192|1|1|1|20|1.89483007e-07|5.41591103e-07|1.00000000e-04|PASS
[run ] n8192_b1         | Len:   8192 | Batch:     1 | Thr:20 | Fwd:    0.0120 ms    44.28 GF/s (iters:6409) | Bwd:    0.0121 ms    44.03 GF/s (iters:6859) | Slots:8192 | Mem:1024.06 MB
RESULT|avx512_logical|throughput|n8192_b1|8192|1|1|1|20|0.012026|44.278636|0.012093|44.030589|1024.06
CHECK|avx512_logical|throughput|n16384_b1|16384|1|1|1|20|1.95270107e-07|5.37269007e-07|1.00000000e-04|PASS
[run ] n16384_b1        | Len:  16384 | Batch:     1 | Thr:20 | Fwd:    0.0181 ms    63.48 GF/s (iters:4162) | Bwd:    0.0180 ms    63.56 GF/s (iters:5287) | Slots:4096 | Mem:1024.12 MB
RESULT|avx512_logical|throughput|n16384_b1|16384|1|1|1|20|0.018065|63.484633|0.018045|63.558124|1024.12
CHECK|avx512_logical|throughput|n32768_b1|32768|1|1|1|20|2.09355397e-07|5.49527672e-07|1.00000000e-04|PASS
[run ] n32768_b1        | Len:  32768 | Batch:     1 | Thr:20 | Fwd:    0.1206 ms    20.38 GF/s (iters:2951) | Bwd:    0.1892 ms    12.99 GF/s (iters:3075) | Slots:2048 | Mem:1024.25 MB
RESULT|avx512_logical|throughput|n32768_b1|32768|1|1|1|20|0.120572|20.382822|0.189208|12.988897|1024.25
CHECK|avx512_logical|throughput|n65536_b1|65536|1|1|1|20|2.01306545e-07|6.13667377e-07|1.00000000e-04|PASS
[run ] n65536_b1        | Len:  65536 | Batch:     1 | Thr:20 | Fwd:    0.2760 ms    19.00 GF/s (iters:1227) | Bwd:    0.1760 ms    29.79 GF/s (iters:1341) | Slots:1024 | Mem:1024.50 MB
RESULT|avx512_logical|throughput|n65536_b1|65536|1|1|1|20|0.275985|18.996970|0.176008|29.787742|1024.50

Benchmark workload complete.

[DONE] avx512_logical

============================================================
RUN COMPLETE run05
============================================================
