[SETUP] Sourcing Intel oneAPI environment if available...

============================================================
  FFT BENCHMARK RUN (1D)
  Date       : Wed Feb 25 11:55:29 IST 2026
  Hostname   : amdtoolsserver.morphingmachines
  Log file   : /home/nikhil/workspace/xeon-fft-bench/src/1-d-fft/fft_logs/latest_run/more_batches/20260225_115529/runs/run01/fft_benchmark_20260225_115529.log
  Report file: /home/nikhil/workspace/xeon-fft-bench/src/1-d-fft/fft_logs/latest_run/more_batches/20260225_115529/runs/run01/fft_benchmark_20260225_115529.report.md
============================================================

[CHECK] MKL environment
        MKLROOT     = /home/nikhil/.local
        Include dir = /home/nikhil/.local/include
        Lib dir     = /home/nikhil/.local/lib
        Runtime lib = -l:libmkl_rt.so.2

[CHECK] Compiler: gcc (GCC) 8.5.0 20210514 (Red Hat 8.5.0-22)

[COMPILE] gcc -O3 -march=native -std=c99 fft_benchmark.c
          Binary: fft_benchmark

[CONFIG] timed runs=20, warmup=5, mem_cap_mb=3072
[CONFIG] run profiles=baseline_sse42_1t,avx512_phys,avx512_logical
[CONFIG] throughput lengths=32,64,128,256,512,1024,2048,4096,8192,16384,32768,65536,131072,262144,524288,1048576,2097152,4194304, batches=1,4,16,64
[CONFIG] thread scaling set=1,2,4,8,10,20, scale length=16384, scale batch=64
[CONFIG] batch scaling set=1,4,16,64,256, scale length=16384
[WARN] throughput lengths include values < 1024.
       For 1D multithread runs, tiny lengths are overhead-dominated and can look falsely slow.

============================================================
RUN PROFILE: baseline_sse42_1t
Description : MKL SSE4.2 baseline, single thread (CPU path, no AVX2/AVX512 kernels)
ISA         : SSE4_2
Threads     : 1
Workload    : throughput
============================================================
PROFILE|baseline_sse42_1t|MKL SSE4.2 baseline, single thread (CPU path, no AVX2/AVX512 kernels)|SSE4_2|1|throughput|32,64,128,256,512,1024,2048,4096,8192,16384,32768,65536,131072,262144,524288,1048576,2097152,4194304|1,4,16,64|1,2,4,8,10,20|16384|64|10

############################################################
# FFT BENCHMARK (Intel oneMKL DFTI, 1D, single precision)  #
############################################################
profile_id       : baseline_sse42_1t
profile_desc     : MKL SSE4.2 baseline, single thread (CPU path, no AVX2/AVX512 kernels)
workload         : throughput
threads(cli)     : 1
mkl max threads  : 1
timed runs       : 20
warmup runs      : 5
mem cap (MB)     : 3072.0
lengths: 32,64,128,256,512,1024,2048,4096,8192,16384,32768,65536,131072,262144,524288,1048576,2097152,4194304
batches: 1,4,16,64
thread_set: 1,2,4,8,10,20
batch_scale_set: 1,4,16,64
scale_length     : 16384
scale_batch      : 64
scale_threads    : 10


====================================================================
WORKLOAD: throughput (length x batch at fixed thread count)
====================================================================
threads=1
[run ] n32_b1           | Len:     32 | Batch:     1 | Thr: 1 | Fwd:    0.0000 ms    17.33 GF/s | Bwd:    0.0000 ms    17.21 GF/s | Mem:   0.00 MB
RESULT|baseline_sse42_1t|throughput|n32_b1|32|1|1|1|1|0.000046|17.331835|0.000046|17.207401|0.00
[run ] n32_b4           | Len:     32 | Batch:     4 | Thr: 1 | Fwd:    0.0001 ms    27.95 GF/s | Bwd:    0.0001 ms    27.47 GF/s | Mem:   0.00 MB
RESULT|baseline_sse42_1t|throughput|n32_b4|32|1|1|4|1|0.000114|27.950381|0.000116|27.469858|0.00
[run ] n32_b16          | Len:     32 | Batch:    16 | Thr: 1 | Fwd:    0.0004 ms    31.13 GF/s | Bwd:    0.0004 ms    30.31 GF/s | Mem:   0.01 MB
RESULT|baseline_sse42_1t|throughput|n32_b16|32|1|1|16|1|0.000411|31.126560|0.000422|30.307718|0.01
[run ] n32_b64          | Len:     32 | Batch:    64 | Thr: 1 | Fwd:    0.0016 ms    32.87 GF/s | Bwd:    0.0016 ms    31.93 GF/s | Mem:   0.03 MB
RESULT|baseline_sse42_1t|throughput|n32_b64|32|1|1|64|1|0.001557|32.874344|0.001604|31.928095|0.03
[run ] n64_b1           | Len:     64 | Batch:     1 | Thr: 1 | Fwd:    0.0001 ms    21.24 GF/s | Bwd:    0.0001 ms    20.68 GF/s | Mem:   0.00 MB
RESULT|baseline_sse42_1t|throughput|n64_b1|64|1|1|1|1|0.000090|21.236982|0.000093|20.680698|0.00
[run ] n64_b4           | Len:     64 | Batch:     4 | Thr: 1 | Fwd:    0.0003 ms    25.54 GF/s | Bwd:    0.0003 ms    25.19 GF/s | Mem:   0.00 MB
RESULT|baseline_sse42_1t|throughput|n64_b4|64|1|1|4|1|0.000301|25.540957|0.000305|25.185500|0.00
[run ] n64_b16          | Len:     64 | Batch:    16 | Thr: 1 | Fwd:    0.0012 ms    26.34 GF/s | Bwd:    0.0012 ms    25.68 GF/s | Mem:   0.02 MB
RESULT|baseline_sse42_1t|throughput|n64_b16|64|1|1|16|1|0.001166|26.339797|0.001196|25.675319|0.02
[run ] n64_b64          | Len:     64 | Batch:    64 | Thr: 1 | Fwd:    0.0046 ms    26.49 GF/s | Bwd:    0.0048 ms    25.60 GF/s | Mem:   0.06 MB
RESULT|baseline_sse42_1t|throughput|n64_b64|64|1|1|64|1|0.004638|26.492792|0.004799|25.602873|0.06
[run ] n128_b1          | Len:    128 | Batch:     1 | Thr: 1 | Fwd:    0.0002 ms    28.01 GF/s | Bwd:    0.0002 ms    27.62 GF/s | Mem:   0.00 MB
RESULT|baseline_sse42_1t|throughput|n128_b1|128|1|1|1|1|0.000160|28.012048|0.000162|27.624937|0.00
[run ] n128_b4          | Len:    128 | Batch:     4 | Thr: 1 | Fwd:    0.0006 ms    29.74 GF/s | Bwd:    0.0006 ms    29.72 GF/s | Mem:   0.01 MB
RESULT|baseline_sse42_1t|throughput|n128_b4|128|1|1|4|1|0.000603|29.738833|0.000603|29.722369|0.01
[run ] n128_b16         | Len:    128 | Batch:    16 | Thr: 1 | Fwd:    0.0023 ms    31.00 GF/s | Bwd:    0.0024 ms    30.48 GF/s | Mem:   0.03 MB
RESULT|baseline_sse42_1t|throughput|n128_b16|128|1|1|16|1|0.002312|30.999083|0.002352|30.479907|0.03
[run ] n128_b64         | Len:    128 | Batch:    64 | Thr: 1 | Fwd:    0.0096 ms    29.75 GF/s | Bwd:    0.0098 ms    29.26 GF/s | Mem:   0.12 MB
RESULT|baseline_sse42_1t|throughput|n128_b64|128|1|1|64|1|0.009638|29.749574|0.009800|29.258125|0.12
[run ] n256_b1          | Len:    256 | Batch:     1 | Thr: 1 | Fwd:    0.0003 ms    30.10 GF/s | Bwd:    0.0003 ms    29.94 GF/s | Mem:   0.00 MB
RESULT|baseline_sse42_1t|throughput|n256_b1|256|1|1|1|1|0.000340|30.102098|0.000342|29.938431|0.00
[run ] n256_b4          | Len:    256 | Batch:     4 | Thr: 1 | Fwd:    0.0013 ms    31.14 GF/s | Bwd:    0.0013 ms    30.89 GF/s | Mem:   0.02 MB
RESULT|baseline_sse42_1t|throughput|n256_b4|256|1|1|4|1|0.001315|31.137618|0.001326|30.893489|0.02
[run ] n256_b16         | Len:    256 | Batch:    16 | Thr: 1 | Fwd:    0.0053 ms    31.16 GF/s | Bwd:    0.0055 ms    29.86 GF/s | Mem:   0.06 MB
RESULT|baseline_sse42_1t|throughput|n256_b16|256|1|1|16|1|0.005258|31.158513|0.005487|29.858041|0.06
[run ] n256_b64         | Len:    256 | Batch:    64 | Thr: 1 | Fwd:    0.0210 ms    31.25 GF/s | Bwd:    0.0215 ms    30.54 GF/s | Mem:   0.25 MB
RESULT|baseline_sse42_1t|throughput|n256_b64|256|1|1|64|1|0.020975|31.245144|0.021459|30.539818|0.25
[run ] n512_b1          | Len:    512 | Batch:     1 | Thr: 1 | Fwd:    0.0007 ms    32.88 GF/s | Bwd:    0.0007 ms    32.92 GF/s | Mem:   0.01 MB
RESULT|baseline_sse42_1t|throughput|n512_b1|512|1|1|1|1|0.000701|32.878594|0.000700|32.921157|0.01
[run ] n512_b4          | Len:    512 | Batch:     4 | Thr: 1 | Fwd:    0.0028 ms    33.26 GF/s | Bwd:    0.0028 ms    33.35 GF/s | Mem:   0.03 MB
RESULT|baseline_sse42_1t|throughput|n512_b4|512|1|1|4|1|0.002771|33.256509|0.002764|33.348896|0.03
[run ] n512_b16         | Len:    512 | Batch:    16 | Thr: 1 | Fwd:    0.0112 ms    33.01 GF/s | Bwd:    0.0111 ms    33.32 GF/s | Mem:   0.12 MB
RESULT|baseline_sse42_1t|throughput|n512_b16|512|1|1|16|1|0.011168|33.009151|0.011062|33.323453|0.12
[run ] n512_b64         | Len:    512 | Batch:    64 | Thr: 1 | Fwd:    0.0444 ms    33.25 GF/s | Bwd:    0.0444 ms    33.20 GF/s | Mem:   0.50 MB
RESULT|baseline_sse42_1t|throughput|n512_b64|512|1|1|64|1|0.044352|33.246569|0.044420|33.195677|0.50
[run ] n1024_b1         | Len:   1024 | Batch:     1 | Thr: 1 | Fwd:    0.0015 ms    34.96 GF/s | Bwd:    0.0015 ms    35.00 GF/s | Mem:   0.02 MB
RESULT|baseline_sse42_1t|throughput|n1024_b1|1024|1|1|1|1|0.001464|34.963915|0.001463|35.000385|0.02
[run ] n1024_b4         | Len:   1024 | Batch:     4 | Thr: 1 | Fwd:    0.0060 ms    34.17 GF/s | Bwd:    0.0060 ms    34.13 GF/s | Mem:   0.06 MB
RESULT|baseline_sse42_1t|throughput|n1024_b4|1024|1|1|4|1|0.005994|34.166764|0.006000|34.134722|0.06
[run ] n1024_b16        | Len:   1024 | Batch:    16 | Thr: 1 | Fwd:    0.0239 ms    34.27 GF/s | Bwd:    0.0240 ms    34.19 GF/s | Mem:   0.25 MB
RESULT|baseline_sse42_1t|throughput|n1024_b16|1024|1|1|16|1|0.023905|34.268584|0.023961|34.189407|0.25
[run ] n1024_b64        | Len:   1024 | Batch:    64 | Thr: 1 | Fwd:    0.1006 ms    32.56 GF/s | Bwd:    0.1025 ms    31.96 GF/s | Mem:   1.00 MB
RESULT|baseline_sse42_1t|throughput|n1024_b64|1024|1|1|64|1|0.100630|32.562947|0.102533|31.958474|1.00
[run ] n2048_b1         | Len:   2048 | Batch:     1 | Thr: 1 | Fwd:    0.0033 ms    33.64 GF/s | Bwd:    0.0034 ms    33.47 GF/s | Mem:   0.03 MB
RESULT|baseline_sse42_1t|throughput|n2048_b1|2048|1|1|1|1|0.003349|33.635176|0.003365|33.473127|0.03
[run ] n2048_b4         | Len:   2048 | Batch:     4 | Thr: 1 | Fwd:    0.0136 ms    33.16 GF/s | Bwd:    0.0130 ms    34.67 GF/s | Mem:   0.12 MB
RESULT|baseline_sse42_1t|throughput|n2048_b4|2048|1|1|4|1|0.013587|33.160649|0.012996|34.670003|0.12
[run ] n2048_b16        | Len:   2048 | Batch:    16 | Thr: 1 | Fwd:    0.0533 ms    33.78 GF/s | Bwd:    0.0532 ms    33.89 GF/s | Mem:   0.50 MB
RESULT|baseline_sse42_1t|throughput|n2048_b16|2048|1|1|16|1|0.053350|33.781552|0.053178|33.890995|0.50
[run ] n2048_b64        | Len:   2048 | Batch:    64 | Thr: 1 | Fwd:    0.2415 ms    29.85 GF/s | Bwd:    0.2407 ms    29.94 GF/s | Mem:   2.00 MB
RESULT|baseline_sse42_1t|throughput|n2048_b64|2048|1|1|64|1|0.241535|29.846459|0.240744|29.944527|2.00
[run ] n4096_b1         | Len:   4096 | Batch:     1 | Thr: 1 | Fwd:    0.0079 ms    31.01 GF/s | Bwd:    0.0077 ms    31.87 GF/s | Mem:   0.06 MB
RESULT|baseline_sse42_1t|throughput|n4096_b1|4096|1|1|1|1|0.007925|31.010221|0.007711|31.873204|0.06
[run ] n4096_b4         | Len:   4096 | Batch:     4 | Thr: 1 | Fwd:    0.0310 ms    31.67 GF/s | Bwd:    0.0312 ms    31.49 GF/s | Mem:   0.25 MB
RESULT|baseline_sse42_1t|throughput|n4096_b4|4096|1|1|4|1|0.031037|31.672681|0.031213|31.494091|0.25
[run ] n4096_b16        | Len:   4096 | Batch:    16 | Thr: 1 | Fwd:    0.1242 ms    31.67 GF/s | Bwd:    0.1220 ms    32.24 GF/s | Mem:   1.00 MB
RESULT|baseline_sse42_1t|throughput|n4096_b16|4096|1|1|16|1|0.124164|31.668971|0.121951|32.243781|1.00
[run ] n4096_b64        | Len:   4096 | Batch:    64 | Thr: 1 | Fwd:    0.5629 ms    27.94 GF/s | Bwd:    0.5735 ms    27.43 GF/s | Mem:   4.00 MB
RESULT|baseline_sse42_1t|throughput|n4096_b64|4096|1|1|64|1|0.562943|27.940021|0.573453|27.427938|4.00
[run ] n8192_b1         | Len:   8192 | Batch:     1 | Thr: 1 | Fwd:    0.0157 ms    33.90 GF/s | Bwd:    0.0157 ms    33.89 GF/s | Mem:   0.12 MB
RESULT|baseline_sse42_1t|throughput|n8192_b1|8192|1|1|1|1|0.015709|33.895938|0.015714|33.886063|0.12
[run ] n8192_b4         | Len:   8192 | Batch:     4 | Thr: 1 | Fwd:    0.0627 ms    33.99 GF/s | Bwd:    0.0621 ms    34.28 GF/s | Mem:   0.50 MB
RESULT|baseline_sse42_1t|throughput|n8192_b4|8192|1|1|4|1|0.062668|33.987264|0.062133|34.280235|0.50
[run ] n8192_b16        | Len:   8192 | Batch:    16 | Thr: 1 | Fwd:    0.3110 ms    27.39 GF/s | Bwd:    0.3108 ms    27.41 GF/s | Mem:   2.00 MB
RESULT|baseline_sse42_1t|throughput|n8192_b16|8192|1|1|16|1|0.311042|27.390794|0.310843|27.408281|2.00
[run ] n8192_b64        | Len:   8192 | Batch:    64 | Thr: 1 | Fwd:    1.2301 ms    27.70 GF/s | Bwd:    1.2289 ms    27.73 GF/s | Mem:   8.00 MB
RESULT|baseline_sse42_1t|throughput|n8192_b64|8192|1|1|64|1|1.230142|27.703086|1.228892|27.731266|8.00
[run ] n16384_b1        | Len:  16384 | Batch:     1 | Thr: 1 | Fwd:    0.0351 ms    32.64 GF/s | Bwd:    0.0352 ms    32.61 GF/s | Mem:   0.25 MB
RESULT|baseline_sse42_1t|throughput|n16384_b1|16384|1|1|1|1|0.035135|32.642554|0.035168|32.611218|0.25
[run ] n16384_b4        | Len:  16384 | Batch:     4 | Thr: 1 | Fwd:    0.1529 ms    30.00 GF/s | Bwd:    0.1493 ms    30.72 GF/s | Mem:   1.00 MB
RESULT|baseline_sse42_1t|throughput|n16384_b4|16384|1|1|4|1|0.152907|30.002123|0.149341|30.718323|1.00
[run ] n16384_b16       | Len:  16384 | Batch:    16 | Thr: 1 | Fwd:    0.6744 ms    27.21 GF/s | Bwd:    0.6703 ms    27.38 GF/s | Mem:   4.00 MB
RESULT|baseline_sse42_1t|throughput|n16384_b16|16384|1|1|16|1|0.674431|27.208243|0.670267|27.377288|4.00
[run ] n16384_b64       | Len:  16384 | Batch:    64 | Thr: 1 | Fwd:    3.3090 ms    22.18 GF/s | Bwd:    3.2988 ms    22.25 GF/s | Mem:  16.00 MB
RESULT|baseline_sse42_1t|throughput|n16384_b64|16384|1|1|64|1|3.309031|22.181819|3.298785|22.250711|16.00
[run ] n32768_b1        | Len:  32768 | Batch:     1 | Thr: 1 | Fwd:    0.0807 ms    30.45 GF/s | Bwd:    0.0794 ms    30.94 GF/s | Mem:   0.50 MB
RESULT|baseline_sse42_1t|throughput|n32768_b1|32768|1|1|1|1|0.080702|30.452590|0.079424|30.942881|0.50
[run ] n32768_b4        | Len:  32768 | Batch:     4 | Thr: 1 | Fwd:    0.3586 ms    27.41 GF/s | Bwd:    0.3586 ms    27.41 GF/s | Mem:   2.00 MB
RESULT|baseline_sse42_1t|throughput|n32768_b4|32768|1|1|4|1|0.358590|27.414003|0.358624|27.411404|2.00
[run ] n32768_b16       | Len:  32768 | Batch:    16 | Thr: 1 | Fwd:    1.4436 ms    27.24 GF/s | Bwd:    1.4257 ms    27.58 GF/s | Mem:   8.00 MB
RESULT|baseline_sse42_1t|throughput|n32768_b16|32768|1|1|16|1|1.443572|27.239095|1.425716|27.580239|8.00
[run ] n32768_b64       | Len:  32768 | Batch:    64 | Thr: 1 | Fwd:    9.4070 ms    16.72 GF/s | Bwd:    8.9094 ms    17.65 GF/s | Mem:  32.00 MB
RESULT|baseline_sse42_1t|throughput|n32768_b64|32768|1|1|64|1|9.407021|16.720106|8.909403|17.653977|32.00
[run ] n65536_b1        | Len:  65536 | Batch:     1 | Thr: 1 | Fwd:    0.1888 ms    27.77 GF/s | Bwd:    0.1889 ms    27.75 GF/s | Mem:   1.00 MB
RESULT|baseline_sse42_1t|throughput|n65536_b1|65536|1|1|1|1|0.188798|27.769772|0.188913|27.752886|1.00
[run ] n65536_b4        | Len:  65536 | Batch:     4 | Thr: 1 | Fwd:    0.7822 ms    26.81 GF/s | Bwd:    0.7874 ms    26.63 GF/s | Mem:   4.00 MB
RESULT|baseline_sse42_1t|throughput|n65536_b4|65536|1|1|4|1|0.782209|26.810644|0.787438|26.632583|4.00
[run ] n65536_b16       | Len:  65536 | Batch:    16 | Thr: 1 | Fwd:    4.3870 ms    19.12 GF/s | Bwd:    4.5301 ms    18.52 GF/s | Mem:  16.00 MB
RESULT|baseline_sse42_1t|throughput|n65536_b16|65536|1|1|16|1|4.387037|19.121354|4.530097|18.517503|16.00
[run ] n65536_b64       | Len:  65536 | Batch:    64 | Thr: 1 | Fwd:   24.3095 ms    13.80 GF/s | Bwd:   23.8747 ms    14.05 GF/s | Mem:  64.00 MB
RESULT|baseline_sse42_1t|throughput|n65536_b64|65536|1|1|64|1|24.309509|13.803007|23.874653|14.054417|64.00
[run ] n131072_b1       | Len: 131072 | Batch:     1 | Thr: 1 | Fwd:    0.4466 ms    24.95 GF/s | Bwd:    0.4624 ms    24.09 GF/s | Mem:   2.00 MB
RESULT|baseline_sse42_1t|throughput|n131072_b1|131072|1|1|1|1|0.446592|24.946990|0.462439|24.092092|2.00
[run ] n131072_b4       | Len: 131072 | Batch:     4 | Thr: 1 | Fwd:    1.8928 ms    23.54 GF/s | Bwd:    1.9010 ms    23.44 GF/s | Mem:   8.00 MB
RESULT|baseline_sse42_1t|throughput|n131072_b4|131072|1|1|4|1|1.892790|23.544338|1.900957|23.443181|8.00
[run ] n131072_b16      | Len: 131072 | Batch:    16 | Thr: 1 | Fwd:   15.9239 ms    11.19 GF/s | Bwd:   16.9909 ms    10.49 GF/s | Mem:  32.00 MB
RESULT|baseline_sse42_1t|throughput|n131072_b16|131072|1|1|16|1|15.923915|11.194353|16.990908|10.491371|32.00
[run ] n131072_b64      | Len: 131072 | Batch:    64 | Thr: 1 | Fwd:   64.9257 ms    10.98 GF/s | Bwd:   65.3976 ms    10.90 GF/s | Mem: 128.00 MB
RESULT|baseline_sse42_1t|throughput|n131072_b64|131072|1|1|64|1|64.925693|10.982273|65.397621|10.903022|128.00
[run ] n262144_b1       | Len: 262144 | Batch:     1 | Thr: 1 | Fwd:    1.0908 ms    21.63 GF/s | Bwd:    1.2414 ms    19.00 GF/s | Mem:   4.00 MB
RESULT|baseline_sse42_1t|throughput|n262144_b1|262144|1|1|1|1|1.090846|21.628123|1.241429|19.004682|4.00
[run ] n262144_b4       | Len: 262144 | Batch:     4 | Thr: 1 | Fwd:    6.6340 ms    14.23 GF/s | Bwd:    6.7867 ms    13.91 GF/s | Mem:  16.00 MB
RESULT|baseline_sse42_1t|throughput|n262144_b4|262144|1|1|4|1|6.633988|14.225507|6.786687|13.905436|16.00
[run ] n262144_b16      | Len: 262144 | Batch:    16 | Thr: 1 | Fwd:   33.5222 ms    11.26 GF/s | Bwd:   33.2899 ms    11.34 GF/s | Mem:  64.00 MB
RESULT|baseline_sse42_1t|throughput|n262144_b16|262144|1|1|16|1|33.522219|11.260811|33.289905|11.339394|64.00
[run ] n262144_b64      | Len: 262144 | Batch:    64 | Thr: 1 | Fwd:  130.2961 ms    11.59 GF/s | Bwd:  120.7246 ms    12.51 GF/s | Mem: 256.00 MB
RESULT|baseline_sse42_1t|throughput|n262144_b64|262144|1|1|64|1|130.296149|11.588596|120.724628|12.507385|256.00
[run ] n524288_b1       | Len: 524288 | Batch:     1 | Thr: 1 | Fwd:    2.4711 ms    20.16 GF/s | Bwd:    2.3592 ms    21.11 GF/s | Mem:   8.00 MB
RESULT|baseline_sse42_1t|throughput|n524288_b1|524288|1|1|1|1|2.471123|20.155760|2.359214|21.111842|8.00
[run ] n524288_b4       | Len: 524288 | Batch:     4 | Thr: 1 | Fwd:   12.7875 ms    15.58 GF/s | Bwd:   13.2075 ms    15.08 GF/s | Mem:  32.00 MB
RESULT|baseline_sse42_1t|throughput|n524288_b4|524288|1|1|4|1|12.787466|15.580057|13.207506|15.084562|32.00
[run ] n524288_b16      | Len: 524288 | Batch:    16 | Thr: 1 | Fwd:   53.9009 ms    14.78 GF/s | Bwd:   54.0801 ms    14.74 GF/s | Mem: 128.00 MB
RESULT|baseline_sse42_1t|throughput|n524288_b16|524288|1|1|16|1|53.900942|14.784858|54.080078|14.735884|128.00
[run ] n524288_b64      | Len: 524288 | Batch:    64 | Thr: 1 | Fwd:  216.5403 ms    14.72 GF/s | Bwd:  221.9814 ms    14.36 GF/s | Mem: 512.00 MB
RESULT|baseline_sse42_1t|throughput|n524288_b64|524288|1|1|64|1|216.540263|14.720916|221.981408|14.360081|512.00
[run ] n1048576_b1      | Len:1048576 | Batch:     1 | Thr: 1 | Fwd:    6.3093 ms    16.62 GF/s | Bwd:    7.1366 ms    14.69 GF/s | Mem:  16.00 MB
RESULT|baseline_sse42_1t|throughput|n1048576_b1|1048576|1|1|1|1|6.309266|16.619618|7.136605|14.692924|16.00
[run ] n1048576_b4      | Len:1048576 | Batch:     4 | Thr: 1 | Fwd:   33.7850 ms    12.41 GF/s | Bwd:   33.0883 ms    12.68 GF/s | Mem:  64.00 MB
RESULT|baseline_sse42_1t|throughput|n1048576_b4|1048576|1|1|4|1|33.785046|12.414676|33.088289|12.676098|64.00
[run ] n1048576_b16     | Len:1048576 | Batch:    16 | Thr: 1 | Fwd:  133.6439 ms    12.55 GF/s | Bwd:  135.9147 ms    12.34 GF/s | Mem: 256.00 MB
RESULT|baseline_sse42_1t|throughput|n1048576_b16|1048576|1|1|16|1|133.643919|12.553670|135.914720|12.343929|256.00
[run ] n1048576_b64     | Len:1048576 | Batch:    64 | Thr: 1 | Fwd:  524.5341 ms    12.79 GF/s | Bwd:  548.7522 ms    12.23 GF/s | Mem:1024.00 MB
RESULT|baseline_sse42_1t|throughput|n1048576_b64|1048576|1|1|64|1|524.534105|12.793994|548.752183|12.229357|1024.00
[run ] n2097152_b1      | Len:2097152 | Batch:     1 | Thr: 1 | Fwd:   17.0072 ms    12.95 GF/s | Bwd:   17.1675 ms    12.83 GF/s | Mem:  32.00 MB
RESULT|baseline_sse42_1t|throughput|n2097152_b1|2097152|1|1|1|1|17.007219|12.947499|17.167545|12.826584|32.00
[run ] n2097152_b4      | Len:2097152 | Batch:     4 | Thr: 1 | Fwd:   71.6259 ms    12.30 GF/s | Bwd:   70.8663 ms    12.43 GF/s | Mem: 128.00 MB
RESULT|baseline_sse42_1t|throughput|n2097152_b4|2097152|1|1|4|1|71.625916|12.297279|70.866288|12.429095|128.00
[run ] n2097152_b16     | Len:2097152 | Batch:    16 | Thr: 1 | Fwd:  280.3963 ms    12.57 GF/s | Bwd:  287.6979 ms    12.25 GF/s | Mem: 512.00 MB
RESULT|baseline_sse42_1t|throughput|n2097152_b16|2097152|1|1|16|1|280.396277|12.565129|287.697881|12.246233|512.00
[run ] n2097152_b64     | Len:2097152 | Batch:    64 | Thr: 1 | Fwd: 1091.9370 ms    12.91 GF/s | Bwd: 1125.4900 ms    12.52 GF/s | Mem:2048.00 MB
RESULT|baseline_sse42_1t|throughput|n2097152_b64|2097152|1|1|64|1|1091.936979|12.906296|1125.490016|12.521534|2048.00
[run ] n4194304_b1      | Len:4194304 | Batch:     1 | Thr: 1 | Fwd:   39.2769 ms    11.75 GF/s | Bwd:   37.9498 ms    12.16 GF/s | Mem:  64.00 MB
RESULT|baseline_sse42_1t|throughput|n4194304_b1|4194304|1|1|1|1|39.276874|11.746695|37.949786|12.157472|64.00
[run ] n4194304_b4      | Len:4194304 | Batch:     4 | Thr: 1 | Fwd:  146.4104 ms    12.60 GF/s | Bwd:  144.4234 ms    12.78 GF/s | Mem: 256.00 MB
RESULT|baseline_sse42_1t|throughput|n4194304_b4|4194304|1|1|4|1|146.410377|12.604938|144.423385|12.778358|256.00
[run ] n4194304_b16     | Len:4194304 | Batch:    16 | Thr: 1 | Fwd:  542.4887 ms    13.61 GF/s | Bwd:  594.8240 ms    12.41 GF/s | Mem:1024.00 MB
RESULT|baseline_sse42_1t|throughput|n4194304_b16|4194304|1|1|16|1|542.488697|13.607611|594.823981|12.410352|1024.00
[skip] n4194304_b64     | Len:4194304 | Batch:    64 | Thr: 1 | Mem: 4096.0 MB > limit 3072.0 MB
SKIP|baseline_sse42_1t|throughput|n4194304_b64|4194304|1|1|64|1|4096.00|memory_limit

Benchmark workload complete.


real	3m4.947s
user	3m3.108s
sys	0m1.467s
[DONE] baseline_sse42_1t

============================================================
RUN PROFILE: avx512_phys
Description : MKL AVX-512, physical-core thread count
ISA         : AVX512
Threads     : 10
Workload    : throughput
============================================================
PROFILE|avx512_phys|MKL AVX-512, physical-core thread count|AVX512|10|throughput|32,64,128,256,512,1024,2048,4096,8192,16384,32768,65536,131072,262144,524288,1048576,2097152,4194304|1,4,16,64|1,2,4,8,10,20|16384|64|10

############################################################
# FFT BENCHMARK (Intel oneMKL DFTI, 1D, single precision)  #
############################################################
profile_id       : avx512_phys
profile_desc     : MKL AVX-512, physical-core thread count
workload         : throughput
threads(cli)     : 10
mkl max threads  : 10
timed runs       : 20
warmup runs      : 5
mem cap (MB)     : 3072.0
lengths: 32,64,128,256,512,1024,2048,4096,8192,16384,32768,65536,131072,262144,524288,1048576,2097152,4194304
batches: 1,4,16,64
thread_set: 1,2,4,8,10,20
batch_scale_set: 1,4,16,64
scale_length     : 16384
scale_batch      : 64
scale_threads    : 10


====================================================================
WORKLOAD: throughput (length x batch at fixed thread count)
====================================================================
threads=10
[run ] n32_b1           | Len:     32 | Batch:     1 | Thr:10 | Fwd:    0.0001 ms    11.86 GF/s | Bwd:    0.0000 ms    22.25 GF/s | Mem:   0.00 MB
RESULT|avx512_phys|throughput|n32_b1|32|1|1|1|10|0.000067|11.856690|0.000036|22.250950|0.00
[run ] n32_b4           | Len:     32 | Batch:     4 | Thr:10 | Fwd:    0.0001 ms    37.47 GF/s | Bwd:    0.0001 ms    37.20 GF/s | Mem:   0.00 MB
RESULT|avx512_phys|throughput|n32_b4|32|1|1|4|10|0.000085|37.470052|0.000086|37.200035|0.00
[run ] n32_b16          | Len:     32 | Batch:    16 | Thr:10 | Fwd:    0.0015 ms     8.80 GF/s | Bwd:    0.0013 ms     9.75 GF/s | Mem:   0.01 MB
RESULT|avx512_phys|throughput|n32_b16|32|1|1|16|10|0.001455|8.796260|0.001313|9.746758|0.01
[run ] n32_b64          | Len:     32 | Batch:    64 | Thr:10 | Fwd:    0.0018 ms    28.34 GF/s | Bwd:    0.0018 ms    28.82 GF/s | Mem:   0.03 MB
RESULT|avx512_phys|throughput|n32_b64|32|1|1|64|10|0.001806|28.344381|0.001776|28.822963|0.03
[run ] n64_b1           | Len:     64 | Batch:     1 | Thr:10 | Fwd:    0.0000 ms    38.98 GF/s | Bwd:    0.0000 ms    41.55 GF/s | Mem:   0.00 MB
RESULT|avx512_phys|throughput|n64_b1|64|1|1|1|10|0.000049|38.979011|0.000046|41.553476|0.00
[run ] n64_b4           | Len:     64 | Batch:     4 | Thr:10 | Fwd:    0.0001 ms    65.71 GF/s | Bwd:    0.0001 ms    67.62 GF/s | Mem:   0.00 MB
RESULT|avx512_phys|throughput|n64_b4|64|1|1|4|10|0.000117|65.712474|0.000114|67.615984|0.00
[run ] n64_b16          | Len:     64 | Batch:    16 | Thr:10 | Fwd:    0.0020 ms    15.00 GF/s | Bwd:    0.0015 ms    20.62 GF/s | Mem:   0.02 MB
RESULT|avx512_phys|throughput|n64_b16|64|1|1|16|10|0.002047|15.004078|0.001490|20.623763|0.02
[run ] n64_b64          | Len:     64 | Batch:    64 | Thr:10 | Fwd:    0.0030 ms    41.46 GF/s | Bwd:    0.0014 ms    87.89 GF/s | Mem:   0.06 MB
RESULT|avx512_phys|throughput|n64_b64|64|1|1|64|10|0.002964|41.463884|0.001398|87.891554|0.06
[run ] n128_b1          | Len:    128 | Batch:     1 | Thr:10 | Fwd:    0.0001 ms    64.97 GF/s | Bwd:    0.0001 ms    64.75 GF/s | Mem:   0.00 MB
RESULT|avx512_phys|throughput|n128_b1|128|1|1|1|10|0.000069|64.974004|0.000069|64.750110|0.00
[run ] n128_b4          | Len:    128 | Batch:     4 | Thr:10 | Fwd:    0.0008 ms    22.30 GF/s | Bwd:    0.0008 ms    23.42 GF/s | Mem:   0.01 MB
RESULT|avx512_phys|throughput|n128_b4|128|1|1|4|10|0.000804|22.297949|0.000765|23.416390|0.01
[run ] n128_b16         | Len:    128 | Batch:    16 | Thr:10 | Fwd:    0.0012 ms    57.40 GF/s | Bwd:    0.0013 ms    56.66 GF/s | Mem:   0.03 MB
RESULT|avx512_phys|throughput|n128_b16|128|1|1|16|10|0.001249|57.401808|0.001265|56.663974|0.03
[run ] n128_b64         | Len:    128 | Batch:    64 | Thr:10 | Fwd:    0.0015 ms   187.62 GF/s | Bwd:    0.0015 ms   189.56 GF/s | Mem:   0.12 MB
RESULT|avx512_phys|throughput|n128_b64|128|1|1|64|10|0.001528|187.617530|0.001513|189.563500|0.12
[run ] n256_b1          | Len:    256 | Batch:     1 | Thr:10 | Fwd:    0.0002 ms    64.22 GF/s | Bwd:    0.0002 ms    63.80 GF/s | Mem:   0.00 MB
RESULT|avx512_phys|throughput|n256_b1|256|1|1|1|10|0.000159|64.219009|0.000161|63.799277|0.00
[run ] n256_b4          | Len:    256 | Batch:     4 | Thr:10 | Fwd:    0.0010 ms    39.06 GF/s | Bwd:    0.0011 ms    38.63 GF/s | Mem:   0.02 MB
RESULT|avx512_phys|throughput|n256_b4|256|1|1|4|10|0.001049|39.064690|0.001060|38.625543|0.02
[run ] n256_b16         | Len:    256 | Batch:    16 | Thr:10 | Fwd:    0.0015 ms   108.79 GF/s | Bwd:    0.0016 ms   105.28 GF/s | Mem:   0.06 MB
RESULT|avx512_phys|throughput|n256_b16|256|1|1|16|10|0.001506|108.788432|0.001556|105.284934|0.06
[run ] n256_b64         | Len:    256 | Batch:    64 | Thr:10 | Fwd:    0.0035 ms   186.25 GF/s | Bwd:    0.0026 ms   251.32 GF/s | Mem:   0.25 MB
RESULT|avx512_phys|throughput|n256_b64|256|1|1|64|10|0.003519|186.251834|0.002608|251.323837|0.25
[run ] n512_b1          | Len:    512 | Batch:     1 | Thr:10 | Fwd:    0.0003 ms    82.13 GF/s | Bwd:    0.0003 ms    78.64 GF/s | Mem:   0.01 MB
RESULT|avx512_phys|throughput|n512_b1|512|1|1|1|10|0.000281|82.132215|0.000293|78.643200|0.01
[run ] n512_b4          | Len:    512 | Batch:     4 | Thr:10 | Fwd:    0.0013 ms    69.25 GF/s | Bwd:    0.0013 ms    68.75 GF/s | Mem:   0.03 MB
RESULT|avx512_phys|throughput|n512_b4|512|1|1|4|10|0.001331|69.246365|0.001340|68.751255|0.03
[run ] n512_b16         | Len:    512 | Batch:    16 | Thr:10 | Fwd:    0.0021 ms   177.64 GF/s | Bwd:    0.0021 ms   173.09 GF/s | Mem:   0.12 MB
RESULT|avx512_phys|throughput|n512_b16|512|1|1|16|10|0.002075|177.637029|0.002130|173.091105|0.12
[run ] n512_b64         | Len:    512 | Batch:    64 | Thr:10 | Fwd:    0.0054 ms   275.30 GF/s | Bwd:    0.0049 ms   302.13 GF/s | Mem:   0.50 MB
RESULT|avx512_phys|throughput|n512_b64|512|1|1|64|10|0.005356|275.303710|0.004880|302.134464|0.50
[run ] n1024_b1         | Len:   1024 | Batch:     1 | Thr:10 | Fwd:    0.0006 ms    82.54 GF/s | Bwd:    0.0006 ms    86.46 GF/s | Mem:   0.02 MB
RESULT|avx512_phys|throughput|n1024_b1|1024|1|1|1|10|0.000620|82.544728|0.000592|86.459604|0.02
[run ] n1024_b4         | Len:   1024 | Batch:     4 | Thr:10 | Fwd:    0.0022 ms    92.52 GF/s | Bwd:    0.0023 ms    89.78 GF/s | Mem:   0.06 MB
RESULT|avx512_phys|throughput|n1024_b4|1024|1|1|4|10|0.002214|92.516097|0.002281|89.781498|0.06
[run ] n1024_b16        | Len:   1024 | Batch:    16 | Thr:10 | Fwd:    0.0043 ms   190.12 GF/s | Bwd:    0.0035 ms   236.66 GF/s | Mem:   0.25 MB
RESULT|avx512_phys|throughput|n1024_b16|1024|1|1|16|10|0.004309|190.120616|0.003462|236.656875|0.25
[run ] n1024_b64        | Len:   1024 | Batch:    64 | Thr:10 | Fwd:    0.0086 ms   381.75 GF/s | Bwd:    0.0087 ms   378.13 GF/s | Mem:   1.00 MB
RESULT|avx512_phys|throughput|n1024_b64|1024|1|1|64|10|0.008584|381.745179|0.008666|378.128036|1.00
[run ] n2048_b1         | Len:   2048 | Batch:     1 | Thr:10 | Fwd:    0.0016 ms    71.46 GF/s | Bwd:    0.0015 ms    74.08 GF/s | Mem:   0.03 MB
RESULT|avx512_phys|throughput|n2048_b1|2048|1|1|1|10|0.001576|71.455035|0.001521|74.079027|0.03
[run ] n2048_b4         | Len:   2048 | Batch:     4 | Thr:10 | Fwd:    0.0045 ms    99.89 GF/s | Bwd:    0.0037 ms   122.57 GF/s | Mem:   0.12 MB
RESULT|avx512_phys|throughput|n2048_b4|2048|1|1|4|10|0.004510|99.891408|0.003676|122.570088|0.12
[run ] n2048_b16        | Len:   2048 | Batch:    16 | Thr:10 | Fwd:    0.0070 ms   259.07 GF/s | Bwd:    0.0072 ms   250.18 GF/s | Mem:   0.50 MB
RESULT|avx512_phys|throughput|n2048_b16|2048|1|1|16|10|0.006957|259.066379|0.007204|250.178469|0.50
[run ] n2048_b64        | Len:   2048 | Batch:    64 | Thr:10 | Fwd:    0.0179 ms   403.76 GF/s | Bwd:    0.0183 ms   394.78 GF/s | Mem:   2.00 MB
RESULT|avx512_phys|throughput|n2048_b64|2048|1|1|64|10|0.017854|403.764756|0.018261|394.782763|2.00
[run ] n4096_b1         | Len:   4096 | Batch:     1 | Thr:10 | Fwd:    0.0037 ms    65.58 GF/s | Bwd:    0.0038 ms    65.28 GF/s | Mem:   0.06 MB
RESULT|avx512_phys|throughput|n4096_b1|4096|1|1|1|10|0.003747|65.582032|0.003765|65.275539|0.06
[run ] n4096_b4         | Len:   4096 | Batch:     4 | Thr:10 | Fwd:    0.0061 ms   161.86 GF/s | Bwd:    0.0063 ms   156.38 GF/s | Mem:   0.25 MB
RESULT|avx512_phys|throughput|n4096_b4|4096|1|1|4|10|0.006073|161.863001|0.006286|156.384403|0.25
[run ] n4096_b16        | Len:   4096 | Batch:    16 | Thr:10 | Fwd:    0.0113 ms   346.51 GF/s | Bwd:    0.0118 ms   333.59 GF/s | Mem:   1.00 MB
RESULT|avx512_phys|throughput|n4096_b16|4096|1|1|16|10|0.011348|346.506595|0.011787|333.588343|1.00
[run ] n4096_b64        | Len:   4096 | Batch:    64 | Thr:10 | Fwd:    0.0356 ms   442.13 GF/s | Bwd:    0.0370 ms   424.90 GF/s | Mem:   4.00 MB
RESULT|avx512_phys|throughput|n4096_b64|4096|1|1|64|10|0.035575|442.128478|0.037017|424.901924|4.00
[run ] n8192_b1         | Len:   8192 | Batch:     1 | Thr:10 | Fwd:    0.0095 ms    55.99 GF/s | Bwd:    0.0094 ms    56.95 GF/s | Mem:   0.12 MB
RESULT|avx512_phys|throughput|n8192_b1|8192|1|1|1|10|0.009510|55.993597|0.009351|56.945002|0.12
[run ] n8192_b4         | Len:   8192 | Batch:     4 | Thr:10 | Fwd:    0.0373 ms    57.17 GF/s | Bwd:    0.0341 ms    62.55 GF/s | Mem:   0.50 MB
RESULT|avx512_phys|throughput|n8192_b4|8192|1|1|4|10|0.037254|57.172702|0.034053|62.548097|0.50
[run ] n8192_b16        | Len:   8192 | Batch:    16 | Thr:10 | Fwd:    0.0243 ms   350.76 GF/s | Bwd:    0.0246 ms   345.84 GF/s | Mem:   2.00 MB
RESULT|avx512_phys|throughput|n8192_b16|8192|1|1|16|10|0.024289|350.761691|0.024635|345.838684|2.00
[run ] n8192_b64        | Len:   8192 | Batch:    64 | Thr:10 | Fwd:    0.0856 ms   398.05 GF/s | Bwd:    0.0899 ms   378.92 GF/s | Mem:   8.00 MB
RESULT|avx512_phys|throughput|n8192_b64|8192|1|1|64|10|0.085614|398.051166|0.089936|378.923632|8.00
[run ] n16384_b1        | Len:  16384 | Batch:     1 | Thr:10 | Fwd:    0.0156 ms    73.72 GF/s | Bwd:    0.0156 ms    73.72 GF/s | Mem:   0.25 MB
RESULT|avx512_phys|throughput|n16384_b1|16384|1|1|1|10|0.015557|73.720010|0.015557|73.722948|0.25
[run ] n16384_b4        | Len:  16384 | Batch:     4 | Thr:10 | Fwd:    0.0945 ms    48.54 GF/s | Bwd:    0.1288 ms    35.62 GF/s | Mem:   1.00 MB
RESULT|avx512_phys|throughput|n16384_b4|16384|1|1|4|10|0.094507|48.541502|0.128798|35.617982|1.00
[run ] n16384_b16       | Len:  16384 | Batch:    16 | Thr:10 | Fwd:    0.0620 ms   296.15 GF/s | Bwd:    0.0516 ms   355.78 GF/s | Mem:   4.00 MB
RESULT|avx512_phys|throughput|n16384_b16|16384|1|1|16|10|0.061963|296.148110|0.051577|355.777029|4.00
[run ] n16384_b64       | Len:  16384 | Batch:    64 | Thr:10 | Fwd:    0.2102 ms   349.25 GF/s | Bwd:    0.2098 ms   349.82 GF/s | Mem:  16.00 MB
RESULT|avx512_phys|throughput|n16384_b64|16384|1|1|64|10|0.210163|349.253973|0.209825|349.817259|16.00
[run ] n32768_b1        | Len:  32768 | Batch:     1 | Thr:10 | Fwd:    0.0227 ms   108.26 GF/s | Bwd:    0.0225 ms   109.20 GF/s | Mem:   0.50 MB
RESULT|avx512_phys|throughput|n32768_b1|32768|1|1|1|10|0.022702|108.255790|0.022505|109.202413|0.50
[run ] n32768_b4        | Len:  32768 | Batch:     4 | Thr:10 | Fwd:    0.2454 ms    40.06 GF/s | Bwd:    0.2468 ms    39.83 GF/s | Mem:   2.00 MB
RESULT|avx512_phys|throughput|n32768_b4|32768|1|1|4|10|0.245371|40.063335|0.246780|39.834738|2.00
[run ] n32768_b16       | Len:  32768 | Batch:    16 | Thr:10 | Fwd:    0.1486 ms   264.55 GF/s | Bwd:    0.1424 ms   276.22 GF/s | Mem:   8.00 MB
RESULT|avx512_phys|throughput|n32768_b16|32768|1|1|16|10|0.148634|264.553869|0.142354|276.224686|8.00
[run ] n32768_b64       | Len:  32768 | Batch:    64 | Thr:10 | Fwd:    0.9528 ms   165.07 GF/s | Bwd:    0.9896 ms   158.94 GF/s | Mem:  32.00 MB
RESULT|avx512_phys|throughput|n32768_b64|32768|1|1|64|10|0.952836|165.071826|0.989567|158.944617|32.00
[run ] n65536_b1        | Len:  65536 | Batch:     1 | Thr:10 | Fwd:    0.0456 ms   114.90 GF/s | Bwd:    0.0452 ms   115.93 GF/s | Mem:   1.00 MB
RESULT|avx512_phys|throughput|n65536_b1|65536|1|1|1|10|0.045628|114.904224|0.045224|115.930144|1.00
[run ] n65536_b4        | Len:  65536 | Batch:     4 | Thr:10 | Fwd:    0.5584 ms    37.55 GF/s | Bwd:    0.5670 ms    36.99 GF/s | Mem:   4.00 MB
RESULT|avx512_phys|throughput|n65536_b4|65536|1|1|4|10|0.558439|37.553797|0.567008|36.986300|4.00
[run ] n65536_b16       | Len:  65536 | Batch:    16 | Thr:10 | Fwd:    0.4611 ms   181.94 GF/s | Bwd:    0.4495 ms   186.62 GF/s | Mem:  16.00 MB
RESULT|avx512_phys|throughput|n65536_b16|65536|1|1|16|10|0.461061|181.941504|0.449493|186.623941|16.00
[run ] n65536_b64       | Len:  65536 | Batch:    64 | Thr:10 | Fwd:    2.4636 ms   136.20 GF/s | Bwd:    2.4284 ms   138.18 GF/s | Mem:  64.00 MB
RESULT|avx512_phys|throughput|n65536_b64|65536|1|1|64|10|2.463555|136.203281|2.428350|138.177887|64.00
[run ] n131072_b1       | Len: 131072 | Batch:     1 | Thr:10 | Fwd:    0.0834 ms   133.55 GF/s | Bwd:    0.0836 ms   133.26 GF/s | Mem:   2.00 MB
RESULT|avx512_phys|throughput|n131072_b1|131072|1|1|1|10|0.083420|133.554024|0.083606|133.257870|2.00
[run ] n131072_b4       | Len: 131072 | Batch:     4 | Thr:10 | Fwd:    0.3475 ms   128.26 GF/s | Bwd:    0.3472 ms   128.35 GF/s | Mem:   8.00 MB
RESULT|avx512_phys|throughput|n131072_b4|131072|1|1|4|10|0.347451|128.261292|0.347200|128.353789|8.00
[run ] n131072_b16      | Len: 131072 | Batch:    16 | Thr:10 | Fwd:    1.8301 ms    97.40 GF/s | Bwd:    1.7727 ms   100.56 GF/s | Mem:  32.00 MB
RESULT|avx512_phys|throughput|n131072_b16|131072|1|1|16|10|1.830150|97.400734|1.772703|100.557125|32.00
[run ] n131072_b64      | Len: 131072 | Batch:    64 | Thr:10 | Fwd:    7.5604 ms    94.31 GF/s | Bwd:    7.7137 ms    92.44 GF/s | Mem: 128.00 MB
RESULT|avx512_phys|throughput|n131072_b64|131072|1|1|64|10|7.560372|94.311724|7.713674|92.437360|128.00
[run ] n262144_b1       | Len: 262144 | Batch:     1 | Thr:10 | Fwd:    0.3847 ms    61.33 GF/s | Bwd:    0.3834 ms    61.53 GF/s | Mem:   4.00 MB
RESULT|avx512_phys|throughput|n262144_b1|262144|1|1|1|10|0.384710|61.326568|0.383421|61.532766|4.00
[run ] n262144_b4       | Len: 262144 | Batch:     4 | Thr:10 | Fwd:    0.8619 ms   109.49 GF/s | Bwd:    0.7592 ms   124.30 GF/s | Mem:  16.00 MB
RESULT|avx512_phys|throughput|n262144_b4|262144|1|1|4|10|0.861887|109.494407|0.759223|124.300635|16.00
[run ] n262144_b16      | Len: 262144 | Batch:    16 | Thr:10 | Fwd:    3.8868 ms    97.12 GF/s | Bwd:    3.9347 ms    95.94 GF/s | Mem:  64.00 MB
RESULT|avx512_phys|throughput|n262144_b16|262144|1|1|16|10|3.886842|97.119295|3.934718|95.937580|64.00
[run ] n262144_b64      | Len: 262144 | Batch:    64 | Thr:10 | Fwd:   18.1482 ms    83.20 GF/s | Bwd:   15.9549 ms    94.64 GF/s | Mem: 256.00 MB
RESULT|avx512_phys|throughput|n262144_b64|262144|1|1|64|10|18.148231|83.200917|15.954941|94.638362|256.00
[run ] n524288_b1       | Len: 524288 | Batch:     1 | Thr:10 | Fwd:    0.3289 ms   151.43 GF/s | Bwd:    0.3293 ms   151.24 GF/s | Mem:   8.00 MB
RESULT|avx512_phys|throughput|n524288_b1|524288|1|1|1|10|0.328914|151.429923|0.329323|151.241469|8.00
[run ] n524288_b4       | Len: 524288 | Batch:     4 | Thr:10 | Fwd:    1.7999 ms   110.69 GF/s | Bwd:    1.7455 ms   114.14 GF/s | Mem:  32.00 MB
RESULT|avx512_phys|throughput|n524288_b4|524288|1|1|4|10|1.799904|110.688910|1.745545|114.135926|32.00
[run ] n524288_b16      | Len: 524288 | Batch:    16 | Thr:10 | Fwd:    7.3917 ms   107.81 GF/s | Bwd:    7.2556 ms   109.83 GF/s | Mem: 128.00 MB
RESULT|avx512_phys|throughput|n524288_b16|524288|1|1|16|10|7.391690|107.812655|7.255637|109.834296|128.00
[run ] n524288_b64      | Len: 524288 | Batch:    64 | Thr:10 | Fwd:   29.8125 ms   106.92 GF/s | Bwd:   31.7832 ms   100.29 GF/s | Mem: 512.00 MB
RESULT|avx512_phys|throughput|n524288_b64|524288|1|1|64|10|29.812506|106.923955|31.783178|100.294283|512.00
[run ] n1048576_b1      | Len:1048576 | Batch:     1 | Thr:10 | Fwd:    0.6670 ms   157.21 GF/s | Bwd:    0.6534 ms   160.47 GF/s | Mem:  16.00 MB
RESULT|avx512_phys|throughput|n1048576_b1|1048576|1|1|1|10|0.666985|157.211436|0.653442|160.469671|16.00
[run ] n1048576_b4      | Len:1048576 | Batch:     4 | Thr:10 | Fwd:    3.8581 ms   108.71 GF/s | Bwd:    3.7930 ms   110.58 GF/s | Mem:  64.00 MB
RESULT|avx512_phys|throughput|n1048576_b4|1048576|1|1|4|10|3.858136|108.713222|3.793014|110.579724|64.00
[run ] n1048576_b16     | Len:1048576 | Batch:    16 | Thr:10 | Fwd:   15.4044 ms   108.91 GF/s | Bwd:   16.4072 ms   102.26 GF/s | Mem: 256.00 MB
RESULT|avx512_phys|throughput|n1048576_b16|1048576|1|1|16|10|15.404377|108.912005|16.407192|102.255253|256.00
[run ] n1048576_b64     | Len:1048576 | Batch:    64 | Thr:10 | Fwd:   61.6811 ms   108.80 GF/s | Bwd:   61.8578 ms   108.49 GF/s | Mem:1024.00 MB
RESULT|avx512_phys|throughput|n1048576_b64|1048576|1|1|64|10|61.681076|108.799761|61.857802|108.488924|1024.00
[run ] n2097152_b1      | Len:2097152 | Batch:     1 | Thr:10 | Fwd:    1.5216 ms   144.72 GF/s | Bwd:    1.6575 ms   132.85 GF/s | Mem:  32.00 MB
RESULT|avx512_phys|throughput|n2097152_b1|2097152|1|1|1|10|1.521569|144.719666|1.657512|132.850262|32.00
[run ] n2097152_b4      | Len:2097152 | Batch:     4 | Thr:10 | Fwd:    8.6417 ms   101.92 GF/s | Bwd:    8.0636 ms   109.23 GF/s | Mem: 128.00 MB
RESULT|avx512_phys|throughput|n2097152_b4|2097152|1|1|4|10|8.641746|101.924294|8.063597|109.232125|128.00
[run ] n2097152_b16     | Len:2097152 | Batch:    16 | Thr:10 | Fwd:   33.6096 ms   104.83 GF/s | Bwd:   33.6221 ms   104.79 GF/s | Mem: 512.00 MB
RESULT|avx512_phys|throughput|n2097152_b16|2097152|1|1|16|10|33.609562|104.827767|33.622053|104.788823|512.00
[run ] n2097152_b64     | Len:2097152 | Batch:    64 | Thr:10 | Fwd:  154.5672 ms    91.18 GF/s | Bwd:  175.2434 ms    80.42 GF/s | Mem:2048.00 MB
RESULT|avx512_phys|throughput|n2097152_b64|2097152|1|1|64|10|154.567194|91.176278|175.243442|80.418767|2048.00
[run ] n4194304_b1      | Len:4194304 | Batch:     1 | Thr:10 | Fwd:    4.4995 ms   102.54 GF/s | Bwd:    4.5400 ms   101.62 GF/s | Mem:  64.00 MB
RESULT|avx512_phys|throughput|n4194304_b1|4194304|1|1|1|10|4.499462|102.539702|4.540006|101.623968|64.00
[run ] n4194304_b4      | Len:4194304 | Batch:     4 | Thr:10 | Fwd:   19.4451 ms    94.91 GF/s | Bwd:   19.9184 ms    92.65 GF/s | Mem: 256.00 MB
RESULT|avx512_phys|throughput|n4194304_b4|4194304|1|1|4|10|19.445053|94.908135|19.918365|92.652875|256.00
[run ] n4194304_b16     | Len:4194304 | Batch:    16 | Thr:10 | Fwd:   94.6804 ms    77.97 GF/s | Bwd:  101.8042 ms    72.51 GF/s | Mem:1024.00 MB
RESULT|avx512_phys|throughput|n4194304_b16|4194304|1|1|16|10|94.680388|77.967309|101.804173|72.511517|1024.00
[skip] n4194304_b64     | Len:4194304 | Batch:    64 | Thr:10 | Mem: 4096.0 MB > limit 3072.0 MB
SKIP|avx512_phys|throughput|n4194304_b64|4194304|1|1|64|10|4096.00|memory_limit

Benchmark workload complete.


real	0m39.431s
user	4m48.635s
sys	0m2.293s
[DONE] avx512_phys

============================================================
RUN PROFILE: avx512_logical
Description : MKL AVX-512, logical-core thread count (hyperthreading on)
ISA         : AVX512
Threads     : 20
Workload    : throughput
============================================================
PROFILE|avx512_logical|MKL AVX-512, logical-core thread count (hyperthreading on)|AVX512|20|throughput|32,64,128,256,512,1024,2048,4096,8192,16384,32768,65536,131072,262144,524288,1048576,2097152,4194304|1,4,16,64|1,2,4,8,10,20|16384|64|10

############################################################
# FFT BENCHMARK (Intel oneMKL DFTI, 1D, single precision)  #
############################################################
profile_id       : avx512_logical
profile_desc     : MKL AVX-512, logical-core thread count (hyperthreading on)
workload         : throughput
threads(cli)     : 20
mkl max threads  : 20
timed runs       : 20
warmup runs      : 5
mem cap (MB)     : 3072.0
lengths: 32,64,128,256,512,1024,2048,4096,8192,16384,32768,65536,131072,262144,524288,1048576,2097152,4194304
batches: 1,4,16,64
thread_set: 1,2,4,8,10,20
batch_scale_set: 1,4,16,64
scale_length     : 16384
scale_batch      : 64
scale_threads    : 10


====================================================================
WORKLOAD: throughput (length x batch at fixed thread count)
====================================================================
threads=20
[run ] n32_b1           | Len:     32 | Batch:     1 | Thr:20 | Fwd:    0.0001 ms    12.47 GF/s | Bwd:    0.0001 ms    11.16 GF/s | Mem:   0.00 MB
RESULT|avx512_logical|throughput|n32_b1|32|1|1|1|20|0.000064|12.473767|0.000072|11.162486|0.00
[run ] n32_b4           | Len:     32 | Batch:     4 | Thr:20 | Fwd:    0.0001 ms    38.44 GF/s | Bwd:    0.0001 ms    36.69 GF/s | Mem:   0.00 MB
RESULT|avx512_logical|throughput|n32_b4|32|1|1|4|20|0.000083|38.435775|0.000087|36.691560|0.00
[run ] n32_b16          | Len:     32 | Batch:    16 | Thr:20 | Fwd:    0.0018 ms     7.06 GF/s | Bwd:    0.0008 ms    16.79 GF/s | Mem:   0.01 MB
RESULT|avx512_logical|throughput|n32_b16|32|1|1|16|20|0.001813|7.058890|0.000762|16.791909|0.01
[run ] n32_b64          | Len:     32 | Batch:    64 | Thr:20 | Fwd:    0.0027 ms    19.06 GF/s | Bwd:    0.0012 ms    41.73 GF/s | Mem:   0.03 MB
RESULT|avx512_logical|throughput|n32_b64|32|1|1|64|20|0.002686|19.059942|0.001227|41.726259|0.03
[run ] n64_b1           | Len:     64 | Batch:     1 | Thr:20 | Fwd:    0.0000 ms    40.96 GF/s | Bwd:    0.0000 ms    40.88 GF/s | Mem:   0.00 MB
RESULT|avx512_logical|throughput|n64_b1|64|1|1|1|20|0.000047|40.961667|0.000047|40.878496|0.00
[run ] n64_b4           | Len:     64 | Batch:     4 | Thr:20 | Fwd:    0.0001 ms    65.79 GF/s | Bwd:    0.0001 ms    67.93 GF/s | Mem:   0.00 MB
RESULT|avx512_logical|throughput|n64_b4|64|1|1|4|20|0.000117|65.793004|0.000113|67.929681|0.00
[run ] n64_b16          | Len:     64 | Batch:    16 | Thr:20 | Fwd:    0.0009 ms    34.28 GF/s | Bwd:    0.0009 ms    34.28 GF/s | Mem:   0.02 MB
RESULT|avx512_logical|throughput|n64_b16|64|1|1|16|20|0.000896|34.275649|0.000896|34.282945|0.02
[run ] n64_b64          | Len:     64 | Batch:    64 | Thr:20 | Fwd:    0.0034 ms    35.72 GF/s | Bwd:    0.0017 ms    73.10 GF/s | Mem:   0.06 MB
RESULT|avx512_logical|throughput|n64_b64|64|1|1|64|20|0.003440|35.723420|0.001681|73.101679|0.06
[run ] n128_b1          | Len:    128 | Batch:     1 | Thr:20 | Fwd:    0.0001 ms    52.66 GF/s | Bwd:    0.0001 ms    54.59 GF/s | Mem:   0.00 MB
RESULT|avx512_logical|throughput|n128_b1|128|1|1|1|20|0.000085|52.663907|0.000082|54.591755|0.00
[run ] n128_b4          | Len:    128 | Batch:     4 | Thr:20 | Fwd:    0.0010 ms    18.20 GF/s | Bwd:    0.0010 ms    18.30 GF/s | Mem:   0.01 MB
RESULT|avx512_logical|throughput|n128_b4|128|1|1|4|20|0.000985|18.195489|0.000979|18.300932|0.01
[run ] n128_b16         | Len:    128 | Batch:    16 | Thr:20 | Fwd:    0.0015 ms    49.09 GF/s | Bwd:    0.0014 ms    49.76 GF/s | Mem:   0.03 MB
RESULT|avx512_logical|throughput|n128_b16|128|1|1|16|20|0.001460|49.093356|0.001440|49.764576|0.03
[run ] n128_b64         | Len:    128 | Batch:    64 | Thr:20 | Fwd:    0.0041 ms    70.75 GF/s | Bwd:    0.0019 ms   150.24 GF/s | Mem:   0.12 MB
RESULT|avx512_logical|throughput|n128_b64|128|1|1|64|20|0.004052|70.754789|0.001908|150.237469|0.12
[run ] n256_b1          | Len:    256 | Batch:     1 | Thr:20 | Fwd:    0.0002 ms    49.19 GF/s | Bwd:    0.0002 ms    53.12 GF/s | Mem:   0.00 MB
RESULT|avx512_logical|throughput|n256_b1|256|1|1|1|20|0.000208|49.186524|0.000193|53.116093|0.00
[run ] n256_b4          | Len:    256 | Batch:     4 | Thr:20 | Fwd:    0.0013 ms    32.43 GF/s | Bwd:    0.0013 ms    32.53 GF/s | Mem:   0.02 MB
RESULT|avx512_logical|throughput|n256_b4|256|1|1|4|20|0.001263|32.427084|0.001259|32.532702|0.02
[run ] n256_b16         | Len:    256 | Batch:    16 | Thr:20 | Fwd:    0.0019 ms    87.10 GF/s | Bwd:    0.0019 ms    87.27 GF/s | Mem:   0.06 MB
RESULT|avx512_logical|throughput|n256_b16|256|1|1|16|20|0.001881|87.101344|0.001877|87.269477|0.06
[run ] n256_b64         | Len:    256 | Batch:    64 | Thr:20 | Fwd:    0.0038 ms   172.92 GF/s | Bwd:    0.0027 ms   246.18 GF/s | Mem:   0.25 MB
RESULT|avx512_logical|throughput|n256_b64|256|1|1|64|20|0.003790|172.924865|0.002662|246.182836|0.25
[run ] n512_b1          | Len:    512 | Batch:     1 | Thr:20 | Fwd:    0.0004 ms    64.07 GF/s | Bwd:    0.0004 ms    62.52 GF/s | Mem:   0.01 MB
RESULT|avx512_logical|throughput|n512_b1|512|1|1|1|20|0.000360|64.074237|0.000369|62.515697|0.01
[run ] n512_b4          | Len:    512 | Batch:     4 | Thr:20 | Fwd:    0.0014 ms    65.85 GF/s | Bwd:    0.0015 ms    59.69 GF/s | Mem:   0.03 MB
RESULT|avx512_logical|throughput|n512_b4|512|1|1|4|20|0.001399|65.853531|0.001544|59.691012|0.03
[run ] n512_b16         | Len:    512 | Batch:    16 | Thr:20 | Fwd:    0.0022 ms   165.00 GF/s | Bwd:    0.0024 ms   154.98 GF/s | Mem:   0.12 MB
RESULT|avx512_logical|throughput|n512_b16|512|1|1|16|20|0.002234|165.004186|0.002379|154.981479|0.12
[run ] n512_b64         | Len:    512 | Batch:    64 | Thr:20 | Fwd:    0.0047 ms   316.34 GF/s | Bwd:    0.0038 ms   392.43 GF/s | Mem:   0.50 MB
RESULT|avx512_logical|throughput|n512_b64|512|1|1|64|20|0.004661|316.339466|0.003758|392.428580|0.50
[run ] n1024_b1         | Len:   1024 | Batch:     1 | Thr:20 | Fwd:    0.0007 ms    68.55 GF/s | Bwd:    0.0008 ms    67.25 GF/s | Mem:   0.02 MB
RESULT|avx512_logical|throughput|n1024_b1|1024|1|1|1|20|0.000747|68.552756|0.000761|67.251774|0.02
[run ] n1024_b4         | Len:   1024 | Batch:     4 | Thr:20 | Fwd:    0.0022 ms    94.39 GF/s | Bwd:    0.0023 ms    90.59 GF/s | Mem:   0.06 MB
RESULT|avx512_logical|throughput|n1024_b4|1024|1|1|4|20|0.002170|94.394886|0.002261|90.592012|0.06
[run ] n1024_b16        | Len:   1024 | Batch:    16 | Thr:20 | Fwd:    0.0044 ms   186.04 GF/s | Bwd:    0.0034 ms   244.50 GF/s | Mem:   0.25 MB
RESULT|avx512_logical|throughput|n1024_b16|1024|1|1|16|20|0.004403|186.036029|0.003350|244.504571|0.25
[run ] n1024_b64        | Len:   1024 | Batch:    64 | Thr:20 | Fwd:    0.0064 ms   513.57 GF/s | Bwd:    0.0064 ms   512.43 GF/s | Mem:   1.00 MB
RESULT|avx512_logical|throughput|n1024_b64|1024|1|1|64|20|0.006380|513.567774|0.006395|512.426564|1.00
[run ] n2048_b1         | Len:   2048 | Batch:     1 | Thr:20 | Fwd:    0.0019 ms    59.08 GF/s | Bwd:    0.0019 ms    60.03 GF/s | Mem:   0.03 MB
RESULT|avx512_logical|throughput|n2048_b1|2048|1|1|1|20|0.001907|59.079432|0.001876|60.031309|0.03
[run ] n2048_b4         | Len:   2048 | Batch:     4 | Thr:20 | Fwd:    0.0038 ms   118.99 GF/s | Bwd:    0.0035 ms   128.26 GF/s | Mem:   0.12 MB
RESULT|avx512_logical|throughput|n2048_b4|2048|1|1|4|20|0.003786|118.993641|0.003513|128.256706|0.12
[run ] n2048_b16        | Len:   2048 | Batch:    16 | Thr:20 | Fwd:    0.0049 ms   369.71 GF/s | Bwd:    0.0049 ms   369.58 GF/s | Mem:   0.50 MB
RESULT|avx512_logical|throughput|n2048_b16|2048|1|1|16|20|0.004875|369.705300|0.004877|369.575157|0.50
[run ] n2048_b64        | Len:   2048 | Batch:    64 | Thr:20 | Fwd:    0.0119 ms   606.69 GF/s | Bwd:    0.0120 ms   599.59 GF/s | Mem:   2.00 MB
RESULT|avx512_logical|throughput|n2048_b64|2048|1|1|64|20|0.011882|606.692225|0.012023|599.589317|2.00
[run ] n4096_b1         | Len:   4096 | Batch:     1 | Thr:20 | Fwd:    0.0044 ms    55.85 GF/s | Bwd:    0.0044 ms    55.51 GF/s | Mem:   0.06 MB
RESULT|avx512_logical|throughput|n4096_b1|4096|1|1|1|20|0.004401|55.845279|0.004427|55.513844|0.06
[run ] n4096_b4         | Len:   4096 | Batch:     4 | Thr:20 | Fwd:    0.0057 ms   172.60 GF/s | Bwd:    0.0058 ms   168.69 GF/s | Mem:   0.25 MB
RESULT|avx512_logical|throughput|n4096_b4|4096|1|1|4|20|0.005696|172.595508|0.005828|168.687808|0.25
[run ] n4096_b16        | Len:   4096 | Batch:    16 | Thr:20 | Fwd:    0.0126 ms   311.04 GF/s | Bwd:    0.0086 ms   456.82 GF/s | Mem:   1.00 MB
RESULT|avx512_logical|throughput|n4096_b16|4096|1|1|16|20|0.012642|311.042860|0.008608|456.817763|1.00
[run ] n4096_b64        | Len:   4096 | Batch:    64 | Thr:20 | Fwd:    0.0244 ms   644.26 GF/s | Bwd:    0.0248 ms   634.40 GF/s | Mem:   4.00 MB
RESULT|avx512_logical|throughput|n4096_b64|4096|1|1|64|20|0.024413|644.260194|0.024793|634.403172|4.00
[run ] n8192_b1         | Len:   8192 | Batch:     1 | Thr:20 | Fwd:    0.0102 ms    52.01 GF/s | Bwd:    0.0098 ms    54.42 GF/s | Mem:   0.12 MB
RESULT|avx512_logical|throughput|n8192_b1|8192|1|1|1|20|0.010238|52.010503|0.009785|54.420459|0.12
[run ] n8192_b4         | Len:   8192 | Batch:     4 | Thr:20 | Fwd:    0.0433 ms    49.23 GF/s | Bwd:    0.0418 ms    50.95 GF/s | Mem:   0.50 MB
RESULT|avx512_logical|throughput|n8192_b4|8192|1|1|4|20|0.043267|49.227017|0.041806|50.947558|0.50
[run ] n8192_b16        | Len:   8192 | Batch:    16 | Thr:20 | Fwd:    0.0167 ms   509.04 GF/s | Bwd:    0.0170 ms   501.55 GF/s | Mem:   2.00 MB
RESULT|avx512_logical|throughput|n8192_b16|8192|1|1|16|20|0.016737|509.037512|0.016987|501.548514|2.00
[run ] n8192_b64        | Len:   8192 | Batch:    64 | Thr:20 | Fwd:    0.0609 ms   559.74 GF/s | Bwd:    0.0638 ms   534.33 GF/s | Mem:   8.00 MB
RESULT|avx512_logical|throughput|n8192_b64|8192|1|1|64|20|0.060883|559.740727|0.063778|534.334109|8.00
[run ] n16384_b1        | Len:  16384 | Batch:     1 | Thr:20 | Fwd:    0.0126 ms    90.69 GF/s | Bwd:    0.0128 ms    89.31 GF/s | Mem:   0.25 MB
RESULT|avx512_logical|throughput|n16384_b1|16384|1|1|1|20|0.012647|90.685261|0.012842|89.310364|0.25
[run ] n16384_b4        | Len:  16384 | Batch:     4 | Thr:20 | Fwd:    0.1105 ms    41.52 GF/s | Bwd:    0.8311 ms     5.52 GF/s | Mem:   1.00 MB
RESULT|avx512_logical|throughput|n16384_b4|16384|1|1|4|20|0.110500|41.516107|0.831065|5.520052|1.00
[run ] n16384_b16       | Len:  16384 | Batch:    16 | Thr:20 | Fwd:    0.0375 ms   489.64 GF/s | Bwd:    0.0369 ms   497.93 GF/s | Mem:   4.00 MB
RESULT|avx512_logical|throughput|n16384_b16|16384|1|1|16|20|0.037476|489.642415|0.036852|497.933718|4.00
[run ] n16384_b64       | Len:  16384 | Batch:    64 | Thr:20 | Fwd:    0.1897 ms   386.90 GF/s | Bwd:    0.1965 ms   373.49 GF/s | Mem:  16.00 MB
RESULT|avx512_logical|throughput|n16384_b64|16384|1|1|64|20|0.189712|386.903744|0.196523|373.494900|16.00
[run ] n32768_b1        | Len:  32768 | Batch:     1 | Thr:20 | Fwd:    0.0178 ms   137.70 GF/s | Bwd:    0.0178 ms   137.93 GF/s | Mem:   0.50 MB
RESULT|avx512_logical|throughput|n32768_b1|32768|1|1|1|20|0.017848|137.696722|0.017818|137.931092|0.50
[run ] n32768_b4        | Len:  32768 | Batch:     4 | Thr:20 | Fwd:    0.3188 ms    30.83 GF/s | Bwd:    0.8620 ms    11.40 GF/s | Mem:   2.00 MB
RESULT|avx512_logical|throughput|n32768_b4|32768|1|1|4|20|0.318824|30.833340|0.861994|11.404252|2.00
[run ] n32768_b16       | Len:  32768 | Batch:    16 | Thr:20 | Fwd:    0.1205 ms   326.30 GF/s | Bwd:    0.1159 ms   339.17 GF/s | Mem:   8.00 MB
RESULT|avx512_logical|throughput|n32768_b16|32768|1|1|16|20|0.120506|326.304083|0.115934|339.172037|8.00
[run ] n32768_b64       | Len:  32768 | Batch:    64 | Thr:20 | Fwd:    1.3486 ms   116.63 GF/s | Bwd:    1.2271 ms   128.18 GF/s | Mem:  32.00 MB
RESULT|avx512_logical|throughput|n32768_b64|32768|1|1|64|20|1.348633|116.626539|1.227056|128.181937|32.00
[run ] n65536_b1        | Len:  65536 | Batch:     1 | Thr:20 | Fwd:    0.0352 ms   149.14 GF/s | Bwd:    0.0350 ms   149.78 GF/s | Mem:   1.00 MB
RESULT|avx512_logical|throughput|n65536_b1|65536|1|1|1|20|0.035154|149.142137|0.035004|149.777839|1.00
[run ] n65536_b4        | Len:  65536 | Batch:     4 | Thr:20 | Fwd:    0.2237 ms    93.77 GF/s | Bwd:    0.1431 ms   146.53 GF/s | Mem:   4.00 MB
RESULT|avx512_logical|throughput|n65536_b4|65536|1|1|4|20|0.223660|93.765083|0.143117|146.533754|4.00
[run ] n65536_b16       | Len:  65536 | Batch:    16 | Thr:20 | Fwd:    0.8559 ms    98.01 GF/s | Bwd:    1.0012 ms    83.78 GF/s | Mem:  16.00 MB
RESULT|avx512_logical|throughput|n65536_b16|65536|1|1|16|20|0.855895|98.009731|1.001235|83.782568|16.00
[run ] n65536_b64       | Len:  65536 | Batch:    64 | Thr:20 | Fwd:    5.3020 ms    63.29 GF/s | Bwd:    4.8887 ms    68.64 GF/s | Mem:  64.00 MB
RESULT|avx512_logical|throughput|n65536_b64|65536|1|1|64|20|5.301953|63.286926|4.888662|68.637246|64.00
[run ] n131072_b1       | Len: 131072 | Batch:     1 | Thr:20 | Fwd:    0.0673 ms   165.51 GF/s | Bwd:    0.0680 ms   163.76 GF/s | Mem:   2.00 MB
RESULT|avx512_logical|throughput|n131072_b1|131072|1|1|1|20|0.067313|165.512151|0.068032|163.764020|2.00
[run ] n131072_b4       | Len: 131072 | Batch:     4 | Thr:20 | Fwd:    0.2699 ms   165.09 GF/s | Bwd:    0.2715 ms   164.15 GF/s | Mem:   8.00 MB
RESULT|avx512_logical|throughput|n131072_b4|131072|1|1|4|20|0.269944|165.087637|0.271484|164.151322|8.00
[run ] n131072_b16      | Len: 131072 | Batch:    16 | Thr:20 | Fwd:    3.9087 ms    45.61 GF/s | Bwd:    5.5576 ms    32.07 GF/s | Mem:  32.00 MB
RESULT|avx512_logical|throughput|n131072_b16|131072|1|1|16|20|3.908724|45.605141|5.557583|32.074720|32.00
[run ] n131072_b64      | Len: 131072 | Batch:    64 | Thr:20 | Fwd:   19.5865 ms    36.40 GF/s | Bwd:   16.7097 ms    42.67 GF/s | Mem: 128.00 MB
RESULT|avx512_logical|throughput|n131072_b64|131072|1|1|64|20|19.586520|36.404204|16.709713|42.671689|128.00
[run ] n262144_b1       | Len: 262144 | Batch:     1 | Thr:20 | Fwd:    0.1423 ms   165.81 GF/s | Bwd:    0.1429 ms   165.05 GF/s | Mem:   4.00 MB
RESULT|avx512_logical|throughput|n262144_b1|262144|1|1|1|20|0.142285|165.814793|0.142941|165.053781|4.00
[run ] n262144_b4       | Len: 262144 | Batch:     4 | Thr:20 | Fwd:    1.2046 ms    78.34 GF/s | Bwd:    1.8894 ms    49.95 GF/s | Mem:  16.00 MB
RESULT|avx512_logical|throughput|n262144_b4|262144|1|1|4|20|1.204642|78.340175|1.889445|49.946863|16.00
[run ] n262144_b16      | Len: 262144 | Batch:    16 | Thr:20 | Fwd:   10.8206 ms    34.89 GF/s | Bwd:    9.1198 ms    41.39 GF/s | Mem:  64.00 MB
RESULT|avx512_logical|throughput|n262144_b16|262144|1|1|16|20|10.820614|34.885947|9.119800|41.392063|64.00
[run ] n262144_b64      | Len: 262144 | Batch:    64 | Thr:20 | Fwd:   36.0115 ms    41.93 GF/s | Bwd:   38.7364 ms    38.98 GF/s | Mem: 256.00 MB
RESULT|avx512_logical|throughput|n262144_b64|262144|1|1|64|20|36.011453|41.929701|38.736385|38.980133|256.00
[run ] n524288_b1       | Len: 524288 | Batch:     1 | Thr:20 | Fwd:    0.2643 ms   188.47 GF/s | Bwd:    0.2678 ms   186.01 GF/s | Mem:   8.00 MB
RESULT|avx512_logical|throughput|n524288_b1|524288|1|1|1|20|0.264277|188.466305|0.267767|186.010208|8.00
[run ] n524288_b4       | Len: 524288 | Batch:     4 | Thr:20 | Fwd:    3.1220 ms    63.81 GF/s | Bwd:    3.0706 ms    64.88 GF/s | Mem:  32.00 MB
RESULT|avx512_logical|throughput|n524288_b4|524288|1|1|4|20|3.122041|63.813850|3.070565|64.883637|32.00
[run ] n524288_b16      | Len: 524288 | Batch:    16 | Thr:20 | Fwd:   15.9351 ms    50.01 GF/s | Bwd:   14.1994 ms    56.12 GF/s | Mem: 128.00 MB
RESULT|avx512_logical|throughput|n524288_b16|524288|1|1|16|20|15.935070|50.010308|14.199429|56.123225|128.00
[run ] n524288_b64      | Len: 524288 | Batch:    64 | Thr:20 | Fwd:   90.6744 ms    35.16 GF/s | Bwd:   70.8924 ms    44.96 GF/s | Mem: 512.00 MB
RESULT|avx512_logical|throughput|n524288_b64|524288|1|1|64|20|90.674433|35.155125|70.892423|44.964905|512.00
[run ] n1048576_b1      | Len:1048576 | Batch:     1 | Thr:20 | Fwd:    1.1107 ms    94.41 GF/s | Bwd:    0.5444 ms   192.61 GF/s | Mem:  16.00 MB
RESULT|avx512_logical|throughput|n1048576_b1|1048576|1|1|1|20|1.110693|94.407363|0.544408|192.608506|16.00
[run ] n1048576_b4      | Len:1048576 | Batch:     4 | Thr:20 | Fwd:    9.2246 ms    45.47 GF/s | Bwd:    6.8360 ms    61.36 GF/s | Mem:  64.00 MB
RESULT|avx512_logical|throughput|n1048576_b4|1048576|1|1|4|20|9.224579|45.468785|6.836018|61.355955|64.00
[run ] n1048576_b16     | Len:1048576 | Batch:    16 | Thr:20 | Fwd:   28.9333 ms    57.99 GF/s | Bwd:   39.9347 ms    42.01 GF/s | Mem: 256.00 MB
RESULT|avx512_logical|throughput|n1048576_b16|1048576|1|1|16|20|28.933255|57.985926|39.934744|42.011578|256.00
[run ] n1048576_b64     | Len:1048576 | Batch:    64 | Thr:20 | Fwd:  121.6403 ms    55.17 GF/s | Bwd:  152.8462 ms    43.91 GF/s | Mem:1024.00 MB
RESULT|avx512_logical|throughput|n1048576_b64|1048576|1|1|64|20|121.640301|55.169926|152.846171|43.906147|1024.00
[run ] n2097152_b1      | Len:2097152 | Batch:     1 | Thr:20 | Fwd:   10.2668 ms    21.45 GF/s | Bwd:    4.0064 ms    54.96 GF/s | Mem:  32.00 MB
RESULT|avx512_logical|throughput|n2097152_b1|2097152|1|1|1|20|10.266781|21.447906|4.006361|54.962838|32.00
[run ] n2097152_b4      | Len:2097152 | Batch:     4 | Thr:20 | Fwd:   46.3871 ms    18.99 GF/s | Bwd:   34.0144 ms    25.90 GF/s | Mem: 128.00 MB
RESULT|avx512_logical|throughput|n2097152_b4|2097152|1|1|4|20|46.387120|18.988112|34.014428|25.895007|128.00
[run ] n2097152_b16     | Len:2097152 | Batch:    16 | Thr:20 | Fwd:  174.8923 ms    20.15 GF/s | Bwd:  153.2958 ms    22.98 GF/s | Mem: 512.00 MB
RESULT|avx512_logical|throughput|n2097152_b16|2097152|1|1|16|20|174.892255|20.145062|153.295770|22.983122|512.00
[run ] n2097152_b64     | Len:2097152 | Batch:    64 | Thr:20 | Fwd:  386.4740 ms    36.47 GF/s | Bwd:  623.2591 ms    22.61 GF/s | Mem:2048.00 MB
RESULT|avx512_logical|throughput|n2097152_b64|2097152|1|1|64|20|386.474009|36.465224|623.259086|22.611562|2048.00
[run ] n4194304_b1      | Len:4194304 | Batch:     1 | Thr:20 | Fwd:   20.1026 ms    22.95 GF/s | Bwd:   17.9471 ms    25.71 GF/s | Mem:  64.00 MB
RESULT|avx512_logical|throughput|n4194304_b1|4194304|1|1|1|20|20.102595|22.950940|17.947122|25.707377|64.00
[run ] n4194304_b4      | Len:4194304 | Batch:     4 | Thr:20 | Fwd:   61.2559 ms    30.13 GF/s | Bwd:   82.9978 ms    22.24 GF/s | Mem: 256.00 MB
RESULT|avx512_logical|throughput|n4194304_b4|4194304|1|1|4|20|61.255865|30.127625|82.997836|22.235444|256.00
[run ] n4194304_b16     | Len:4194304 | Batch:    16 | Thr:20 | Fwd:  228.3224 ms    32.33 GF/s | Bwd:  225.0408 ms    32.80 GF/s | Mem:1024.00 MB
RESULT|avx512_logical|throughput|n4194304_b16|4194304|1|1|16|20|228.322399|32.331366|225.040804|32.802829|1024.00
[skip] n4194304_b64     | Len:4194304 | Batch:    64 | Thr:20 | Mem: 4096.0 MB > limit 3072.0 MB
SKIP|avx512_logical|throughput|n4194304_b64|4194304|1|1|64|20|4096.00|memory_limit

Benchmark workload complete.


real	1m24.167s
user	22m14.545s
sys	0m12.373s
[DONE] avx512_logical

============================================================
ALL RUNS COMPLETE
Log    : /home/nikhil/workspace/xeon-fft-bench/src/1-d-fft/fft_logs/latest_run/more_batches/20260225_115529/runs/run01/fft_benchmark_20260225_115529.log
Report : /home/nikhil/workspace/xeon-fft-bench/src/1-d-fft/fft_logs/latest_run/more_batches/20260225_115529/runs/run01/fft_benchmark_20260225_115529.report.md
Lines  : 591
Done at: Wed Feb 25 12:00:38 IST 2026
============================================================

Quick inspect:
  grep '^PROFILE|' /home/nikhil/workspace/xeon-fft-bench/src/1-d-fft/fft_logs/latest_run/more_batches/20260225_115529/runs/run01/fft_benchmark_20260225_115529.log
  grep '^RESULT|' /home/nikhil/workspace/xeon-fft-bench/src/1-d-fft/fft_logs/latest_run/more_batches/20260225_115529/runs/run01/fft_benchmark_20260225_115529.log | head
  cat /home/nikhil/workspace/xeon-fft-bench/src/1-d-fft/fft_logs/latest_run/more_batches/20260225_115529/runs/run01/fft_benchmark_20260225_115529.report.md
